ARM Linker, 5.02 [Build 28] [MDK-ARM Standard]

==============================================================================

Section Cross References

    clk_calc.o(.text) refers to common.o(.text) for WdtFeed
    clk_calc.o(.text) refers to ffltui.o(.text) for __aeabi_ui2f
    clk_calc.o(.text) refers to f2d.o(.text) for __aeabi_f2d
    clk_calc.o(.text) refers to dmul.o(.text) for __aeabi_dmul
    clk_calc.o(.text) refers to ddiv.o(.text) for __aeabi_ddiv
    clk_calc.o(.text) refers to d2f.o(.text) for __aeabi_d2f
    common.o(.text) refers to common.o(i.__ARM_common_switch8) for __ARM_common_switch8
    common.o(.text) refers to common.o(.data) for sysclk_loops
    common.o(.text) refers to clk_calc.o(.text) for clk_freq
    common.o(.text) refers to f2d.o(.text) for __aeabi_f2d
    common.o(.text) refers to ddiv.o(.text) for __aeabi_ddiv
    common.o(.text) refers to d2f.o(.text) for __aeabi_d2f
    common.o(.text) refers to common.o(.text) for getSysclk
    common.o(.text) refers to ffltui.o(.text) for __aeabi_ui2f
    common.o(.text) refers to fdiv.o(.text) for __aeabi_fdiv
    common.o(.text) refers to ffixui.o(.text) for __aeabi_f2uiz
    common.o(.text) refers to fadd.o(.text) for __aeabi_frsub
    common.o(.text) refers to dmul.o(.text) for __aeabi_dmul
    common.o(.text) refers to dadd.o(.text) for __aeabi_dadd
    common.o(.text) refers to dfixui.o(.text) for __aeabi_d2uiz
    common.o(.text) refers to main.o(.data) for sram_chipid
    common.o(.text) refers to common.o(.text) for setBaud
    common.o(.text) refers to common.o(.text) for WdtFeed
    common.o(.text) refers to common.o(.text) for WdtFeed
    common.o(.text) refers to system_rn821x.o(.text) for SystemCoreClockUpdate
    common.o(.text) refers to uidiv.o(.text) for __aeabi_uidivmod
    common.o(.text) refers to system_rn821x.o(.data) for SystemCoreClock
    common.o(.text) refers to common.o(.text) for uDelay
    system_rn821x.o(.text) refers to system_rn821x.o(.data) for SystemCoreClock
    startup_ra9103.o(RESET) refers to startup_ra9103.o(STACK) for __initial_sp
    startup_ra9103.o(RESET) refers to startup_ra9103.o(.text) for Reset_Handler
    startup_ra9103.o(.text) refers to entry.o(.ARM.Collect$$$$00000000) for __main
    main.o(.text) refers to memcpya.o(.text) for __aeabi_memcpy4
    main.o(.text) refers to sysctrl.o(.text) for SysModeChg
    main.o(.text) refers to main.o(.data) for sram_res
    main.o(.text) refers to main.o(.constdata) for .constdata
    main.o(.text) refers to main.o(.text) for ghash_wait_for_bc_done
    sysctrl.o(.text) refers to uidiv.o(.text) for __aeabi_uidivmod
    sysctrl.o(.text) refers to sysctrl.o(.constdata) for us_freq
    sysctrl.o(.text) refers to sysctrl.o(.bss) for IAP
    entry.o(.ARM.Collect$$$$00000000) refers (Special) to entry7b.o(.ARM.Collect$$$$00000008) for _main_clock
    entry.o(.ARM.Collect$$$$00000000) refers (Special) to entry8.o(.ARM.Collect$$$$00000009) for _main_init
    entry.o(.ARM.Collect$$$$00000000) refers (Special) to entry5.o(.ARM.Collect$$$$00000004) for _main_scatterload
    entry.o(.ARM.Collect$$$$00000000) refers (Special) to entry2.o(.ARM.Collect$$$$00000001) for _main_stk
    fadd.o(.text) refers (Special) to iusefp.o(.text) for __I$use$fp
    fadd.o(.text) refers to fepilogue.o(.text) for _float_epilogue
    fdiv.o(.text) refers (Special) to iusefp.o(.text) for __I$use$fp
    fdiv.o(.text) refers to fepilogue.o(.text) for _float_round
    dadd.o(.text) refers (Special) to iusefp.o(.text) for __I$use$fp
    dadd.o(.text) refers to llshl.o(.text) for __aeabi_llsl
    dadd.o(.text) refers to llsshr.o(.text) for __aeabi_lasr
    dadd.o(.text) refers to depilogue.o(.text) for _double_epilogue
    dmul.o(.text) refers (Special) to iusefp.o(.text) for __I$use$fp
    dmul.o(.text) refers to depilogue.o(.text) for _double_epilogue
    ddiv.o(.text) refers (Special) to iusefp.o(.text) for __I$use$fp
    ddiv.o(.text) refers to depilogue.o(.text) for _double_round
    ffltui.o(.text) refers (Special) to iusefp.o(.text) for __I$use$fp
    ffltui.o(.text) refers to fepilogue.o(.text) for _float_epilogue
    ffixui.o(.text) refers (Special) to iusefp.o(.text) for __I$use$fp
    dfixui.o(.text) refers (Special) to iusefp.o(.text) for __I$use$fp
    dfixui.o(.text) refers to llushr.o(.text) for __aeabi_llsr
    f2d.o(.text) refers (Special) to iusefp.o(.text) for __I$use$fp
    d2f.o(.text) refers (Special) to iusefp.o(.text) for __I$use$fp
    d2f.o(.text) refers to fepilogue.o(.text) for _float_round
    entry2.o(.ARM.Collect$$$$00000001) refers to entry2.o(.ARM.Collect$$$$00002712) for __lit__00000000
    entry2.o(.ARM.Collect$$$$00002712) refers to startup_ra9103.o(STACK) for __initial_sp
    entry2.o(__vectab_stack_and_reset_area) refers to startup_ra9103.o(STACK) for __initial_sp
    entry2.o(__vectab_stack_and_reset_area) refers to entry.o(.ARM.Collect$$$$00000000) for __main
    entry5.o(.ARM.Collect$$$$00000004) refers to init.o(.text) for __scatterload
    entry8.o(.ARM.Collect$$$$00000009) refers to main.o(.text) for main
    depilogue.o(.text) refers to depilogue.o(i.__ARM_clz) for __ARM_clz
    depilogue.o(.text) refers to llshl.o(.text) for __aeabi_llsl
    depilogue.o(.text) refers to llushr.o(.text) for __aeabi_llsr
    init.o(.text) refers to entry5.o(.ARM.Collect$$$$00000004) for __main_after_scatterload


==============================================================================

Removing Unused input sections from the image.

    Removing clk_calc.o(.rev16_text), (4 bytes).
    Removing clk_calc.o(.revsh_text), (4 bytes).
    Removing clk_calc.o(.text), (180 bytes).
    Removing common.o(.rev16_text), (4 bytes).
    Removing common.o(.revsh_text), (4 bytes).
    Removing common.o(.text), (68 bytes).
    Removing common.o(.text), (32 bytes).
    Removing common.o(.text), (300 bytes).
    Removing common.o(.text), (244 bytes).
    Removing common.o(.text), (104 bytes).
    Removing common.o(.text), (84 bytes).
    Removing common.o(.text), (12 bytes).
    Removing common.o(.text), (8 bytes).
    Removing common.o(.text), (132 bytes).
    Removing common.o(.text), (124 bytes).
    Removing common.o(.text), (24 bytes).
    Removing common.o(.text), (36 bytes).
    Removing common.o(.text), (96 bytes).
    Removing common.o(.data), (4 bytes).
    Removing system_rn821x.o(.rev16_text), (4 bytes).
    Removing system_rn821x.o(.revsh_text), (4 bytes).
    Removing system_rn821x.o(.text), (96 bytes).
    Removing system_rn821x.o(.text), (2 bytes).
    Removing system_rn821x.o(.data), (4 bytes).
    Removing startup_ra9103.o(HEAP), (0 bytes).
    Removing main.o(.rev16_text), (4 bytes).
    Removing main.o(.revsh_text), (4 bytes).
    Removing main.o(.text), (44 bytes).
    Removing main.o(.text), (32 bytes).
    Removing main.o(.text), (32 bytes).
    Removing main.o(.text), (32 bytes).
    Removing main.o(.text), (32 bytes).
    Removing sysctrl.o(.rev16_text), (4 bytes).
    Removing sysctrl.o(.revsh_text), (4 bytes).
    Removing fadd.o(.text), (178 bytes).
    Removing fdiv.o(.text), (128 bytes).
    Removing dadd.o(.text), (356 bytes).
    Removing dmul.o(.text), (208 bytes).
    Removing ddiv.o(.text), (240 bytes).
    Removing ffltui.o(.text), (14 bytes).
    Removing ffixui.o(.text), (42 bytes).
    Removing dfixui.o(.text), (60 bytes).
    Removing f2d.o(.text), (40 bytes).
    Removing d2f.o(.text), (56 bytes).
    Removing fepilogue.o(.text), (132 bytes).
    Removing depilogue.o(.text), (192 bytes).
    Removing common.o(i.__ARM_common_switch8), (28 bytes).
    Removing depilogue.o(i.__ARM_clz), (46 bytes).

48 unused section(s) (total 3482 bytes) removed from the image.

==============================================================================

Image Symbol Table

    Local Symbols

    Symbol Name                              Value     Ov Type        Size  Object(Section)

    RESET                                    0x00000000   Section      192  startup_ra9103.o(RESET)
    ../clib/microlib/division.c              0x00000000   Number         0  uidiv.o ABSOLUTE
    ../clib/microlib/init/entry.s            0x00000000   Number         0  entry8.o ABSOLUTE
    ../clib/microlib/init/entry.s            0x00000000   Number         0  entry.o ABSOLUTE
    ../clib/microlib/init/entry.s            0x00000000   Number         0  entry7b.o ABSOLUTE
    ../clib/microlib/init/entry.s            0x00000000   Number         0  entry7a.o ABSOLUTE
    ../clib/microlib/init/entry.s            0x00000000   Number         0  entry5.o ABSOLUTE
    ../clib/microlib/init/entry.s            0x00000000   Number         0  entry2.o ABSOLUTE
    ../clib/microlib/longlong.c              0x00000000   Number         0  llshl.o ABSOLUTE
    ../clib/microlib/longlong.c              0x00000000   Number         0  llushr.o ABSOLUTE
    ../clib/microlib/longlong.c              0x00000000   Number         0  llsshr.o ABSOLUTE
    ../clib/microlib/string/memcpy.c         0x00000000   Number         0  memcpya.o ABSOLUTE
    ../clib/microlib/string/memcpy.c         0x00000000   Number         0  memcpyb.o ABSOLUTE
    ../clib/microlib/stubs.s                 0x00000000   Number         0  iusefp.o ABSOLUTE
    ../fplib/microlib/d2f.c                  0x00000000   Number         0  d2f.o ABSOLUTE
    ../fplib/microlib/f2d.c                  0x00000000   Number         0  f2d.o ABSOLUTE
    ../fplib/microlib/fpadd.c                0x00000000   Number         0  fadd.o ABSOLUTE
    ../fplib/microlib/fpadd.c                0x00000000   Number         0  dadd.o ABSOLUTE
    ../fplib/microlib/fpdiv.c                0x00000000   Number         0  fdiv.o ABSOLUTE
    ../fplib/microlib/fpdiv.c                0x00000000   Number         0  ddiv.o ABSOLUTE
    ../fplib/microlib/fpepilogue.c           0x00000000   Number         0  fepilogue.o ABSOLUTE
    ../fplib/microlib/fpepilogue.c           0x00000000   Number         0  depilogue.o ABSOLUTE
    ../fplib/microlib/fpfix.c                0x00000000   Number         0  dfixui.o ABSOLUTE
    ../fplib/microlib/fpfix.c                0x00000000   Number         0  ffixui.o ABSOLUTE
    ../fplib/microlib/fpflt.c                0x00000000   Number         0  ffltui.o ABSOLUTE
    ../fplib/microlib/fpmul.c                0x00000000   Number         0  dmul.o ABSOLUTE
    ..\\src\\common\\clk_calc.c              0x00000000   Number         0  clk_calc.o ABSOLUTE
    ..\\src\\common\\common.c                0x00000000   Number         0  common.o ABSOLUTE
    ..\\src\\main.c                          0x00000000   Number         0  main.o ABSOLUTE
    ..\\src\\sysctrl.c                       0x00000000   Number         0  sysctrl.o ABSOLUTE
    ..\\src\\system_RN821x.c                 0x00000000   Number         0  system_rn821x.o ABSOLUTE
    ..\src\common\clk_calc.c                 0x00000000   Number         0  clk_calc.o ABSOLUTE
    ..\src\common\common.c                   0x00000000   Number         0  common.o ABSOLUTE
    ..\src\main.c                            0x00000000   Number         0  main.o ABSOLUTE
    ..\src\startup_RA9103.s                  0x00000000   Number         0  startup_ra9103.o ABSOLUTE
    ..\src\sysctrl.c                         0x00000000   Number         0  sysctrl.o ABSOLUTE
    ..\src\system_RN821x.c                   0x00000000   Number         0  system_rn821x.o ABSOLUTE
    dc.s                                     0x00000000   Number         0  dc.o ABSOLUTE
    handlers.s                               0x00000000   Number         0  handlers.o ABSOLUTE
    init.s                                   0x00000000   Number         0  init.o ABSOLUTE
    .ARM.Collect$$$$00000000                 0x000000c0   Section        0  entry.o(.ARM.Collect$$$$00000000)
    .ARM.Collect$$$$00000001                 0x000000c0   Section        4  entry2.o(.ARM.Collect$$$$00000001)
    .ARM.Collect$$$$00000004                 0x000000c4   Section        4  entry5.o(.ARM.Collect$$$$00000004)
    .ARM.Collect$$$$00000008                 0x000000c8   Section        0  entry7b.o(.ARM.Collect$$$$00000008)
    .ARM.Collect$$$$00000009                 0x000000c8   Section        8  entry8.o(.ARM.Collect$$$$00000009)
    .ARM.Collect$$$$00002712                 0x000000d0   Section        4  entry2.o(.ARM.Collect$$$$00002712)
    __lit__00000000                          0x000000d0   Data           4  entry2.o(.ARM.Collect$$$$00002712)
    .text                                    0x000000d4   Section       80  startup_ra9103.o(.text)
    .text                                    0x00000124   Section        0  main.o(.text)
    .text                                    0x00000630   Section        0  sysctrl.o(.text)
    currentClk                               0x0000069f   Thumb Code    54  sysctrl.o(.text)
    _getMipAddr                              0x000006d5   Thumb Code   116  sysctrl.o(.text)
    TICK_STAT_GET                            0x00000749   Thumb Code    26  sysctrl.o(.text)
    usTimeout                                0x00000763   Thumb Code   292  sysctrl.o(.text)
    setMipTW                                 0x00000887   Thumb Code   242  sysctrl.o(.text)
    loscCalc                                 0x00000979   Thumb Code    92  sysctrl.o(.text)
    loscCheck                                0x000009d5   Thumb Code   136  sysctrl.o(.text)
    PllEnable                                0x00000a5d   Thumb Code   132  sysctrl.o(.text)
    PllOn                                    0x00000ae1   Thumb Code    14  sysctrl.o(.text)
    HoscEnable                               0x00000aef   Thumb Code   120  sysctrl.o(.text)
    sysmodeWrite                             0x00000b67   Thumb Code   306  sysctrl.o(.text)
    unlockNVM                                0x00000f09   Thumb Code    36  sysctrl.o(.text)
    .text                                    0x00000fbc   Section        0  uidiv.o(.text)
    .text                                    0x00000fe8   Section        0  memcpya.o(.text)
    .text                                    0x0000100c   Section       36  init.o(.text)
    i.__scatterload_copy                     0x00001030   Section       14  handlers.o(i.__scatterload_copy)
    i.__scatterload_null                     0x0000103e   Section        2  handlers.o(i.__scatterload_null)
    i.__scatterload_zeroinit                 0x00001040   Section       14  handlers.o(i.__scatterload_zeroinit)
    .constdata                               0x00001050   Section      436  main.o(.constdata)
    .constdata                               0x00001204   Section      136  sysctrl.o(.constdata)
    .data                                    0x00002000   Section       12  main.o(.data)
    .bss                                     0x0000200c   Section       32  sysctrl.o(.bss)
    IAP                                      0x0000200c   Data          32  sysctrl.o(.bss)
    STACK                                    0x00002030   Section     1536  startup_ra9103.o(STACK)

    Global Symbols

    Symbol Name                              Value     Ov Type        Size  Object(Section)

    BuildAttributes$$THM_ISAv3M$S$PE$A:L22$X:L11$S22$IEEE1$IW$USESV6$~STKCKD$USESV7$~SHL$OTIME$ROPI$EBA8$MICROLIB$REQ8$PRES8$EABIv2 0x00000000   Number         0  anon$$obj.o ABSOLUTE
    __ARM_use_no_argv                        0x00000000   Number         0  main.o ABSOLUTE
    __Vectors                                0x00000000   Data           4  startup_ra9103.o(RESET)
    __decompress                              - Undefined Weak Reference
    _clock_init                               - Undefined Weak Reference
    __Vectors_End                            0x000000c0   Data           0  startup_ra9103.o(RESET)
    __Vectors_Size                           0x000000c0   Number         0  startup_ra9103.o ABSOLUTE
    __main                                   0x000000c1   Thumb Code     0  entry.o(.ARM.Collect$$$$00000000)
    _main_stk                                0x000000c1   Thumb Code     0  entry2.o(.ARM.Collect$$$$00000001)
    _main_scatterload                        0x000000c5   Thumb Code     0  entry5.o(.ARM.Collect$$$$00000004)
    __main_after_scatterload                 0x000000c9   Thumb Code     0  entry5.o(.ARM.Collect$$$$00000004)
    _main_clock                              0x000000c9   Thumb Code     0  entry7b.o(.ARM.Collect$$$$00000008)
    _main_init                               0x000000c9   Thumb Code     0  entry8.o(.ARM.Collect$$$$00000009)
    Reset_Handler                            0x000000d5   Thumb Code     4  startup_ra9103.o(.text)
    NMI_Handler                              0x000000d9   Thumb Code     2  startup_ra9103.o(.text)
    HardFault_Handler                        0x000000db   Thumb Code     2  startup_ra9103.o(.text)
    SVC_Handler                              0x000000dd   Thumb Code     2  startup_ra9103.o(.text)
    PendSV_Handler                           0x000000df   Thumb Code     2  startup_ra9103.o(.text)
    SysTick_Handler                          0x000000e1   Thumb Code     2  startup_ra9103.o(.text)
    EXT0_HANDLER                             0x000000e3   Thumb Code     2  startup_ra9103.o(.text)
    EXT1_HANDLER                             0x000000e5   Thumb Code     2  startup_ra9103.o(.text)
    EXT2_HANDLER                             0x000000e7   Thumb Code     2  startup_ra9103.o(.text)
    EXT3_HANDLER                             0x000000e9   Thumb Code     2  startup_ra9103.o(.text)
    EXT4_HANDLER                             0x000000eb   Thumb Code     2  startup_ra9103.o(.text)
    EXT5_HANDLER                             0x000000ed   Thumb Code     2  startup_ra9103.o(.text)
    EXT6_HANDLER                             0x000000ef   Thumb Code     2  startup_ra9103.o(.text)
    EXT7_HANDLER                             0x000000f1   Thumb Code     2  startup_ra9103.o(.text)
    NVM_HANDLER                              0x000000f3   Thumb Code     2  startup_ra9103.o(.text)
    DMA_HANDLER                              0x000000f5   Thumb Code     2  startup_ra9103.o(.text)
    CT_HANDLER                               0x000000f7   Thumb Code     2  startup_ra9103.o(.text)
    RTC_HANDLER                              0x000000f9   Thumb Code     2  startup_ra9103.o(.text)
    EMU_HANDLER                              0x000000fb   Thumb Code     2  startup_ra9103.o(.text)
    MADC_HANDLER                             0x000000fd   Thumb Code     2  startup_ra9103.o(.text)
    UART0_HANDLER                            0x000000ff   Thumb Code     2  startup_ra9103.o(.text)
    UART1_HANDLER                            0x00000101   Thumb Code     2  startup_ra9103.o(.text)
    UART2_HANDLER                            0x00000103   Thumb Code     2  startup_ra9103.o(.text)
    UART3_HANDLER                            0x00000105   Thumb Code     2  startup_ra9103.o(.text)
    SPI_HANDLER                              0x00000107   Thumb Code     2  startup_ra9103.o(.text)
    I2C_HANDLER                              0x00000109   Thumb Code     2  startup_ra9103.o(.text)
    ISO78161_HANDLER                         0x0000010b   Thumb Code     2  startup_ra9103.o(.text)
    ISO78160_HANDLER                         0x0000010d   Thumb Code     2  startup_ra9103.o(.text)
    TC0_HANDLER                              0x0000010f   Thumb Code     2  startup_ra9103.o(.text)
    TC1_HANDLER                              0x00000111   Thumb Code     2  startup_ra9103.o(.text)
    TC2_HANDLER                              0x00000113   Thumb Code     2  startup_ra9103.o(.text)
    TC3_HANDLER                              0x00000115   Thumb Code     2  startup_ra9103.o(.text)
    WDT_HANDLER                              0x00000117   Thumb Code     2  startup_ra9103.o(.text)
    KBI_HANDLER                              0x00000119   Thumb Code     2  startup_ra9103.o(.text)
    LCD_HANDLER                              0x0000011b   Thumb Code     2  startup_ra9103.o(.text)
    VCH_HANDLER                              0x0000011d   Thumb Code     2  startup_ra9103.o(.text)
    CMP_HANDLER                              0x0000011f   Thumb Code     2  startup_ra9103.o(.text)
    ghash_init                               0x00000125   Thumb Code    52  main.o(.text)
    ghash_wait_for_idle                      0x00000159   Thumb Code    16  main.o(.text)
    ghash_stop                               0x00000169   Thumb Code    16  main.o(.text)
    ghash_start                              0x00000179   Thumb Code    26  main.o(.text)
    ghash_wait_for_bc_done                   0x00000193   Thumb Code    16  main.o(.text)
    ghash_getrt                              0x000001a3   Thumb Code    34  main.o(.text)
    enc_init                                 0x000001c5   Thumb Code    62  main.o(.text)
    enc_wait_for_idle                        0x00000203   Thumb Code    16  main.o(.text)
    enc_stop                                 0x00000213   Thumb Code    16  main.o(.text)
    enc_start                                0x00000223   Thumb Code    82  main.o(.text)
    enc_wait_for_bc_done                     0x00000275   Thumb Code    16  main.o(.text)
    enc_verify                               0x00000285   Thumb Code    44  main.o(.text)
    enc_getct                                0x000002b1   Thumb Code    34  main.o(.text)
    qc_fail                                  0x000002d3   Thumb Code    18  main.o(.text)
    main                                     0x000002e5   Thumb Code   830  main.o(.text)
    getChipid                                0x00000631   Thumb Code   110  sysctrl.o(.text)
    SysModeChg                               0x00000c99   Thumb Code   624  sysctrl.o(.text)
    Remap4Sel                                0x00000f2d   Thumb Code   120  sysctrl.o(.text)
    __aeabi_uidiv                            0x00000fbd   Thumb Code     0  uidiv.o(.text)
    __aeabi_uidivmod                         0x00000fbd   Thumb Code    44  uidiv.o(.text)
    __aeabi_memcpy                           0x00000fe9   Thumb Code    36  memcpya.o(.text)
    __aeabi_memcpy4                          0x00000fe9   Thumb Code     0  memcpya.o(.text)
    __aeabi_memcpy8                          0x00000fe9   Thumb Code     0  memcpya.o(.text)
    __scatterload                            0x0000100d   Thumb Code    28  init.o(.text)
    __scatterload_rt2                        0x0000100d   Thumb Code     0  init.o(.text)
    __scatterload_copy                       0x00001031   Thumb Code    14  handlers.o(i.__scatterload_copy)
    __scatterload_null                       0x0000103f   Thumb Code     2  handlers.o(i.__scatterload_null)
    __scatterload_zeroinit                   0x00001041   Thumb Code    14  handlers.o(i.__scatterload_zeroinit)
    us_freq                                  0x00001204   Data          20  sysctrl.o(.constdata)
    us_cycle                                 0x00001218   Data          20  sysctrl.o(.constdata)
    fl_tw_98ns                               0x0000122c   Data          24  sysctrl.o(.constdata)
    fl_tw_198ns                              0x00001244   Data          24  sysctrl.o(.constdata)
    ee_tw_98ns                               0x0000125c   Data          24  sysctrl.o(.constdata)
    ee_tw_198ns                              0x00001274   Data          24  sysctrl.o(.constdata)
    Region$$Table$$Base                      0x0000128c   Number         0  anon$$obj.o(Region$$Table)
    Region$$Table$$Limit                     0x000012ac   Number         0  anon$$obj.o(Region$$Table)
    remap                                    0x00002000   Data           4  main.o(.data)
    sram_res                                 0x00002004   Data           4  main.o(.data)
    sram_chipid                              0x00002008   Data           4  main.o(.data)
    __initial_sp                             0x00002630   Data           0  startup_ra9103.o(STACK)



==============================================================================

Memory Map of the image

  Image Entry point : 0x000000c1

  Load Region LR_IROM1 (Base: 0x00000000, Size: 0x000012b8, Max: 0x00001ff0, ABSOLUTE)

    Execution Region ER_IROM1 (Base: 0x00000000, Size: 0x000012ac, Max: 0x00001ff0, ABSOLUTE)

    Base Addr    Size         Type   Attr      Idx    E Section Name        Object

    0x00000000   0x000000c0   Data   RO          189    RESET               startup_ra9103.o
    0x000000c0   0x00000000   Code   RO          267  * .ARM.Collect$$$$00000000  mc_p.l(entry.o)
    0x000000c0   0x00000004   Code   RO          296    .ARM.Collect$$$$00000001  mc_p.l(entry2.o)
    0x000000c4   0x00000004   Code   RO          299    .ARM.Collect$$$$00000004  mc_p.l(entry5.o)
    0x000000c8   0x00000000   Code   RO          301    .ARM.Collect$$$$00000008  mc_p.l(entry7b.o)
    0x000000c8   0x00000008   Code   RO          302    .ARM.Collect$$$$00000009  mc_p.l(entry8.o)
    0x000000d0   0x00000004   Code   RO          297    .ARM.Collect$$$$00002712  mc_p.l(entry2.o)
    0x000000d4   0x00000050   Code   RO          190    .text               startup_ra9103.o
    0x00000124   0x0000050c   Code   RO          196    .text               main.o
    0x00000630   0x0000098c   Code   RO          261    .text               rn821x_sysctrl.lib(sysctrl.o)
    0x00000fbc   0x0000002c   Code   RO          270    .text               mc_p.l(uidiv.o)
    0x00000fe8   0x00000024   Code   RO          272    .text               mc_p.l(memcpya.o)
    0x0000100c   0x00000024   Code   RO          316    .text               mc_p.l(init.o)
    0x00001030   0x0000000e   Code   RO          320    i.__scatterload_copy  mc_p.l(handlers.o)
    0x0000103e   0x00000002   Code   RO          321    i.__scatterload_null  mc_p.l(handlers.o)
    0x00001040   0x0000000e   Code   RO          322    i.__scatterload_zeroinit  mc_p.l(handlers.o)
    0x0000104e   0x00000002   PAD
    0x00001050   0x000001b4   Data   RO          202    .constdata          main.o
    0x00001204   0x00000088   Data   RO          263    .constdata          rn821x_sysctrl.lib(sysctrl.o)
    0x0000128c   0x00000020   Data   RO          318    Region$$Table       anon$$obj.o


    Execution Region RW_IRAM1 (Base: 0x00002000, Size: 0x00000630, Max: 0x00000800, ABSOLUTE)

    Base Addr    Size         Type   Attr      Idx    E Section Name        Object

    0x00002000   0x0000000c   Data   RW          203    .data               main.o
    0x0000200c   0x00000020   Zero   RW          262    .bss                rn821x_sysctrl.lib(sysctrl.o)
    0x0000202c   0x00000004   PAD
    0x00002030   0x00000600   Zero   RW          187    STACK               startup_ra9103.o


==============================================================================

Image component sizes


      Code (inc. data)   RO Data    RW Data    ZI Data      Debug   Object Name

         0          0          0          0          0       4264   clk_calc.o
      1292         72        436         12          0       6149   main.o
        80          4        192          0       1536       1700   startup_ra9103.o

    ----------------------------------------------------------------------
      1372         76        660         12       1536      12113   Object Totals
         0          0         32          0          0          0   (incl. Generated)
         0          0          0          0          0          0   (incl. Padding)

    ----------------------------------------------------------------------

      Code (inc. data)   RO Data    RW Data    ZI Data      Debug   Library Member Name

         0          0          0          0          0          0   entry.o
         8          4          0          0          0          0   entry2.o
         4          0          0          0          0          0   entry5.o
         0          0          0          0          0          0   entry7b.o
         8          4          0          0          0          0   entry8.o
        30          0          0          0          0          0   handlers.o
        36          8          0          0          0         68   init.o
        36          0          0          0          0         60   memcpya.o
        44          0          0          0          0         72   uidiv.o
      2444        112        136          0         32        448   sysctrl.o

    ----------------------------------------------------------------------
      2612        128        136          0         36        648   Library Totals
         2          0          0          0          4          0   (incl. Padding)

    ----------------------------------------------------------------------

      Code (inc. data)   RO Data    RW Data    ZI Data      Debug   Library Name

       166         16          0          0          0        200   mc_p.l
      2444        112        136          0         32        448   rn821x_sysctrl.lib

    ----------------------------------------------------------------------
      2612        128        136          0         36        648   Library Totals

    ----------------------------------------------------------------------

==============================================================================


      Code (inc. data)   RO Data    RW Data    ZI Data      Debug   

      3984        204        796         12       1572      12621   Grand Totals
      3984        204        796         12       1572      12621   ELF Image Totals
      3984        204        796         12          0          0   ROM Totals

==============================================================================

    Total RO  Size (Code + RO Data)                 4780 (   4.67kB)
    Total RW  Size (RW Data + ZI Data)              1584 (   1.55kB)
    Total ROM Size (Code + RO Data + RW Data)       4792 (   4.68kB)

==============================================================================

