<html>
<body>
<pre>
<h1>µVision Build Log</h1>
<h2>Project:</h2>
E:\2017_FT_prog\V112\V112.1\RN8215_V1121_3_20171205\testcase\IFLASH_FT\build\FLASH_QC.uvproj
Project File Date:  10/24/2017

<h2>Output:</h2>
 
*** Rebuild Pass #1 with Cross-Module Feedback - 'Clean' invoked.
Clean started: Project: 'FLASH_QC'
   deleting intermediate output files for target 'Target 1'
Rebuild target 'Target 1'
compiling clk_calc.c...
compiling common.c...
compiling system_RN821x.c...
assembling startup_RA9103.s...
compiling flash_driver.c...
compiling ra9103a0_flash_qc.c...
linking...
Program Size: Code=5604 RO-data=488 RW-data=24 ZI-data=288  
"IFLASH_FT.axf" - 0 Error(s), 0 Warning(s).
 
*** Rebuild Pass #2 with Cross-Module Feedback invoked.
Rebuild target 'Target 1'
compiling clk_calc.c...
compiling common.c...
compiling system_RN821x.c...
assembling startup_RA9103.s...
compiling flash_driver.c...
compiling ra9103a0_flash_qc.c...
linking...
Program Size: Code=4808 RO-data=488 RW-data=16 ZI-data=288  
User command #1: fromelf --bin IFLASH_FT.axf -o ../IFLASH_FT.bin
"IFLASH_FT.axf" - 0 Error(s), 0 Warning(s).
