ARM Linker, 5.02 [Build 28] [MDK-ARM Standard]

==============================================================================

Section Cross References

    clk_calc.o(.text) refers to common.o(.text) for WdtFeed
    clk_calc.o(.text) refers to ffltui.o(.text) for __aeabi_ui2f
    clk_calc.o(.text) refers to f2d.o(.text) for __aeabi_f2d
    clk_calc.o(.text) refers to dmul.o(.text) for __aeabi_dmul
    clk_calc.o(.text) refers to ddiv.o(.text) for __aeabi_ddiv
    clk_calc.o(.text) refers to d2f.o(.text) for __aeabi_d2f
    common.o(.text) refers to common.o(i.__ARM_common_switch8) for __ARM_common_switch8
    common.o(.text) refers to common.o(.data) for sysclk_loops
    common.o(.text) refers to system_rn821x.o(.text) for SystemCoreClockUpdate
    common.o(.text) refers to uidiv.o(.text) for __aeabi_uidivmod
    common.o(.text) refers to system_rn821x.o(.data) for SystemCoreClock
    common.o(.text) refers to common.o(.text) for uDelay
    system_rn821x.o(.text) refers to system_rn821x.o(.data) for SystemCoreClock
    startup_ra9103.o(RESET) refers to startup_ra9103.o(STACK) for __initial_sp
    startup_ra9103.o(RESET) refers to startup_ra9103.o(.text) for Reset_Handler
    startup_ra9103.o(.text) refers to system_rn821x.o(.text) for SystemInit
    startup_ra9103.o(.text) refers to entry.o(.ARM.Collect$$$$00000000) for __main
    flash_driver.o(.text) refers to common.o(i.__ARM_common_switch8) for __ARM_common_switch8
    flash_driver.o(.text) refers to common.o(.text) for getSysclk
    flash_driver.o(.text) refers to uidiv.o(.text) for __aeabi_uidivmod
    flash_driver.o(.text) refers to flash_driver.o(.data) for fl_mem_base
    flash_driver.o(.text) refers to flash_driver.o(.constdata) for fl_tus
    flash_driver.o(.text) refers to ra9103a0_flash_qc.o(.data) for fl_page_size_g
    flash_driver.o(.text) refers to flash_driver.o(.text) for getRemapAddr
    flash_driver.o(.text) refers to flash_driver.o(.data) for fl_mem_base
    flash_driver.o(.text) refers to flash_driver.o(.text) for getRemapAddr
    flash_driver.o(.text) refers to flash_driver.o(.data) for fl_mem_base
    flash_driver.o(.text) refers to flash_driver.o(.text) for getRemapAddr
    flash_driver.o(.text) refers to uidiv.o(.text) for __aeabi_uidivmod
    flash_driver.o(.text) refers to flash_driver.o(.data) for fl_mem_base
    flash_driver.o(.text) refers to ra9103a0_flash_qc.o(.data) for sram_chipid
    ra9103a0_flash_qc.o(.text) refers to common.o(.text) for WdtFeed
    ra9103a0_flash_qc.o(.text) refers to uidiv.o(.text) for __aeabi_uidivmod
    ra9103a0_flash_qc.o(.text) refers to sysctrl.o(.text) for SysModeChg
    ra9103a0_flash_qc.o(.text) refers to flash_driver.o(.text) for fl_chip_erase
    ra9103a0_flash_qc.o(.text) refers to ra9103a0_flash_qc.o(.data) for fl_page_size_g
    ra9103a0_flash_qc.o(.text) refers to common.o(.text) for WdtFeed
    ra9103a0_flash_qc.o(.text) refers to ra9103a0_flash_qc.o(.data) for fl_page_size_g
    ra9103a0_flash_qc.o(.text) refers to common.o(.text) for WdtFeed
    ra9103a0_flash_qc.o(.text) refers to ra9103a0_flash_qc.o(.data) for fl_page_size_g
    sysctrl.o(.text) refers to uidiv.o(.text) for __aeabi_uidivmod
    sysctrl.o(.text) refers to sysctrl.o(.constdata) for us_freq
    sysctrl.o(.text) refers to sysctrl.o(.bss) for IAP
    entry.o(.ARM.Collect$$$$00000000) refers (Special) to entry7b.o(.ARM.Collect$$$$00000008) for _main_clock
    entry.o(.ARM.Collect$$$$00000000) refers (Special) to entry8.o(.ARM.Collect$$$$00000009) for _main_init
    entry.o(.ARM.Collect$$$$00000000) refers (Special) to entry5.o(.ARM.Collect$$$$00000004) for _main_scatterload
    entry.o(.ARM.Collect$$$$00000000) refers (Special) to entry2.o(.ARM.Collect$$$$00000001) for _main_stk
    dmul.o(.text) refers (Special) to iusefp.o(.text) for __I$use$fp
    dmul.o(.text) refers to depilogue.o(.text) for _double_epilogue
    ddiv.o(.text) refers (Special) to iusefp.o(.text) for __I$use$fp
    ddiv.o(.text) refers to depilogue.o(.text) for _double_round
    ffltui.o(.text) refers (Special) to iusefp.o(.text) for __I$use$fp
    ffltui.o(.text) refers to fepilogue.o(.text) for _float_epilogue
    f2d.o(.text) refers (Special) to iusefp.o(.text) for __I$use$fp
    d2f.o(.text) refers (Special) to iusefp.o(.text) for __I$use$fp
    d2f.o(.text) refers to fepilogue.o(.text) for _float_round
    entry2.o(.ARM.Collect$$$$00000001) refers to entry2.o(.ARM.Collect$$$$00002712) for __lit__00000000
    entry2.o(.ARM.Collect$$$$00002712) refers to startup_ra9103.o(STACK) for __initial_sp
    entry2.o(__vectab_stack_and_reset_area) refers to startup_ra9103.o(STACK) for __initial_sp
    entry2.o(__vectab_stack_and_reset_area) refers to entry.o(.ARM.Collect$$$$00000000) for __main
    entry5.o(.ARM.Collect$$$$00000004) refers to init.o(.text) for __scatterload
    entry8.o(.ARM.Collect$$$$00000009) refers to ra9103a0_flash_qc.o(.text) for main
    depilogue.o(.text) refers to depilogue.o(i.__ARM_clz) for __ARM_clz
    depilogue.o(.text) refers to llshl.o(.text) for __aeabi_llsl
    depilogue.o(.text) refers to llushr.o(.text) for __aeabi_llsr
    init.o(.text) refers to entry5.o(.ARM.Collect$$$$00000004) for __main_after_scatterload


==============================================================================

Removing Unused input sections from the image.

    Removing clk_calc.o(.rev16_text), (4 bytes).
    Removing clk_calc.o(.revsh_text), (4 bytes).
    Removing clk_calc.o(.text), (180 bytes).
    Removing common.o(.rev16_text), (4 bytes).
    Removing common.o(.revsh_text), (4 bytes).
    Removing common.o(.text), (32 bytes).
    Removing common.o(.text), (124 bytes).
    Removing common.o(.text), (24 bytes).
    Removing common.o(.text), (96 bytes).
    Removing common.o(.data), (4 bytes).
    Removing system_rn821x.o(.rev16_text), (4 bytes).
    Removing system_rn821x.o(.revsh_text), (4 bytes).
    Removing system_rn821x.o(.text), (96 bytes).
    Removing system_rn821x.o(.data), (4 bytes).
    Removing startup_ra9103.o(HEAP), (0 bytes).
    Removing flash_driver.o(.rev16_text), (4 bytes).
    Removing flash_driver.o(.revsh_text), (4 bytes).
    Removing flash_driver.o(.text), (44 bytes).
    Removing flash_driver.o(.text), (88 bytes).
    Removing flash_driver.o(.text), (172 bytes).
    Removing ra9103a0_flash_qc.o(.rev16_text), (4 bytes).
    Removing ra9103a0_flash_qc.o(.revsh_text), (4 bytes).
    Removing ra9103a0_flash_qc.o(.text), (92 bytes).
    Removing ra9103a0_flash_qc.o(.text), (96 bytes).
    Removing sysctrl.o(.rev16_text), (4 bytes).
    Removing sysctrl.o(.revsh_text), (4 bytes).
    Removing dmul.o(.text), (208 bytes).
    Removing ddiv.o(.text), (240 bytes).
    Removing ffltui.o(.text), (14 bytes).
    Removing f2d.o(.text), (40 bytes).
    Removing d2f.o(.text), (56 bytes).
    Removing fepilogue.o(.text), (132 bytes).
    Removing depilogue.o(.text), (192 bytes).
    Removing depilogue.o(i.__ARM_clz), (46 bytes).

34 unused section(s) (total 2028 bytes) removed from the image.

==============================================================================

Image Symbol Table

    Local Symbols

    Symbol Name                              Value     Ov Type        Size  Object(Section)

    RESET                                    0x00000000   Section      192  startup_ra9103.o(RESET)
    ../clib/microlib/division.c              0x00000000   Number         0  uidiv.o ABSOLUTE
    ../clib/microlib/init/entry.s            0x00000000   Number         0  entry2.o ABSOLUTE
    ../clib/microlib/init/entry.s            0x00000000   Number         0  entry5.o ABSOLUTE
    ../clib/microlib/init/entry.s            0x00000000   Number         0  entry.o ABSOLUTE
    ../clib/microlib/init/entry.s            0x00000000   Number         0  entry8.o ABSOLUTE
    ../clib/microlib/init/entry.s            0x00000000   Number         0  entry7b.o ABSOLUTE
    ../clib/microlib/init/entry.s            0x00000000   Number         0  entry7a.o ABSOLUTE
    ../clib/microlib/longlong.c              0x00000000   Number         0  llushr.o ABSOLUTE
    ../clib/microlib/longlong.c              0x00000000   Number         0  llshl.o ABSOLUTE
    ../clib/microlib/stubs.s                 0x00000000   Number         0  iusefp.o ABSOLUTE
    ../fplib/microlib/d2f.c                  0x00000000   Number         0  d2f.o ABSOLUTE
    ../fplib/microlib/f2d.c                  0x00000000   Number         0  f2d.o ABSOLUTE
    ../fplib/microlib/fpdiv.c                0x00000000   Number         0  ddiv.o ABSOLUTE
    ../fplib/microlib/fpepilogue.c           0x00000000   Number         0  fepilogue.o ABSOLUTE
    ../fplib/microlib/fpepilogue.c           0x00000000   Number         0  depilogue.o ABSOLUTE
    ../fplib/microlib/fpflt.c                0x00000000   Number         0  ffltui.o ABSOLUTE
    ../fplib/microlib/fpmul.c                0x00000000   Number         0  dmul.o ABSOLUTE
    ..\\src\\common\\clk_calc.c              0x00000000   Number         0  clk_calc.o ABSOLUTE
    ..\\src\\common\\common.c                0x00000000   Number         0  common.o ABSOLUTE
    ..\\src\\flash_driver.c                  0x00000000   Number         0  flash_driver.o ABSOLUTE
    ..\\src\\ra9103a0_flash_qc.c             0x00000000   Number         0  ra9103a0_flash_qc.o ABSOLUTE
    ..\\src\\sysctrl.c                       0x00000000   Number         0  sysctrl.o ABSOLUTE
    ..\\src\\system_RN821x.c                 0x00000000   Number         0  system_rn821x.o ABSOLUTE
    ..\src\common\clk_calc.c                 0x00000000   Number         0  clk_calc.o ABSOLUTE
    ..\src\common\common.c                   0x00000000   Number         0  common.o ABSOLUTE
    ..\src\flash_driver.c                    0x00000000   Number         0  flash_driver.o ABSOLUTE
    ..\src\ra9103a0_flash_qc.c               0x00000000   Number         0  ra9103a0_flash_qc.o ABSOLUTE
    ..\src\startup_RA9103.s                  0x00000000   Number         0  startup_ra9103.o ABSOLUTE
    ..\src\sysctrl.c                         0x00000000   Number         0  sysctrl.o ABSOLUTE
    ..\src\system_RN821x.c                   0x00000000   Number         0  system_rn821x.o ABSOLUTE
    dc.s                                     0x00000000   Number         0  dc.o ABSOLUTE
    handlers.s                               0x00000000   Number         0  handlers.o ABSOLUTE
    init.s                                   0x00000000   Number         0  init.o ABSOLUTE
    .ARM.Collect$$$$00000000                 0x000000c0   Section        0  entry.o(.ARM.Collect$$$$00000000)
    .ARM.Collect$$$$00000001                 0x000000c0   Section        4  entry2.o(.ARM.Collect$$$$00000001)
    .ARM.Collect$$$$00000004                 0x000000c4   Section        4  entry5.o(.ARM.Collect$$$$00000004)
    .ARM.Collect$$$$00000008                 0x000000c8   Section        0  entry7b.o(.ARM.Collect$$$$00000008)
    .ARM.Collect$$$$00000009                 0x000000c8   Section        8  entry8.o(.ARM.Collect$$$$00000009)
    .ARM.Collect$$$$00002712                 0x000000d0   Section        4  entry2.o(.ARM.Collect$$$$00002712)
    __lit__00000000                          0x000000d0   Data           4  entry2.o(.ARM.Collect$$$$00002712)
    .text                                    0x000000d4   Section        0  common.o(.text)
    .text                                    0x00000140   Section        0  system_rn821x.o(.text)
    .text                                    0x00000144   Section       88  startup_ra9103.o(.text)
    .text                                    0x0000019c   Section        0  flash_driver.o(.text)
    getRemapAddr                             0x0000019d   Thumb Code    68  flash_driver.o(.text)
    setMipTime                               0x000001ed   Thumb Code   202  flash_driver.o(.text)
    sendCmd                                  0x000002b7   Thumb Code   114  flash_driver.o(.text)
    .text                                    0x00000628   Section        0  ra9103a0_flash_qc.o(.text)
    .text                                    0x0000097c   Section        0  sysctrl.o(.text)
    currentClk                               0x000009df   Thumb Code    54  sysctrl.o(.text)
    _getMipAddr                              0x00000a15   Thumb Code   116  sysctrl.o(.text)
    TICK_STAT_GET                            0x00000a89   Thumb Code    26  sysctrl.o(.text)
    usTimeout                                0x00000aa3   Thumb Code   292  sysctrl.o(.text)
    setMipTW                                 0x00000bc7   Thumb Code   242  sysctrl.o(.text)
    loscCalc                                 0x00000cb9   Thumb Code    92  sysctrl.o(.text)
    loscCheck                                0x00000d15   Thumb Code   136  sysctrl.o(.text)
    PllEnable                                0x00000d9d   Thumb Code   132  sysctrl.o(.text)
    PllOn                                    0x00000e21   Thumb Code    14  sysctrl.o(.text)
    HoscEnable                               0x00000e2f   Thumb Code   120  sysctrl.o(.text)
    sysmodeWrite                             0x00000ea7   Thumb Code   306  sysctrl.o(.text)
    unlockNVM                                0x00001249   Thumb Code    36  sysctrl.o(.text)
    .text                                    0x000012fc   Section        0  uidiv.o(.text)
    .text                                    0x00001328   Section       36  init.o(.text)
    i.__ARM_common_switch8                   0x0000134c   Section        0  common.o(i.__ARM_common_switch8)
    i.__scatterload_copy                     0x00001368   Section       14  handlers.o(i.__scatterload_copy)
    i.__scatterload_null                     0x00001376   Section        2  handlers.o(i.__scatterload_null)
    i.__scatterload_zeroinit                 0x00001378   Section       14  handlers.o(i.__scatterload_zeroinit)
    .constdata                               0x00001388   Section      128  flash_driver.o(.constdata)
    .constdata                               0x00001408   Section      136  sysctrl.o(.constdata)
    .data                                    0x00002000   Section        4  flash_driver.o(.data)
    .data                                    0x00002004   Section       12  ra9103a0_flash_qc.o(.data)
    .bss                                     0x00002010   Section       32  sysctrl.o(.bss)
    IAP                                      0x00002010   Data          32  sysctrl.o(.bss)
    STACK                                    0x00002030   Section      256  startup_ra9103.o(STACK)

    Global Symbols

    Symbol Name                              Value     Ov Type        Size  Object(Section)

    BuildAttributes$$THM_ISAv3M$S$PE$A:L22$X:L11$S22$IEEE1$IW$USESV6$~STKCKD$USESV7$~SHL$OTIME$ROPI$EBA8$MICROLIB$REQ8$PRES8$EABIv2 0x00000000   Number         0  anon$$obj.o ABSOLUTE
    __ARM_use_no_argv                        0x00000000   Number         0  ra9103a0_flash_qc.o ABSOLUTE
    __Vectors                                0x00000000   Data           4  startup_ra9103.o(RESET)
    __decompress                              - Undefined Weak Reference
    _clock_init                               - Undefined Weak Reference
    __Vectors_End                            0x000000c0   Data           0  startup_ra9103.o(RESET)
    __Vectors_Size                           0x000000c0   Number         0  startup_ra9103.o ABSOLUTE
    __main                                   0x000000c1   Thumb Code     0  entry.o(.ARM.Collect$$$$00000000)
    _main_stk                                0x000000c1   Thumb Code     0  entry2.o(.ARM.Collect$$$$00000001)
    _main_scatterload                        0x000000c5   Thumb Code     0  entry5.o(.ARM.Collect$$$$00000004)
    __main_after_scatterload                 0x000000c9   Thumb Code     0  entry5.o(.ARM.Collect$$$$00000004)
    _main_clock                              0x000000c9   Thumb Code     0  entry7b.o(.ARM.Collect$$$$00000008)
    _main_init                               0x000000c9   Thumb Code     0  entry8.o(.ARM.Collect$$$$00000009)
    getSysclk                                0x000000d5   Thumb Code    64  common.o(.text)
    WdtInit                                  0x00000115   Thumb Code    26  common.o(.text)
    WdtFeed                                  0x0000012f   Thumb Code     8  common.o(.text)
    SystemInit                               0x00000141   Thumb Code     2  system_rn821x.o(.text)
    Reset_Handler                            0x00000145   Thumb Code     8  startup_ra9103.o(.text)
    NMI_Handler                              0x0000014d   Thumb Code     2  startup_ra9103.o(.text)
    HardFault_Handler                        0x0000014f   Thumb Code     2  startup_ra9103.o(.text)
    SVC_Handler                              0x00000151   Thumb Code     2  startup_ra9103.o(.text)
    PendSV_Handler                           0x00000153   Thumb Code     2  startup_ra9103.o(.text)
    SysTick_Handler                          0x00000155   Thumb Code     2  startup_ra9103.o(.text)
    EXT0_HANDLER                             0x00000157   Thumb Code     2  startup_ra9103.o(.text)
    EXT1_HANDLER                             0x00000159   Thumb Code     2  startup_ra9103.o(.text)
    EXT2_HANDLER                             0x0000015b   Thumb Code     2  startup_ra9103.o(.text)
    EXT3_HANDLER                             0x0000015d   Thumb Code     2  startup_ra9103.o(.text)
    EXT4_HANDLER                             0x0000015f   Thumb Code     2  startup_ra9103.o(.text)
    EXT5_HANDLER                             0x00000161   Thumb Code     2  startup_ra9103.o(.text)
    EXT6_HANDLER                             0x00000163   Thumb Code     2  startup_ra9103.o(.text)
    EXT7_HANDLER                             0x00000165   Thumb Code     2  startup_ra9103.o(.text)
    NVM_HANDLER                              0x00000167   Thumb Code     2  startup_ra9103.o(.text)
    DMA_HANDLER                              0x00000169   Thumb Code     2  startup_ra9103.o(.text)
    CT_HANDLER                               0x0000016b   Thumb Code     2  startup_ra9103.o(.text)
    RTC_HANDLER                              0x0000016d   Thumb Code     2  startup_ra9103.o(.text)
    EMU_HANDLER                              0x0000016f   Thumb Code     2  startup_ra9103.o(.text)
    MADC_HANDLER                             0x00000171   Thumb Code     2  startup_ra9103.o(.text)
    UART0_HANDLER                            0x00000173   Thumb Code     2  startup_ra9103.o(.text)
    UART1_HANDLER                            0x00000175   Thumb Code     2  startup_ra9103.o(.text)
    UART2_HANDLER                            0x00000177   Thumb Code     2  startup_ra9103.o(.text)
    UART3_HANDLER                            0x00000179   Thumb Code     2  startup_ra9103.o(.text)
    SPI_HANDLER                              0x0000017b   Thumb Code     2  startup_ra9103.o(.text)
    I2C_HANDLER                              0x0000017d   Thumb Code     2  startup_ra9103.o(.text)
    ISO78161_HANDLER                         0x0000017f   Thumb Code     2  startup_ra9103.o(.text)
    ISO78160_HANDLER                         0x00000181   Thumb Code     2  startup_ra9103.o(.text)
    TC0_HANDLER                              0x00000183   Thumb Code     2  startup_ra9103.o(.text)
    TC1_HANDLER                              0x00000185   Thumb Code     2  startup_ra9103.o(.text)
    TC2_HANDLER                              0x00000187   Thumb Code     2  startup_ra9103.o(.text)
    TC3_HANDLER                              0x00000189   Thumb Code     2  startup_ra9103.o(.text)
    WDT_HANDLER                              0x0000018b   Thumb Code     2  startup_ra9103.o(.text)
    KBI_HANDLER                              0x0000018d   Thumb Code     2  startup_ra9103.o(.text)
    LCD_HANDLER                              0x0000018f   Thumb Code     2  startup_ra9103.o(.text)
    VCH_HANDLER                              0x00000191   Thumb Code     2  startup_ra9103.o(.text)
    CMP_HANDLER                              0x00000193   Thumb Code     2  startup_ra9103.o(.text)
    fl_check                                 0x000001e1   Thumb Code    12  flash_driver.o(.text)
    fl_chip_erase                            0x00000329   Thumb Code   192  flash_driver.o(.text)
    fl_chip_prog                             0x000003e9   Thumb Code   346  flash_driver.o(.text)
    fl_page_prog                             0x00000543   Thumb Code   218  flash_driver.o(.text)
    qc_fail                                  0x00000629   Thumb Code    14  ra9103a0_flash_qc.o(.text)
    fl_chip_check_data                       0x00000637   Thumb Code   114  ra9103a0_flash_qc.o(.text)
    fl_chip_check_empty                      0x000006a9   Thumb Code   170  ra9103a0_flash_qc.o(.text)
    main                                     0x00000753   Thumb Code   508  ra9103a0_flash_qc.o(.text)
    getChipid                                0x0000097d   Thumb Code    98  sysctrl.o(.text)
    SysModeChg                               0x00000fd9   Thumb Code   624  sysctrl.o(.text)
    Remap4Sel                                0x0000126d   Thumb Code   120  sysctrl.o(.text)
    __aeabi_uidiv                            0x000012fd   Thumb Code     0  uidiv.o(.text)
    __aeabi_uidivmod                         0x000012fd   Thumb Code    44  uidiv.o(.text)
    __scatterload                            0x00001329   Thumb Code    28  init.o(.text)
    __scatterload_rt2                        0x00001329   Thumb Code     0  init.o(.text)
    __ARM_common_switch8                     0x0000134d   Thumb Code    28  common.o(i.__ARM_common_switch8)
    __scatterload_copy                       0x00001369   Thumb Code    14  handlers.o(i.__scatterload_copy)
    __scatterload_null                       0x00001377   Thumb Code     2  handlers.o(i.__scatterload_null)
    __scatterload_zeroinit                   0x00001379   Thumb Code    14  handlers.o(i.__scatterload_zeroinit)
    fl_tus                                   0x00001388   Data          24  flash_driver.o(.constdata)
    fl_tms                                   0x000013a0   Data          96  flash_driver.o(.constdata)
    fl_tp                                    0x00001400   Data           4  flash_driver.o(.constdata)
    fl_te                                    0x00001404   Data           4  flash_driver.o(.constdata)
    us_freq                                  0x00001408   Data          20  sysctrl.o(.constdata)
    us_cycle                                 0x0000141c   Data          20  sysctrl.o(.constdata)
    fl_tw_98ns                               0x00001430   Data          24  sysctrl.o(.constdata)
    fl_tw_198ns                              0x00001448   Data          24  sysctrl.o(.constdata)
    ee_tw_98ns                               0x00001460   Data          24  sysctrl.o(.constdata)
    ee_tw_198ns                              0x00001478   Data          24  sysctrl.o(.constdata)
    Region$$Table$$Base                      0x00001490   Number         0  anon$$obj.o(Region$$Table)
    Region$$Table$$Limit                     0x000014b0   Number         0  anon$$obj.o(Region$$Table)
    fl_mem_base                              0x00002000   Data           4  flash_driver.o(.data)
    sram_chipid                              0x00002004   Data           4  ra9103a0_flash_qc.o(.data)
    fl_page_size_g                           0x00002008   Data           4  ra9103a0_flash_qc.o(.data)
    fl_chip_size_g                           0x0000200c   Data           4  ra9103a0_flash_qc.o(.data)
    __initial_sp                             0x00002130   Data           0  startup_ra9103.o(STACK)



==============================================================================

Memory Map of the image

  Image Entry point : 0x000000c1

  Load Region LR_IROM1 (Base: 0x00000000, Size: 0x000014c0, Max: 0x00001ff0, ABSOLUTE)

    Execution Region ER_IROM1 (Base: 0x00000000, Size: 0x000014b0, Max: 0x00001ff0, ABSOLUTE)

    Base Addr    Size         Type   Attr      Idx    E Section Name        Object

    0x00000000   0x000000c0   Data   RO          146    RESET               startup_ra9103.o
    0x000000c0   0x00000000   Code   RO          251  * .ARM.Collect$$$$00000000  mc_p.l(entry.o)
    0x000000c0   0x00000004   Code   RO          266    .ARM.Collect$$$$00000001  mc_p.l(entry2.o)
    0x000000c4   0x00000004   Code   RO          269    .ARM.Collect$$$$00000004  mc_p.l(entry5.o)
    0x000000c8   0x00000000   Code   RO          271    .ARM.Collect$$$$00000008  mc_p.l(entry7b.o)
    0x000000c8   0x00000008   Code   RO          272    .ARM.Collect$$$$00000009  mc_p.l(entry8.o)
    0x000000d0   0x00000004   Code   RO          267    .ARM.Collect$$$$00002712  mc_p.l(entry2.o)
    0x000000d4   0x0000006c   Code   RO           52    .text               common.o
    0x00000140   0x00000002   Code   RO          109    .text               system_rn821x.o
    0x00000142   0x00000002   PAD
    0x00000144   0x00000058   Code   RO          147    .text               startup_ra9103.o
    0x0000019c   0x0000048c   Code   RO          153    .text               flash_driver.o
    0x00000628   0x00000354   Code   RO          203    .text               ra9103a0_flash_qc.o
    0x0000097c   0x00000980   Code   RO          245    .text               rn821x_sysctrl.lib(sysctrl.o)
    0x000012fc   0x0000002c   Code   RO          254    .text               mc_p.l(uidiv.o)
    0x00001328   0x00000024   Code   RO          280    .text               mc_p.l(init.o)
    0x0000134c   0x0000001c   Code   RO           94    i.__ARM_common_switch8  common.o
    0x00001368   0x0000000e   Code   RO          288    i.__scatterload_copy  mc_p.l(handlers.o)
    0x00001376   0x00000002   Code   RO          289    i.__scatterload_null  mc_p.l(handlers.o)
    0x00001378   0x0000000e   Code   RO          290    i.__scatterload_zeroinit  mc_p.l(handlers.o)
    0x00001386   0x00000002   PAD
    0x00001388   0x00000080   Data   RO          157    .constdata          flash_driver.o
    0x00001408   0x00000088   Data   RO          247    .constdata          rn821x_sysctrl.lib(sysctrl.o)
    0x00001490   0x00000020   Data   RO          286    Region$$Table       anon$$obj.o


    Execution Region RW_IRAM1 (Base: 0x00002000, Size: 0x00000130, Max: 0x00000800, ABSOLUTE)

    Base Addr    Size         Type   Attr      Idx    E Section Name        Object

    0x00002000   0x00000004   Data   RW          158    .data               flash_driver.o
    0x00002004   0x0000000c   Data   RW          206    .data               ra9103a0_flash_qc.o
    0x00002010   0x00000020   Zero   RW          246    .bss                rn821x_sysctrl.lib(sysctrl.o)
    0x00002030   0x00000100   Zero   RW          144    STACK               startup_ra9103.o


==============================================================================

Image component sizes


      Code (inc. data)   RO Data    RW Data    ZI Data      Debug   Object Name

         0          0          0          0          0       4264   clk_calc.o
       136         18          0          0          0        908   common.o
      1164         62        128          4          0       4435   flash_driver.o
       852         46          0         12          0       3034   ra9103a0_flash_qc.o
        88          8        192          0        256       1736   startup_ra9103.o
         2          0          0          0          0        385   system_rn821x.o

    ----------------------------------------------------------------------
      2244        134        352         16        256      14762   Object Totals
         0          0         32          0          0          0   (incl. Generated)
         2          0          0          0          0          0   (incl. Padding)

    ----------------------------------------------------------------------

      Code (inc. data)   RO Data    RW Data    ZI Data      Debug   Library Member Name

         0          0          0          0          0          0   entry.o
         8          4          0          0          0          0   entry2.o
         4          0          0          0          0          0   entry5.o
         0          0          0          0          0          0   entry7b.o
         8          4          0          0          0          0   entry8.o
        30          0          0          0          0          0   handlers.o
        36          8          0          0          0         68   init.o
        44          0          0          0          0         72   uidiv.o
      2432        112        136          0         32        440   sysctrl.o

    ----------------------------------------------------------------------
      2564        128        136          0         32        580   Library Totals
         2          0          0          0          0          0   (incl. Padding)

    ----------------------------------------------------------------------

      Code (inc. data)   RO Data    RW Data    ZI Data      Debug   Library Name

       130         16          0          0          0        140   mc_p.l
      2432        112        136          0         32        440   rn821x_sysctrl.lib

    ----------------------------------------------------------------------
      2564        128        136          0         32        580   Library Totals

    ----------------------------------------------------------------------

==============================================================================


      Code (inc. data)   RO Data    RW Data    ZI Data      Debug   

      4808        262        488         16        288      15070   Grand Totals
      4808        262        488         16        288      15070   ELF Image Totals
      4808        262        488         16          0          0   ROM Totals

==============================================================================

    Total RO  Size (Code + RO Data)                 5296 (   5.17kB)
    Total RW  Size (RW Data + ZI Data)               304 (   0.30kB)
    Total ROM Size (Code + RO Data + RW Data)       5312 (   5.19kB)

==============================================================================

