ARM Linker, 5.02 [Build 28] [MDK-ARM Standard]

==============================================================================

Section Cross References

    common.o(.text) refers to common.o(i.__ARM_common_switch8) for __ARM_common_switch8
    common.o(.text) refers to common.o(.data) for sysclk_loops
    common.o(.text) refers to clk_calc.o(.text) for clk_freq
    common.o(.text) refers to f2d.o(.text) for __aeabi_f2d
    common.o(.text) refers to ddiv.o(.text) for __aeabi_ddiv
    common.o(.text) refers to d2f.o(.text) for __aeabi_d2f
    common.o(.text) refers to common.o(.text) for getSysclk
    common.o(.text) refers to ffltui.o(.text) for __aeabi_ui2f
    common.o(.text) refers to fdiv.o(.text) for __aeabi_fdiv
    common.o(.text) refers to ffixui.o(.text) for __aeabi_f2uiz
    common.o(.text) refers to fadd.o(.text) for __aeabi_frsub
    common.o(.text) refers to dmul.o(.text) for __aeabi_dmul
    common.o(.text) refers to dadd.o(.text) for __aeabi_dadd
    common.o(.text) refers to dfixui.o(.text) for __aeabi_d2uiz
    common.o(.text) refers to soclowpwr_sys.o(.data) for sram_chipid
    common.o(.text) refers to common.o(.text) for setBaud
    common.o(.text) refers to common.o(.text) for WdtFeed
    common.o(.text) refers to common.o(.text) for WdtFeed
    common.o(.text) refers to system_rn821x.o(.text) for SystemCoreClockUpdate
    common.o(.text) refers to uidiv.o(.text) for __aeabi_uidivmod
    common.o(.text) refers to system_rn821x.o(.data) for SystemCoreClock
    retarget.o(.text) refers to serial.o(.text) for sendchar
    retarget.o(.text) refers to serial.o(.text) for getkey
    retarget.o(.text) refers to serial.o(.text) for sendchar
    retarget.o(.text) refers to serial.o(.text) for sendchar
    soclowpwr_sys.o(.text) refers to common.o(.text) for WdtInit
    soclowpwr_sys.o(.text) refers to sysctrl.o(.text) for SysModeChg
    soclowpwr_sys.o(.text) refers to socsleep.o(.ARM.__at_0x1a00) for socSleep
    soclowpwr_sys.o(.text) refers to soclowpwr_sys.o(.data) for sram_chipid
    soclowpwr_sys.o(.text) refers to soclowpwr_sys.o(.text) for apbClk0En
    soclowpwr_sys.o(.text) refers to soclowpwr_sys.o(.text) for apbClk1En
    soclowpwr_sys.o(.text) refers to soclowpwr_sys.o(.text) for eeWakeup
    soclowpwr_sys.o(.text) refers to common.o(.text) for WdtFeed
    startup_ra9103.o(RESET) refers to startup_ra9103.o(STACK) for __initial_sp
    startup_ra9103.o(RESET) refers to startup_ra9103.o(.text) for Reset_Handler
    startup_ra9103.o(.text) refers to entry.o(.ARM.Collect$$$$00000000) for __main
    system_rn821x.o(.text) refers to system_rn821x.o(.data) for SystemCoreClock
    clk_calc.o(.text) refers to common.o(.text) for WdtFeed
    clk_calc.o(.text) refers to ffltui.o(.text) for __aeabi_ui2f
    clk_calc.o(.text) refers to f2d.o(.text) for __aeabi_f2d
    clk_calc.o(.text) refers to dmul.o(.text) for __aeabi_dmul
    clk_calc.o(.text) refers to ddiv.o(.text) for __aeabi_ddiv
    clk_calc.o(.text) refers to d2f.o(.text) for __aeabi_d2f
    socsleep.o(.ARM.__at_0x1a00) refers to soclowpwr_sys.o(.data) for sram_chipid
    sysctrl.o(.text) refers to uidiv.o(.text) for __aeabi_uidivmod
    sysctrl.o(.text) refers to idiv.o(.text) for __aeabi_idivmod
    sysctrl.o(.text) refers to sysctrl.o(.constdata) for us_freq
    sysctrl.o(.text) refers to sysctrl.o(.data) for rtc_ctrl_bak
    sysctrl.o(.text) refers to sysctrl.o(.bss) for IAP
    entry.o(.ARM.Collect$$$$00000000) refers (Special) to entry7b.o(.ARM.Collect$$$$00000008) for _main_clock
    entry.o(.ARM.Collect$$$$00000000) refers (Special) to entry8.o(.ARM.Collect$$$$00000009) for _main_init
    entry.o(.ARM.Collect$$$$00000000) refers (Special) to entry5.o(.ARM.Collect$$$$00000004) for _main_scatterload
    entry.o(.ARM.Collect$$$$00000000) refers (Special) to entry2.o(.ARM.Collect$$$$00000001) for _main_stk
    idiv.o(.text) refers to uidiv.o(.text) for __aeabi_uidivmod
    fadd.o(.text) refers (Special) to iusefp.o(.text) for __I$use$fp
    fadd.o(.text) refers to fepilogue.o(.text) for _float_epilogue
    fdiv.o(.text) refers (Special) to iusefp.o(.text) for __I$use$fp
    fdiv.o(.text) refers to fepilogue.o(.text) for _float_round
    dadd.o(.text) refers (Special) to iusefp.o(.text) for __I$use$fp
    dadd.o(.text) refers to llshl.o(.text) for __aeabi_llsl
    dadd.o(.text) refers to llsshr.o(.text) for __aeabi_lasr
    dadd.o(.text) refers to depilogue.o(.text) for _double_epilogue
    dmul.o(.text) refers (Special) to iusefp.o(.text) for __I$use$fp
    dmul.o(.text) refers to depilogue.o(.text) for _double_epilogue
    ddiv.o(.text) refers (Special) to iusefp.o(.text) for __I$use$fp
    ddiv.o(.text) refers to depilogue.o(.text) for _double_round
    ffltui.o(.text) refers (Special) to iusefp.o(.text) for __I$use$fp
    ffltui.o(.text) refers to fepilogue.o(.text) for _float_epilogue
    ffixui.o(.text) refers (Special) to iusefp.o(.text) for __I$use$fp
    dfixui.o(.text) refers (Special) to iusefp.o(.text) for __I$use$fp
    dfixui.o(.text) refers to llushr.o(.text) for __aeabi_llsr
    f2d.o(.text) refers (Special) to iusefp.o(.text) for __I$use$fp
    d2f.o(.text) refers (Special) to iusefp.o(.text) for __I$use$fp
    d2f.o(.text) refers to fepilogue.o(.text) for _float_round
    entry2.o(.ARM.Collect$$$$00000001) refers to entry2.o(.ARM.Collect$$$$00002712) for __lit__00000000
    entry2.o(.ARM.Collect$$$$00002712) refers to startup_ra9103.o(STACK) for __initial_sp
    entry2.o(__vectab_stack_and_reset_area) refers to startup_ra9103.o(STACK) for __initial_sp
    entry2.o(__vectab_stack_and_reset_area) refers to entry.o(.ARM.Collect$$$$00000000) for __main
    entry5.o(.ARM.Collect$$$$00000004) refers to init.o(.text) for __scatterload
    entry8.o(.ARM.Collect$$$$00000009) refers to soclowpwr_sys.o(.text) for main
    depilogue.o(.text) refers to depilogue.o(i.__ARM_clz) for __ARM_clz
    depilogue.o(.text) refers to llshl.o(.text) for __aeabi_llsl
    depilogue.o(.text) refers to llushr.o(.text) for __aeabi_llsr
    init.o(.text) refers to entry5.o(.ARM.Collect$$$$00000004) for __main_after_scatterload


==============================================================================

Removing Unused input sections from the image.

    Removing common.o(.rev16_text), (4 bytes).
    Removing common.o(.revsh_text), (4 bytes).
    Removing common.o(.text), (68 bytes).
    Removing common.o(.text), (32 bytes).
    Removing common.o(.text), (300 bytes).
    Removing common.o(.text), (244 bytes).
    Removing common.o(.text), (104 bytes).
    Removing common.o(.text), (84 bytes).
    Removing common.o(.text), (12 bytes).
    Removing common.o(.text), (8 bytes).
    Removing common.o(.text), (132 bytes).
    Removing common.o(.text), (96 bytes).
    Removing common.o(.data), (4 bytes).
    Removing retarget.o(.text), (14 bytes).
    Removing retarget.o(.text), (16 bytes).
    Removing retarget.o(.text), (8 bytes).
    Removing retarget.o(.text), (12 bytes).
    Removing retarget.o(.text), (4 bytes).
    Removing serial.o(.rev16_text), (4 bytes).
    Removing serial.o(.revsh_text), (4 bytes).
    Removing serial.o(.text), (60 bytes).
    Removing serial.o(.text), (22 bytes).
    Removing soclowpwr_sys.o(.rev16_text), (4 bytes).
    Removing soclowpwr_sys.o(.revsh_text), (4 bytes).
    Removing soclowpwr_sys.o(.text), (20 bytes).
    Removing soclowpwr_sys.o(.text), (20 bytes).
    Removing soclowpwr_sys.o(.text), (48 bytes).
    Removing soclowpwr_sys.o(.text), (124 bytes).
    Removing soclowpwr_sys.o(.text), (176 bytes).
    Removing soclowpwr_sys.o(.text), (52 bytes).
    Removing soclowpwr_sys.o(.text), (24 bytes).
    Removing soclowpwr_sys.o(.text), (60 bytes).
    Removing soclowpwr_sys.o(.text), (64 bytes).
    Removing soclowpwr_sys.o(.text), (24 bytes).
    Removing soclowpwr_sys.o(.text), (24 bytes).
    Removing soclowpwr_sys.o(.text), (24 bytes).
    Removing soclowpwr_sys.o(.text), (24 bytes).
    Removing soclowpwr_sys.o(.text), (24 bytes).
    Removing soclowpwr_sys.o(.text), (24 bytes).
    Removing soclowpwr_sys.o(.text), (8 bytes).
    Removing soclowpwr_sys.o(.text), (64 bytes).
    Removing soclowpwr_sys.o(.text), (48 bytes).
    Removing soclowpwr_sys.o(.text), (40 bytes).
    Removing soclowpwr_sys.o(.text), (24 bytes).
    Removing soclowpwr_sys.o(.text), (24 bytes).
    Removing soclowpwr_sys.o(.text), (92 bytes).
    Removing startup_ra9103.o(HEAP), (0 bytes).
    Removing system_rn821x.o(.rev16_text), (4 bytes).
    Removing system_rn821x.o(.revsh_text), (4 bytes).
    Removing system_rn821x.o(.text), (2 bytes).
    Removing clk_calc.o(.rev16_text), (4 bytes).
    Removing clk_calc.o(.revsh_text), (4 bytes).
    Removing clk_calc.o(.text), (180 bytes).
    Removing sysctrl.o(.rev16_text), (4 bytes).
    Removing sysctrl.o(.revsh_text), (4 bytes).
    Removing fadd.o(.text), (178 bytes).
    Removing fdiv.o(.text), (128 bytes).
    Removing dadd.o(.text), (356 bytes).
    Removing dmul.o(.text), (208 bytes).
    Removing ddiv.o(.text), (240 bytes).
    Removing ffltui.o(.text), (14 bytes).
    Removing ffixui.o(.text), (42 bytes).
    Removing dfixui.o(.text), (60 bytes).
    Removing f2d.o(.text), (40 bytes).
    Removing d2f.o(.text), (56 bytes).
    Removing fepilogue.o(.text), (132 bytes).
    Removing depilogue.o(.text), (192 bytes).
    Removing common.o(i.__ARM_common_switch8), (28 bytes).
    Removing depilogue.o(i.__ARM_clz), (46 bytes).

69 unused section(s) (total 4202 bytes) removed from the image.

==============================================================================

Image Symbol Table

    Local Symbols

    Symbol Name                              Value     Ov Type        Size  Object(Section)

    RESET                                    0x00000000   Section      192  startup_ra9103.o(RESET)
    ../clib/microlib/division.c              0x00000000   Number         0  uidiv.o ABSOLUTE
    ../clib/microlib/division.c              0x00000000   Number         0  idiv.o ABSOLUTE
    ../clib/microlib/init/entry.s            0x00000000   Number         0  entry8.o ABSOLUTE
    ../clib/microlib/init/entry.s            0x00000000   Number         0  entry.o ABSOLUTE
    ../clib/microlib/init/entry.s            0x00000000   Number         0  entry7b.o ABSOLUTE
    ../clib/microlib/init/entry.s            0x00000000   Number         0  entry7a.o ABSOLUTE
    ../clib/microlib/init/entry.s            0x00000000   Number         0  entry5.o ABSOLUTE
    ../clib/microlib/init/entry.s            0x00000000   Number         0  entry2.o ABSOLUTE
    ../clib/microlib/longlong.c              0x00000000   Number         0  llushr.o ABSOLUTE
    ../clib/microlib/longlong.c              0x00000000   Number         0  llsshr.o ABSOLUTE
    ../clib/microlib/longlong.c              0x00000000   Number         0  llshl.o ABSOLUTE
    ../clib/microlib/stubs.s                 0x00000000   Number         0  iusefp.o ABSOLUTE
    ../fplib/microlib/d2f.c                  0x00000000   Number         0  d2f.o ABSOLUTE
    ../fplib/microlib/f2d.c                  0x00000000   Number         0  f2d.o ABSOLUTE
    ../fplib/microlib/fpadd.c                0x00000000   Number         0  dadd.o ABSOLUTE
    ../fplib/microlib/fpadd.c                0x00000000   Number         0  fadd.o ABSOLUTE
    ../fplib/microlib/fpdiv.c                0x00000000   Number         0  fdiv.o ABSOLUTE
    ../fplib/microlib/fpdiv.c                0x00000000   Number         0  ddiv.o ABSOLUTE
    ../fplib/microlib/fpepilogue.c           0x00000000   Number         0  depilogue.o ABSOLUTE
    ../fplib/microlib/fpepilogue.c           0x00000000   Number         0  fepilogue.o ABSOLUTE
    ../fplib/microlib/fpfix.c                0x00000000   Number         0  dfixui.o ABSOLUTE
    ../fplib/microlib/fpfix.c                0x00000000   Number         0  ffixui.o ABSOLUTE
    ../fplib/microlib/fpflt.c                0x00000000   Number         0  ffltui.o ABSOLUTE
    ../fplib/microlib/fpmul.c                0x00000000   Number         0  dmul.o ABSOLUTE
    ..\\src\\SocLowPwr_sys.c                 0x00000000   Number         0  soclowpwr_sys.o ABSOLUTE
    ..\\src\\common\\clk_calc.c              0x00000000   Number         0  clk_calc.o ABSOLUTE
    ..\\src\\common\\common.c                0x00000000   Number         0  common.o ABSOLUTE
    ..\\src\\common\\serial.c                0x00000000   Number         0  serial.o ABSOLUTE
    ..\\src\\socSleep.c                      0x00000000   Number         0  socsleep.o ABSOLUTE
    ..\\src\\sysctrl.c                       0x00000000   Number         0  sysctrl.o ABSOLUTE
    ..\\src\\system_RN821x.c                 0x00000000   Number         0  system_rn821x.o ABSOLUTE
    ..\src\SocLowPwr_sys.c                   0x00000000   Number         0  soclowpwr_sys.o ABSOLUTE
    ..\src\common\Retarget.c                 0x00000000   Number         0  retarget.o ABSOLUTE
    ..\src\common\clk_calc.c                 0x00000000   Number         0  clk_calc.o ABSOLUTE
    ..\src\common\common.c                   0x00000000   Number         0  common.o ABSOLUTE
    ..\src\common\serial.c                   0x00000000   Number         0  serial.o ABSOLUTE
    ..\src\socSleep.c                        0x00000000   Number         0  socsleep.o ABSOLUTE
    ..\src\startup_RA9103.s                  0x00000000   Number         0  startup_ra9103.o ABSOLUTE
    ..\src\sysctrl.c                         0x00000000   Number         0  sysctrl.o ABSOLUTE
    ..\src\system_RN821x.c                   0x00000000   Number         0  system_rn821x.o ABSOLUTE
    dc.s                                     0x00000000   Number         0  dc.o ABSOLUTE
    handlers.s                               0x00000000   Number         0  handlers.o ABSOLUTE
    init.s                                   0x00000000   Number         0  init.o ABSOLUTE
    .ARM.Collect$$$$00000000                 0x000000c0   Section        0  entry.o(.ARM.Collect$$$$00000000)
    .ARM.Collect$$$$00000001                 0x000000c0   Section        4  entry2.o(.ARM.Collect$$$$00000001)
    .ARM.Collect$$$$00000004                 0x000000c4   Section        4  entry5.o(.ARM.Collect$$$$00000004)
    .ARM.Collect$$$$00000008                 0x000000c8   Section        0  entry7b.o(.ARM.Collect$$$$00000008)
    .ARM.Collect$$$$00000009                 0x000000c8   Section        8  entry8.o(.ARM.Collect$$$$00000009)
    .ARM.Collect$$$$00002712                 0x000000d0   Section        4  entry2.o(.ARM.Collect$$$$00002712)
    __lit__00000000                          0x000000d0   Data           4  entry2.o(.ARM.Collect$$$$00002712)
    .rev16_text                              0x000000d4   Section        4  socsleep.o(.rev16_text)
    .revsh_text                              0x000000d8   Section        4  socsleep.o(.revsh_text)
    .text                                    0x000000dc   Section        0  common.o(.text)
    .text                                    0x00000190   Section        0  soclowpwr_sys.o(.text)
    .text                                    0x00000458   Section       80  startup_ra9103.o(.text)
    .text                                    0x000004a8   Section        0  system_rn821x.o(.text)
    .text                                    0x00000508   Section        0  sysctrl.o(.text)
    currentClk                               0x00000509   Thumb Code    54  sysctrl.o(.text)
    _getMipAddr                              0x0000053f   Thumb Code   116  sysctrl.o(.text)
    TICK_STAT_GET                            0x000005b3   Thumb Code    26  sysctrl.o(.text)
    usTimeout                                0x000005cd   Thumb Code   302  sysctrl.o(.text)
    setMipTW                                 0x000006fb   Thumb Code   140  sysctrl.o(.text)
    rtcCheck                                 0x00000787   Thumb Code   158  sysctrl.o(.text)
    PllEnable                                0x00000825   Thumb Code   144  sysctrl.o(.text)
    PllOn                                    0x000008b5   Thumb Code    14  sysctrl.o(.text)
    HoscEnable                               0x000008c3   Thumb Code   166  sysctrl.o(.text)
    sysmodeWrite                             0x00000969   Thumb Code   412  sysctrl.o(.text)
    getChipid                                0x00000b05   Thumb Code    72  sysctrl.o(.text)
    unlockNVM                                0x00000d79   Thumb Code    36  sysctrl.o(.text)
    .text                                    0x00000e34   Section        0  uidiv.o(.text)
    .text                                    0x00000e60   Section        0  idiv.o(.text)
    .text                                    0x00000e88   Section       36  init.o(.text)
    i.__scatterload_copy                     0x00000eac   Section       14  handlers.o(i.__scatterload_copy)
    i.__scatterload_null                     0x00000eba   Section        2  handlers.o(i.__scatterload_null)
    i.__scatterload_zeroinit                 0x00000ebc   Section       14  handlers.o(i.__scatterload_zeroinit)
    .constdata                               0x00000ecc   Section       20  sysctrl.o(.constdata)
    .ARM.__at_0x1a00                         0x00001a00   Section        0  socsleep.o(.ARM.__at_0x1a00)
    .data                                    0x00002000   Section        4  soclowpwr_sys.o(.data)
    .data                                    0x00002004   Section        4  system_rn821x.o(.data)
    .data                                    0x00002008   Section        4  sysctrl.o(.data)
    rtc_ctrl_bak                             0x00002008   Data           4  sysctrl.o(.data)
    .bss                                     0x0000200c   Section       32  sysctrl.o(.bss)
    IAP                                      0x0000200c   Data          32  sysctrl.o(.bss)
    STACK                                    0x00002030   Section      256  startup_ra9103.o(STACK)

    Global Symbols

    Symbol Name                              Value     Ov Type        Size  Object(Section)

    BuildAttributes$$THM_ISAv3M$S$PE$A:L22$X:L11$S22$IEEE1$IW$USESV6$~STKCKD$USESV7$~SHL$OTIME$ROPI$EBA8$MICROLIB$REQ8$PRES8$EABIv2 0x00000000   Number         0  anon$$obj.o ABSOLUTE
    __ARM_use_no_argv                        0x00000000   Number         0  soclowpwr_sys.o ABSOLUTE
    __Vectors                                0x00000000   Data           4  startup_ra9103.o(RESET)
    __decompress                              - Undefined Weak Reference
    _clock_init                               - Undefined Weak Reference
    __Vectors_End                            0x000000c0   Data           0  startup_ra9103.o(RESET)
    __Vectors_Size                           0x000000c0   Number         0  startup_ra9103.o ABSOLUTE
    __main                                   0x000000c1   Thumb Code     0  entry.o(.ARM.Collect$$$$00000000)
    _main_stk                                0x000000c1   Thumb Code     0  entry2.o(.ARM.Collect$$$$00000001)
    _main_scatterload                        0x000000c5   Thumb Code     0  entry5.o(.ARM.Collect$$$$00000004)
    __main_after_scatterload                 0x000000c9   Thumb Code     0  entry5.o(.ARM.Collect$$$$00000004)
    _main_clock                              0x000000c9   Thumb Code     0  entry7b.o(.ARM.Collect$$$$00000008)
    _main_init                               0x000000c9   Thumb Code     0  entry8.o(.ARM.Collect$$$$00000009)
    __asm___10_socSleep_c_socSleep____REV16  0x000000d5   Thumb Code     4  socsleep.o(.rev16_text)
    __asm___10_socSleep_c_socSleep____REVSH  0x000000d9   Thumb Code     4  socsleep.o(.revsh_text)
    uDelay                                   0x000000dd   Thumb Code   108  common.o(.text)
    mDelay                                   0x00000149   Thumb Code    24  common.o(.text)
    WdtInit                                  0x00000161   Thumb Code    26  common.o(.text)
    flStandby                                0x00000191   Thumb Code    60  soclowpwr_sys.o(.text)
    eeStandby                                0x000001cd   Thumb Code    92  soclowpwr_sys.o(.text)
    anaPwrDown                               0x00000229   Thumb Code   114  soclowpwr_sys.o(.text)
    busPwrDown                               0x0000029b   Thumb Code    54  soclowpwr_sys.o(.text)
    gpioPwrDown                              0x000002d1   Thumb Code    70  soclowpwr_sys.o(.text)
    cacheOn                                  0x00000317   Thumb Code    58  soclowpwr_sys.o(.text)
    main                                     0x00000351   Thumb Code   218  soclowpwr_sys.o(.text)
    Reset_Handler                            0x00000459   Thumb Code     4  startup_ra9103.o(.text)
    NMI_Handler                              0x0000045d   Thumb Code     2  startup_ra9103.o(.text)
    HardFault_Handler                        0x0000045f   Thumb Code     2  startup_ra9103.o(.text)
    SVC_Handler                              0x00000461   Thumb Code     2  startup_ra9103.o(.text)
    PendSV_Handler                           0x00000463   Thumb Code     2  startup_ra9103.o(.text)
    SysTick_Handler                          0x00000465   Thumb Code     2  startup_ra9103.o(.text)
    EXT0_HANDLER                             0x00000467   Thumb Code     2  startup_ra9103.o(.text)
    EXT1_HANDLER                             0x00000469   Thumb Code     2  startup_ra9103.o(.text)
    EXT2_HANDLER                             0x0000046b   Thumb Code     2  startup_ra9103.o(.text)
    EXT3_HANDLER                             0x0000046d   Thumb Code     2  startup_ra9103.o(.text)
    EXT4_HANDLER                             0x0000046f   Thumb Code     2  startup_ra9103.o(.text)
    EXT5_HANDLER                             0x00000471   Thumb Code     2  startup_ra9103.o(.text)
    EXT6_HANDLER                             0x00000473   Thumb Code     2  startup_ra9103.o(.text)
    EXT7_HANDLER                             0x00000475   Thumb Code     2  startup_ra9103.o(.text)
    NVM_HANDLER                              0x00000477   Thumb Code     2  startup_ra9103.o(.text)
    DMA_HANDLER                              0x00000479   Thumb Code     2  startup_ra9103.o(.text)
    CT_HANDLER                               0x0000047b   Thumb Code     2  startup_ra9103.o(.text)
    RTC_HANDLER                              0x0000047d   Thumb Code     2  startup_ra9103.o(.text)
    EMU_HANDLER                              0x0000047f   Thumb Code     2  startup_ra9103.o(.text)
    MADC_HANDLER                             0x00000481   Thumb Code     2  startup_ra9103.o(.text)
    UART0_HANDLER                            0x00000483   Thumb Code     2  startup_ra9103.o(.text)
    UART1_HANDLER                            0x00000485   Thumb Code     2  startup_ra9103.o(.text)
    UART2_HANDLER                            0x00000487   Thumb Code     2  startup_ra9103.o(.text)
    UART3_HANDLER                            0x00000489   Thumb Code     2  startup_ra9103.o(.text)
    SPI_HANDLER                              0x0000048b   Thumb Code     2  startup_ra9103.o(.text)
    I2C_HANDLER                              0x0000048d   Thumb Code     2  startup_ra9103.o(.text)
    ISO78161_HANDLER                         0x0000048f   Thumb Code     2  startup_ra9103.o(.text)
    ISO78160_HANDLER                         0x00000491   Thumb Code     2  startup_ra9103.o(.text)
    TC0_HANDLER                              0x00000493   Thumb Code     2  startup_ra9103.o(.text)
    TC1_HANDLER                              0x00000495   Thumb Code     2  startup_ra9103.o(.text)
    TC2_HANDLER                              0x00000497   Thumb Code     2  startup_ra9103.o(.text)
    TC3_HANDLER                              0x00000499   Thumb Code     2  startup_ra9103.o(.text)
    WDT_HANDLER                              0x0000049b   Thumb Code     2  startup_ra9103.o(.text)
    KBI_HANDLER                              0x0000049d   Thumb Code     2  startup_ra9103.o(.text)
    LCD_HANDLER                              0x0000049f   Thumb Code     2  startup_ra9103.o(.text)
    VCH_HANDLER                              0x000004a1   Thumb Code     2  startup_ra9103.o(.text)
    CMP_HANDLER                              0x000004a3   Thumb Code     2  startup_ra9103.o(.text)
    SystemCoreClockUpdate                    0x000004a9   Thumb Code    86  system_rn821x.o(.text)
    SysModeChg                               0x00000b4d   Thumb Code   556  sysctrl.o(.text)
    Remap4Sel                                0x00000d9d   Thumb Code   120  sysctrl.o(.text)
    __aeabi_uidiv                            0x00000e35   Thumb Code     0  uidiv.o(.text)
    __aeabi_uidivmod                         0x00000e35   Thumb Code    44  uidiv.o(.text)
    __aeabi_idiv                             0x00000e61   Thumb Code     0  idiv.o(.text)
    __aeabi_idivmod                          0x00000e61   Thumb Code    40  idiv.o(.text)
    __scatterload                            0x00000e89   Thumb Code    28  init.o(.text)
    __scatterload_rt2                        0x00000e89   Thumb Code     0  init.o(.text)
    __scatterload_copy                       0x00000ead   Thumb Code    14  handlers.o(i.__scatterload_copy)
    __scatterload_null                       0x00000ebb   Thumb Code     2  handlers.o(i.__scatterload_null)
    __scatterload_zeroinit                   0x00000ebd   Thumb Code    14  handlers.o(i.__scatterload_zeroinit)
    us_freq                                  0x00000ecc   Data          20  sysctrl.o(.constdata)
    Region$$Table$$Base                      0x00000ee0   Number         0  anon$$obj.o(Region$$Table)
    Region$$Table$$Limit                     0x00000f00   Number         0  anon$$obj.o(Region$$Table)
    socSleep                                 0x00001a01   Thumb Code   124  socsleep.o(.ARM.__at_0x1a00)
    sram_chipid                              0x00002000   Data           4  soclowpwr_sys.o(.data)
    SystemCoreClock                          0x00002004   Data           4  system_rn821x.o(.data)
    __initial_sp                             0x00002130   Data           0  startup_ra9103.o(STACK)



==============================================================================

Memory Map of the image

  Image Entry point : 0x000000c1

  Load Region LR_IROM1 (Base: 0x00000000, Size: 0x00001a8c, Max: 0x00002000, ABSOLUTE)

    Execution Region ER_IROM1 (Base: 0x00000000, Size: 0x00001a80, Max: 0x00002000, ABSOLUTE)

    Base Addr    Size         Type   Attr      Idx    E Section Name        Object

    0x00000000   0x000000c0   Data   RO          360    RESET               startup_ra9103.o
    0x000000c0   0x00000000   Code   RO          460  * .ARM.Collect$$$$00000000  mc_p.l(entry.o)
    0x000000c0   0x00000004   Code   RO          487    .ARM.Collect$$$$00000001  mc_p.l(entry2.o)
    0x000000c4   0x00000004   Code   RO          490    .ARM.Collect$$$$00000004  mc_p.l(entry5.o)
    0x000000c8   0x00000000   Code   RO          492    .ARM.Collect$$$$00000008  mc_p.l(entry7b.o)
    0x000000c8   0x00000008   Code   RO          493    .ARM.Collect$$$$00000009  mc_p.l(entry8.o)
    0x000000d0   0x00000004   Code   RO          488    .ARM.Collect$$$$00002712  mc_p.l(entry2.o)
    0x000000d4   0x00000004   Code   RO          430    .rev16_text         socsleep.o
    0x000000d8   0x00000004   Code   RO          431    .revsh_text         socsleep.o
    0x000000dc   0x000000b4   Code   RO           12    .text               common.o
    0x00000190   0x000002c8   Code   RO          194    .text               soclowpwr_sys.o
    0x00000458   0x00000050   Code   RO          361    .text               startup_ra9103.o
    0x000004a8   0x00000060   Code   RO          367    .text               system_rn821x.o
    0x00000508   0x0000092c   Code   RO          453    .text               rn821x_sysctrl.lib(sysctrl.o)
    0x00000e34   0x0000002c   Code   RO          463    .text               mc_p.l(uidiv.o)
    0x00000e60   0x00000028   Code   RO          465    .text               mc_p.l(idiv.o)
    0x00000e88   0x00000024   Code   RO          507    .text               mc_p.l(init.o)
    0x00000eac   0x0000000e   Code   RO          511    i.__scatterload_copy  mc_p.l(handlers.o)
    0x00000eba   0x00000002   Code   RO          512    i.__scatterload_null  mc_p.l(handlers.o)
    0x00000ebc   0x0000000e   Code   RO          513    i.__scatterload_zeroinit  mc_p.l(handlers.o)
    0x00000eca   0x00000002   PAD
    0x00000ecc   0x00000014   Data   RO          455    .constdata          rn821x_sysctrl.lib(sysctrl.o)
    0x00000ee0   0x00000020   Data   RO          509    Region$$Table       anon$$obj.o
    0x00000f00   0x00000b00   PAD
    0x00001a00   0x00000080   Code   RO          432    .ARM.__at_0x1a00    socsleep.o


    Execution Region RW_IRAM1 (Base: 0x00002000, Size: 0x00000130, Max: 0x00000800, ABSOLUTE)

    Base Addr    Size         Type   Attr      Idx    E Section Name        Object

    0x00002000   0x00000004   Data   RW          217    .data               soclowpwr_sys.o
    0x00002004   0x00000004   Data   RW          369    .data               system_rn821x.o
    0x00002008   0x00000004   Data   RW          456    .data               rn821x_sysctrl.lib(sysctrl.o)
    0x0000200c   0x00000020   Zero   RW          454    .bss                rn821x_sysctrl.lib(sysctrl.o)
    0x0000202c   0x00000004   PAD
    0x00002030   0x00000100   Zero   RW          358    STACK               startup_ra9103.o


==============================================================================

Image component sizes


      Code (inc. data)   RO Data    RW Data    ZI Data      Debug   Object Name

       180         22          0          0          0       5072   common.o
       712         46          0          4          0       2775   soclowpwr_sys.o
       136          4          0          0          0       1371   socsleep.o
        80          4        192          0        256       1740   startup_ra9103.o
        96         10          0          4          0        686   system_rn821x.o

    ----------------------------------------------------------------------
      1204         86       3040          8        256      11644   Object Totals
         0          0         32          0          0          0   (incl. Generated)
         0          0       2816          0          0          0   (incl. Padding)

    ----------------------------------------------------------------------

      Code (inc. data)   RO Data    RW Data    ZI Data      Debug   Library Member Name

         0          0          0          0          0          0   entry.o
         8          4          0          0          0          0   entry2.o
         4          0          0          0          0          0   entry5.o
         0          0          0          0          0          0   entry7b.o
         8          4          0          0          0          0   entry8.o
        30          0          0          0          0          0   handlers.o
        40          0          0          0          0         72   idiv.o
        36          8          0          0          0         68   init.o
        44          0          0          0          0         72   uidiv.o
      2348        114         20          4         32        404   sysctrl.o

    ----------------------------------------------------------------------
      2520        130         20          4         36        616   Library Totals
         2          0          0          0          4          0   (incl. Padding)

    ----------------------------------------------------------------------

      Code (inc. data)   RO Data    RW Data    ZI Data      Debug   Library Name

       170         16          0          0          0        212   mc_p.l
      2348        114         20          4         32        404   rn821x_sysctrl.lib

    ----------------------------------------------------------------------
      2520        130         20          4         36        616   Library Totals

    ----------------------------------------------------------------------

==============================================================================


      Code (inc. data)   RO Data    RW Data    ZI Data      Debug   

      3724        216       3060         12        292      11840   Grand Totals
      3724        216       3060         12        292      11840   ELF Image Totals
      3724        216       3060         12          0          0   ROM Totals

==============================================================================

    Total RO  Size (Code + RO Data)                 6784 (   6.63kB)
    Total RW  Size (RW Data + ZI Data)               304 (   0.30kB)
    Total ROM Size (Code + RO Data + RW Data)       6796 (   6.64kB)

==============================================================================

