<html>
<body>
<pre>
<h1>µVision Build Log</h1>
<h2>Project:</h2>
E:\2017_FT_prog\V109_20170206∆¿…Û∞Ê±æ\RN8211B_V109_2_20170208\testcase\SocLowPwr_sys\build\SocLowPwr_sys_sram_0_QC.uvproj
Project File Date:  01/17/2017

<h2>Output:</h2>
 
*** Rebuild Pass #1 with Cross-Module Feedback - 'Clean' invoked.
Clean started: Project: 'SocLowPwr_sys_sram_0_QC'
   deleting intermediate output files for target 'Target 1'
Rebuild target 'Target 1'
compiling common.c...
compiling Retarget.c...
compiling serial.c...
compiling SocLowPwr_sys.c...
assembling startup_RA9103.s...
compiling system_RN821x.c...
compiling clk_calc.c...
compiling socSleep.c...
linking...
Program Size: Code=7932 RO-data=244 RW-data=16 ZI-data=288  
"SocLowPwr_sram.axf" - 0 Error(s), 0 Warning(s).
 
*** Rebuild Pass #2 with Cross-Module Feedback invoked.
Rebuild target 'Target 1'
compiling common.c...
compiling Retarget.c...
compiling serial.c...
compiling SocLowPwr_sys.c...
assembling startup_RA9103.s...
compiling system_RN821x.c...
compiling clk_calc.c...
compiling socSleep.c...
linking...
Program Size: Code=3860 RO-data=2944 RW-data=12 ZI-data=292  
User command #1: fromelf --bin -o ..\SocLowPwr_sram.bin SocLowPwr_sram.axf
"SocLowPwr_sram.axf" - 0 Error(s), 0 Warning(s).
