<html>
<body>
<pre>
<h1>µVision Build Log</h1>
<h2>Tool Versions:</h2>
IDE-Version: ¦ÌVision V5.21.1.0
Copyright (C) 2016 ARM Ltd and ARM Germany GmbH. All rights reserved.
License Information: zhang hui, NA, LIC=76F8T-RNR1L-30YNC-7RX8M-92MWJ-S6L6C
 
Tool Versions:
Toolchain:       MDK-ARM Plus  Version: 5.21a
Toolchain Path:  D:\soft\keil_MDK\ARM\ARMCC\Bin
C Compiler:      Armcc.exe V5.06 update 3 (build 300)
Assembler:       Armasm.exe V5.06 update 3 (build 300)
Linker/Locator:  ArmLink.exe V5.06 update 3 (build 300)
Library Manager: ArmAr.exe V5.06 update 3 (build 300)
Hex Converter:   FromElf.exe V5.06 update 3 (build 300)
CPU DLL:         SARMCM3.DLL V5.21a
Dialog DLL:      DARMP1.DLL V1.26.0.0
Target DLL:      Segger\JL2CM3.dll V2.99.23.0
Dialog DLL:      TARMP1.DLL V1.25.0.0
 
<h2>Project:</h2>
E:\SOC_3380D\Test_Program_about_ARM\RN8213_V1123_3_20180523\Software\build\soc_ft.uvproj
Project File Date:  01/04/2019

<h2>Output:</h2>
*** Using Compiler 'V5.06 update 3 (build 300)', folder: 'D:\soft\keil_MDK\ARM\ARMCC\Bin'
Rebuild target 'SIZE2'
compiling swd_atf.c...
compiling ft_main.c...
compiling Serial.c...
assembling startup_LPC17xx.s...
compiling system_LPC17xx.c...
compiling swd_drv.c...
compiling board.c...
..\driver\board.c(12): warning:  #550-D: variable "remap" was set but never used
  	unsigned long remap;
..\driver\board.c(41): warning:  #550-D: variable "remap" was set but never used
  	unsigned long remap;
..\driver\board.c: 2 warnings, 0 errors
compiling test_all.c...
compiling Voltage.c...
compiling LCD_Pump.c...
compiling adc.c...
compiling spline.c...
compiling spi.c...
compiling timer.c...
compiling ra0_routine.c...
..\driver\ra0_routine.c(241): warning:  #68-D: integer conversion resulted in a change of sign
  	ad_aver = ad_aver + 
HIP_TEMPERTRIM_OFFSET;
..\driver\ra0_routine.c: 1 warning, 0 errors
compiling ads_acquire.c...
compiling temper_process.c...
compiling EMU.c...
compiling ldo18_trim.c...
compiling sar.c...
compiling Retarget.c...
compiling rcl_trim.c...
linking...
Program Size: Code=53396 RO-data=137376 RW-data=68 ZI-data=5380  
".\soc_ft.axf" - 0 Error(s), 3 Warning(s).
Build Time Elapsed:  00:00:07
</pre>
</body>
</html>
