Component: ARM Compiler 5.06 update 3 (build 300) Tool: armlink [4d35c9]

==============================================================================

Section Cross References

    ft_main.o(.text) refers to serial.o(.text) for uartInit
    ft_main.o(.text) refers to board.o(.text) for Ini_Test
    ft_main.o(.text) refers to printfa.o(i.__0printf) for __2printf
    ft_main.o(.text) refers to swd_drv.o(.text) for swd_drv_init
    ft_main.o(.text) refers to spline.o(.text) for UID_check
    ft_main.o(.text) refers to voltage.o(.text) for SocAVDDEna
    ft_main.o(.text) refers to timer.o(.text) for timer3Init
    ft_main.o(.text) refers to adc.o(.text) for SocPump_31Ena
    ft_main.o(.text) refers to lcd_pump.o(.text) for LCD3V3
    ft_main.o(.text) refers to test_all.o(.text) for test_all
    ft_main.o(.text) refers to swd_drv.o(.data) for swd_num
    ft_main.o(.text) refers to ft_main.o(.conststring) for .conststring
    ft_main.o(.text) refers to board.o(.data) for powswh_bin
    swd_atf.o(.text) refers to memcpya.o(.text) for __aeabi_memcpy4
    swd_atf.o(.text) refers to swd_drv.o(.text) for swd_core_reg_wr
    swd_atf.o(.text) refers to system_lpc17xx.o(.text) for SystemCoreClockUpdate
    swd_atf.o(.text) refers to printfa.o(i.__0printf) for __2printf
    swd_atf.o(.text) refers to swd_atf.o(.constdata) for .constdata
    swd_atf.o(.text) refers to system_lpc17xx.o(.data) for SystemCoreClock
    swd_atf.o(.text) refers to swd_atf.o(.conststring) for .conststring
    swd_drv.o(.text) refers to swd_drv.o(.data) for swd_num
    swd_drv.o(.text) refers to printfa.o(i.__0printf) for __2printf
    swd_drv.o(.text) refers to board.o(.text) for usDelay
    swd_drv.o(.text) refers to swd_drv.o(.constdata) for __swd_line_reset_sequence
    system_lpc17xx.o(.text) refers to uldiv.o(.text) for __aeabi_uldivmod
    system_lpc17xx.o(.text) refers to system_lpc17xx.o(.data) for SystemCoreClock
    startup_lpc17xx.o(RESET) refers to startup_lpc17xx.o(STACK) for __initial_sp
    startup_lpc17xx.o(RESET) refers to startup_lpc17xx.o(.text) for Reset_Handler
    startup_lpc17xx.o(RESET) refers to timer.o(.text) for TIMER3_IRQHandler
    startup_lpc17xx.o(.text) refers to system_lpc17xx.o(.text) for SystemInit
    startup_lpc17xx.o(.text) refers to entry.o(.ARM.Collect$$$$00000000) for __main
    board.o(.text) refers to swd_drv.o(.text) for swd_mem_rd
    board.o(.text) refers to printfa.o(i.__0printf) for __2printf
    board.o(.text) refers to board.o(.conststring) for .conststring
    board.o(.text) refers to test_all.o(.text) for clearMip
    board.o(.text) refers to system_lpc17xx.o(.text) for SystemCoreClockUpdate
    board.o(.text) refers to system_lpc17xx.o(.data) for SystemCoreClock
    board.o(.text) refers to board.o(.data) for powswh_bin
    test_all.o(.text) refers to swd_drv.o(.text) for swd_connect
    test_all.o(.text) refers to printfa.o(i.__0printf) for __2printf
    test_all.o(.text) refers to board.o(.text) for usDelay
    test_all.o(.text) refers to memcpya.o(.text) for __aeabi_memcpy4
    test_all.o(.text) refers to strcmp.o(.text) for strcmp
    test_all.o(.text) refers to emu.o(.text) for EMU_CLK_Ini
    test_all.o(.text) refers to test_all.o(.conststring) for .conststring
    test_all.o(.text) refers to test_all.o(.constdata) for .constdata
    test_all.o(.text) refers to ra0_routine.o(.text) for swDelay
    test_all.o(.text) refers to swd_atf.o(.text) for atf_img_run
    test_all.o(.constdata) refers to test_all.o(.conststring) for .conststring
    test_all.o(.constdata) refers to lcd_pump.o(.text) for LCDPump_QC
    test_all.o(.constdata) refers to temper_process.o(.text) for tempProcess
    test_all.o(.constdata) refers to voltage.o(.text) for Voltage_QC
    test_all.o(.constdata) refers to sar.o(.text) for SAR_QC
    voltage.o(.text) refers to ads_acquire.o(.text) for adsInitvdd
    voltage.o(.text) refers to swd_drv.o(.text) for swd_mem_wr
    voltage.o(.text) refers to printfa.o(i.__0printf) for __2printf
    voltage.o(.text) refers to ffltui.o(.text) for __aeabi_ui2f
    voltage.o(.text) refers to f2d.o(.text) for __aeabi_f2d
    voltage.o(.text) refers to dmul.o(.text) for __aeabi_dmul
    voltage.o(.text) refers to ddiv.o(.text) for __aeabi_ddiv
    voltage.o(.text) refers to d2f.o(.text) for __aeabi_d2f
    voltage.o(.text) refers to cdcmple.o(.text) for __aeabi_cdcmple
    voltage.o(.text) refers to cdrcmple.o(.text) for __aeabi_cdrcmple
    lcd_pump.o(.text) refers to board.o(.text) for usDelay
    lcd_pump.o(.text) refers to adc.o(.text) for adcInit
    lcd_pump.o(.text) refers to fadd.o(.text) for __aeabi_fadd
    lcd_pump.o(.text) refers to ffltui.o(.text) for __aeabi_ui2f
    lcd_pump.o(.text) refers to fdiv.o(.text) for __aeabi_fdiv
    lcd_pump.o(.text) refers to f2d.o(.text) for __aeabi_f2d
    lcd_pump.o(.text) refers to cdcmple.o(.text) for __aeabi_cdcmple
    lcd_pump.o(.text) refers to cdrcmple.o(.text) for __aeabi_cdrcmple
[...]
    printf1.o(i.__0fprintf$1) refers to printf1.o(i._printf_core) for _printf_core
    printf1.o(i.__0fprintf$1) refers to retarget.o(.text) for fputc
    printf1.o(i.__0printf$1) refers to printf1.o(i._printf_core) for _printf_core
    printf1.o(i.__0printf$1) refers to retarget.o(.text) for fputc
    printf1.o(i.__0printf$1) refers to retarget.o(.data) for __stdout
    printf1.o(i.__0snprintf$1) refers to printf1.o(i._printf_core) for _printf_core
    printf1.o(i.__0snprintf$1) refers to printf1.o(i._snputc) for _snputc
    printf1.o(i.__0sprintf$1) refers to printf1.o(i._printf_core) for _printf_core
    printf1.o(i.__0sprintf$1) refers to printf1.o(i._sputc) for _sputc
    printf1.o(i.__0vfprintf$1) refers to printf1.o(i._printf_core) for _printf_core
    printf1.o(i.__0vfprintf$1) refers to retarget.o(.text) for fputc
    printf1.o(i.__0vprintf$1) refers to printf1.o(i._printf_core) for _printf_core
    printf1.o(i.__0vprintf$1) refers to retarget.o(.text) for fputc
    printf1.o(i.__0vprintf$1) refers to retarget.o(.data) for __stdout
    printf1.o(i.__0vsnprintf$1) refers to printf1.o(i._printf_core) for _printf_core
    printf1.o(i.__0vsnprintf$1) refers to printf1.o(i._snputc) for _snputc
    printf1.o(i.__0vsprintf$1) refers to printf1.o(i._printf_core) for _printf_core
    printf1.o(i.__0vsprintf$1) refers to printf1.o(i._sputc) for _sputc
    printf1.o(i._printf_core) refers to uidiv.o(.text) for __aeabi_uidivmod
    printf2.o(i.__0fprintf$2) refers to printf2.o(i._printf_core) for _printf_core
    printf2.o(i.__0fprintf$2) refers to retarget.o(.text) for fputc
    printf2.o(i.__0printf$2) refers to printf2.o(i._printf_core) for _printf_core
    printf2.o(i.__0printf$2) refers to retarget.o(.text) for fputc
    printf2.o(i.__0printf$2) refers to retarget.o(.data) for __stdout
    printf2.o(i.__0snprintf$2) refers to printf2.o(i._printf_core) for _printf_core
    printf2.o(i.__0snprintf$2) refers to printf2.o(i._snputc) for _snputc
    printf2.o(i.__0sprintf$2) refers to printf2.o(i._printf_core) for _printf_core
    printf2.o(i.__0sprintf$2) refers to printf2.o(i._sputc) for _sputc
    printf2.o(i.__0vfprintf$2) refers to printf2.o(i._printf_core) for _printf_core
    printf2.o(i.__0vfprintf$2) refers to retarget.o(.text) for fputc
    printf2.o(i.__0vprintf$2) refers to printf2.o(i._printf_core) for _printf_core
    printf2.o(i.__0vprintf$2) refers to retarget.o(.text) for fputc
    printf2.o(i.__0vprintf$2) refers to retarget.o(.data) for __stdout
    printf2.o(i.__0vsnprintf$2) refers to printf2.o(i._printf_core) for _printf_core
    printf2.o(i.__0vsnprintf$2) refers to printf2.o(i._snputc) for _snputc
    printf2.o(i.__0vsprintf$2) refers to printf2.o(i._printf_core) for _printf_core
    printf2.o(i.__0vsprintf$2) refers to printf2.o(i._sputc) for _sputc
    printf3.o(i.__0fprintf$3) refers to printf3.o(i._printf_core) for _printf_core
    printf3.o(i.__0fprintf$3) refers to retarget.o(.text) for fputc
    printf3.o(i.__0printf$3) refers to printf3.o(i._printf_core) for _printf_core
    printf3.o(i.__0printf$3) refers to retarget.o(.text) for fputc
    printf3.o(i.__0printf$3) refers to retarget.o(.data) for __stdout
    printf3.o(i.__0snprintf$3) refers to printf3.o(i._printf_core) for _printf_core
    printf3.o(i.__0snprintf$3) refers to printf3.o(i._snputc) for _snputc
    printf3.o(i.__0sprintf$3) refers to printf3.o(i._printf_core) for _printf_core
    printf3.o(i.__0sprintf$3) refers to printf3.o(i._sputc) for _sputc
    printf3.o(i.__0vfprintf$3) refers to printf3.o(i._printf_core) for _printf_core
    printf3.o(i.__0vfprintf$3) refers to retarget.o(.text) for fputc
    printf3.o(i.__0vprintf$3) refers to printf3.o(i._printf_core) for _printf_core
    printf3.o(i.__0vprintf$3) refers to retarget.o(.text) for fputc
    printf3.o(i.__0vprintf$3) refers to retarget.o(.data) for __stdout
    printf3.o(i.__0vsnprintf$3) refers to printf3.o(i._printf_core) for _printf_core
    printf3.o(i.__0vsnprintf$3) refers to printf3.o(i._snputc) for _snputc
    printf3.o(i.__0vsprintf$3) refers to printf3.o(i._printf_core) for _printf_core
    printf3.o(i.__0vsprintf$3) refers to printf3.o(i._sputc) for _sputc
    printf3.o(i._printf_core) refers to uidiv.o(.text) for __aeabi_uidivmod
    printf4.o(i.__0fprintf$4) refers to printf4.o(i._printf_core) for _printf_core
    printf4.o(i.__0fprintf$4) refers to retarget.o(.text) for fputc
    printf4.o(i.__0printf$4) refers to printf4.o(i._printf_core) for _printf_core
    printf4.o(i.__0printf$4) refers to retarget.o(.text) for fputc
    printf4.o(i.__0printf$4) refers to retarget.o(.data) for __stdout
    printf4.o(i.__0snprintf$4) refers to printf4.o(i._printf_core) for _printf_core
    printf4.o(i.__0snprintf$4) refers to printf4.o(i._snputc) for _snputc
    printf4.o(i.__0sprintf$4) refers to printf4.o(i._printf_core) for _printf_core
    printf4.o(i.__0sprintf$4) refers to printf4.o(i._sputc) for _sputc
    printf4.o(i.__0vfprintf$4) refers to printf4.o(i._printf_core) for _printf_core
    printf4.o(i.__0vfprintf$4) refers to retarget.o(.text) for fputc
    printf4.o(i.__0vprintf$4) refers to printf4.o(i._printf_core) for _printf_core
    printf4.o(i.__0vprintf$4) refers to retarget.o(.text) for fputc
    printf4.o(i.__0vprintf$4) refers to retarget.o(.data) for __stdout
    printf4.o(i.__0vsnprintf$4) refers to printf4.o(i._printf_core) for _printf_core
    printf4.o(i.__0vsnprintf$4) refers to printf4.o(i._snputc) for _snputc
    printf4.o(i.__0vsprintf$4) refers to printf4.o(i._printf_core) for _printf_core
    printf4.o(i.__0vsprintf$4) refers to printf4.o(i._sputc) for _sputc
    printf4.o(i._printf_core) refers to uldiv.o(.text) for __aeabi_uldivmod
    printf5.o(i.__0fprintf$5) refers to printf5.o(i._printf_core) for _printf_core
    printf5.o(i.__0fprintf$5) refers to retarget.o(.text) for fputc
    printf5.o(i.__0printf$5) refers to printf5.o(i._printf_core) for _printf_core
    printf5.o(i.__0printf$5) refers to retarget.o(.text) for fputc
    printf5.o(i.__0printf$5) refers to retarget.o(.data) for __stdout
    printf5.o(i.__0snprintf$5) refers to printf5.o(i._printf_core) for _printf_core
    printf5.o(i.__0snprintf$5) refers to printf5.o(i._snputc) for _snputc
    printf5.o(i.__0sprintf$5) refers to printf5.o(i._printf_core) for _printf_core
    printf5.o(i.__0sprintf$5) refers to printf5.o(i._sputc) for _sputc
    printf5.o(i.__0vfprintf$5) refers to printf5.o(i._printf_core) for _printf_core
    printf5.o(i.__0vfprintf$5) refers to retarget.o(.text) for fputc
    printf5.o(i.__0vprintf$5) refers to printf5.o(i._printf_core) for _printf_core
    printf5.o(i.__0vprintf$5) refers to retarget.o(.text) for fputc
    printf5.o(i.__0vprintf$5) refers to retarget.o(.data) for __stdout
    printf5.o(i.__0vsnprintf$5) refers to printf5.o(i._printf_core) for _printf_core
    printf5.o(i.__0vsnprintf$5) refers to printf5.o(i._snputc) for _snputc
    printf5.o(i.__0vsprintf$5) refers to printf5.o(i._printf_core) for _printf_core
    printf5.o(i.__0vsprintf$5) refers to printf5.o(i._sputc) for _sputc
    printf5.o(i._printf_core) refers to uldiv.o(.text) for __aeabi_uldivmod
    printf6.o(i.__0fprintf$6) refers to printf6.o(i._printf_core) for _printf_core
    printf6.o(i.__0fprintf$6) refers to retarget.o(.text) for fputc
    printf6.o(i.__0printf$6) refers to printf6.o(i._printf_core) for _printf_core
    printf6.o(i.__0printf$6) refers to retarget.o(.text) for fputc
    printf6.o(i.__0printf$6) refers to retarget.o(.data) for __stdout
    printf6.o(i.__0snprintf$6) refers to printf6.o(i._printf_core) for _printf_core
    printf6.o(i.__0snprintf$6) refers to printf6.o(i._snputc) for _snputc
    printf6.o(i.__0sprintf$6) refers to printf6.o(i._printf_core) for _printf_core
    printf6.o(i.__0sprintf$6) refers to printf6.o(i._sputc) for _sputc
    printf6.o(i.__0vfprintf$6) refers to printf6.o(i._printf_core) for _printf_core
    printf6.o(i.__0vfprintf$6) refers to retarget.o(.text) for fputc
    printf6.o(i.__0vprintf$6) refers to printf6.o(i._printf_core) for _printf_core
    printf6.o(i.__0vprintf$6) refers to retarget.o(.text) for fputc
    printf6.o(i.__0vprintf$6) refers to retarget.o(.data) for __stdout
    printf6.o(i.__0vsnprintf$6) refers to printf6.o(i._printf_core) for _printf_core
    printf6.o(i.__0vsnprintf$6) refers to printf6.o(i._snputc) for _snputc
    printf6.o(i.__0vsprintf$6) refers to printf6.o(i._printf_core) for _printf_core
    printf6.o(i.__0vsprintf$6) refers to printf6.o(i._sputc) for _sputc
    printf6.o(i._printf_core) refers to printf6.o(i._printf_pre_padding) for _printf_pre_padding
    printf6.o(i._printf_core) refers to uidiv.o(.text) for __aeabi_uidivmod
    printf6.o(i._printf_core) refers to printf6.o(i._printf_post_padding) for _printf_post_padding
    printf7.o(i.__0fprintf$7) refers to printf7.o(i._printf_core) for _printf_core
    printf7.o(i.__0fprintf$7) refers to retarget.o(.text) for fputc
    printf7.o(i.__0printf$7) refers to printf7.o(i._printf_core) for _printf_core
    printf7.o(i.__0printf$7) refers to retarget.o(.text) for fputc
    printf7.o(i.__0printf$7) refers to retarget.o(.data) for __stdout
    printf7.o(i.__0snprintf$7) refers to printf7.o(i._printf_core) for _printf_core
    printf7.o(i.__0snprintf$7) refers to printf7.o(i._snputc) for _snputc
    printf7.o(i.__0sprintf$7) refers to printf7.o(i._printf_core) for _printf_core
    printf7.o(i.__0sprintf$7) refers to printf7.o(i._sputc) for _sputc
    printf7.o(i.__0vfprintf$7) refers to printf7.o(i._printf_core) for _printf_core
    printf7.o(i.__0vfprintf$7) refers to retarget.o(.text) for fputc
    printf7.o(i.__0vprintf$7) refers to printf7.o(i._printf_core) for _printf_core
    printf7.o(i.__0vprintf$7) refers to retarget.o(.text) for fputc
    printf7.o(i.__0vprintf$7) refers to retarget.o(.data) for __stdout
    printf7.o(i.__0vsnprintf$7) refers to printf7.o(i._printf_core) for _printf_core
    printf7.o(i.__0vsnprintf$7) refers to printf7.o(i._snputc) for _snputc
    printf7.o(i.__0vsprintf$7) refers to printf7.o(i._printf_core) for _printf_core
    printf7.o(i.__0vsprintf$7) refers to printf7.o(i._sputc) for _sputc
    printf7.o(i._printf_core) refers to printf7.o(i._printf_pre_padding) for _printf_pre_padding
    printf7.o(i._printf_core) refers to uldiv.o(.text) for __aeabi_uldivmod
    printf7.o(i._printf_core) refers to printf7.o(i._printf_post_padding) for _printf_post_padding
    printf8.o(i.__0fprintf$8) refers to printf8.o(i._printf_core) for _printf_core
    printf8.o(i.__0fprintf$8) refers to retarget.o(.text) for fputc
    printf8.o(i.__0printf$8) refers to printf8.o(i._printf_core) for _printf_core
    printf8.o(i.__0printf$8) refers to retarget.o(.text) for fputc
    printf8.o(i.__0printf$8) refers to retarget.o(.data) for __stdout
    printf8.o(i.__0snprintf$8) refers to printf8.o(i._printf_core) for _printf_core
    printf8.o(i.__0snprintf$8) refers to printf8.o(i._snputc) for _snputc
    printf8.o(i.__0sprintf$8) refers to printf8.o(i._printf_core) for _printf_core
    printf8.o(i.__0sprintf$8) refers to printf8.o(i._sputc) for _sputc
    printf8.o(i.__0vfprintf$8) refers to printf8.o(i._printf_core) for _printf_core
    printf8.o(i.__0vfprintf$8) refers to retarget.o(.text) for fputc
    printf8.o(i.__0vprintf$8) refers to printf8.o(i._printf_core) for _printf_core
    printf8.o(i.__0vprintf$8) refers to retarget.o(.text) for fputc
    printf8.o(i.__0vprintf$8) refers to retarget.o(.data) for __stdout
    printf8.o(i.__0vsnprintf$8) refers to printf8.o(i._printf_core) for _printf_core
    printf8.o(i.__0vsnprintf$8) refers to printf8.o(i._snputc) for _snputc
    printf8.o(i.__0vsprintf$8) refers to printf8.o(i._printf_core) for _printf_core
    printf8.o(i.__0vsprintf$8) refers to printf8.o(i._sputc) for _sputc
    printf8.o(i._printf_core) refers to printf8.o(i._printf_pre_padding) for _printf_pre_padding
    printf8.o(i._printf_core) refers to uldiv.o(.text) for __aeabi_uldivmod
    printf8.o(i._printf_core) refers to printf8.o(i._printf_post_padding) for _printf_post_padding
    printfa.o(i.__0fprintf) refers (Special) to iusefp.o(.text) for __I$use$fp
    printfa.o(i.__0fprintf) refers to printfa.o(i._printf_core) for _printf_core
    printfa.o(i.__0fprintf) refers to retarget.o(.text) for fputc
    printfa.o(i.__0printf) refers (Special) to iusefp.o(.text) for __I$use$fp
    printfa.o(i.__0printf) refers to printfa.o(i._printf_core) for _printf_core
    printfa.o(i.__0printf) refers to retarget.o(.text) for fputc
    printfa.o(i.__0printf) refers to retarget.o(.data) for __stdout
    printfa.o(i.__0snprintf) refers (Special) to iusefp.o(.text) for __I$use$fp
    printfa.o(i.__0snprintf) refers to printfa.o(i._printf_core) for _printf_core
    printfa.o(i.__0snprintf) refers to printfa.o(i._snputc) for _snputc
    printfa.o(i.__0sprintf) refers (Special) to iusefp.o(.text) for __I$use$fp
    printfa.o(i.__0sprintf) refers to printfa.o(i._printf_core) for _printf_core
    printfa.o(i.__0sprintf) refers to printfa.o(i._sputc) for _sputc
    printfa.o(i.__0vfprintf) refers (Special) to iusefp.o(.text) for __I$use$fp
    printfa.o(i.__0vfprintf) refers to printfa.o(i._printf_core) for _printf_core
    printfa.o(i.__0vfprintf) refers to retarget.o(.text) for fputc
    printfa.o(i.__0vprintf) refers (Special) to iusefp.o(.text) for __I$use$fp
    printfa.o(i.__0vprintf) refers to printfa.o(i._printf_core) for _printf_core
    printfa.o(i.__0vprintf) refers to retarget.o(.text) for fputc
    printfa.o(i.__0vprintf) refers to retarget.o(.data) for __stdout
    printfa.o(i.__0vsnprintf) refers (Special) to iusefp.o(.text) for __I$use$fp
    printfa.o(i.__0vsnprintf) refers to printfa.o(i._printf_core) for _printf_core
    printfa.o(i.__0vsnprintf) refers to printfa.o(i._snputc) for _snputc
    printfa.o(i.__0vsprintf) refers (Special) to iusefp.o(.text) for __I$use$fp
    printfa.o(i.__0vsprintf) refers to printfa.o(i._printf_core) for _printf_core
    printfa.o(i.__0vsprintf) refers to printfa.o(i._sputc) for _sputc
    printfa.o(i._fp_digits) refers (Special) to iusefp.o(.text) for __I$use$fp
    printfa.o(i._fp_digits) refers to dmul.o(.text) for __aeabi_dmul
    printfa.o(i._fp_digits) refers to ddiv.o(.text) for __aeabi_ddiv
    printfa.o(i._fp_digits) refers to cdrcmple.o(.text) for __aeabi_cdrcmple
    printfa.o(i._fp_digits) refers to dadd.o(.text) for __aeabi_dadd
    printfa.o(i._fp_digits) refers to dfixul.o(.text) for __aeabi_d2ulz
    printfa.o(i._fp_digits) refers to uldiv.o(.text) for __aeabi_uldivmod
    printfa.o(i._printf_core) refers (Special) to iusefp.o(.text) for __I$use$fp
    printfa.o(i._printf_core) refers to printfa.o(i._printf_pre_padding) for _printf_pre_padding
    printfa.o(i._printf_core) refers to uldiv.o(.text) for __aeabi_uldivmod
    printfa.o(i._printf_core) refers to printfa.o(i._printf_post_padding) for _printf_post_padding
    printfa.o(i._printf_core) refers to printfa.o(i._fp_digits) for _fp_digits
    printfa.o(i._printf_core) refers to uidiv.o(.text) for __aeabi_uidivmod
    printfa.o(i._printf_post_padding) refers (Special) to iusefp.o(.text) for __I$use$fp
    printfa.o(i._printf_pre_padding) refers (Special) to iusefp.o(.text) for __I$use$fp
    printfa.o(i._snputc) refers (Special) to iusefp.o(.text) for __I$use$fp
    printfa.o(i._sputc) refers (Special) to iusefp.o(.text) for __I$use$fp
    fadd.o(.text) refers (Special) to iusefp.o(.text) for __I$use$fp
    fadd.o(.text) refers to fepilogue.o(.text) for _float_epilogue
    fmul.o(.text) refers (Special) to iusefp.o(.text) for __I$use$fp
    fdiv.o(.text) refers (Special) to iusefp.o(.text) for __I$use$fp
    fdiv.o(.text) refers to fepilogue.o(.text) for _float_round
    dadd.o(.text) refers (Special) to iusefp.o(.text) for __I$use$fp
    dadd.o(.text) refers to llshl.o(.text) for __aeabi_llsl
    dadd.o(.text) refers to llsshr.o(.text) for __aeabi_lasr
    dadd.o(.text) refers to depilogue.o(.text) for _double_epilogue
    dmul.o(.text) refers (Special) to iusefp.o(.text) for __I$use$fp
    dmul.o(.text) refers to depilogue.o(.text) for _double_epilogue
    ddiv.o(.text) refers (Special) to iusefp.o(.text) for __I$use$fp
    ddiv.o(.text) refers to depilogue.o(.text) for _double_round
    ffltui.o(.text) refers (Special) to iusefp.o(.text) for __I$use$fp
    ffltui.o(.text) refers to fepilogue.o(.text) for _float_epilogue
    dfltui.o(.text) refers (Special) to iusefp.o(.text) for __I$use$fp
    dfltui.o(.text) refers to depilogue.o(.text) for _double_epilogue
    ffixui.o(.text) refers (Special) to iusefp.o(.text) for __I$use$fp
    dfixi.o(.text) refers (Special) to iusefp.o(.text) for __I$use$fp
    dfixi.o(.text) refers to llushr.o(.text) for __aeabi_llsr
    dfixui.o(.text) refers (Special) to iusefp.o(.text) for __I$use$fp
    dfixui.o(.text) refers to llushr.o(.text) for __aeabi_llsr
    f2d.o(.text) refers (Special) to iusefp.o(.text) for __I$use$fp
    cdcmple.o(.text) refers (Special) to iusefp.o(.text) for __I$use$fp
    cdrcmple.o(.text) refers (Special) to iusefp.o(.text) for __I$use$fp
    d2f.o(.text) refers (Special) to iusefp.o(.text) for __I$use$fp
    d2f.o(.text) refers to fepilogue.o(.text) for _float_round
    entry2.o(.ARM.Collect$$$$00000001) refers to entry2.o(.ARM.Collect$$$$00002712) for __lit__00000000
    entry2.o(.ARM.Collect$$$$00002712) refers to startup_lpc17xx.o(STACK) for __initial_sp
    entry2.o(__vectab_stack_and_reset_area) refers to startup_lpc17xx.o(STACK) for __initial_sp
    entry2.o(__vectab_stack_and_reset_area) refers to entry.o(.ARM.Collect$$$$00000000) for __main
    entry5.o(.ARM.Collect$$$$00000004) refers to init.o(.text) for __scatterload
    entry9a.o(.ARM.Collect$$$$0000000B) refers to ft_main.o(.text) for main
    entry9b.o(.ARM.Collect$$$$0000000C) refers to ft_main.o(.text) for main
    depilogue.o(.text) refers to llshl.o(.text) for __aeabi_llsl
    depilogue.o(.text) refers to llushr.o(.text) for __aeabi_llsr
    dfixul.o(.text) refers to llushr.o(.text) for __aeabi_llsr
    dfixul.o(.text) refers to llshl.o(.text) for __aeabi_llsl
    init.o(.text) refers to entry5.o(.ARM.Collect$$$$00000004) for __main_after_scatterload


==============================================================================

Removing Unused input sections from the image.

    Removing ft_main.o(.rev16_text), (4 bytes).
    Removing ft_main.o(.revsh_text), (4 bytes).
    Removing serial.o(.rev16_text), (4 bytes).
    Removing serial.o(.revsh_text), (4 bytes).
    Removing swd_atf.o(.rev16_text), (4 bytes).
    Removing swd_atf.o(.revsh_text), (4 bytes).
    Removing swd_drv.o(.rev16_text), (4 bytes).
    Removing swd_drv.o(.revsh_text), (4 bytes).
    Removing swd_drv.o(.bss), (20 bytes).
    Removing system_lpc17xx.o(.rev16_text), (4 bytes).
    Removing system_lpc17xx.o(.revsh_text), (4 bytes).
    Removing startup_lpc17xx.o(HEAP), (0 bytes).
    Removing board.o(.rev16_text), (4 bytes).
    Removing board.o(.revsh_text), (4 bytes).
    Removing test_all.o(.rev16_text), (4 bytes).
    Removing test_all.o(.revsh_text), (4 bytes).
    Removing test_all.o(.data), (4 bytes).
    Removing voltage.o(.rev16_text), (4 bytes).
    Removing voltage.o(.revsh_text), (4 bytes).
    Removing lcd_pump.o(.rev16_text), (4 bytes).
    Removing lcd_pump.o(.revsh_text), (4 bytes).
    Removing adc.o(.rev16_text), (4 bytes).
    Removing adc.o(.revsh_text), (4 bytes).
    Removing spi.o(.rev16_text), (4 bytes).
    Removing spi.o(.revsh_text), (4 bytes).
    Removing spline.o(.rev16_text), (4 bytes).
    Removing spline.o(.revsh_text), (4 bytes).
    Removing ra0_routine.o(.rev16_text), (4 bytes).
    Removing ra0_routine.o(.revsh_text), (4 bytes).
    Removing timer.o(.rev16_text), (4 bytes).
    Removing timer.o(.revsh_text), (4 bytes).
    Removing ads_acquire.o(.rev16_text), (4 bytes).
    Removing ads_acquire.o(.revsh_text), (4 bytes).
    Removing temper_process.o(.rev16_text), (4 bytes).
    Removing temper_process.o(.revsh_text), (4 bytes).
    Removing emu.o(.rev16_text), (4 bytes).
    Removing emu.o(.revsh_text), (4 bytes).
    Removing emu.o(.data), (4 bytes).
    Removing ldo18_trim.o(.rev16_text), (4 bytes).
    Removing ldo18_trim.o(.revsh_text), (4 bytes).
    Removing rcl_trim.o(.rev16_text), (4 bytes).
    Removing rcl_trim.o(.revsh_text), (4 bytes).
    Removing sar.o(.rev16_text), (4 bytes).
    Removing sar.o(.revsh_text), (4 bytes).

44 unused section(s) (total 188 bytes) removed from the image.

==============================================================================

Image Symbol Table

    Local Symbols

    Symbol Name                              Value     Ov Type        Size  Object(Section)

    RESET                                    0x00000000   Section      204  startup_lpc17xx.o(RESET)
    ../clib/microlib/division.c              0x00000000   Number         0  uidiv.o ABSOLUTE
    ../clib/microlib/division.c              0x00000000   Number         0  uldiv.o ABSOLUTE
    ../clib/microlib/init/entry.s            0x00000000   Number         0  entry11a.o ABSOLUTE
    ../clib/microlib/init/entry.s            0x00000000   Number         0  entry7b.o ABSOLUTE
    ../clib/microlib/init/entry.s            0x00000000   Number         0  entry8a.o ABSOLUTE
    ../clib/microlib/init/entry.s            0x00000000   Number         0  entry.o ABSOLUTE
    ../clib/microlib/init/entry.s            0x00000000   Number         0  entry8b.o ABSOLUTE
    ../clib/microlib/init/entry.s            0x00000000   Number         0  entry9b.o ABSOLUTE
    ../clib/microlib/init/entry.s            0x00000000   Number         0  entry10b.o ABSOLUTE
    ../clib/microlib/init/entry.s            0x00000000   Number         0  entry11b.o ABSOLUTE
    ../clib/microlib/init/entry.s            0x00000000   Number         0  entry9a.o ABSOLUTE
    ../clib/microlib/init/entry.s            0x00000000   Number         0  entry5.o ABSOLUTE
    ../clib/microlib/init/entry.s            0x00000000   Number         0  entry2.o ABSOLUTE
    ../clib/microlib/init/entry.s            0x00000000   Number         0  entry10a.o ABSOLUTE
    ../clib/microlib/init/entry.s            0x00000000   Number         0  entry7a.o ABSOLUTE
    ../clib/microlib/longlong.c              0x00000000   Number         0  llsshr.o ABSOLUTE
    ../clib/microlib/longlong.c              0x00000000   Number         0  llshl.o ABSOLUTE
    ../clib/microlib/longlong.c              0x00000000   Number         0  llushr.o ABSOLUTE
    ../clib/microlib/printf/printf.c         0x00000000   Number         0  printf3.o ABSOLUTE
    ../clib/microlib/printf/printf.c         0x00000000   Number         0  printf5.o ABSOLUTE
    ../clib/microlib/printf/printf.c         0x00000000   Number         0  printf6.o ABSOLUTE
    ../clib/microlib/printf/printf.c         0x00000000   Number         0  printf7.o ABSOLUTE
    ../clib/microlib/printf/printf.c         0x00000000   Number         0  printfa.o ABSOLUTE
    ../clib/microlib/printf/printf.c         0x00000000   Number         0  printfb.o ABSOLUTE
    ../clib/microlib/printf/printf.c         0x00000000   Number         0  printf8.o ABSOLUTE
    ../clib/microlib/printf/printf.c         0x00000000   Number         0  printf4.o ABSOLUTE
    ../clib/microlib/printf/printf.c         0x00000000   Number         0  printf0.o ABSOLUTE
    ../clib/microlib/printf/printf.c         0x00000000   Number         0  printf1.o ABSOLUTE
    ../clib/microlib/printf/printf.c         0x00000000   Number         0  printf2.o ABSOLUTE
    ../clib/microlib/printf/stubs.s          0x00000000   Number         0  stubs.o ABSOLUTE
    ../clib/microlib/string/memcpy.c         0x00000000   Number         0  memcpya.o ABSOLUTE
    ../clib/microlib/string/memcpy.c         0x00000000   Number         0  memcpyb.o ABSOLUTE
    ../clib/microlib/string/strcmp.c         0x00000000   Number         0  strcmp.o ABSOLUTE
    ../clib/microlib/stubs.s                 0x00000000   Number         0  useno.o ABSOLUTE
    ../clib/microlib/stubs.s                 0x00000000   Number         0  iusefp.o ABSOLUTE
    ../fplib/microlib/d2f.c                  0x00000000   Number         0  d2f.o ABSOLUTE
    ../fplib/microlib/f2d.c                  0x00000000   Number         0  f2d.o ABSOLUTE
    ../fplib/microlib/fpadd.c                0x00000000   Number         0  fadd.o ABSOLUTE
    ../fplib/microlib/fpadd.c                0x00000000   Number         0  dadd.o ABSOLUTE
    ../fplib/microlib/fpdiv.c                0x00000000   Number         0  ddiv.o ABSOLUTE
    ../fplib/microlib/fpdiv.c                0x00000000   Number         0  fdiv.o ABSOLUTE
    ../fplib/microlib/fpepilogue.c           0x00000000   Number         0  depilogue.o ABSOLUTE
    ../fplib/microlib/fpepilogue.c           0x00000000   Number         0  fepilogue.o ABSOLUTE
    ../fplib/microlib/fpfix.c                0x00000000   Number         0  dfixi.o ABSOLUTE
    ../fplib/microlib/fpfix.c                0x00000000   Number         0  dfixul.o ABSOLUTE
    ../fplib/microlib/fpfix.c                0x00000000   Number         0  dfixui.o ABSOLUTE
    ../fplib/microlib/fpfix.c                0x00000000   Number         0  ffixui.o ABSOLUTE
    ../fplib/microlib/fpflt.c                0x00000000   Number         0  dfltui.o ABSOLUTE
    ../fplib/microlib/fpflt.c                0x00000000   Number         0  ffltui.o ABSOLUTE
    ../fplib/microlib/fpmul.c                0x00000000   Number         0  dmul.o ABSOLUTE
    ../fplib/microlib/fpmul.c                0x00000000   Number         0  fmul.o ABSOLUTE
    ..\\driver\\EMU.c                        0x00000000   Number         0  emu.o ABSOLUTE
    ..\\driver\\LCD_Pump.c                   0x00000000   Number         0  lcd_pump.o ABSOLUTE
    ..\\driver\\Serial.c                     0x00000000   Number         0  serial.o ABSOLUTE
    ..\\driver\\Voltage.c                    0x00000000   Number         0  voltage.o ABSOLUTE
    ..\\driver\\adc.c                        0x00000000   Number         0  adc.o ABSOLUTE
    ..\\driver\\ads_acquire.c                0x00000000   Number         0  ads_acquire.o ABSOLUTE
    ..\\driver\\board.c                      0x00000000   Number         0  board.o ABSOLUTE
    ..\\driver\\ft_main.c                    0x00000000   Number         0  ft_main.o ABSOLUTE
    ..\\driver\\ldo18_trim.c                 0x00000000   Number         0  ldo18_trim.o ABSOLUTE
    ..\\driver\\ra0_routine.c                0x00000000   Number         0  ra0_routine.o ABSOLUTE
    ..\\driver\\rcl_trim.c                   0x00000000   Number         0  rcl_trim.o ABSOLUTE
    ..\\driver\\sar.c                        0x00000000   Number         0  sar.o ABSOLUTE
    ..\\driver\\spi.c                        0x00000000   Number         0  spi.o ABSOLUTE
    ..\\driver\\spline.c                     0x00000000   Number         0  spline.o ABSOLUTE
    ..\\driver\\swd_atf.c                    0x00000000   Number         0  swd_atf.o ABSOLUTE
    ..\\driver\\swd_drv.c                    0x00000000   Number         0  swd_drv.o ABSOLUTE
    ..\\driver\\system_LPC17xx.c             0x00000000   Number         0  system_lpc17xx.o ABSOLUTE
    ..\\driver\\temper_process.c             0x00000000   Number         0  temper_process.o ABSOLUTE
    ..\\driver\\test_all.c                   0x00000000   Number         0  test_all.o ABSOLUTE
    ..\\driver\\timer.c                      0x00000000   Number         0  timer.o ABSOLUTE
    ..\driver\EMU.c                          0x00000000   Number         0  emu.o ABSOLUTE
    ..\driver\LCD_Pump.c                     0x00000000   Number         0  lcd_pump.o ABSOLUTE
    ..\driver\Retarget.c                     0x00000000   Number         0  retarget.o ABSOLUTE
    ..\driver\Serial.c                       0x00000000   Number         0  serial.o ABSOLUTE
    ..\driver\Voltage.c                      0x00000000   Number         0  voltage.o ABSOLUTE
    ..\driver\adc.c                          0x00000000   Number         0  adc.o ABSOLUTE
    ..\driver\ads_acquire.c                  0x00000000   Number         0  ads_acquire.o ABSOLUTE
    ..\driver\board.c                        0x00000000   Number         0  board.o ABSOLUTE
    ..\driver\ft_main.c                      0x00000000   Number         0  ft_main.o ABSOLUTE
    ..\driver\ldo18_trim.c                   0x00000000   Number         0  ldo18_trim.o ABSOLUTE
    ..\driver\ra0_routine.c                  0x00000000   Number         0  ra0_routine.o ABSOLUTE
    ..\driver\rcl_trim.c                     0x00000000   Number         0  rcl_trim.o ABSOLUTE
    ..\driver\sar.c                          0x00000000   Number         0  sar.o ABSOLUTE
    ..\driver\spi.c                          0x00000000   Number         0  spi.o ABSOLUTE
    ..\driver\spline.c                       0x00000000   Number         0  spline.o ABSOLUTE
    ..\driver\startup_LPC17xx.s              0x00000000   Number         0  startup_lpc17xx.o ABSOLUTE
    ..\driver\swd_atf.c                      0x00000000   Number         0  swd_atf.o ABSOLUTE
    ..\driver\swd_drv.c                      0x00000000   Number         0  swd_drv.o ABSOLUTE
    ..\driver\system_LPC17xx.c               0x00000000   Number         0  system_lpc17xx.o ABSOLUTE
    ..\driver\temper_process.c               0x00000000   Number         0  temper_process.o ABSOLUTE
    ..\driver\test_all.c                     0x00000000   Number         0  test_all.o ABSOLUTE
    ..\driver\timer.c                        0x00000000   Number         0  timer.o ABSOLUTE
    cdcmple.s                                0x00000000   Number         0  cdcmple.o ABSOLUTE
    cdrcmple.s                               0x00000000   Number         0  cdrcmple.o ABSOLUTE
    dc.s                                     0x00000000   Number         0  dc.o ABSOLUTE
    handlers.s                               0x00000000   Number         0  handlers.o ABSOLUTE
    init.s                                   0x00000000   Number         0  init.o ABSOLUTE
    .ARM.Collect$$$$00000000                 0x000000cc   Section        0  entry.o(.ARM.Collect$$$$00000000)
    .ARM.Collect$$$$00000001                 0x000000cc   Section        4  entry2.o(.ARM.Collect$$$$00000001)
    .ARM.Collect$$$$00000004                 0x000000d0   Section        4  entry5.o(.ARM.Collect$$$$00000004)
    .ARM.Collect$$$$00000008                 0x000000d4   Section        0  entry7b.o(.ARM.Collect$$$$00000008)
    .ARM.Collect$$$$0000000A                 0x000000d4   Section        0  entry8b.o(.ARM.Collect$$$$0000000A)
    .ARM.Collect$$$$0000000B                 0x000000d4   Section        8  entry9a.o(.ARM.Collect$$$$0000000B)
    .ARM.Collect$$$$0000000D                 0x000000dc   Section        0  entry10a.o(.ARM.Collect$$$$0000000D)
    .ARM.Collect$$$$0000000F                 0x000000dc   Section        0  entry11a.o(.ARM.Collect$$$$0000000F)
    .ARM.Collect$$$$00002712                 0x000000dc   Section        4  entry2.o(.ARM.Collect$$$$00002712)
    __lit__00000000                          0x000000dc   Data           4  entry2.o(.ARM.Collect$$$$00002712)
    .text                                    0x000000e0   Section        0  serial.o(.text)
    .text                                    0x00000198   Section       36  startup_lpc17xx.o(.text)
    .text                                    0x000001bc   Section        0  spi.o(.text)
    .text                                    0x000002a8   Section        0  temper_process.o(.text)
    .text                                    0x000002f4   Section        0  iusefp.o(.text)
    i.__scatterload_null                     0x000002f4   Section        2  handlers.o(i.__scatterload_null)
    .ARM.__at_0x02FC                         0x000002fc   Section        4  startup_lpc17xx.o(.ARM.__at_0x02FC)
    .text                                    0x00000300   Section        0  ft_main.o(.text)
    .text                                    0x000007c4   Section        0  swd_atf.o(.text)
    atf_mip_wait_timeout                     0x000008db   Thumb Code   250  swd_atf.o(.text)
    .text                                    0x0000120c   Section        0  swd_drv.o(.text)
    .text                                    0x000050ec   Section        0  system_lpc17xx.o(.text)
    .text                                    0x00005404   Section        0  board.o(.text)
    .text                                    0x00006184   Section        0  test_all.o(.text)
    .text                                    0x00006d64   Section        0  voltage.o(.text)
    .text                                    0x000070b8   Section        0  lcd_pump.o(.text)
    .text                                    0x00007960   Section        0  adc.o(.text)
    .text                                    0x00008838   Section        0  spline.o(.text)
    iso7816ctrl_read                         0x00008839   Thumb Code   144  spline.o(.text)
    .text                                    0x000095a0   Section        0  ra0_routine.o(.text)
    .text                                    0x0000a1d4   Section        0  timer.o(.text)
    .text                                    0x0000a278   Section        0  ads_acquire.o(.text)
    .text                                    0x0000a5fc   Section        0  emu.o(.text)
    .text                                    0x0000b550   Section        0  ldo18_trim.o(.text)
    ldo18_trim_write                         0x0000b551   Thumb Code   240  ldo18_trim.o(.text)
    .text                                    0x0000b8bc   Section        0  rcl_trim.o(.text)
    .text                                    0x0000bc00   Section        0  sar.o(.text)
    .text                                    0x0000bf60   Section        0  retarget.o(.text)
    .text                                    0x0000bfa6   Section        0  uldiv.o(.text)
    .text                                    0x0000c008   Section        0  memcpya.o(.text)
    .text                                    0x0000c02c   Section        0  strcmp.o(.text)
    .text                                    0x0000c048   Section        0  fadd.o(.text)
    .text                                    0x0000c0f8   Section        0  fmul.o(.text)
    .text                                    0x0000c15c   Section        0  fdiv.o(.text)
    .text                                    0x0000c1d8   Section        0  dadd.o(.text)
    .text                                    0x0000c326   Section        0  dmul.o(.text)
    .text                                    0x0000c40a   Section        0  ddiv.o(.text)
    .text                                    0x0000c4e8   Section        0  ffltui.o(.text)
    .text                                    0x0000c4f2   Section        0  dfltui.o(.text)
    .text                                    0x0000c50c   Section        0  ffixui.o(.text)
    .text                                    0x0000c534   Section        0  dfixi.o(.text)
    .text                                    0x0000c572   Section        0  dfixui.o(.text)
    .text                                    0x0000c5a4   Section        0  f2d.o(.text)
    .text                                    0x0000c5cc   Section       48  cdcmple.o(.text)
    .text                                    0x0000c5fc   Section       48  cdrcmple.o(.text)
    .text                                    0x0000c62c   Section        0  d2f.o(.text)
    .text                                    0x0000c664   Section        0  uidiv.o(.text)
    .text                                    0x0000c690   Section        0  llshl.o(.text)
    .text                                    0x0000c6ae   Section        0  llushr.o(.text)
    .text                                    0x0000c6ce   Section        0  llsshr.o(.text)
    .text                                    0x0000c6f2   Section        0  fepilogue.o(.text)
    .text                                    0x0000c760   Section        0  depilogue.o(.text)
    .text                                    0x0000c81a   Section        0  dfixul.o(.text)
    .text                                    0x0000c84c   Section       36  init.o(.text)
    i.__0printf                              0x0000c870   Section        0  printfa.o(i.__0printf)
    i.__scatterload_copy                     0x0000c890   Section       14  handlers.o(i.__scatterload_copy)
    i.__scatterload_zeroinit                 0x0000c89e   Section       14  handlers.o(i.__scatterload_zeroinit)
    i._fp_digits                             0x0000c8ac   Section        0  printfa.o(i._fp_digits)
    _fp_digits                               0x0000c8ad   Thumb Code   366  printfa.o(i._fp_digits)
    i._printf_core                           0x0000ca30   Section        0  printfa.o(i._printf_core)
    _printf_core                             0x0000ca31   Thumb Code  1744  printfa.o(i._printf_core)
    i._printf_post_padding                   0x0000d10c   Section        0  printfa.o(i._printf_post_padding)
    _printf_post_padding                     0x0000d10d   Thumb Code    36  printfa.o(i._printf_post_padding)
    i._printf_pre_padding                    0x0000d130   Section        0  printfa.o(i._printf_pre_padding)
    _printf_pre_padding                      0x0000d131   Thumb Code    46  printfa.o(i._printf_pre_padding)
    .constdata                               0x0000d160   Section      160  swd_atf.o(.constdata)
    .constdata                               0x0000d200   Section       24  swd_drv.o(.constdata)
    .constdata                               0x0000d218   Section    134948  test_all.o(.constdata)
    .conststring                             0x0002e13c   Section       83  ft_main.o(.conststring)
    .conststring                             0x0002e190   Section      142  swd_atf.o(.conststring)
    .conststring                             0x0002e220   Section      135  board.o(.conststring)
    .conststring                             0x0002e2a8   Section      738  test_all.o(.conststring)
    .conststring                             0x0002e58c   Section       67  adc.o(.conststring)
    .conststring                             0x0002e5d0   Section       73  spline.o(.conststring)
    .conststring                             0x0002e61c   Section      479  ra0_routine.o(.conststring)
    .conststring                             0x0002e7fc   Section      143  ldo18_trim.o(.conststring)
    .conststring                             0x0002e88c   Section      136  rcl_trim.o(.conststring)
    .data                                    0x10000000   Section        8  swd_drv.o(.data)
    loop                                     0x10000004   Data           4  swd_drv.o(.data)
    .data                                    0x10000008   Section        4  system_lpc17xx.o(.data)
    .data                                    0x1000000c   Section        4  board.o(.data)
    .data                                    0x10000010   Section       16  lcd_pump.o(.data)
    .data                                    0x10000020   Section        4  spline.o(.data)
    .data                                    0x10000024   Section        8  ra0_routine.o(.data)
    .data                                    0x1000002c   Section        2  timer.o(.data)
    .data                                    0x10000030   Section        8  ldo18_trim.o(.data)
    .data                                    0x10000038   Section        4  rcl_trim.o(.data)
    .data                                    0x1000003c   Section        8  retarget.o(.data)
    STACK                                    0x10000048   Section     5376  startup_lpc17xx.o(STACK)

    Global Symbols

    Symbol Name                              Value     Ov Type        Size  Object(Section)

    BuildAttributes$$THM_ISAv4$P$D$K$B$S$PE$A:L22UL41UL21$X:L11$S22US41US21$IEEE1$IW$USESV6$~STKCKD$USESV7$~SHL$OTIME$ROPI$EBA8$MICROLIB$REQ8$PRES8$EABIv2 0x00000000   Number         0  anon$$obj.o ABSOLUTE
    __ARM_use_no_argv                        0x00000000   Number         0  ft_main.o ABSOLUTE
    __Vectors                                0x00000000   Data           4  startup_lpc17xx.o(RESET)
    __use_no_errno                           0x00000000   Number         0  useno.o ABSOLUTE
    __use_no_exception_handling              0x00000000   Number         0  useno.o ABSOLUTE
    __use_no_fp                              0x00000000   Number         0  useno.o ABSOLUTE
    __use_no_heap                            0x00000000   Number         0  useno.o ABSOLUTE
    __use_no_heap_region                     0x00000000   Number         0  useno.o ABSOLUTE
    __use_no_semihosting                     0x00000000   Number         0  useno.o ABSOLUTE
    __use_no_semihosting_swi                 0x00000000   Number         0  useno.o ABSOLUTE
    __use_no_signal_handling                 0x00000000   Number         0  useno.o ABSOLUTE
    _printf_a                                0x00000000   Number         0  stubs.o ABSOLUTE
    _printf_c                                0x00000000   Number         0  stubs.o ABSOLUTE
    _printf_charcount                        0x00000000   Number         0  stubs.o ABSOLUTE
    _printf_d                                0x00000000   Number         0  stubs.o ABSOLUTE
    _printf_e                                0x00000000   Number         0  stubs.o ABSOLUTE
    _printf_f                                0x00000000   Number         0  stubs.o ABSOLUTE
    _printf_flags                            0x00000000   Number         0  stubs.o ABSOLUTE
    _printf_fp_dec                           0x00000000   Number         0  stubs.o ABSOLUTE
    _printf_fp_hex                           0x00000000   Number         0  stubs.o ABSOLUTE
    _printf_g                                0x00000000   Number         0  stubs.o ABSOLUTE
    _printf_i                                0x00000000   Number         0  stubs.o ABSOLUTE
    _printf_int_dec                          0x00000000   Number         0  stubs.o ABSOLUTE
    _printf_l                                0x00000000   Number         0  stubs.o ABSOLUTE
    _printf_lc                               0x00000000   Number         0  stubs.o ABSOLUTE
    _printf_ll                               0x00000000   Number         0  stubs.o ABSOLUTE
    _printf_lld                              0x00000000   Number         0  stubs.o ABSOLUTE
    _printf_lli                              0x00000000   Number         0  stubs.o ABSOLUTE
    _printf_llo                              0x00000000   Number         0  stubs.o ABSOLUTE
    _printf_llu                              0x00000000   Number         0  stubs.o ABSOLUTE
    _printf_llx                              0x00000000   Number         0  stubs.o ABSOLUTE
    _printf_longlong_dec                     0x00000000   Number         0  stubs.o ABSOLUTE
    _printf_longlong_hex                     0x00000000   Number         0  stubs.o ABSOLUTE
    _printf_longlong_oct                     0x00000000   Number         0  stubs.o ABSOLUTE
    _printf_ls                               0x00000000   Number         0  stubs.o ABSOLUTE
    _printf_mbtowc                           0x00000000   Number         0  stubs.o ABSOLUTE
    _printf_n                                0x00000000   Number         0  stubs.o ABSOLUTE
    _printf_o                                0x00000000   Number         0  stubs.o ABSOLUTE
    _printf_p                                0x00000000   Number         0  stubs.o ABSOLUTE
    _printf_percent                          0x00000000   Number         0  stubs.o ABSOLUTE
    _printf_pre_padding                      0x00000000   Number         0  stubs.o ABSOLUTE
    _printf_return_value                     0x00000000   Number         0  stubs.o ABSOLUTE
    _printf_s                                0x00000000   Number         0  stubs.o ABSOLUTE
    _printf_sizespec                         0x00000000   Number         0  stubs.o ABSOLUTE
    _printf_str                              0x00000000   Number         0  stubs.o ABSOLUTE
    _printf_truncate_signed                  0x00000000   Number         0  stubs.o ABSOLUTE
    _printf_truncate_unsigned                0x00000000   Number         0  stubs.o ABSOLUTE
    _printf_u                                0x00000000   Number         0  stubs.o ABSOLUTE
    _printf_wc                               0x00000000   Number         0  stubs.o ABSOLUTE
    _printf_wctomb                           0x00000000   Number         0  stubs.o ABSOLUTE
    _printf_widthprec                        0x00000000   Number         0  stubs.o ABSOLUTE
    _printf_x                                0x00000000   Number         0  stubs.o ABSOLUTE
    __cpp_initialize__aeabi_                  - Undefined Weak Reference
    __cxa_finalize                            - Undefined Weak Reference
    __decompress                              - Undefined Weak Reference
    _clock_init                               - Undefined Weak Reference
    _microlib_exit                            - Undefined Weak Reference
    __main                                   0x000000cd   Thumb Code     0  entry.o(.ARM.Collect$$$$00000000)
    _main_stk                                0x000000cd   Thumb Code     0  entry2.o(.ARM.Collect$$$$00000001)
    _main_scatterload                        0x000000d1   Thumb Code     0  entry5.o(.ARM.Collect$$$$00000004)
    __main_after_scatterload                 0x000000d5   Thumb Code     0  entry5.o(.ARM.Collect$$$$00000004)
    _main_clock                              0x000000d5   Thumb Code     0  entry7b.o(.ARM.Collect$$$$00000008)
    _main_cpp_init                           0x000000d5   Thumb Code     0  entry8b.o(.ARM.Collect$$$$0000000A)
    _main_init                               0x000000d5   Thumb Code     0  entry9a.o(.ARM.Collect$$$$0000000B)
    __rt_final_cpp                           0x000000dd   Thumb Code     0  entry10a.o(.ARM.Collect$$$$0000000D)
    __rt_final_exit                          0x000000dd   Thumb Code     0  entry11a.o(.ARM.Collect$$$$0000000F)
    SER_Init                                 0x000000e1   Thumb Code    64  serial.o(.text)
    SER_PutChar                              0x00000121   Thumb Code    20  serial.o(.text)
    SER_GetChar                              0x00000135   Thumb Code    20  serial.o(.text)
    uartInit                                 0x00000149   Thumb Code    66  serial.o(.text)
    Reset_Handler                            0x00000199   Thumb Code     8  startup_lpc17xx.o(.text)
    NMI_Handler                              0x000001a1   Thumb Code     2  startup_lpc17xx.o(.text)
    HardFault_Handler                        0x000001a3   Thumb Code     2  startup_lpc17xx.o(.text)
    MemManage_Handler                        0x000001a5   Thumb Code     2  startup_lpc17xx.o(.text)
    BusFault_Handler                         0x000001a7   Thumb Code     2  startup_lpc17xx.o(.text)
    UsageFault_Handler                       0x000001a9   Thumb Code     2  startup_lpc17xx.o(.text)
    SVC_Handler                              0x000001ab   Thumb Code     2  startup_lpc17xx.o(.text)
    DebugMon_Handler                         0x000001ad   Thumb Code     2  startup_lpc17xx.o(.text)
    PendSV_Handler                           0x000001af   Thumb Code     2  startup_lpc17xx.o(.text)
    SysTick_Handler                          0x000001b1   Thumb Code     2  startup_lpc17xx.o(.text)
    ADC_IRQHandler                           0x000001b3   Thumb Code     0  startup_lpc17xx.o(.text)
    BOD_IRQHandler                           0x000001b3   Thumb Code     0  startup_lpc17xx.o(.text)
    CANActivity_IRQHandler                   0x000001b3   Thumb Code     0  startup_lpc17xx.o(.text)
    CAN_IRQHandler                           0x000001b3   Thumb Code     0  startup_lpc17xx.o(.text)
    DMA_IRQHandler                           0x000001b3   Thumb Code     0  startup_lpc17xx.o(.text)
    EINT0_IRQHandler                         0x000001b3   Thumb Code     0  startup_lpc17xx.o(.text)
    EINT1_IRQHandler                         0x000001b3   Thumb Code     0  startup_lpc17xx.o(.text)
    EINT2_IRQHandler                         0x000001b3   Thumb Code     0  startup_lpc17xx.o(.text)
    EINT3_IRQHandler                         0x000001b3   Thumb Code     0  startup_lpc17xx.o(.text)
    ENET_IRQHandler                          0x000001b3   Thumb Code     0  startup_lpc17xx.o(.text)
    I2C0_IRQHandler                          0x000001b3   Thumb Code     0  startup_lpc17xx.o(.text)
    I2C1_IRQHandler                          0x000001b3   Thumb Code     0  startup_lpc17xx.o(.text)
    I2C2_IRQHandler                          0x000001b3   Thumb Code     0  startup_lpc17xx.o(.text)
    I2S_IRQHandler                           0x000001b3   Thumb Code     0  startup_lpc17xx.o(.text)
    MCPWM_IRQHandler                         0x000001b3   Thumb Code     0  startup_lpc17xx.o(.text)
    PLL0_IRQHandler                          0x000001b3   Thumb Code     0  startup_lpc17xx.o(.text)
    PLL1_IRQHandler                          0x000001b3   Thumb Code     0  startup_lpc17xx.o(.text)
    PWM1_IRQHandler                          0x000001b3   Thumb Code     0  startup_lpc17xx.o(.text)
    QEI_IRQHandler                           0x000001b3   Thumb Code     0  startup_lpc17xx.o(.text)
    RIT_IRQHandler                           0x000001b3   Thumb Code     0  startup_lpc17xx.o(.text)
    RTC_IRQHandler                           0x000001b3   Thumb Code     0  startup_lpc17xx.o(.text)
    SPI_IRQHandler                           0x000001b3   Thumb Code     0  startup_lpc17xx.o(.text)
    SSP0_IRQHandler                          0x000001b3   Thumb Code     0  startup_lpc17xx.o(.text)
    SSP1_IRQHandler                          0x000001b3   Thumb Code     0  startup_lpc17xx.o(.text)
    TIMER0_IRQHandler                        0x000001b3   Thumb Code     0  startup_lpc17xx.o(.text)
    TIMER1_IRQHandler                        0x000001b3   Thumb Code     0  startup_lpc17xx.o(.text)
    TIMER2_IRQHandler                        0x000001b3   Thumb Code     0  startup_lpc17xx.o(.text)
    UART0_IRQHandler                         0x000001b3   Thumb Code     0  startup_lpc17xx.o(.text)
    UART1_IRQHandler                         0x000001b3   Thumb Code     0  startup_lpc17xx.o(.text)
    UART2_IRQHandler                         0x000001b3   Thumb Code     0  startup_lpc17xx.o(.text)
    UART3_IRQHandler                         0x000001b3   Thumb Code     0  startup_lpc17xx.o(.text)
    USBActivity_IRQHandler                   0x000001b3   Thumb Code     0  startup_lpc17xx.o(.text)
    USB_IRQHandler                           0x000001b3   Thumb Code     0  startup_lpc17xx.o(.text)
    WDT_IRQHandler                           0x000001b3   Thumb Code     0  startup_lpc17xx.o(.text)
    spiInit                                  0x000001bd   Thumb Code   148  spi.o(.text)
    spiSendByte                              0x00000251   Thumb Code    42  spi.o(.text)
    spiReceByte                              0x0000027b   Thumb Code    28  spi.o(.text)
    spiExit                                  0x00000297   Thumb Code     2  spi.o(.text)
    tempProcess                              0x000002a9   Thumb Code    70  temper_process.o(.text)
    __I$use$fp                               0x000002f5   Thumb Code     0  iusefp.o(.text)
    __scatterload_null                       0x000002f5   Thumb Code     2  handlers.o(i.__scatterload_null)
    main                                     0x00000301   Thumb Code   514  ft_main.o(.text)
    atf_img_exec                             0x000007c5   Thumb Code   172  swd_atf.o(.text)
    atf_mem_verify                           0x00000871   Thumb Code   106  swd_atf.o(.text)
    atf_flash_wr                             0x000009d5   Thumb Code   320  swd_atf.o(.text)
    atf_remap_set                            0x00000b15   Thumb Code    52  swd_atf.o(.text)
    soc_init                                 0x00000b49   Thumb Code    78  swd_atf.o(.text)
    atf_flash_img_load                       0x00000b97   Thumb Code   190  swd_atf.o(.text)
    atf_eeprom_wr                            0x00000c55   Thumb Code   260  swd_atf.o(.text)
    atf_eeprom_img_load                      0x00000d59   Thumb Code   100  swd_atf.o(.text)
    atf_sram_wr                              0x00000dbd   Thumb Code   122  swd_atf.o(.text)
    atf_sram_img_load                        0x00000e37   Thumb Code   100  swd_atf.o(.text)
    atf_img_run                              0x00000e9b   Thumb Code   172  swd_atf.o(.text)
    atf_img_monitor                          0x00000f47   Thumb Code   448  swd_atf.o(.text)
    SocPwrDown                               0x00001107   Thumb Code   184  swd_atf.o(.text)
    delay                                    0x0000120d   Thumb Code    14  swd_drv.o(.text)
    swd_parity_cal                           0x0000121b   Thumb Code    66  swd_drv.o(.text)
    swd_tx8                                  0x0000125d   Thumb Code   886  swd_drv.o(.text)
    swd_pkt_kickoff                          0x000015d3   Thumb Code    14  swd_drv.o(.text)
    swd_rx                                   0x000015e1   Thumb Code   336  swd_drv.o(.text)
    swd_pkt_req                              0x00001731   Thumb Code    60  swd_drv.o(.text)
    swd_tx                                   0x0000176d   Thumb Code   248  swd_drv.o(.text)
    swd_tx32                                 0x00001865   Thumb Code  3220  swd_drv.o(.text)
    swd_fault_clear                          0x000024f9   Thumb Code   138  swd_drv.o(.text)
    __swd_dp_wr_i                            0x00002583   Thumb Code   104  swd_drv.o(.text)
    swd_dp_wr                                0x000025eb   Thumb Code    94  swd_drv.o(.text)
    swd_ap_wr                                0x00002649   Thumb Code    56  swd_drv.o(.text)
    swd_rx32                                 0x00002681   Thumb Code  2336  swd_drv.o(.text)
    __swd_dp_rd_i                            0x00002fa1   Thumb Code   126  swd_drv.o(.text)
    swd_dp_rd                                0x0000301f   Thumb Code    62  swd_drv.o(.text)
    swd_ap_rd                                0x0000305d   Thumb Code    56  swd_drv.o(.text)
    swd_apacc_init                           0x00003095   Thumb Code    46  swd_drv.o(.text)
    swd_mem_wr_1k                            0x000030c3   Thumb Code   270  swd_drv.o(.text)
    swd_mem_wr                               0x000031d1   Thumb Code   246  swd_drv.o(.text)
    mem_wr_reg32                             0x000032c7   Thumb Code    40  swd_drv.o(.text)
    mem_wr_reg8                              0x000032ef   Thumb Code    40  swd_drv.o(.text)
    swd_mem_rd_1k                            0x00003317   Thumb Code   290  swd_drv.o(.text)
    swd_mem_rd                               0x00003439   Thumb Code   236  swd_drv.o(.text)
    mem_rd_reg32                             0x00003525   Thumb Code    42  swd_drv.o(.text)
    mem_rd_reg8                              0x0000354f   Thumb Code    44  swd_drv.o(.text)
    ra9103_initail                           0x0000357b   Thumb Code   234  swd_drv.o(.text)
    swd_drv_init                             0x00003665   Thumb Code   192  swd_drv.o(.text)
    swd_rx8                                  0x00003725   Thumb Code   786  swd_drv.o(.text)
    swd_nop                                  0x00003a37   Thumb Code   122  swd_drv.o(.text)
    __swd_dp_wr_i_mem                        0x00003ab1   Thumb Code   100  swd_drv.o(.text)
    __swd_dp_rd_i_mem                        0x00003b15   Thumb Code   120  swd_drv.o(.text)
    swd_dp_wr_mem                            0x00003b8d   Thumb Code    74  swd_drv.o(.text)
    swd_dp_rd_mem                            0x00003bd7   Thumb Code    76  swd_drv.o(.text)
    swd_dp_ctrl_n_stat_get                   0x00003c23   Thumb Code    14  swd_drv.o(.text)
    swd_dp_ctrl_n_stat_set                   0x00003c31   Thumb Code    14  swd_drv.o(.text)
    swd_line_reset                           0x00003c3f   Thumb Code    42  swd_drv.o(.text)
    swd_ctrl_n_stat_prn                      0x00003c69   Thumb Code     2  swd_drv.o(.text)
    swd_debug_state_chk                      0x00003c6b   Thumb Code    44  swd_drv.o(.text)
    swd_debug_en_chk                         0x00003c97   Thumb Code    44  swd_drv.o(.text)
    swd_debug_enable                         0x00003cc3   Thumb Code    72  swd_drv.o(.text)
    swd_debug_halt                           0x00003d0b   Thumb Code   110  swd_drv.o(.text)
    swd_reset_st_chk                         0x00003d79   Thumb Code    44  swd_drv.o(.text)
    swd_debug_reset                          0x00003da5   Thumb Code    76  swd_drv.o(.text)
    swd_connect                              0x00003df1   Thumb Code   304  swd_drv.o(.text)
    soc_detect                               0x00003f21   Thumb Code   116  swd_drv.o(.text)
    swd_bpu_en_chk                           0x00003f95   Thumb Code    44  swd_drv.o(.text)
    swd_dwt_en_chk                           0x00003fc1   Thumb Code    46  swd_drv.o(.text)
    swd_reset_vc_en_chk                      0x00003fef   Thumb Code    46  swd_drv.o(.text)
    swd_hardfault_vc_en_chk                  0x0000401d   Thumb Code    76  swd_drv.o(.text)
    swd_ext_dbg_req_chk                      0x00004069   Thumb Code    44  swd_drv.o(.text)
    swd_vector_capture_chk                   0x00004095   Thumb Code    44  swd_drv.o(.text)
    swd_break_chk                            0x000040c1   Thumb Code    44  swd_drv.o(.text)
    swd_watch_chk                            0x000040ed   Thumb Code    44  swd_drv.o(.text)
    swd_halted_chk                           0x00004119   Thumb Code    44  swd_drv.o(.text)
    swd_retire_st_chk                        0x00004145   Thumb Code    46  swd_drv.o(.text)
    swd_lockup_chk                           0x00004173   Thumb Code    46  swd_drv.o(.text)
    swd_sleep_chk                            0x000041a1   Thumb Code    46  swd_drv.o(.text)
    swd_bpu_numcode_get                      0x000041cf   Thumb Code    40  swd_drv.o(.text)
    swd_dwt_numcomp_get                      0x000041f7   Thumb Code    42  swd_drv.o(.text)
    swd_dap_detect                           0x00004221   Thumb Code  1092  swd_drv.o(.text)
    swd_ap_rd_mem                            0x00004665   Thumb Code    56  swd_drv.o(.text)
    swd_ap_wr_mem                            0x0000469d   Thumb Code    56  swd_drv.o(.text)
    swd_mem_verf_1k                          0x000046d5   Thumb Code   314  swd_drv.o(.text)
    swd_mem_verf                             0x0000480f   Thumb Code   248  swd_drv.o(.text)
    swd_mem_wr_1k_mem                        0x00004907   Thumb Code   272  swd_drv.o(.text)
    swd_mem_wr_mem                           0x00004a17   Thumb Code   236  swd_drv.o(.text)
    swd_core_reg_rd                          0x00004b03   Thumb Code    80  swd_drv.o(.text)
    swd_core_reg_wr                          0x00004b53   Thumb Code    90  swd_drv.o(.text)
    swd_svc_chk                              0x00004bad   Thumb Code    46  swd_drv.o(.text)
    swd_dwt_enable                           0x00004bdb   Thumb Code    54  swd_drv.o(.text)
    swd_hardfault_vc_enable                  0x00004c11   Thumb Code    54  swd_drv.o(.text)
    swd_reset_vc_enable                      0x00004c47   Thumb Code    54  swd_drv.o(.text)
    swd_dwt_disable                          0x00004c7d   Thumb Code    54  swd_drv.o(.text)
    swd_hardfault_vc_disable                 0x00004cb3   Thumb Code    54  swd_drv.o(.text)
    swd_reset_vc_disable                     0x00004ce9   Thumb Code    54  swd_drv.o(.text)
    swd_debug_disable                        0x00004d1f   Thumb Code    50  swd_drv.o(.text)
    swd_debug_haltexit                       0x00004d51   Thumb Code    90  swd_drv.o(.text)
    swd_debug_step                           0x00004dab   Thumb Code    86  swd_drv.o(.text)
    swd_sregrdy_chk                          0x00004e01   Thumb Code    44  swd_drv.o(.text)
    swd_dwt_match_chk                        0x00004e2d   Thumb Code    78  swd_drv.o(.text)
    swd_dwt_set                              0x00004e7b   Thumb Code   172  swd_drv.o(.text)
    swd_dwt_get                              0x00004f27   Thumb Code   172  swd_drv.o(.text)
    swd_bpu_enable                           0x00004fd3   Thumb Code    26  swd_drv.o(.text)
    swd_bpu_disable                          0x00004fed   Thumb Code    26  swd_drv.o(.text)
    swd_bpu_set                              0x00005007   Thumb Code   104  swd_drv.o(.text)
    swd_bpu_get                              0x0000506f   Thumb Code   100  swd_drv.o(.text)
    SystemCoreClockUpdate                    0x000050ed   Thumb Code   408  system_lpc17xx.o(.text)
    SystemInit                               0x00005285   Thumb Code   354  system_lpc17xx.o(.text)
    exitFail                                 0x00005405   Thumb Code   228  board.o(.text)
    empty_check_fl                           0x000054e9   Thumb Code   144  board.o(.text)
    empty_check_ee                           0x00005579   Thumb Code   118  board.o(.text)
    exitPass                                 0x000055ef   Thumb Code   158  board.o(.text)
    exit_UID_check_PASS                      0x0000568d   Thumb Code   140  board.o(.text)
    exit_SP0_Pass                            0x00005719   Thumb Code   140  board.o(.text)
    exit_LCD3V3_Pass                         0x000057a5   Thumb Code   276  board.o(.text)
    exit_FUNTION_Pass                        0x000058b9   Thumb Code   140  board.o(.text)
    exit_SAR_Pass                            0x00005945   Thumb Code   140  board.o(.text)
    Ini_Test                                 0x000059d1   Thumb Code   140  board.o(.text)
    finishTest                               0x00005a5d   Thumb Code   158  board.o(.text)
    debugTest                                0x00005afb   Thumb Code   158  board.o(.text)
    wait_clrmip                              0x00005b99   Thumb Code   250  board.o(.text)
    wait_start                               0x00005c93   Thumb Code   226  board.o(.text)
    usDelay                                  0x00005d75   Thumb Code   160  board.o(.text)
    msDelay                                  0x00005e15   Thumb Code    28  board.o(.text)
    wait_DISLowpwr                           0x00005e31   Thumb Code   142  board.o(.text)
    wait_SP0                                 0x00005ebf   Thumb Code   156  board.o(.text)
    wait_LCD3V3                              0x00005f5b   Thumb Code   306  board.o(.text)
    wait_FUNTION                             0x0000608d   Thumb Code   120  board.o(.text)
    wait_SAR                                 0x00006105   Thumb Code   120  board.o(.text)
    clearMip                                 0x00006185   Thumb Code   342  test_all.o(.text)
    SocChipCheck                             0x000062db   Thumb Code   292  test_all.o(.text)
    test_all                                 0x000063ff   Thumb Code  1382  test_all.o(.text)
    DownLoad                                 0x00006965   Thumb Code   106  test_all.o(.text)
    SocLowPwr_sram_FT                        0x000069cf   Thumb Code   100  test_all.o(.text)
    SocLowPwr_FT                             0x00006a33   Thumb Code   100  test_all.o(.text)
    Soc_DISLowPwr_FT                         0x00006a97   Thumb Code   716  test_all.o(.text)
    ADS1243GetValue                          0x00006d65   Thumb Code    78  voltage.o(.text)
    SocAVDDEna                               0x00006db3   Thumb Code   106  voltage.o(.text)
    Voltage_QC                               0x00006e1d   Thumb Code   132  voltage.o(.text)
    SocVrefEna                               0x00006ea1   Thumb Code   106  voltage.o(.text)
    SocVrefDis                               0x00006f0b   Thumb Code   106  voltage.o(.text)
    LCDPump_QC                               0x000070b9   Thumb Code  1466  lcd_pump.o(.text)
    LCD3V3                                   0x00007673   Thumb Code   626  lcd_pump.o(.text)
    adcInit                                  0x00007961   Thumb Code    98  adc.o(.text)
    adcExit                                  0x000079c3   Thumb Code    54  adc.o(.text)
    adcGetValue                              0x000079f9   Thumb Code   506  adc.o(.text)
    SocPump_31Ena                            0x00007bf3   Thumb Code   676  adc.o(.text)
    SocPump_21Ena                            0x00007e97   Thumb Code   332  adc.o(.text)
    Normal_pwr_init                          0x00007fe3   Thumb Code   536  adc.o(.text)
    SocLcdIoCfg                              0x000081fb   Thumb Code   748  adc.o(.text)
    SocPumpDis                               0x000084e7   Thumb Code   488  adc.o(.text)
    UID_check                                0x000088c9   Thumb Code   682  spline.o(.text)
    UID_adr_read                             0x00008b73   Thumb Code   142  spline.o(.text)
    FT_UID_write                             0x00008c01   Thumb Code   636  spline.o(.text)
    sp0LinePro                               0x00008e7d   Thumb Code  1418  spline.o(.text)
    temperLinePro                            0x00009407   Thumb Code   306  spline.o(.text)
    sumGen32                                 0x000095a1   Thumb Code    26  ra0_routine.o(.text)
    average                                  0x000095bb   Thumb Code    28  ra0_routine.o(.text)
    swDelay                                  0x000095d7   Thumb Code    40  ra0_routine.o(.text)
    max2min                                  0x000095ff   Thumb Code    48  ra0_routine.o(.text)
    swdInitial                               0x0000962f   Thumb Code   332  ra0_routine.o(.text)
    ra9103ADCInit                            0x0000977b   Thumb Code   102  ra0_routine.o(.text)
    ra0TempAdjust                            0x000097e1   Thumb Code  1604  ra0_routine.o(.text)
    splineUpdateCheck                        0x00009e25   Thumb Code   572  ra0_routine.o(.text)
    resetStd                                 0x0000a061   Thumb Code    60  ra0_routine.o(.text)
    stdInitial                               0x0000a09d   Thumb Code    12  ra0_routine.o(.text)
    stdTempAcquire                           0x0000a0a9   Thumb Code   284  ra0_routine.o(.text)
    TIMER3_IRQHandler                        0x0000a1d5   Thumb Code    18  timer.o(.text)
    timer3Init                               0x0000a1e7   Thumb Code    94  timer.o(.text)
    stampThrough                             0x0000a245   Thumb Code    36  timer.o(.text)
    adsInit                                  0x0000a279   Thumb Code     8  ads_acquire.o(.text)
    errorCal                                 0x0000a281   Thumb Code    46  ads_acquire.o(.text)
    adsDataRead                              0x0000a2af   Thumb Code    86  ads_acquire.o(.text)
    adsRegRead                               0x0000a305   Thumb Code    50  ads_acquire.o(.text)
    adsRegWrite                              0x0000a337   Thumb Code    44  ads_acquire.o(.text)
    adsOffsetCal                             0x0000a363   Thumb Code   240  ads_acquire.o(.text)
    adsAcquireInit                           0x0000a453   Thumb Code   112  ads_acquire.o(.text)
    adsInitvdd                               0x0000a4c3   Thumb Code   112  ads_acquire.o(.text)
    adsAcquire                               0x0000a533   Thumb Code   184  ads_acquire.o(.text)
    EMU_CLK_Ini                              0x0000a5fd   Thumb Code   298  emu.o(.text)
    EMU_GPIO_Ini                             0x0000a727   Thumb Code   140  emu.o(.text)
    EMU_Fun_Ini                              0x0000a7b3   Thumb Code  1598  emu.o(.text)
    EMU_Power_Test2                          0x0000adf1   Thumb Code  1690  emu.o(.text)
    EMU_FT_Ana                               0x0000b48b   Thumb Code    30  emu.o(.text)
    ldo18_trim                               0x0000b641   Thumb Code   406  ldo18_trim.o(.text)
    rcl_trim                                 0x0000b8bd   Thumb Code   514  rcl_trim.o(.text)
    SAR_QC                                   0x0000bc01   Thumb Code   464  sar.o(.text)
    fputc                                    0x0000bf61   Thumb Code    26  retarget.o(.text)
    fgetc                                    0x0000bf7b   Thumb Code    10  retarget.o(.text)
    ferror                                   0x0000bf85   Thumb Code     8  retarget.o(.text)
    _ttywrch                                 0x0000bf8d   Thumb Code    22  retarget.o(.text)
    _sys_exit                                0x0000bfa3   Thumb Code     4  retarget.o(.text)
    __aeabi_uldivmod                         0x0000bfa7   Thumb Code    98  uldiv.o(.text)
    __aeabi_memcpy                           0x0000c009   Thumb Code    36  memcpya.o(.text)
    __aeabi_memcpy4                          0x0000c009   Thumb Code     0  memcpya.o(.text)
    __aeabi_memcpy8                          0x0000c009   Thumb Code     0  memcpya.o(.text)
    strcmp                                   0x0000c02d   Thumb Code    28  strcmp.o(.text)
    __aeabi_fadd                             0x0000c049   Thumb Code   164  fadd.o(.text)
    __aeabi_fsub                             0x0000c0ed   Thumb Code     6  fadd.o(.text)
    __aeabi_frsub                            0x0000c0f3   Thumb Code     6  fadd.o(.text)
    __aeabi_fmul                             0x0000c0f9   Thumb Code   100  fmul.o(.text)
    __aeabi_fdiv                             0x0000c15d   Thumb Code   124  fdiv.o(.text)
    __aeabi_dadd                             0x0000c1d9   Thumb Code   322  dadd.o(.text)
    __aeabi_dsub                             0x0000c31b   Thumb Code     6  dadd.o(.text)
    __aeabi_drsub                            0x0000c321   Thumb Code     6  dadd.o(.text)
    __aeabi_dmul                             0x0000c327   Thumb Code   228  dmul.o(.text)
    __aeabi_ddiv                             0x0000c40b   Thumb Code   222  ddiv.o(.text)
    __aeabi_ui2f                             0x0000c4e9   Thumb Code    10  ffltui.o(.text)
    __aeabi_ui2d                             0x0000c4f3   Thumb Code    26  dfltui.o(.text)
    __aeabi_f2uiz                            0x0000c50d   Thumb Code    40  ffixui.o(.text)
    __aeabi_d2iz                             0x0000c535   Thumb Code    62  dfixi.o(.text)
    __aeabi_d2uiz                            0x0000c573   Thumb Code    50  dfixui.o(.text)
    __aeabi_f2d                              0x0000c5a5   Thumb Code    38  f2d.o(.text)
    __aeabi_cdcmpeq                          0x0000c5cd   Thumb Code     0  cdcmple.o(.text)
    __aeabi_cdcmple                          0x0000c5cd   Thumb Code    48  cdcmple.o(.text)
    __aeabi_cdrcmple                         0x0000c5fd   Thumb Code    48  cdrcmple.o(.text)
    __aeabi_d2f                              0x0000c62d   Thumb Code    56  d2f.o(.text)
    __aeabi_uidiv                            0x0000c665   Thumb Code     0  uidiv.o(.text)
    __aeabi_uidivmod                         0x0000c665   Thumb Code    44  uidiv.o(.text)
    __aeabi_llsl                             0x0000c691   Thumb Code    30  llshl.o(.text)
    _ll_shift_l                              0x0000c691   Thumb Code     0  llshl.o(.text)
    __aeabi_llsr                             0x0000c6af   Thumb Code    32  llushr.o(.text)
    _ll_ushift_r                             0x0000c6af   Thumb Code     0  llushr.o(.text)
    __aeabi_lasr                             0x0000c6cf   Thumb Code    36  llsshr.o(.text)
    _ll_sshift_r                             0x0000c6cf   Thumb Code     0  llsshr.o(.text)
    _float_round                             0x0000c6f3   Thumb Code    18  fepilogue.o(.text)
    _float_epilogue                          0x0000c705   Thumb Code    92  fepilogue.o(.text)
    _double_round                            0x0000c761   Thumb Code    30  depilogue.o(.text)
    _double_epilogue                         0x0000c77f   Thumb Code   156  depilogue.o(.text)
    __aeabi_d2ulz                            0x0000c81b   Thumb Code    48  dfixul.o(.text)
    __scatterload                            0x0000c84d   Thumb Code    28  init.o(.text)
    __scatterload_rt2                        0x0000c84d   Thumb Code     0  init.o(.text)
    __0printf                                0x0000c871   Thumb Code    22  printfa.o(i.__0printf)
    __1printf                                0x0000c871   Thumb Code     0  printfa.o(i.__0printf)
    __2printf                                0x0000c871   Thumb Code     0  printfa.o(i.__0printf)
    __c89printf                              0x0000c871   Thumb Code     0  printfa.o(i.__0printf)
    printf                                   0x0000c871   Thumb Code     0  printfa.o(i.__0printf)
    __scatterload_copy                       0x0000c891   Thumb Code    14  handlers.o(i.__scatterload_copy)
    __scatterload_zeroinit                   0x0000c89f   Thumb Code    14  handlers.o(i.__scatterload_zeroinit)
    __swd_line_reset_sequence                0x0000d200   Data          20  swd_drv.o(.constdata)
    __swd_line_reset_sequence_bit_size       0x0000d214   Data           4  swd_drv.o(.constdata)
    pImgOfAES_FT                             0x0000d218   Data        4792  test_all.o(.constdata)
    SizeOfAES_FTImg                          0x0000e4d0   Data           4  test_all.o(.constdata)
    pImgOfALL_REG_WR_QC                      0x0000e4d4   Data        7692  test_all.o(.constdata)
    SizeOfALL_REG_WR_QCImg                   0x000102e0   Data           4  test_all.o(.constdata)
    pImgOfASRAM_MARCH                        0x000102e4   Data        1200  test_all.o(.constdata)
    SizeOfASRAM_MARCHImg                     0x00010794   Data           4  test_all.o(.constdata)
    pImgOfCache_nonF0_QC                     0x00010798   Data        2808  test_all.o(.constdata)
    SizeOfCache_nonF0_QCImg                  0x00011290   Data           4  test_all.o(.constdata)
    pImgOfClock_Switch_QC                    0x00011294   Data        3152  test_all.o(.constdata)
    SizeOfClock_Switch_QCImg                 0x00011ee4   Data           4  test_all.o(.constdata)
    pImgOfCM0_INST_FT                        0x00011ee8   Data        1272  test_all.o(.constdata)
    SizeOfCM0_INST_FTImg                     0x000123e0   Data           4  test_all.o(.constdata)
    pImgOfEEPROM_FT                          0x000123e4   Data        5140  test_all.o(.constdata)
    SizeOfEEPROM_FTImg                       0x000137f8   Data           4  test_all.o(.constdata)
    pImgOfEMU_FT                             0x000137fc   Data        7920  test_all.o(.constdata)
    SizeOfEMU_FTImg                          0x000156ec   Data           4  test_all.o(.constdata)
    pImgOfGPIO_FT                            0x000156f0   Data        4344  test_all.o(.constdata)
    SizeOfGPIO_FTImg                         0x000167e8   Data           4  test_all.o(.constdata)
    pImgOfIFLASH_FT                          0x000167ec   Data        5312  test_all.o(.constdata)
    SizeOfIFLASH_FTImg                       0x00017cac   Data           4  test_all.o(.constdata)
    pImgOfMIP_FT                             0x00017cb0   Data        3484  test_all.o(.constdata)
    SizeOfMIP_FTImg                          0x00018a4c   Data           4  test_all.o(.constdata)
    pImgOfSocLowPwr_sram                     0x00018a50   Data        6816  test_all.o(.constdata)
    SizeOfSocLowPwr_sramImg                  0x0001a4f0   Data           4  test_all.o(.constdata)
    pImgOfSocLowPwr_sys                      0x0001a4f4   Data        8480  test_all.o(.constdata)
    SizeOfSocLowPwr_sysImg                   0x0001c614   Data           4  test_all.o(.constdata)
    pImgOfSoc_DISLowPwr_sys                  0x0001c618   Data        4864  test_all.o(.constdata)
    SizeOfSoc_DISLowPwr_sysImg               0x0001d918   Data           4  test_all.o(.constdata)
    pImgOfSofeWare                           0x0001d91c   Data       62160  test_all.o(.constdata)
    SizeOfSofeWareImg                        0x0002cbec   Data           4  test_all.o(.constdata)
    pImgOfZPLL_1Hz_FT                        0x0002cbf0   Data        4856  test_all.o(.constdata)
    SizeOfZPLL_1Hz_FTImg                     0x0002dee8   Data           4  test_all.o(.constdata)
    sys_atf_tbl                              0x0002deec   Data         384  test_all.o(.constdata)
    analog_atf_tbl                           0x0002e06c   Data          96  test_all.o(.constdata)
    Region$$Table$$Base                      0x0002e914   Number         0  anon$$obj.o(Region$$Table)
    Region$$Table$$Limit                     0x0002e934   Number         0  anon$$obj.o(Region$$Table)
    swd_num                                  0x10000000   Data           4  swd_drv.o(.data)
    SystemCoreClock                          0x10000008   Data           4  system_lpc17xx.o(.data)
    powswh_bin                               0x1000000c   Data           4  board.o(.data)
    lcd_va                                   0x10000010   Data           4  lcd_pump.o(.data)
    lcd_vb                                   0x10000014   Data           4  lcd_pump.o(.data)
    lcd_vc                                   0x10000018   Data           4  lcd_pump.o(.data)
    lcd_vd                                   0x1000001c   Data           4  lcd_pump.o(.data)
    FT_times                                 0x10000020   Data           4  spline.o(.data)
    tadj                                     0x10000024   Data           4  ra0_routine.o(.data)
    std_connect_flag                         0x10000028   Data           4  ra0_routine.o(.data)
    sys_stamp                                0x1000002c   Data           2  timer.o(.data)
    trim_ANALDO                              0x10000030   Data           4  ldo18_trim.o(.data)
    trim_ldo18                               0x10000034   Data           4  ldo18_trim.o(.data)
    trim_rcl                                 0x10000038   Data           4  rcl_trim.o(.data)
    __stdout                                 0x1000003c   Data           4  retarget.o(.data)
    __stdin                                  0x10000040   Data           4  retarget.o(.data)
    __initial_sp                             0x10001548   Data           0  startup_lpc17xx.o(STACK)



==============================================================================

Memory Map of the image

  Image Entry point : 0x000000cd

  Load Region LR_IROM1 (Base: 0x00000000, Size: 0x0002e978, Max: 0x00080000, ABSOLUTE)

    Execution Region ER_IROM1 (Base: 0x00000000, Size: 0x0002e934, Max: 0x00080000, ABSOLUTE)

    Base Addr    Size         Type   Attr      Idx    E Section Name        Object

    0x00000000   0x000000cc   Data   RO          233    RESET               startup_lpc17xx.o
    0x000000cc   0x00000000   Code   RO          699  * .ARM.Collect$$$$00000000  mc_w.l(entry.o)
    0x000000cc   0x00000004   Code   RO         1001    .ARM.Collect$$$$00000001  mc_w.l(entry2.o)
    0x000000d0   0x00000004   Code   RO         1004    .ARM.Collect$$$$00000004  mc_w.l(entry5.o)
    0x000000d4   0x00000000   Code   RO         1006    .ARM.Collect$$$$00000008  mc_w.l(entry7b.o)
    0x000000d4   0x00000000   Code   RO         1008    .ARM.Collect$$$$0000000A  mc_w.l(entry8b.o)
    0x000000d4   0x00000008   Code   RO         1009    .ARM.Collect$$$$0000000B  mc_w.l(entry9a.o)
    0x000000dc   0x00000000   Code   RO         1011    .ARM.Collect$$$$0000000D  mc_w.l(entry10a.o)
    0x000000dc   0x00000000   Code   RO         1013    .ARM.Collect$$$$0000000F  mc_w.l(entry11a.o)
    0x000000dc   0x00000004   Code   RO         1002    .ARM.Collect$$$$00002712  mc_w.l(entry2.o)
    0x000000e0   0x000000b8   Code   RO          123    .text               serial.o
    0x00000198   0x00000024   Code   RO          235    .text               startup_lpc17xx.o
    0x000001bc   0x000000ec   Code   RO          419    .text               spi.o
    0x000002a8   0x0000004c   Code   RO          555    .text               temper_process.o
    0x000002f4   0x00000000   Code   RO         1023    .text               mc_w.l(iusefp.o)
    0x000002f4   0x00000002   Code   RO         1035    i.__scatterload_null  mc_w.l(handlers.o)
    0x000002f6   0x00000006   PAD
    0x000002fc   0x00000004   Code   RO          234    .ARM.__at_0x02FC    startup_lpc17xx.o
    0x00000300   0x000004c4   Code   RO            3    .text               ft_main.o
    0x000007c4   0x00000a48   Code   RO          150    .text               swd_atf.o
    0x0000120c   0x00003ee0   Code   RO          172    .text               swd_drv.o
    0x000050ec   0x00000318   Code   RO          200    .text               system_lpc17xx.o
    0x00005404   0x00000d80   Code   RO          243    .text               board.o
    0x00006184   0x00000bde   Code   RO          270    .text               test_all.o
    0x00006d62   0x00000002   PAD
    0x00006d64   0x00000354   Code   RO          355    .text               voltage.o
    0x000070b8   0x000008a8   Code   RO          375    .text               lcd_pump.o
    0x00007960   0x00000ed8   Code   RO          398    .text               adc.o
    0x00008838   0x00000d68   Code   RO          442    .text               spline.o
    0x000095a0   0x00000c34   Code   RO          469    .text               ra0_routine.o
    0x0000a1d4   0x000000a4   Code   RO          496    .text               timer.o
    0x0000a278   0x00000384   Code   RO          526    .text               ads_acquire.o
    0x0000a5fc   0x00000f54   Code   RO          575    .text               emu.o
    0x0000b550   0x0000036c   Code   RO          598    .text               ldo18_trim.o
    0x0000b8bc   0x00000344   Code   RO          625    .text               rcl_trim.o
    0x0000bc00   0x00000360   Code   RO          652    .text               sar.o
    0x0000bf60   0x00000046   Code   RO          670    .text               retarget.o
    0x0000bfa6   0x00000062   Code   RO          702    .text               mc_w.l(uldiv.o)
    0x0000c008   0x00000024   Code   RO          704    .text               mc_w.l(memcpya.o)
    0x0000c02c   0x0000001c   Code   RO          706    .text               mc_w.l(strcmp.o)
    0x0000c048   0x000000b0   Code   RO          971    .text               mf_w.l(fadd.o)
    0x0000c0f8   0x00000064   Code   RO          973    .text               mf_w.l(fmul.o)
    0x0000c15c   0x0000007c   Code   RO          975    .text               mf_w.l(fdiv.o)
    0x0000c1d8   0x0000014e   Code   RO          977    .text               mf_w.l(dadd.o)
    0x0000c326   0x000000e4   Code   RO          979    .text               mf_w.l(dmul.o)
    0x0000c40a   0x000000de   Code   RO          981    .text               mf_w.l(ddiv.o)
    0x0000c4e8   0x0000000a   Code   RO          983    .text               mf_w.l(ffltui.o)
    0x0000c4f2   0x0000001a   Code   RO          985    .text               mf_w.l(dfltui.o)
    0x0000c50c   0x00000028   Code   RO          987    .text               mf_w.l(ffixui.o)
    0x0000c534   0x0000003e   Code   RO          989    .text               mf_w.l(dfixi.o)
    0x0000c572   0x00000032   Code   RO          991    .text               mf_w.l(dfixui.o)
    0x0000c5a4   0x00000026   Code   RO          993    .text               mf_w.l(f2d.o)
    0x0000c5ca   0x00000002   PAD
    0x0000c5cc   0x00000030   Code   RO          995    .text               mf_w.l(cdcmple.o)
    0x0000c5fc   0x00000030   Code   RO          997    .text               mf_w.l(cdrcmple.o)
    0x0000c62c   0x00000038   Code   RO          999    .text               mf_w.l(d2f.o)
    0x0000c664   0x0000002c   Code   RO         1015    .text               mc_w.l(uidiv.o)
    0x0000c690   0x0000001e   Code   RO         1017    .text               mc_w.l(llshl.o)
    0x0000c6ae   0x00000020   Code   RO         1019    .text               mc_w.l(llushr.o)
    0x0000c6ce   0x00000024   Code   RO         1021    .text               mc_w.l(llsshr.o)
    0x0000c6f2   0x0000006e   Code   RO         1024    .text               mf_w.l(fepilogue.o)
    0x0000c760   0x000000ba   Code   RO         1026    .text               mf_w.l(depilogue.o)
    0x0000c81a   0x00000030   Code   RO         1028    .text               mf_w.l(dfixul.o)
    0x0000c84a   0x00000002   PAD
    0x0000c84c   0x00000024   Code   RO         1030    .text               mc_w.l(init.o)
    0x0000c870   0x00000020   Code   RO          943    i.__0printf         mc_w.l(printfa.o)
    0x0000c890   0x0000000e   Code   RO         1034    i.__scatterload_copy  mc_w.l(handlers.o)
    0x0000c89e   0x0000000e   Code   RO         1036    i.__scatterload_zeroinit  mc_w.l(handlers.o)
    0x0000c8ac   0x00000184   Code   RO          950    i._fp_digits        mc_w.l(printfa.o)
    0x0000ca30   0x000006dc   Code   RO          951    i._printf_core      mc_w.l(printfa.o)
    0x0000d10c   0x00000024   Code   RO          952    i._printf_post_padding  mc_w.l(printfa.o)
    0x0000d130   0x0000002e   Code   RO          953    i._printf_pre_padding  mc_w.l(printfa.o)
    0x0000d15e   0x00000002   PAD
    0x0000d160   0x000000a0   Data   RO          151    .constdata          swd_atf.o
    0x0000d200   0x00000018   Data   RO          174    .constdata          swd_drv.o
    0x0000d218   0x00020f24   Data   RO          271    .constdata          test_all.o
    0x0002e13c   0x00000053   Data   RO            4    .conststring        ft_main.o
    0x0002e18f   0x00000001   PAD
    0x0002e190   0x0000008e   Data   RO          152    .conststring        swd_atf.o
    0x0002e21e   0x00000002   PAD
    0x0002e220   0x00000087   Data   RO          244    .conststring        board.o
    0x0002e2a7   0x00000001   PAD
    0x0002e2a8   0x000002e2   Data   RO          272    .conststring        test_all.o
    0x0002e58a   0x00000002   PAD
    0x0002e58c   0x00000043   Data   RO          399    .conststring        adc.o
    0x0002e5cf   0x00000001   PAD
    0x0002e5d0   0x00000049   Data   RO          443    .conststring        spline.o
    0x0002e619   0x00000003   PAD
    0x0002e61c   0x000001df   Data   RO          470    .conststring        ra0_routine.o
    0x0002e7fb   0x00000001   PAD
    0x0002e7fc   0x0000008f   Data   RO          599    .conststring        ldo18_trim.o
    0x0002e88b   0x00000001   PAD
    0x0002e88c   0x00000088   Data   RO          626    .conststring        rcl_trim.o
    0x0002e914   0x00000020   Data   RO         1032    Region$$Table       anon$$obj.o


    Execution Region RW_IRAM1 (Base: 0x10000000, Size: 0x00001548, Max: 0x00008000, ABSOLUTE)

    Base Addr    Size         Type   Attr      Idx    E Section Name        Object

    0x10000000   0x00000008   Data   RW          175    .data               swd_drv.o
    0x10000008   0x00000004   Data   RW          201    .data               system_lpc17xx.o
    0x1000000c   0x00000004   Data   RW          245    .data               board.o
    0x10000010   0x00000010   Data   RW          376    .data               lcd_pump.o
    0x10000020   0x00000004   Data   RW          444    .data               spline.o
    0x10000024   0x00000008   Data   RW          471    .data               ra0_routine.o
    0x1000002c   0x00000002   Data   RW          497    .data               timer.o
    0x1000002e   0x00000002   PAD
    0x10000030   0x00000008   Data   RW          600    .data               ldo18_trim.o
    0x10000038   0x00000004   Data   RW          627    .data               rcl_trim.o
    0x1000003c   0x00000008   Data   RW          671    .data               retarget.o
    0x10000044   0x00000004   PAD
    0x10000048   0x00001500   Zero   RW          231    STACK               startup_lpc17xx.o


==============================================================================

Image component sizes


      Code (inc. data)   RO Data    RW Data    ZI Data      Debug   Object Name

      3800       1098         67          0          0       3029   adc.o
       900         18          0          0          0       3068   ads_acquire.o
      3456        344        135          4          0       5577   board.o
      3924       2110          0          0          0       2574   emu.o
      1220        706         83          0          0      22967   ft_main.o
      2216        456          0         16          0       1766   lcd_pump.o
       876        230        143          8          0       1270   ldo18_trim.o
      3124        558        479          8          0       5219   ra0_routine.o
       836        322        136          4          0       1054   rcl_trim.o
        70          0          0          8          0       3176   retarget.o
       864        400          0          0          0        765   sar.o
       184         14          0          0          0        952   serial.o
       236         16          0          0          0        934   spi.o
      3432        520         73          4          0       4310   spline.o
        40         12        204          0       5376       1036   startup_lpc17xx.o
      2632        250        302          0          0       6148   swd_atf.o
     16096        310         24          8          0      49100   swd_drv.o
       792         30          0          4          0       1137   system_lpc17xx.o
        76          6          0          0          0        610   temper_process.o
      3038       1316     135686          0          0      12155   test_all.o
       164         16          0          2          0      24859   timer.o
       852        324          0          0          0       1638   voltage.o

    ----------------------------------------------------------------------
     48830       9056     137376         68       5380     153344   Object Totals
         0          0         32          0          0          0   (incl. Generated)
         2          0         12          2          4          0   (incl. Padding)

    ----------------------------------------------------------------------

      Code (inc. data)   RO Data    RW Data    ZI Data      Debug   Library Member Name

         0          0          0          0          0          0   entry.o
         0          0          0          0          0          0   entry10a.o
         0          0          0          0          0          0   entry11a.o
         8          4          0          0          0          0   entry2.o
         4          0          0          0          0          0   entry5.o
         0          0          0          0          0          0   entry7b.o
         0          0          0          0          0          0   entry8b.o
         8          4          0          0          0          0   entry9a.o
        30          0          0          0          0          0   handlers.o
        36          8          0          0          0         68   init.o
         0          0          0          0          0          0   iusefp.o
        30          0          0          0          0         68   llshl.o
        36          0          0          0          0         68   llsshr.o
        32          0          0          0          0         68   llushr.o
        36          0          0          0          0         68   memcpya.o
      2258         90          0          0          0        452   printfa.o
        28          0          0          0          0         76   strcmp.o
        44          0          0          0          0         80   uidiv.o
        98          0          0          0          0         92   uldiv.o
        48          0          0          0          0         68   cdcmple.o
        48          0          0          0          0         68   cdrcmple.o
        56          0          0          0          0         88   d2f.o
       334          0          0          0          0        148   dadd.o
       222          0          0          0          0        100   ddiv.o
       186          0          0          0          0        176   depilogue.o
        62          0          0          0          0         80   dfixi.o
        50          0          0          0          0         76   dfixui.o
        48          0          0          0          0         68   dfixul.o
        26          0          0          0          0         76   dfltui.o
       228          0          0          0          0         96   dmul.o
        38          0          0          0          0         68   f2d.o
       176          0          0          0          0        140   fadd.o
       124          0          0          0          0         88   fdiv.o
       110          0          0          0          0        168   fepilogue.o
        40          0          0          0          0         68   ffixui.o
        10          0          0          0          0         68   ffltui.o
       100          0          0          0          0         76   fmul.o

    ----------------------------------------------------------------------
      4566        106          0          0          0       2760   Library Totals
        12          0          0          0          0          0   (incl. Padding)

    ----------------------------------------------------------------------

      Code (inc. data)   RO Data    RW Data    ZI Data      Debug   Library Name

      2648        106          0          0          0       1040   mc_w.l
      1906          0          0          0          0       1720   mf_w.l

    ----------------------------------------------------------------------
      4566        106          0          0          0       2760   Library Totals

    ----------------------------------------------------------------------

==============================================================================


      Code (inc. data)   RO Data    RW Data    ZI Data      Debug   

     53396       9162     137376         68       5380     153240   Grand Totals
     53396       9162     137376         68       5380     153240   ELF Image Totals
     53396       9162     137376         68          0          0   ROM Totals

==============================================================================

    Total RO  Size (Code + RO Data)               190772 ( 186.30kB)
    Total RW  Size (RW Data + ZI Data)              5448 (   5.32kB)
    Total ROM Size (Code + RO Data + RW Data)     190840 ( 186.37kB)

==============================================================================

