ARM Linker, 5.02 [Build 28] [MDK-ARM Standard]

==============================================================================

Section Cross References

    gpio_ft.o(.text) refers to common.o(.text) for WdtFeed
    gpio_ft.o(.text) refers to idiv.o(.text) for __aeabi_idivmod
    gpio_ft.o(.text) refers to sysctrl.o(.text) for SysModeChg
    common.o(.text) refers to sysctrl.o(.text) for SysModeChg
    common.o(.text) refers to uidiv.o(.text) for __aeabi_uidivmod
    common.o(.text) refers to system_rn821x.o(.text) for SystemCoreClockUpdate
    common.o(.text) refers to common.o(.data) for sysclk_loops
    common.o(.text) refers to system_rn821x.o(.data) for SystemCoreClock
    retarget.o(.text) refers to serial.o(.text) for sendchar
    system_rn821x.o(.text) refers to system_rn821x.o(.data) for SystemCoreClock
    startup_rn821x.o(RESET) refers to startup_rn821x.o(STACK) for __initial_sp
    startup_rn821x.o(RESET) refers to startup_rn821x.o(.text) for Reset_Handler
    startup_rn821x.o(RESET) refers to common.o(.text) for WDT_HANDLER
    startup_rn821x.o(.text) refers to entry.o(.ARM.Collect$$$$00000000) for __main
    sysctrl.o(.text) refers to uidiv.o(.text) for __aeabi_uidivmod
    sysctrl.o(.text) refers to sysctrl.o(.bss) for IAP
    entry.o(.ARM.Collect$$$$00000000) refers (Special) to entry7b.o(.ARM.Collect$$$$00000008) for _main_clock
    entry.o(.ARM.Collect$$$$00000000) refers (Special) to entry8.o(.ARM.Collect$$$$00000009) for _main_init
    entry.o(.ARM.Collect$$$$00000000) refers (Special) to entry5.o(.ARM.Collect$$$$00000004) for _main_scatterload
    entry.o(.ARM.Collect$$$$00000000) refers (Special) to entry2.o(.ARM.Collect$$$$00000001) for _main_stk
    idiv.o(.text) refers to uidiv.o(.text) for __aeabi_uidivmod
    entry2.o(.ARM.Collect$$$$00000001) refers to entry2.o(.ARM.Collect$$$$00002712) for __lit__00000000
    entry2.o(.ARM.Collect$$$$00002712) refers to startup_rn821x.o(STACK) for __initial_sp
    entry2.o(__vectab_stack_and_reset_area) refers to startup_rn821x.o(STACK) for __initial_sp
    entry2.o(__vectab_stack_and_reset_area) refers to entry.o(.ARM.Collect$$$$00000000) for __main
    entry5.o(.ARM.Collect$$$$00000004) refers to init.o(.text) for __scatterload
    entry8.o(.ARM.Collect$$$$00000009) refers to gpio_ft.o(.text) for main
    init.o(.text) refers to entry5.o(.ARM.Collect$$$$00000004) for __main_after_scatterload


==============================================================================

Removing Unused input sections from the image.

    Removing gpio_ft.o(.rev16_text), (4 bytes).
    Removing gpio_ft.o(.revsh_text), (4 bytes).
    Removing common.o(.rev16_text), (4 bytes).
    Removing common.o(.revsh_text), (4 bytes).
    Removing retarget.o(.text), (54 bytes).
    Removing serial.o(.rev16_text), (4 bytes).
    Removing serial.o(.revsh_text), (4 bytes).
    Removing serial.o(.text), (84 bytes).
    Removing system_rn821x.o(.rev16_text), (4 bytes).
    Removing system_rn821x.o(.revsh_text), (4 bytes).
    Removing startup_rn821x.o(HEAP), (0 bytes).
    Removing sysctrl.o(.rev16_text), (4 bytes).
    Removing sysctrl.o(.revsh_text), (4 bytes).

13 unused section(s) (total 178 bytes) removed from the image.

==============================================================================

Image Symbol Table

    Local Symbols

    Symbol Name                              Value     Ov Type        Size  Object(Section)

    RESET                                    0x00000000   Section      192  startup_rn821x.o(RESET)
    ../clib/microlib/division.c              0x00000000   Number         0  idiv.o ABSOLUTE
    ../clib/microlib/division.c              0x00000000   Number         0  uidiv.o ABSOLUTE
    ../clib/microlib/init/entry.s            0x00000000   Number         0  entry2.o ABSOLUTE
    ../clib/microlib/init/entry.s            0x00000000   Number         0  entry8.o ABSOLUTE
    ../clib/microlib/init/entry.s            0x00000000   Number         0  entry.o ABSOLUTE
    ../clib/microlib/init/entry.s            0x00000000   Number         0  entry5.o ABSOLUTE
    ../clib/microlib/init/entry.s            0x00000000   Number         0  entry7a.o ABSOLUTE
    ../clib/microlib/init/entry.s            0x00000000   Number         0  entry7b.o ABSOLUTE
    ..\\src\\GPIO_FT.c                       0x00000000   Number         0  gpio_ft.o ABSOLUTE
    ..\\src\\sysctrl.c                       0x00000000   Number         0  sysctrl.o ABSOLUTE
    ..\\sysfile\\common.c                    0x00000000   Number         0  common.o ABSOLUTE
    ..\\sysfile\\serial.c                    0x00000000   Number         0  serial.o ABSOLUTE
    ..\\sysfile\\system_RN821x.c             0x00000000   Number         0  system_rn821x.o ABSOLUTE
    ..\src\GPIO_FT.c                         0x00000000   Number         0  gpio_ft.o ABSOLUTE
    ..\src\sysctrl.c                         0x00000000   Number         0  sysctrl.o ABSOLUTE
    ..\sysfile\Retarget.c                    0x00000000   Number         0  retarget.o ABSOLUTE
    ..\sysfile\common.c                      0x00000000   Number         0  common.o ABSOLUTE
    ..\sysfile\serial.c                      0x00000000   Number         0  serial.o ABSOLUTE
    ..\sysfile\startup_RN821x.s              0x00000000   Number         0  startup_rn821x.o ABSOLUTE
    ..\sysfile\system_RN821x.c               0x00000000   Number         0  system_rn821x.o ABSOLUTE
    dc.s                                     0x00000000   Number         0  dc.o ABSOLUTE
    handlers.s                               0x00000000   Number         0  handlers.o ABSOLUTE
    init.s                                   0x00000000   Number         0  init.o ABSOLUTE
    .ARM.Collect$$$$00000000                 0x000000c0   Section        0  entry.o(.ARM.Collect$$$$00000000)
    .ARM.Collect$$$$00000001                 0x000000c0   Section        4  entry2.o(.ARM.Collect$$$$00000001)
    .ARM.Collect$$$$00000004                 0x000000c4   Section        4  entry5.o(.ARM.Collect$$$$00000004)
    .ARM.Collect$$$$00000008                 0x000000c8   Section        0  entry7b.o(.ARM.Collect$$$$00000008)
    .ARM.Collect$$$$00000009                 0x000000c8   Section        8  entry8.o(.ARM.Collect$$$$00000009)
    .ARM.Collect$$$$00002712                 0x000000d0   Section        4  entry2.o(.ARM.Collect$$$$00002712)
    __lit__00000000                          0x000000d0   Data           4  entry2.o(.ARM.Collect$$$$00002712)
    .text                                    0x000000d4   Section        0  gpio_ft.o(.text)
    .text                                    0x000004f0   Section        0  common.o(.text)
    NVIC_EnableIRQ                           0x0000094d   Thumb Code    14  common.o(.text)
    .text                                    0x00000968   Section        0  system_rn821x.o(.text)
    .text                                    0x000009c8   Section       80  startup_rn821x.o(.text)
    .text                                    0x00000a18   Section        0  sysctrl.o(.text)
    currentClk                               0x00000a19   Thumb Code    64  sysctrl.o(.text)
    _getMipAddr                              0x00000a59   Thumb Code   116  sysctrl.o(.text)
    usTimeout                                0x00000acd   Thumb Code   292  sysctrl.o(.text)
    setMipTW                                 0x00000bf1   Thumb Code   122  sysctrl.o(.text)
    PllEnable                                0x00000c6b   Thumb Code    68  sysctrl.o(.text)
    HoscEnable                               0x00000caf   Thumb Code    98  sysctrl.o(.text)
    sysmodeWrite                             0x00000d11   Thumb Code   224  sysctrl.o(.text)
    unlockNVM                                0x00000f81   Thumb Code    36  sysctrl.o(.text)
    .text                                    0x00001038   Section        0  uidiv.o(.text)
    .text                                    0x00001064   Section        0  idiv.o(.text)
    .text                                    0x0000108c   Section       36  init.o(.text)
    i.__scatterload_copy                     0x000010b0   Section       14  handlers.o(i.__scatterload_copy)
    i.__scatterload_null                     0x000010be   Section        2  handlers.o(i.__scatterload_null)
    i.__scatterload_zeroinit                 0x000010c0   Section       14  handlers.o(i.__scatterload_zeroinit)
    .data                                    0x00002000   Section        4  common.o(.data)
    .data                                    0x00002004   Section        4  system_rn821x.o(.data)
    .bss                                     0x00002008   Section       32  sysctrl.o(.bss)
    IAP                                      0x00002008   Data          32  sysctrl.o(.bss)
    STACK                                    0x00002028   Section     1536  startup_rn821x.o(STACK)

    Global Symbols

    Symbol Name                              Value     Ov Type        Size  Object(Section)

    BuildAttributes$$THM_ISAv3M$S$PE$A:L22$X:L11$S22$IEEE1$IW$USESV6$~STKCKD$USESV7$~SHL$OSPACE$EBA8$MICROLIB$REQ8$PRES8$EABIv2 0x00000000   Number         0  anon$$obj.o ABSOLUTE
    __ARM_use_no_argv                        0x00000000   Number         0  gpio_ft.o ABSOLUTE
    __Vectors                                0x00000000   Data           4  startup_rn821x.o(RESET)
    __decompress                              - Undefined Weak Reference
    _clock_init                               - Undefined Weak Reference
    __Vectors_End                            0x000000c0   Data           0  startup_rn821x.o(RESET)
    __Vectors_Size                           0x000000c0   Number         0  startup_rn821x.o ABSOLUTE
    __main                                   0x000000c1   Thumb Code     0  entry.o(.ARM.Collect$$$$00000000)
    _main_stk                                0x000000c1   Thumb Code     0  entry2.o(.ARM.Collect$$$$00000001)
    _main_scatterload                        0x000000c5   Thumb Code     0  entry5.o(.ARM.Collect$$$$00000004)
    __main_after_scatterload                 0x000000c9   Thumb Code     0  entry5.o(.ARM.Collect$$$$00000004)
    _main_clock                              0x000000c9   Thumb Code     0  entry7b.o(.ARM.Collect$$$$00000008)
    _main_init                               0x000000c9   Thumb Code     0  entry8.o(.ARM.Collect$$$$00000009)
    FT_Result                                0x000000d5   Thumb Code    48  gpio_ft.o(.text)
    GPIO_Test                                0x00000105   Thumb Code   898  gpio_ft.o(.text)
    main                                     0x00000487   Thumb Code   106  gpio_ft.o(.text)
    getSysclk                                0x000004f1   Thumb Code    80  common.o(.text)
    sysclkLoop                               0x00000541   Thumb Code    36  common.o(.text)
    setBaud                                  0x00000565   Thumb Code    84  common.o(.text)
    uartInit                                 0x000005b9   Thumb Code   228  common.o(.text)
    sendStr                                  0x0000069d   Thumb Code    94  common.o(.text)
    sendChar                                 0x000006fb   Thumb Code    76  common.o(.text)
    WdtFeed                                  0x00000747   Thumb Code     8  common.o(.text)
    exitPass                                 0x0000074f   Thumb Code    68  common.o(.text)
    exitFail                                 0x00000793   Thumb Code   112  common.o(.text)
    uDelay                                   0x00000803   Thumb Code    88  common.o(.text)
    WdtInit                                  0x0000085b   Thumb Code    76  common.o(.text)
    WDT_HANDLER                              0x000008a7   Thumb Code    22  common.o(.text)
    WDT_OFF                                  0x000008bd   Thumb Code   116  common.o(.text)
    swDelay_soft                             0x00000931   Thumb Code    28  common.o(.text)
    SystemCoreClockUpdate                    0x00000969   Thumb Code    86  system_rn821x.o(.text)
    SystemInit                               0x000009bf   Thumb Code     2  system_rn821x.o(.text)
    Reset_Handler                            0x000009c9   Thumb Code     4  startup_rn821x.o(.text)
    NMI_Handler                              0x000009cd   Thumb Code     2  startup_rn821x.o(.text)
    HardFault_Handler                        0x000009cf   Thumb Code     2  startup_rn821x.o(.text)
    SVC_Handler                              0x000009d1   Thumb Code     2  startup_rn821x.o(.text)
    PendSV_Handler                           0x000009d3   Thumb Code     2  startup_rn821x.o(.text)
    SysTick_Handler                          0x000009d5   Thumb Code     2  startup_rn821x.o(.text)
    EXT0_HANDLER                             0x000009d7   Thumb Code     2  startup_rn821x.o(.text)
    EXT1_HANDLER                             0x000009d9   Thumb Code     2  startup_rn821x.o(.text)
    EXT2_HANDLER                             0x000009db   Thumb Code     2  startup_rn821x.o(.text)
    EXT3_HANDLER                             0x000009dd   Thumb Code     2  startup_rn821x.o(.text)
    EXT4_HANDLER                             0x000009df   Thumb Code     2  startup_rn821x.o(.text)
    EXT5_HANDLER                             0x000009e1   Thumb Code     2  startup_rn821x.o(.text)
    EXT6_HANDLER                             0x000009e3   Thumb Code     2  startup_rn821x.o(.text)
    EXT7_HANDLER                             0x000009e5   Thumb Code     2  startup_rn821x.o(.text)
    NVM_HANDLER                              0x000009e7   Thumb Code     2  startup_rn821x.o(.text)
    DMA_HANDLER                              0x000009e9   Thumb Code     2  startup_rn821x.o(.text)
    CT_HANDLER                               0x000009eb   Thumb Code     2  startup_rn821x.o(.text)
    RTC_HANDLER                              0x000009ed   Thumb Code     2  startup_rn821x.o(.text)
    EMU_HANDLER                              0x000009ef   Thumb Code     2  startup_rn821x.o(.text)
    MADC_HANDLER                             0x000009f1   Thumb Code     2  startup_rn821x.o(.text)
    UART0_HANDLER                            0x000009f3   Thumb Code     2  startup_rn821x.o(.text)
    UART1_HANDLER                            0x000009f5   Thumb Code     2  startup_rn821x.o(.text)
    UART2_HANDLER                            0x000009f7   Thumb Code     2  startup_rn821x.o(.text)
    UART3_HANDLER                            0x000009f9   Thumb Code     2  startup_rn821x.o(.text)
    SPI_HANDLER                              0x000009fb   Thumb Code     2  startup_rn821x.o(.text)
    I2C_HANDLER                              0x000009fd   Thumb Code     2  startup_rn821x.o(.text)
    ISO78161_HANDLER                         0x000009ff   Thumb Code     2  startup_rn821x.o(.text)
    ISO78160_HANDLER                         0x00000a01   Thumb Code     2  startup_rn821x.o(.text)
    TC0_HANDLER                              0x00000a03   Thumb Code     2  startup_rn821x.o(.text)
    TC1_HANDLER                              0x00000a05   Thumb Code     2  startup_rn821x.o(.text)
    UART4_HANDLER                            0x00000a07   Thumb Code     2  startup_rn821x.o(.text)
    UART5_HANDLER                            0x00000a09   Thumb Code     2  startup_rn821x.o(.text)
    KBI_HANDLER                              0x00000a0d   Thumb Code     2  startup_rn821x.o(.text)
    LCD_HANDLER                              0x00000a0f   Thumb Code     2  startup_rn821x.o(.text)
    VCH_HANDLER                              0x00000a11   Thumb Code     2  startup_rn821x.o(.text)
    CMP_HANDLER                              0x00000a13   Thumb Code     2  startup_rn821x.o(.text)
    SysModeChg                               0x00000df1   Thumb Code   400  sysctrl.o(.text)
    Remap4Sel                                0x00000fa5   Thumb Code   120  sysctrl.o(.text)
    __aeabi_uidiv                            0x00001039   Thumb Code     0  uidiv.o(.text)
    __aeabi_uidivmod                         0x00001039   Thumb Code    44  uidiv.o(.text)
    __aeabi_idiv                             0x00001065   Thumb Code     0  idiv.o(.text)
    __aeabi_idivmod                          0x00001065   Thumb Code    40  idiv.o(.text)
    __scatterload                            0x0000108d   Thumb Code    28  init.o(.text)
    __scatterload_rt2                        0x0000108d   Thumb Code     0  init.o(.text)
    __scatterload_copy                       0x000010b1   Thumb Code    14  handlers.o(i.__scatterload_copy)
    __scatterload_null                       0x000010bf   Thumb Code     2  handlers.o(i.__scatterload_null)
    __scatterload_zeroinit                   0x000010c1   Thumb Code    14  handlers.o(i.__scatterload_zeroinit)
    Region$$Table$$Base                      0x000010d0   Number         0  anon$$obj.o(Region$$Table)
    Region$$Table$$Limit                     0x000010f0   Number         0  anon$$obj.o(Region$$Table)
    sysclk_loops                             0x00002000   Data           4  common.o(.data)
    SystemCoreClock                          0x00002004   Data           4  system_rn821x.o(.data)
    __initial_sp                             0x00002628   Data           0  startup_rn821x.o(STACK)



==============================================================================

Memory Map of the image

  Image Entry point : 0x000000c1

  Load Region LR_IROM1 (Base: 0x00000000, Size: 0x000010f8, Max: 0x00002000, ABSOLUTE)

    Execution Region ER_IROM1 (Base: 0x00000000, Size: 0x000010f0, Max: 0x00002000, ABSOLUTE)

    Base Addr    Size         Type   Attr      Idx    E Section Name        Object

    0x00000000   0x000000c0   Data   RO          166    RESET               startup_rn821x.o
    0x000000c0   0x00000000   Code   RO          178  * .ARM.Collect$$$$00000000  mc_p.l(entry.o)
    0x000000c0   0x00000004   Code   RO          185    .ARM.Collect$$$$00000001  mc_p.l(entry2.o)
    0x000000c4   0x00000004   Code   RO          188    .ARM.Collect$$$$00000004  mc_p.l(entry5.o)
    0x000000c8   0x00000000   Code   RO          190    .ARM.Collect$$$$00000008  mc_p.l(entry7b.o)
    0x000000c8   0x00000008   Code   RO          191    .ARM.Collect$$$$00000009  mc_p.l(entry8.o)
    0x000000d0   0x00000004   Code   RO          186    .ARM.Collect$$$$00002712  mc_p.l(entry2.o)
    0x000000d4   0x0000041c   Code   RO            3    .text               gpio_ft.o
    0x000004f0   0x00000478   Code   RO           62    .text               common.o
    0x00000968   0x00000060   Code   RO          140    .text               system_rn821x.o
    0x000009c8   0x00000050   Code   RO          167    .text               startup_rn821x.o
    0x00000a18   0x00000620   Code   RO          173    .text               rn821x_sysctrl.lib(sysctrl.o)
    0x00001038   0x0000002c   Code   RO          181    .text               mc_p.l(uidiv.o)
    0x00001064   0x00000028   Code   RO          183    .text               mc_p.l(idiv.o)
    0x0000108c   0x00000024   Code   RO          192    .text               mc_p.l(init.o)
    0x000010b0   0x0000000e   Code   RO          196    i.__scatterload_copy  mc_p.l(handlers.o)
    0x000010be   0x00000002   Code   RO          197    i.__scatterload_null  mc_p.l(handlers.o)
    0x000010c0   0x0000000e   Code   RO          198    i.__scatterload_zeroinit  mc_p.l(handlers.o)
    0x000010ce   0x00000002   PAD
    0x000010d0   0x00000020   Data   RO          194    Region$$Table       anon$$obj.o


    Execution Region RW_IRAM1 (Base: 0x00002000, Size: 0x00000628, Max: 0x00001700, ABSOLUTE)

    Base Addr    Size         Type   Attr      Idx    E Section Name        Object

    0x00002000   0x00000004   Data   RW           63    .data               common.o
    0x00002004   0x00000004   Data   RW          141    .data               system_rn821x.o
    0x00002008   0x00000020   Zero   RW          174    .bss                rn821x_sysctrl.lib(sysctrl.o)
    0x00002028   0x00000600   Zero   RW          164    STACK               startup_rn821x.o


==============================================================================

Image component sizes


      Code (inc. data)   RO Data    RW Data    ZI Data      Debug   Object Name

      1144         62          0          4          0       9238   common.o
      1052         58          0          0          0      13967   gpio_ft.o
        80          4        192          0       1536       1744   startup_rn821x.o
        96          8          0          4          0        813   system_rn821x.o

    ----------------------------------------------------------------------
      2372        132        224          8       1536      25762   Object Totals
         0          0         32          0          0          0   (incl. Generated)
         0          0          0          0          0          0   (incl. Padding)

    ----------------------------------------------------------------------

      Code (inc. data)   RO Data    RW Data    ZI Data      Debug   Library Member Name

         0          0          0          0          0          0   entry.o
         8          4          0          0          0          0   entry2.o
         4          0          0          0          0          0   entry5.o
         0          0          0          0          0          0   entry7b.o
         8          4          0          0          0          0   entry8.o
        30          0          0          0          0          0   handlers.o
        40          0          0          0          0         72   idiv.o
        36          8          0          0          0         68   init.o
        44          0          0          0          0         72   uidiv.o
      1568         92          0          0         32        308   sysctrl.o

    ----------------------------------------------------------------------
      1740        108          0          0         32        520   Library Totals
         2          0          0          0          0          0   (incl. Padding)

    ----------------------------------------------------------------------

      Code (inc. data)   RO Data    RW Data    ZI Data      Debug   Library Name

       170         16          0          0          0        212   mc_p.l
      1568         92          0          0         32        308   rn821x_sysctrl.lib

    ----------------------------------------------------------------------
      1740        108          0          0         32        520   Library Totals

    ----------------------------------------------------------------------

==============================================================================


      Code (inc. data)   RO Data    RW Data    ZI Data      Debug   

      4112        240        224          8       1568      26054   Grand Totals
      4112        240        224          8       1568      26054   ELF Image Totals
      4112        240        224          8          0          0   ROM Totals

==============================================================================

    Total RO  Size (Code + RO Data)                 4336 (   4.23kB)
    Total RW  Size (RW Data + ZI Data)              1576 (   1.54kB)
    Total ROM Size (Code + RO Data + RW Data)       4344 (   4.24kB)

==============================================================================

