<!doctype html public "-//w3c//dtd html 4.0 transitional//en">
<html><head>
<title>Static Call Graph - [E:\2017_FT_prog\V112\V112.3\RN8213_V1123_2_20180523\testcase\Clock_Switch_QC\build\Clock_Switch_QC.axf]</title></head>
<body><HR>
<H1>Static Call Graph for image E:\2017_FT_prog\V112\V112.3\RN8213_V1123_2_20180523\testcase\Clock_Switch_QC\build\Clock_Switch_QC.axf</H1><HR>
<BR><P>#&#060CALLGRAPH&#062# ARM Linker, 5.02 [Build 28]: Last Updated: Tue May 22 20:21:46 2018
<BR><P>
<H3>Maximum Stack Usage =        204 bytes + Unknown(Cycles, Untraceable Function Pointers)</H3><H3>
Call chain for Maximum Stack Depth:</H3>
main &rArr; SysModeChg &rArr; sysmodeWrite &rArr; PllEnable &rArr; rtcCheck &rArr; usTimeout &rArr; __aeabi_idivmod &rArr; __aeabi_uidivmod
<P>
<H3>
Mutually Recursive functions
</H3> <LI><a href="#[1]">NMI_Handler</a>&nbsp;&nbsp;&nbsp;&rArr;&nbsp;&nbsp;&nbsp;<a href="#[1]">NMI_Handler</a><BR>
 <LI><a href="#[2]">HardFault_Handler</a>&nbsp;&nbsp;&nbsp;&rArr;&nbsp;&nbsp;&nbsp;<a href="#[2]">HardFault_Handler</a><BR>
 <LI><a href="#[3]">SVC_Handler</a>&nbsp;&nbsp;&nbsp;&rArr;&nbsp;&nbsp;&nbsp;<a href="#[3]">SVC_Handler</a><BR>
 <LI><a href="#[4]">PendSV_Handler</a>&nbsp;&nbsp;&nbsp;&rArr;&nbsp;&nbsp;&nbsp;<a href="#[4]">PendSV_Handler</a><BR>
 <LI><a href="#[5]">SysTick_Handler</a>&nbsp;&nbsp;&nbsp;&rArr;&nbsp;&nbsp;&nbsp;<a href="#[5]">SysTick_Handler</a><BR>
 <LI><a href="#[1d]">EXT0_HANDLER</a>&nbsp;&nbsp;&nbsp;&rArr;&nbsp;&nbsp;&nbsp;<a href="#[1d]">EXT0_HANDLER</a><BR>
 <LI><a href="#[1e]">EXT1_HANDLER</a>&nbsp;&nbsp;&nbsp;&rArr;&nbsp;&nbsp;&nbsp;<a href="#[1e]">EXT1_HANDLER</a><BR>
 <LI><a href="#[1f]">EXT2_HANDLER</a>&nbsp;&nbsp;&nbsp;&rArr;&nbsp;&nbsp;&nbsp;<a href="#[1f]">EXT2_HANDLER</a><BR>
 <LI><a href="#[20]">EXT3_HANDLER</a>&nbsp;&nbsp;&nbsp;&rArr;&nbsp;&nbsp;&nbsp;<a href="#[20]">EXT3_HANDLER</a><BR>
 <LI><a href="#[21]">EXT4_HANDLER</a>&nbsp;&nbsp;&nbsp;&rArr;&nbsp;&nbsp;&nbsp;<a href="#[21]">EXT4_HANDLER</a><BR>
 <LI><a href="#[22]">EXT5_HANDLER</a>&nbsp;&nbsp;&nbsp;&rArr;&nbsp;&nbsp;&nbsp;<a href="#[22]">EXT5_HANDLER</a><BR>
 <LI><a href="#[23]">EXT6_HANDLER</a>&nbsp;&nbsp;&nbsp;&rArr;&nbsp;&nbsp;&nbsp;<a href="#[23]">EXT6_HANDLER</a><BR>
 <LI><a href="#[24]">EXT7_HANDLER</a>&nbsp;&nbsp;&nbsp;&rArr;&nbsp;&nbsp;&nbsp;<a href="#[24]">EXT7_HANDLER</a><BR>
 <LI><a href="#[1c]">NVM_HANDLER</a>&nbsp;&nbsp;&nbsp;&rArr;&nbsp;&nbsp;&nbsp;<a href="#[1c]">NVM_HANDLER</a><BR>
 <LI><a href="#[1b]">DMA_HANDLER</a>&nbsp;&nbsp;&nbsp;&rArr;&nbsp;&nbsp;&nbsp;<a href="#[1b]">DMA_HANDLER</a><BR>
 <LI><a href="#[1a]">CT_HANDLER</a>&nbsp;&nbsp;&nbsp;&rArr;&nbsp;&nbsp;&nbsp;<a href="#[1a]">CT_HANDLER</a><BR>
 <LI><a href="#[8]">RTC_HANDLER</a>&nbsp;&nbsp;&nbsp;&rArr;&nbsp;&nbsp;&nbsp;<a href="#[8]">RTC_HANDLER</a><BR>
 <LI><a href="#[9]">EMU_HANDLER</a>&nbsp;&nbsp;&nbsp;&rArr;&nbsp;&nbsp;&nbsp;<a href="#[9]">EMU_HANDLER</a><BR>
 <LI><a href="#[a]">MADC_HANDLER</a>&nbsp;&nbsp;&nbsp;&rArr;&nbsp;&nbsp;&nbsp;<a href="#[a]">MADC_HANDLER</a><BR>
 <LI><a href="#[b]">UART0_HANDLER</a>&nbsp;&nbsp;&nbsp;&rArr;&nbsp;&nbsp;&nbsp;<a href="#[b]">UART0_HANDLER</a><BR>
 <LI><a href="#[c]">UART1_HANDLER</a>&nbsp;&nbsp;&nbsp;&rArr;&nbsp;&nbsp;&nbsp;<a href="#[c]">UART1_HANDLER</a><BR>
 <LI><a href="#[d]">UART2_HANDLER</a>&nbsp;&nbsp;&nbsp;&rArr;&nbsp;&nbsp;&nbsp;<a href="#[d]">UART2_HANDLER</a><BR>
 <LI><a href="#[e]">UART3_HANDLER</a>&nbsp;&nbsp;&nbsp;&rArr;&nbsp;&nbsp;&nbsp;<a href="#[e]">UART3_HANDLER</a><BR>
 <LI><a href="#[f]">SPI_HANDLER</a>&nbsp;&nbsp;&nbsp;&rArr;&nbsp;&nbsp;&nbsp;<a href="#[f]">SPI_HANDLER</a><BR>
 <LI><a href="#[10]">I2C_HANDLER</a>&nbsp;&nbsp;&nbsp;&rArr;&nbsp;&nbsp;&nbsp;<a href="#[10]">I2C_HANDLER</a><BR>
 <LI><a href="#[12]">ISO78161_HANDLER</a>&nbsp;&nbsp;&nbsp;&rArr;&nbsp;&nbsp;&nbsp;<a href="#[12]">ISO78161_HANDLER</a><BR>
 <LI><a href="#[11]">ISO78160_HANDLER</a>&nbsp;&nbsp;&nbsp;&rArr;&nbsp;&nbsp;&nbsp;<a href="#[11]">ISO78160_HANDLER</a><BR>
 <LI><a href="#[13]">TC0_HANDLER</a>&nbsp;&nbsp;&nbsp;&rArr;&nbsp;&nbsp;&nbsp;<a href="#[13]">TC0_HANDLER</a><BR>
 <LI><a href="#[14]">TC1_HANDLER</a>&nbsp;&nbsp;&nbsp;&rArr;&nbsp;&nbsp;&nbsp;<a href="#[14]">TC1_HANDLER</a><BR>
 <LI><a href="#[15]">TC2_HANDLER</a>&nbsp;&nbsp;&nbsp;&rArr;&nbsp;&nbsp;&nbsp;<a href="#[15]">TC2_HANDLER</a><BR>
 <LI><a href="#[16]">TC3_HANDLER</a>&nbsp;&nbsp;&nbsp;&rArr;&nbsp;&nbsp;&nbsp;<a href="#[16]">TC3_HANDLER</a><BR>
 <LI><a href="#[17]">WDT_HANDLER</a>&nbsp;&nbsp;&nbsp;&rArr;&nbsp;&nbsp;&nbsp;<a href="#[17]">WDT_HANDLER</a><BR>
 <LI><a href="#[18]">KBI_HANDLER</a>&nbsp;&nbsp;&nbsp;&rArr;&nbsp;&nbsp;&nbsp;<a href="#[18]">KBI_HANDLER</a><BR>
 <LI><a href="#[19]">LCD_HANDLER</a>&nbsp;&nbsp;&nbsp;&rArr;&nbsp;&nbsp;&nbsp;<a href="#[19]">LCD_HANDLER</a><BR>
 <LI><a href="#[7]">VCH_HANDLER</a>&nbsp;&nbsp;&nbsp;&rArr;&nbsp;&nbsp;&nbsp;<a href="#[7]">VCH_HANDLER</a><BR>
 <LI><a href="#[6]">CMP_HANDLER</a>&nbsp;&nbsp;&nbsp;&rArr;&nbsp;&nbsp;&nbsp;<a href="#[6]">CMP_HANDLER</a><BR>
</UL>
<P>
<H3>
Function Pointers
</H3><UL>
 <LI><a href="#[6]">CMP_HANDLER</a> from startup_ra9103.o(.text) referenced from startup_ra9103.o(RESET)
 <LI><a href="#[1a]">CT_HANDLER</a> from startup_ra9103.o(.text) referenced from startup_ra9103.o(RESET)
 <LI><a href="#[1b]">DMA_HANDLER</a> from startup_ra9103.o(.text) referenced from startup_ra9103.o(RESET)
 <LI><a href="#[9]">EMU_HANDLER</a> from startup_ra9103.o(.text) referenced from startup_ra9103.o(RESET)
 <LI><a href="#[1d]">EXT0_HANDLER</a> from startup_ra9103.o(.text) referenced from startup_ra9103.o(RESET)
 <LI><a href="#[1e]">EXT1_HANDLER</a> from startup_ra9103.o(.text) referenced from startup_ra9103.o(RESET)
 <LI><a href="#[1f]">EXT2_HANDLER</a> from startup_ra9103.o(.text) referenced from startup_ra9103.o(RESET)
 <LI><a href="#[20]">EXT3_HANDLER</a> from startup_ra9103.o(.text) referenced from startup_ra9103.o(RESET)
 <LI><a href="#[21]">EXT4_HANDLER</a> from startup_ra9103.o(.text) referenced from startup_ra9103.o(RESET)
 <LI><a href="#[22]">EXT5_HANDLER</a> from startup_ra9103.o(.text) referenced from startup_ra9103.o(RESET)
 <LI><a href="#[23]">EXT6_HANDLER</a> from startup_ra9103.o(.text) referenced from startup_ra9103.o(RESET)
 <LI><a href="#[24]">EXT7_HANDLER</a> from startup_ra9103.o(.text) referenced from startup_ra9103.o(RESET)
 <LI><a href="#[2]">HardFault_Handler</a> from startup_ra9103.o(.text) referenced from startup_ra9103.o(RESET)
 <LI><a href="#[10]">I2C_HANDLER</a> from startup_ra9103.o(.text) referenced from startup_ra9103.o(RESET)
 <LI><a href="#[11]">ISO78160_HANDLER</a> from startup_ra9103.o(.text) referenced from startup_ra9103.o(RESET)
 <LI><a href="#[12]">ISO78161_HANDLER</a> from startup_ra9103.o(.text) referenced from startup_ra9103.o(RESET)
 <LI><a href="#[18]">KBI_HANDLER</a> from startup_ra9103.o(.text) referenced from startup_ra9103.o(RESET)
 <LI><a href="#[19]">LCD_HANDLER</a> from startup_ra9103.o(.text) referenced from startup_ra9103.o(RESET)
 <LI><a href="#[a]">MADC_HANDLER</a> from startup_ra9103.o(.text) referenced from startup_ra9103.o(RESET)
 <LI><a href="#[1]">NMI_Handler</a> from startup_ra9103.o(.text) referenced from startup_ra9103.o(RESET)
 <LI><a href="#[1c]">NVM_HANDLER</a> from startup_ra9103.o(.text) referenced from startup_ra9103.o(RESET)
 <LI><a href="#[4]">PendSV_Handler</a> from startup_ra9103.o(.text) referenced from startup_ra9103.o(RESET)
 <LI><a href="#[8]">RTC_HANDLER</a> from startup_ra9103.o(.text) referenced from startup_ra9103.o(RESET)
 <LI><a href="#[0]">Reset_Handler</a> from startup_ra9103.o(.text) referenced from startup_ra9103.o(RESET)
 <LI><a href="#[f]">SPI_HANDLER</a> from startup_ra9103.o(.text) referenced from startup_ra9103.o(RESET)
 <LI><a href="#[3]">SVC_Handler</a> from startup_ra9103.o(.text) referenced from startup_ra9103.o(RESET)
 <LI><a href="#[5]">SysTick_Handler</a> from startup_ra9103.o(.text) referenced from startup_ra9103.o(RESET)
 <LI><a href="#[13]">TC0_HANDLER</a> from startup_ra9103.o(.text) referenced from startup_ra9103.o(RESET)
 <LI><a href="#[14]">TC1_HANDLER</a> from startup_ra9103.o(.text) referenced from startup_ra9103.o(RESET)
 <LI><a href="#[15]">TC2_HANDLER</a> from startup_ra9103.o(.text) referenced from startup_ra9103.o(RESET)
 <LI><a href="#[16]">TC3_HANDLER</a> from startup_ra9103.o(.text) referenced from startup_ra9103.o(RESET)
 <LI><a href="#[b]">UART0_HANDLER</a> from startup_ra9103.o(.text) referenced from startup_ra9103.o(RESET)
 <LI><a href="#[c]">UART1_HANDLER</a> from startup_ra9103.o(.text) referenced from startup_ra9103.o(RESET)
 <LI><a href="#[d]">UART2_HANDLER</a> from startup_ra9103.o(.text) referenced from startup_ra9103.o(RESET)
 <LI><a href="#[e]">UART3_HANDLER</a> from startup_ra9103.o(.text) referenced from startup_ra9103.o(RESET)
 <LI><a href="#[7]">VCH_HANDLER</a> from startup_ra9103.o(.text) referenced from startup_ra9103.o(RESET)
 <LI><a href="#[17]">WDT_HANDLER</a> from startup_ra9103.o(.text) referenced from startup_ra9103.o(RESET)
 <LI><a href="#[26]">__main</a> from entry.o(.ARM.Collect$$$$00000000) referenced from startup_ra9103.o(.text)
 <LI><a href="#[25]">main</a> from ra9103a0_clock_switch_qc.o(.text) referenced from entry8.o(.ARM.Collect$$$$00000009)
</UL>
<P>
<H3>
Global Symbols
</H3>
<P><STRONG><a name="[26]"></a>__main</STRONG> (Thumb, 0 bytes, Stack size unknown bytes, entry.o(.ARM.Collect$$$$00000000))
<BR>[Address Reference Count : 1]<UL><LI> startup_ra9103.o(.text)
</UL>
<P><STRONG><a name="[3c]"></a>_main_stk</STRONG> (Thumb, 0 bytes, Stack size unknown bytes, entry2.o(.ARM.Collect$$$$00000001))

<P><STRONG><a name="[27]"></a>_main_scatterload</STRONG> (Thumb, 0 bytes, Stack size unknown bytes, entry5.o(.ARM.Collect$$$$00000004))
<BR><BR>[Calls]<UL><LI><a href="#[28]">&gt;&gt;</a>&nbsp;&nbsp;&nbsp;__scatterload
</UL>

<P><STRONG><a name="[3b]"></a>__main_after_scatterload</STRONG> (Thumb, 0 bytes, Stack size unknown bytes, entry5.o(.ARM.Collect$$$$00000004))
<BR><BR>[Called By]<UL><LI><a href="#[28]">&gt;&gt;</a>&nbsp;&nbsp;&nbsp;__scatterload
</UL>

<P><STRONG><a name="[3d]"></a>_main_clock</STRONG> (Thumb, 0 bytes, Stack size unknown bytes, entry7b.o(.ARM.Collect$$$$00000008))

<P><STRONG><a name="[3e]"></a>_main_init</STRONG> (Thumb, 0 bytes, Stack size unknown bytes, entry8.o(.ARM.Collect$$$$00000009))

<P><STRONG><a name="[29]"></a>WdtInit</STRONG> (Thumb, 26 bytes, Stack size 0 bytes, common.o(.text))
<BR><BR>[Called By]<UL><LI><a href="#[25]">&gt;&gt;</a>&nbsp;&nbsp;&nbsp;main
</UL>

<P><STRONG><a name="[0]"></a>Reset_Handler</STRONG> (Thumb, 4 bytes, Stack size 0 bytes, startup_ra9103.o(.text))
<BR>[Address Reference Count : 1]<UL><LI> startup_ra9103.o(RESET)
</UL>
<P><STRONG><a name="[1]"></a>NMI_Handler</STRONG> (Thumb, 2 bytes, Stack size 0 bytes, startup_ra9103.o(.text))
<BR><BR>[Calls]<UL><LI><a href="#[1]">&gt;&gt;</a>&nbsp;&nbsp;&nbsp;NMI_Handler
</UL>
<BR>[Called By]<UL><LI><a href="#[1]">&gt;&gt;</a>&nbsp;&nbsp;&nbsp;NMI_Handler
</UL>
<BR>[Address Reference Count : 1]<UL><LI> startup_ra9103.o(RESET)
</UL>
<P><STRONG><a name="[2]"></a>HardFault_Handler</STRONG> (Thumb, 2 bytes, Stack size 0 bytes, startup_ra9103.o(.text))
<BR><BR>[Calls]<UL><LI><a href="#[2]">&gt;&gt;</a>&nbsp;&nbsp;&nbsp;HardFault_Handler
</UL>
<BR>[Called By]<UL><LI><a href="#[2]">&gt;&gt;</a>&nbsp;&nbsp;&nbsp;HardFault_Handler
</UL>
<BR>[Address Reference Count : 1]<UL><LI> startup_ra9103.o(RESET)
</UL>
<P><STRONG><a name="[3]"></a>SVC_Handler</STRONG> (Thumb, 2 bytes, Stack size 0 bytes, startup_ra9103.o(.text))
<BR><BR>[Calls]<UL><LI><a href="#[3]">&gt;&gt;</a>&nbsp;&nbsp;&nbsp;SVC_Handler
</UL>
<BR>[Called By]<UL><LI><a href="#[3]">&gt;&gt;</a>&nbsp;&nbsp;&nbsp;SVC_Handler
</UL>
<BR>[Address Reference Count : 1]<UL><LI> startup_ra9103.o(RESET)
</UL>
<P><STRONG><a name="[4]"></a>PendSV_Handler</STRONG> (Thumb, 2 bytes, Stack size 0 bytes, startup_ra9103.o(.text))
<BR><BR>[Calls]<UL><LI><a href="#[4]">&gt;&gt;</a>&nbsp;&nbsp;&nbsp;PendSV_Handler
</UL>
<BR>[Called By]<UL><LI><a href="#[4]">&gt;&gt;</a>&nbsp;&nbsp;&nbsp;PendSV_Handler
</UL>
<BR>[Address Reference Count : 1]<UL><LI> startup_ra9103.o(RESET)
</UL>
<P><STRONG><a name="[5]"></a>SysTick_Handler</STRONG> (Thumb, 2 bytes, Stack size 0 bytes, startup_ra9103.o(.text))
<BR><BR>[Calls]<UL><LI><a href="#[5]">&gt;&gt;</a>&nbsp;&nbsp;&nbsp;SysTick_Handler
</UL>
<BR>[Called By]<UL><LI><a href="#[5]">&gt;&gt;</a>&nbsp;&nbsp;&nbsp;SysTick_Handler
</UL>
<BR>[Address Reference Count : 1]<UL><LI> startup_ra9103.o(RESET)
</UL>
<P><STRONG><a name="[1d]"></a>EXT0_HANDLER</STRONG> (Thumb, 2 bytes, Stack size 0 bytes, startup_ra9103.o(.text))
<BR><BR>[Calls]<UL><LI><a href="#[1d]">&gt;&gt;</a>&nbsp;&nbsp;&nbsp;EXT0_HANDLER
</UL>
<BR>[Called By]<UL><LI><a href="#[1d]">&gt;&gt;</a>&nbsp;&nbsp;&nbsp;EXT0_HANDLER
</UL>
<BR>[Address Reference Count : 1]<UL><LI> startup_ra9103.o(RESET)
</UL>
<P><STRONG><a name="[1e]"></a>EXT1_HANDLER</STRONG> (Thumb, 2 bytes, Stack size 0 bytes, startup_ra9103.o(.text))
<BR><BR>[Calls]<UL><LI><a href="#[1e]">&gt;&gt;</a>&nbsp;&nbsp;&nbsp;EXT1_HANDLER
</UL>
<BR>[Called By]<UL><LI><a href="#[1e]">&gt;&gt;</a>&nbsp;&nbsp;&nbsp;EXT1_HANDLER
</UL>
<BR>[Address Reference Count : 1]<UL><LI> startup_ra9103.o(RESET)
</UL>
<P><STRONG><a name="[1f]"></a>EXT2_HANDLER</STRONG> (Thumb, 2 bytes, Stack size 0 bytes, startup_ra9103.o(.text))
<BR><BR>[Calls]<UL><LI><a href="#[1f]">&gt;&gt;</a>&nbsp;&nbsp;&nbsp;EXT2_HANDLER
</UL>
<BR>[Called By]<UL><LI><a href="#[1f]">&gt;&gt;</a>&nbsp;&nbsp;&nbsp;EXT2_HANDLER
</UL>
<BR>[Address Reference Count : 1]<UL><LI> startup_ra9103.o(RESET)
</UL>
<P><STRONG><a name="[20]"></a>EXT3_HANDLER</STRONG> (Thumb, 2 bytes, Stack size 0 bytes, startup_ra9103.o(.text))
<BR><BR>[Calls]<UL><LI><a href="#[20]">&gt;&gt;</a>&nbsp;&nbsp;&nbsp;EXT3_HANDLER
</UL>
<BR>[Called By]<UL><LI><a href="#[20]">&gt;&gt;</a>&nbsp;&nbsp;&nbsp;EXT3_HANDLER
</UL>
<BR>[Address Reference Count : 1]<UL><LI> startup_ra9103.o(RESET)
</UL>
<P><STRONG><a name="[21]"></a>EXT4_HANDLER</STRONG> (Thumb, 2 bytes, Stack size 0 bytes, startup_ra9103.o(.text))
<BR><BR>[Calls]<UL><LI><a href="#[21]">&gt;&gt;</a>&nbsp;&nbsp;&nbsp;EXT4_HANDLER
</UL>
<BR>[Called By]<UL><LI><a href="#[21]">&gt;&gt;</a>&nbsp;&nbsp;&nbsp;EXT4_HANDLER
</UL>
<BR>[Address Reference Count : 1]<UL><LI> startup_ra9103.o(RESET)
</UL>
<P><STRONG><a name="[22]"></a>EXT5_HANDLER</STRONG> (Thumb, 2 bytes, Stack size 0 bytes, startup_ra9103.o(.text))
<BR><BR>[Calls]<UL><LI><a href="#[22]">&gt;&gt;</a>&nbsp;&nbsp;&nbsp;EXT5_HANDLER
</UL>
<BR>[Called By]<UL><LI><a href="#[22]">&gt;&gt;</a>&nbsp;&nbsp;&nbsp;EXT5_HANDLER
</UL>
<BR>[Address Reference Count : 1]<UL><LI> startup_ra9103.o(RESET)
</UL>
<P><STRONG><a name="[23]"></a>EXT6_HANDLER</STRONG> (Thumb, 2 bytes, Stack size 0 bytes, startup_ra9103.o(.text))
<BR><BR>[Calls]<UL><LI><a href="#[23]">&gt;&gt;</a>&nbsp;&nbsp;&nbsp;EXT6_HANDLER
</UL>
<BR>[Called By]<UL><LI><a href="#[23]">&gt;&gt;</a>&nbsp;&nbsp;&nbsp;EXT6_HANDLER
</UL>
<BR>[Address Reference Count : 1]<UL><LI> startup_ra9103.o(RESET)
</UL>
<P><STRONG><a name="[24]"></a>EXT7_HANDLER</STRONG> (Thumb, 2 bytes, Stack size 0 bytes, startup_ra9103.o(.text))
<BR><BR>[Calls]<UL><LI><a href="#[24]">&gt;&gt;</a>&nbsp;&nbsp;&nbsp;EXT7_HANDLER
</UL>
<BR>[Called By]<UL><LI><a href="#[24]">&gt;&gt;</a>&nbsp;&nbsp;&nbsp;EXT7_HANDLER
</UL>
<BR>[Address Reference Count : 1]<UL><LI> startup_ra9103.o(RESET)
</UL>
<P><STRONG><a name="[1c]"></a>NVM_HANDLER</STRONG> (Thumb, 2 bytes, Stack size 0 bytes, startup_ra9103.o(.text))
<BR><BR>[Calls]<UL><LI><a href="#[1c]">&gt;&gt;</a>&nbsp;&nbsp;&nbsp;NVM_HANDLER
</UL>
<BR>[Called By]<UL><LI><a href="#[1c]">&gt;&gt;</a>&nbsp;&nbsp;&nbsp;NVM_HANDLER
</UL>
<BR>[Address Reference Count : 1]<UL><LI> startup_ra9103.o(RESET)
</UL>
<P><STRONG><a name="[1b]"></a>DMA_HANDLER</STRONG> (Thumb, 2 bytes, Stack size 0 bytes, startup_ra9103.o(.text))
<BR><BR>[Calls]<UL><LI><a href="#[1b]">&gt;&gt;</a>&nbsp;&nbsp;&nbsp;DMA_HANDLER
</UL>
<BR>[Called By]<UL><LI><a href="#[1b]">&gt;&gt;</a>&nbsp;&nbsp;&nbsp;DMA_HANDLER
</UL>
<BR>[Address Reference Count : 1]<UL><LI> startup_ra9103.o(RESET)
</UL>
<P><STRONG><a name="[1a]"></a>CT_HANDLER</STRONG> (Thumb, 2 bytes, Stack size 0 bytes, startup_ra9103.o(.text))
<BR><BR>[Calls]<UL><LI><a href="#[1a]">&gt;&gt;</a>&nbsp;&nbsp;&nbsp;CT_HANDLER
</UL>
<BR>[Called By]<UL><LI><a href="#[1a]">&gt;&gt;</a>&nbsp;&nbsp;&nbsp;CT_HANDLER
</UL>
<BR>[Address Reference Count : 1]<UL><LI> startup_ra9103.o(RESET)
</UL>
<P><STRONG><a name="[8]"></a>RTC_HANDLER</STRONG> (Thumb, 2 bytes, Stack size 0 bytes, startup_ra9103.o(.text))
<BR><BR>[Calls]<UL><LI><a href="#[8]">&gt;&gt;</a>&nbsp;&nbsp;&nbsp;RTC_HANDLER
</UL>
<BR>[Called By]<UL><LI><a href="#[8]">&gt;&gt;</a>&nbsp;&nbsp;&nbsp;RTC_HANDLER
</UL>
<BR>[Address Reference Count : 1]<UL><LI> startup_ra9103.o(RESET)
</UL>
<P><STRONG><a name="[9]"></a>EMU_HANDLER</STRONG> (Thumb, 2 bytes, Stack size 0 bytes, startup_ra9103.o(.text))
<BR><BR>[Calls]<UL><LI><a href="#[9]">&gt;&gt;</a>&nbsp;&nbsp;&nbsp;EMU_HANDLER
</UL>
<BR>[Called By]<UL><LI><a href="#[9]">&gt;&gt;</a>&nbsp;&nbsp;&nbsp;EMU_HANDLER
</UL>
<BR>[Address Reference Count : 1]<UL><LI> startup_ra9103.o(RESET)
</UL>
<P><STRONG><a name="[a]"></a>MADC_HANDLER</STRONG> (Thumb, 2 bytes, Stack size 0 bytes, startup_ra9103.o(.text))
<BR><BR>[Calls]<UL><LI><a href="#[a]">&gt;&gt;</a>&nbsp;&nbsp;&nbsp;MADC_HANDLER
</UL>
<BR>[Called By]<UL><LI><a href="#[a]">&gt;&gt;</a>&nbsp;&nbsp;&nbsp;MADC_HANDLER
</UL>
<BR>[Address Reference Count : 1]<UL><LI> startup_ra9103.o(RESET)
</UL>
<P><STRONG><a name="[b]"></a>UART0_HANDLER</STRONG> (Thumb, 2 bytes, Stack size 0 bytes, startup_ra9103.o(.text))
<BR><BR>[Calls]<UL><LI><a href="#[b]">&gt;&gt;</a>&nbsp;&nbsp;&nbsp;UART0_HANDLER
</UL>
<BR>[Called By]<UL><LI><a href="#[b]">&gt;&gt;</a>&nbsp;&nbsp;&nbsp;UART0_HANDLER
</UL>
<BR>[Address Reference Count : 1]<UL><LI> startup_ra9103.o(RESET)
</UL>
<P><STRONG><a name="[c]"></a>UART1_HANDLER</STRONG> (Thumb, 2 bytes, Stack size 0 bytes, startup_ra9103.o(.text))
<BR><BR>[Calls]<UL><LI><a href="#[c]">&gt;&gt;</a>&nbsp;&nbsp;&nbsp;UART1_HANDLER
</UL>
<BR>[Called By]<UL><LI><a href="#[c]">&gt;&gt;</a>&nbsp;&nbsp;&nbsp;UART1_HANDLER
</UL>
<BR>[Address Reference Count : 1]<UL><LI> startup_ra9103.o(RESET)
</UL>
<P><STRONG><a name="[d]"></a>UART2_HANDLER</STRONG> (Thumb, 2 bytes, Stack size 0 bytes, startup_ra9103.o(.text))
<BR><BR>[Calls]<UL><LI><a href="#[d]">&gt;&gt;</a>&nbsp;&nbsp;&nbsp;UART2_HANDLER
</UL>
<BR>[Called By]<UL><LI><a href="#[d]">&gt;&gt;</a>&nbsp;&nbsp;&nbsp;UART2_HANDLER
</UL>
<BR>[Address Reference Count : 1]<UL><LI> startup_ra9103.o(RESET)
</UL>
<P><STRONG><a name="[e]"></a>UART3_HANDLER</STRONG> (Thumb, 2 bytes, Stack size 0 bytes, startup_ra9103.o(.text))
<BR><BR>[Calls]<UL><LI><a href="#[e]">&gt;&gt;</a>&nbsp;&nbsp;&nbsp;UART3_HANDLER
</UL>
<BR>[Called By]<UL><LI><a href="#[e]">&gt;&gt;</a>&nbsp;&nbsp;&nbsp;UART3_HANDLER
</UL>
<BR>[Address Reference Count : 1]<UL><LI> startup_ra9103.o(RESET)
</UL>
<P><STRONG><a name="[f]"></a>SPI_HANDLER</STRONG> (Thumb, 2 bytes, Stack size 0 bytes, startup_ra9103.o(.text))
<BR><BR>[Calls]<UL><LI><a href="#[f]">&gt;&gt;</a>&nbsp;&nbsp;&nbsp;SPI_HANDLER
</UL>
<BR>[Called By]<UL><LI><a href="#[f]">&gt;&gt;</a>&nbsp;&nbsp;&nbsp;SPI_HANDLER
</UL>
<BR>[Address Reference Count : 1]<UL><LI> startup_ra9103.o(RESET)
</UL>
<P><STRONG><a name="[10]"></a>I2C_HANDLER</STRONG> (Thumb, 2 bytes, Stack size 0 bytes, startup_ra9103.o(.text))
<BR><BR>[Calls]<UL><LI><a href="#[10]">&gt;&gt;</a>&nbsp;&nbsp;&nbsp;I2C_HANDLER
</UL>
<BR>[Called By]<UL><LI><a href="#[10]">&gt;&gt;</a>&nbsp;&nbsp;&nbsp;I2C_HANDLER
</UL>
<BR>[Address Reference Count : 1]<UL><LI> startup_ra9103.o(RESET)
</UL>
<P><STRONG><a name="[12]"></a>ISO78161_HANDLER</STRONG> (Thumb, 2 bytes, Stack size 0 bytes, startup_ra9103.o(.text))
<BR><BR>[Calls]<UL><LI><a href="#[12]">&gt;&gt;</a>&nbsp;&nbsp;&nbsp;ISO78161_HANDLER
</UL>
<BR>[Called By]<UL><LI><a href="#[12]">&gt;&gt;</a>&nbsp;&nbsp;&nbsp;ISO78161_HANDLER
</UL>
<BR>[Address Reference Count : 1]<UL><LI> startup_ra9103.o(RESET)
</UL>
<P><STRONG><a name="[11]"></a>ISO78160_HANDLER</STRONG> (Thumb, 2 bytes, Stack size 0 bytes, startup_ra9103.o(.text))
<BR><BR>[Calls]<UL><LI><a href="#[11]">&gt;&gt;</a>&nbsp;&nbsp;&nbsp;ISO78160_HANDLER
</UL>
<BR>[Called By]<UL><LI><a href="#[11]">&gt;&gt;</a>&nbsp;&nbsp;&nbsp;ISO78160_HANDLER
</UL>
<BR>[Address Reference Count : 1]<UL><LI> startup_ra9103.o(RESET)
</UL>
<P><STRONG><a name="[13]"></a>TC0_HANDLER</STRONG> (Thumb, 2 bytes, Stack size 0 bytes, startup_ra9103.o(.text))
<BR><BR>[Calls]<UL><LI><a href="#[13]">&gt;&gt;</a>&nbsp;&nbsp;&nbsp;TC0_HANDLER
</UL>
<BR>[Called By]<UL><LI><a href="#[13]">&gt;&gt;</a>&nbsp;&nbsp;&nbsp;TC0_HANDLER
</UL>
<BR>[Address Reference Count : 1]<UL><LI> startup_ra9103.o(RESET)
</UL>
<P><STRONG><a name="[14]"></a>TC1_HANDLER</STRONG> (Thumb, 2 bytes, Stack size 0 bytes, startup_ra9103.o(.text))
<BR><BR>[Calls]<UL><LI><a href="#[14]">&gt;&gt;</a>&nbsp;&nbsp;&nbsp;TC1_HANDLER
</UL>
<BR>[Called By]<UL><LI><a href="#[14]">&gt;&gt;</a>&nbsp;&nbsp;&nbsp;TC1_HANDLER
</UL>
<BR>[Address Reference Count : 1]<UL><LI> startup_ra9103.o(RESET)
</UL>
<P><STRONG><a name="[15]"></a>TC2_HANDLER</STRONG> (Thumb, 2 bytes, Stack size 0 bytes, startup_ra9103.o(.text))
<BR><BR>[Calls]<UL><LI><a href="#[15]">&gt;&gt;</a>&nbsp;&nbsp;&nbsp;TC2_HANDLER
</UL>
<BR>[Called By]<UL><LI><a href="#[15]">&gt;&gt;</a>&nbsp;&nbsp;&nbsp;TC2_HANDLER
</UL>
<BR>[Address Reference Count : 1]<UL><LI> startup_ra9103.o(RESET)
</UL>
<P><STRONG><a name="[16]"></a>TC3_HANDLER</STRONG> (Thumb, 2 bytes, Stack size 0 bytes, startup_ra9103.o(.text))
<BR><BR>[Calls]<UL><LI><a href="#[16]">&gt;&gt;</a>&nbsp;&nbsp;&nbsp;TC3_HANDLER
</UL>
<BR>[Called By]<UL><LI><a href="#[16]">&gt;&gt;</a>&nbsp;&nbsp;&nbsp;TC3_HANDLER
</UL>
<BR>[Address Reference Count : 1]<UL><LI> startup_ra9103.o(RESET)
</UL>
<P><STRONG><a name="[17]"></a>WDT_HANDLER</STRONG> (Thumb, 2 bytes, Stack size 0 bytes, startup_ra9103.o(.text))
<BR><BR>[Calls]<UL><LI><a href="#[17]">&gt;&gt;</a>&nbsp;&nbsp;&nbsp;WDT_HANDLER
</UL>
<BR>[Called By]<UL><LI><a href="#[17]">&gt;&gt;</a>&nbsp;&nbsp;&nbsp;WDT_HANDLER
</UL>
<BR>[Address Reference Count : 1]<UL><LI> startup_ra9103.o(RESET)
</UL>
<P><STRONG><a name="[18]"></a>KBI_HANDLER</STRONG> (Thumb, 2 bytes, Stack size 0 bytes, startup_ra9103.o(.text))
<BR><BR>[Calls]<UL><LI><a href="#[18]">&gt;&gt;</a>&nbsp;&nbsp;&nbsp;KBI_HANDLER
</UL>
<BR>[Called By]<UL><LI><a href="#[18]">&gt;&gt;</a>&nbsp;&nbsp;&nbsp;KBI_HANDLER
</UL>
<BR>[Address Reference Count : 1]<UL><LI> startup_ra9103.o(RESET)
</UL>
<P><STRONG><a name="[19]"></a>LCD_HANDLER</STRONG> (Thumb, 2 bytes, Stack size 0 bytes, startup_ra9103.o(.text))
<BR><BR>[Calls]<UL><LI><a href="#[19]">&gt;&gt;</a>&nbsp;&nbsp;&nbsp;LCD_HANDLER
</UL>
<BR>[Called By]<UL><LI><a href="#[19]">&gt;&gt;</a>&nbsp;&nbsp;&nbsp;LCD_HANDLER
</UL>
<BR>[Address Reference Count : 1]<UL><LI> startup_ra9103.o(RESET)
</UL>
<P><STRONG><a name="[7]"></a>VCH_HANDLER</STRONG> (Thumb, 2 bytes, Stack size 0 bytes, startup_ra9103.o(.text))
<BR><BR>[Calls]<UL><LI><a href="#[7]">&gt;&gt;</a>&nbsp;&nbsp;&nbsp;VCH_HANDLER
</UL>
<BR>[Called By]<UL><LI><a href="#[7]">&gt;&gt;</a>&nbsp;&nbsp;&nbsp;VCH_HANDLER
</UL>
<BR>[Address Reference Count : 1]<UL><LI> startup_ra9103.o(RESET)
</UL>
<P><STRONG><a name="[6]"></a>CMP_HANDLER</STRONG> (Thumb, 2 bytes, Stack size 0 bytes, startup_ra9103.o(.text))
<BR><BR>[Calls]<UL><LI><a href="#[6]">&gt;&gt;</a>&nbsp;&nbsp;&nbsp;CMP_HANDLER
</UL>
<BR>[Called By]<UL><LI><a href="#[6]">&gt;&gt;</a>&nbsp;&nbsp;&nbsp;CMP_HANDLER
</UL>
<BR>[Address Reference Count : 1]<UL><LI> startup_ra9103.o(RESET)
</UL>
<P><STRONG><a name="[2b]"></a>qc_fail</STRONG> (Thumb, 8 bytes, Stack size 0 bytes, ra9103a0_clock_switch_qc.o(.text))
<BR><BR>[Called By]<UL><LI><a href="#[25]">&gt;&gt;</a>&nbsp;&nbsp;&nbsp;main
</UL>

<P><STRONG><a name="[25]"></a>main</STRONG> (Thumb, 122 bytes, Stack size 0 bytes, ra9103a0_clock_switch_qc.o(.text))
<BR><BR>[Stack]<UL><LI>Max Depth = 204<LI>Call Chain = main &rArr; SysModeChg &rArr; sysmodeWrite &rArr; PllEnable &rArr; rtcCheck &rArr; usTimeout &rArr; __aeabi_idivmod &rArr; __aeabi_uidivmod
</UL>
<BR>[Calls]<UL><LI><a href="#[2a]">&gt;&gt;</a>&nbsp;&nbsp;&nbsp;SysModeChg
<LI><a href="#[2b]">&gt;&gt;</a>&nbsp;&nbsp;&nbsp;qc_fail
<LI><a href="#[29]">&gt;&gt;</a>&nbsp;&nbsp;&nbsp;WdtInit
</UL>
<BR>[Address Reference Count : 1]<UL><LI> entry8.o(.ARM.Collect$$$$00000009)
</UL>
<P><STRONG><a name="[2a]"></a>SysModeChg</STRONG> (Thumb, 554 bytes, Stack size 40 bytes, sysctrl.o(.text))
<BR><BR>[Stack]<UL><LI>Max Depth = 204<LI>Call Chain = SysModeChg &rArr; sysmodeWrite &rArr; PllEnable &rArr; rtcCheck &rArr; usTimeout &rArr; __aeabi_idivmod &rArr; __aeabi_uidivmod
</UL>
<BR>[Calls]<UL><LI><a href="#[37]">&gt;&gt;</a>&nbsp;&nbsp;&nbsp;sysmodeWrite
<LI><a href="#[35]">&gt;&gt;</a>&nbsp;&nbsp;&nbsp;HoscEnable
<LI><a href="#[34]">&gt;&gt;</a>&nbsp;&nbsp;&nbsp;PllEnable
<LI><a href="#[31]">&gt;&gt;</a>&nbsp;&nbsp;&nbsp;setMipTW
<LI><a href="#[2c]">&gt;&gt;</a>&nbsp;&nbsp;&nbsp;usTimeout
<LI><a href="#[38]">&gt;&gt;</a>&nbsp;&nbsp;&nbsp;getChipid
</UL>
<BR>[Called By]<UL><LI><a href="#[25]">&gt;&gt;</a>&nbsp;&nbsp;&nbsp;main
</UL>

<P><STRONG><a name="[39]"></a>Remap4Sel</STRONG> (Thumb, 120 bytes, Stack size 16 bytes, sysctrl.o(.text), UNUSED)
<BR><BR>[Calls]<UL><LI><a href="#[3a]">&gt;&gt;</a>&nbsp;&nbsp;&nbsp;unlockNVM
<LI><a href="#[32]">&gt;&gt;</a>&nbsp;&nbsp;&nbsp;_getMipAddr
</UL>

<P><STRONG><a name="[3f]"></a>__aeabi_uidiv</STRONG> (Thumb, 0 bytes, Stack size 12 bytes, uidiv.o(.text), UNUSED)

<P><STRONG><a name="[2e]"></a>__aeabi_uidivmod</STRONG> (Thumb, 44 bytes, Stack size 12 bytes, uidiv.o(.text))
<BR><BR>[Stack]<UL><LI>Max Depth = 12<LI>Call Chain = __aeabi_uidivmod
</UL>
<BR>[Called By]<UL><LI><a href="#[2f]">&gt;&gt;</a>&nbsp;&nbsp;&nbsp;__aeabi_idivmod
<LI><a href="#[2c]">&gt;&gt;</a>&nbsp;&nbsp;&nbsp;usTimeout
</UL>

<P><STRONG><a name="[40]"></a>__aeabi_idiv</STRONG> (Thumb, 0 bytes, Stack size 16 bytes, idiv.o(.text), UNUSED)

<P><STRONG><a name="[2f]"></a>__aeabi_idivmod</STRONG> (Thumb, 40 bytes, Stack size 16 bytes, idiv.o(.text))
<BR><BR>[Stack]<UL><LI>Max Depth = 28<LI>Call Chain = __aeabi_idivmod &rArr; __aeabi_uidivmod
</UL>
<BR>[Calls]<UL><LI><a href="#[2e]">&gt;&gt;</a>&nbsp;&nbsp;&nbsp;__aeabi_uidivmod
</UL>
<BR>[Called By]<UL><LI><a href="#[2c]">&gt;&gt;</a>&nbsp;&nbsp;&nbsp;usTimeout
</UL>

<P><STRONG><a name="[28]"></a>__scatterload</STRONG> (Thumb, 28 bytes, Stack size 0 bytes, init.o(.text))
<BR><BR>[Calls]<UL><LI><a href="#[3b]">&gt;&gt;</a>&nbsp;&nbsp;&nbsp;__main_after_scatterload
</UL>
<BR>[Called By]<UL><LI><a href="#[27]">&gt;&gt;</a>&nbsp;&nbsp;&nbsp;_main_scatterload
</UL>

<P><STRONG><a name="[41]"></a>__scatterload_rt2</STRONG> (Thumb, 0 bytes, Stack size 0 bytes, init.o(.text), UNUSED)

<P><STRONG><a name="[42]"></a>__scatterload_copy</STRONG> (Thumb, 14 bytes, Stack size unknown bytes, handlers.o(i.__scatterload_copy), UNUSED)

<P><STRONG><a name="[43]"></a>__scatterload_null</STRONG> (Thumb, 2 bytes, Stack size unknown bytes, handlers.o(i.__scatterload_null), UNUSED)

<P><STRONG><a name="[44]"></a>__scatterload_zeroinit</STRONG> (Thumb, 14 bytes, Stack size unknown bytes, handlers.o(i.__scatterload_zeroinit), UNUSED)
<P>
<H3>
Local Symbols
</H3>
<P><STRONG><a name="[38]"></a>getChipid</STRONG> (Thumb, 106 bytes, Stack size 12 bytes, sysctrl.o(.text))
<BR><BR>[Stack]<UL><LI>Max Depth = 12<LI>Call Chain = getChipid
</UL>
<BR>[Called By]<UL><LI><a href="#[2a]">&gt;&gt;</a>&nbsp;&nbsp;&nbsp;SysModeChg
</UL>

<P><STRONG><a name="[2d]"></a>currentClk</STRONG> (Thumb, 54 bytes, Stack size 0 bytes, sysctrl.o(.text))
<BR><BR>[Called By]<UL><LI><a href="#[2c]">&gt;&gt;</a>&nbsp;&nbsp;&nbsp;usTimeout
</UL>

<P><STRONG><a name="[32]"></a>_getMipAddr</STRONG> (Thumb, 116 bytes, Stack size 0 bytes, sysctrl.o(.text))
<BR><BR>[Called By]<UL><LI><a href="#[39]">&gt;&gt;</a>&nbsp;&nbsp;&nbsp;Remap4Sel
<LI><a href="#[31]">&gt;&gt;</a>&nbsp;&nbsp;&nbsp;setMipTW
</UL>

<P><STRONG><a name="[30]"></a>TICK_STAT_GET</STRONG> (Thumb, 26 bytes, Stack size 0 bytes, sysctrl.o(.text))
<BR><BR>[Called By]<UL><LI><a href="#[2c]">&gt;&gt;</a>&nbsp;&nbsp;&nbsp;usTimeout
</UL>

<P><STRONG><a name="[2c]"></a>usTimeout</STRONG> (Thumb, 302 bytes, Stack size 48 bytes, sysctrl.o(.text))
<BR><BR>[Stack]<UL><LI>Max Depth = 76<LI>Call Chain = usTimeout &rArr; __aeabi_idivmod &rArr; __aeabi_uidivmod
</UL>
<BR>[Calls]<UL><LI><a href="#[2f]">&gt;&gt;</a>&nbsp;&nbsp;&nbsp;__aeabi_idivmod
<LI><a href="#[2e]">&gt;&gt;</a>&nbsp;&nbsp;&nbsp;__aeabi_uidivmod
<LI><a href="#[30]">&gt;&gt;</a>&nbsp;&nbsp;&nbsp;TICK_STAT_GET
<LI><a href="#[2d]">&gt;&gt;</a>&nbsp;&nbsp;&nbsp;currentClk
</UL>
<BR>[Called By]<UL><LI><a href="#[37]">&gt;&gt;</a>&nbsp;&nbsp;&nbsp;sysmodeWrite
<LI><a href="#[35]">&gt;&gt;</a>&nbsp;&nbsp;&nbsp;HoscEnable
<LI><a href="#[34]">&gt;&gt;</a>&nbsp;&nbsp;&nbsp;PllEnable
<LI><a href="#[33]">&gt;&gt;</a>&nbsp;&nbsp;&nbsp;rtcCheck
<LI><a href="#[2a]">&gt;&gt;</a>&nbsp;&nbsp;&nbsp;SysModeChg
</UL>

<P><STRONG><a name="[31]"></a>setMipTW</STRONG> (Thumb, 188 bytes, Stack size 48 bytes, sysctrl.o(.text))
<BR><BR>[Stack]<UL><LI>Max Depth = 48<LI>Call Chain = setMipTW
</UL>
<BR>[Calls]<UL><LI><a href="#[32]">&gt;&gt;</a>&nbsp;&nbsp;&nbsp;_getMipAddr
</UL>
<BR>[Called By]<UL><LI><a href="#[37]">&gt;&gt;</a>&nbsp;&nbsp;&nbsp;sysmodeWrite
<LI><a href="#[2a]">&gt;&gt;</a>&nbsp;&nbsp;&nbsp;SysModeChg
</UL>

<P><STRONG><a name="[33]"></a>rtcCheck</STRONG> (Thumb, 158 bytes, Stack size 24 bytes, sysctrl.o(.text))
<BR><BR>[Stack]<UL><LI>Max Depth = 100<LI>Call Chain = rtcCheck &rArr; usTimeout &rArr; __aeabi_idivmod &rArr; __aeabi_uidivmod
</UL>
<BR>[Calls]<UL><LI><a href="#[2c]">&gt;&gt;</a>&nbsp;&nbsp;&nbsp;usTimeout
</UL>
<BR>[Called By]<UL><LI><a href="#[37]">&gt;&gt;</a>&nbsp;&nbsp;&nbsp;sysmodeWrite
<LI><a href="#[34]">&gt;&gt;</a>&nbsp;&nbsp;&nbsp;PllEnable
</UL>

<P><STRONG><a name="[34]"></a>PllEnable</STRONG> (Thumb, 208 bytes, Stack size 32 bytes, sysctrl.o(.text))
<BR><BR>[Stack]<UL><LI>Max Depth = 132<LI>Call Chain = PllEnable &rArr; rtcCheck &rArr; usTimeout &rArr; __aeabi_idivmod &rArr; __aeabi_uidivmod
</UL>
<BR>[Calls]<UL><LI><a href="#[33]">&gt;&gt;</a>&nbsp;&nbsp;&nbsp;rtcCheck
<LI><a href="#[2c]">&gt;&gt;</a>&nbsp;&nbsp;&nbsp;usTimeout
</UL>
<BR>[Called By]<UL><LI><a href="#[37]">&gt;&gt;</a>&nbsp;&nbsp;&nbsp;sysmodeWrite
<LI><a href="#[2a]">&gt;&gt;</a>&nbsp;&nbsp;&nbsp;SysModeChg
</UL>

<P><STRONG><a name="[36]"></a>PllOn</STRONG> (Thumb, 14 bytes, Stack size 0 bytes, sysctrl.o(.text))
<BR><BR>[Called By]<UL><LI><a href="#[35]">&gt;&gt;</a>&nbsp;&nbsp;&nbsp;HoscEnable
</UL>

<P><STRONG><a name="[35]"></a>HoscEnable</STRONG> (Thumb, 120 bytes, Stack size 32 bytes, sysctrl.o(.text))
<BR><BR>[Stack]<UL><LI>Max Depth = 108<LI>Call Chain = HoscEnable &rArr; usTimeout &rArr; __aeabi_idivmod &rArr; __aeabi_uidivmod
</UL>
<BR>[Calls]<UL><LI><a href="#[36]">&gt;&gt;</a>&nbsp;&nbsp;&nbsp;PllOn
<LI><a href="#[2c]">&gt;&gt;</a>&nbsp;&nbsp;&nbsp;usTimeout
</UL>
<BR>[Called By]<UL><LI><a href="#[37]">&gt;&gt;</a>&nbsp;&nbsp;&nbsp;sysmodeWrite
<LI><a href="#[2a]">&gt;&gt;</a>&nbsp;&nbsp;&nbsp;SysModeChg
</UL>

<P><STRONG><a name="[37]"></a>sysmodeWrite</STRONG> (Thumb, 418 bytes, Stack size 32 bytes, sysctrl.o(.text))
<BR><BR>[Stack]<UL><LI>Max Depth = 164<LI>Call Chain = sysmodeWrite &rArr; PllEnable &rArr; rtcCheck &rArr; usTimeout &rArr; __aeabi_idivmod &rArr; __aeabi_uidivmod
</UL>
<BR>[Calls]<UL><LI><a href="#[35]">&gt;&gt;</a>&nbsp;&nbsp;&nbsp;HoscEnable
<LI><a href="#[34]">&gt;&gt;</a>&nbsp;&nbsp;&nbsp;PllEnable
<LI><a href="#[33]">&gt;&gt;</a>&nbsp;&nbsp;&nbsp;rtcCheck
<LI><a href="#[31]">&gt;&gt;</a>&nbsp;&nbsp;&nbsp;setMipTW
<LI><a href="#[2c]">&gt;&gt;</a>&nbsp;&nbsp;&nbsp;usTimeout
</UL>
<BR>[Called By]<UL><LI><a href="#[2a]">&gt;&gt;</a>&nbsp;&nbsp;&nbsp;SysModeChg
</UL>

<P><STRONG><a name="[3a]"></a>unlockNVM</STRONG> (Thumb, 36 bytes, Stack size 8 bytes, sysctrl.o(.text), UNUSED)
<BR><BR>[Called By]<UL><LI><a href="#[39]">&gt;&gt;</a>&nbsp;&nbsp;&nbsp;Remap4Sel
</UL>
<P>
<H3>
Undefined Global Symbols
</H3><HR></body></html>
