ARM Linker, 5.02 [Build 28] [MDK-ARM Standard]

==============================================================================

Section Cross References

    clk_calc.o(.text) refers to common.o(.text) for WdtFeed
    clk_calc.o(.text) refers to ffltui.o(.text) for __aeabi_ui2f
    clk_calc.o(.text) refers to f2d.o(.text) for __aeabi_f2d
    clk_calc.o(.text) refers to dmul.o(.text) for __aeabi_dmul
    clk_calc.o(.text) refers to ddiv.o(.text) for __aeabi_ddiv
    clk_calc.o(.text) refers to d2f.o(.text) for __aeabi_d2f
    common.o(.text) refers to common.o(i.__ARM_common_switch8) for __ARM_common_switch8
    common.o(.text) refers to common.o(.data) for sysclk_loops
    common.o(.text) refers to clk_calc.o(.text) for clk_freq
    common.o(.text) refers to f2d.o(.text) for __aeabi_f2d
    common.o(.text) refers to ddiv.o(.text) for __aeabi_ddiv
    common.o(.text) refers to d2f.o(.text) for __aeabi_d2f
    common.o(.text) refers to common.o(.text) for getSysclk
    common.o(.text) refers to ffltui.o(.text) for __aeabi_ui2f
    common.o(.text) refers to fdiv.o(.text) for __aeabi_fdiv
    common.o(.text) refers to ffixui.o(.text) for __aeabi_f2uiz
    common.o(.text) refers to fadd.o(.text) for __aeabi_frsub
    common.o(.text) refers to dmul.o(.text) for __aeabi_dmul
    common.o(.text) refers to dadd.o(.text) for __aeabi_dadd
    common.o(.text) refers to dfixui.o(.text) for __aeabi_d2uiz
    common.o(.text) refers to ra9103a0_clock_switch_qc.o(.data) for sram_chipid
    common.o(.text) refers to common.o(.text) for setBaud
    common.o(.text) refers to common.o(.text) for WdtFeed
    common.o(.text) refers to common.o(.text) for WdtFeed
    common.o(.text) refers to system_rn821x.o(.text) for SystemCoreClockUpdate
    common.o(.text) refers to uidiv.o(.text) for __aeabi_uidivmod
    common.o(.text) refers to system_rn821x.o(.data) for SystemCoreClock
    common.o(.text) refers to common.o(.text) for uDelay
    system_rn821x.o(.text) refers to system_rn821x.o(.data) for SystemCoreClock
    startup_ra9103.o(RESET) refers to startup_ra9103.o(STACK) for __initial_sp
    startup_ra9103.o(RESET) refers to startup_ra9103.o(.text) for Reset_Handler
    startup_ra9103.o(.text) refers to entry.o(.ARM.Collect$$$$00000000) for __main
    ra9103a0_clock_switch_qc.o(.text) refers to common.o(.text) for WdtInit
    ra9103a0_clock_switch_qc.o(.text) refers to sysctrl.o(.text) for SysModeChg
    ra9103a0_clock_switch_qc.o(.text) refers to ra9103a0_clock_switch_qc.o(.data) for sram_chipid
    sysctrl.o(.text) refers to uidiv.o(.text) for __aeabi_uidivmod
    sysctrl.o(.text) refers to idiv.o(.text) for __aeabi_idivmod
    sysctrl.o(.text) refers to sysctrl.o(.constdata) for us_freq
    sysctrl.o(.text) refers to sysctrl.o(.data) for rtc_ctrl_bak
    sysctrl.o(.text) refers to sysctrl.o(.bss) for IAP
    entry.o(.ARM.Collect$$$$00000000) refers (Special) to entry7b.o(.ARM.Collect$$$$00000008) for _main_clock
    entry.o(.ARM.Collect$$$$00000000) refers (Special) to entry8.o(.ARM.Collect$$$$00000009) for _main_init
    entry.o(.ARM.Collect$$$$00000000) refers (Special) to entry5.o(.ARM.Collect$$$$00000004) for _main_scatterload
    entry.o(.ARM.Collect$$$$00000000) refers (Special) to entry2.o(.ARM.Collect$$$$00000001) for _main_stk
    idiv.o(.text) refers to uidiv.o(.text) for __aeabi_uidivmod
    fadd.o(.text) refers (Special) to iusefp.o(.text) for __I$use$fp
    fadd.o(.text) refers to fepilogue.o(.text) for _float_epilogue
    fdiv.o(.text) refers (Special) to iusefp.o(.text) for __I$use$fp
    fdiv.o(.text) refers to fepilogue.o(.text) for _float_round
    dadd.o(.text) refers (Special) to iusefp.o(.text) for __I$use$fp
    dadd.o(.text) refers to llshl.o(.text) for __aeabi_llsl
    dadd.o(.text) refers to llsshr.o(.text) for __aeabi_lasr
    dadd.o(.text) refers to depilogue.o(.text) for _double_epilogue
    dmul.o(.text) refers (Special) to iusefp.o(.text) for __I$use$fp
    dmul.o(.text) refers to depilogue.o(.text) for _double_epilogue
    ddiv.o(.text) refers (Special) to iusefp.o(.text) for __I$use$fp
    ddiv.o(.text) refers to depilogue.o(.text) for _double_round
    ffltui.o(.text) refers (Special) to iusefp.o(.text) for __I$use$fp
    ffltui.o(.text) refers to fepilogue.o(.text) for _float_epilogue
    ffixui.o(.text) refers (Special) to iusefp.o(.text) for __I$use$fp
    dfixui.o(.text) refers (Special) to iusefp.o(.text) for __I$use$fp
    dfixui.o(.text) refers to llushr.o(.text) for __aeabi_llsr
    f2d.o(.text) refers (Special) to iusefp.o(.text) for __I$use$fp
    d2f.o(.text) refers (Special) to iusefp.o(.text) for __I$use$fp
    d2f.o(.text) refers to fepilogue.o(.text) for _float_round
    entry2.o(.ARM.Collect$$$$00000001) refers to entry2.o(.ARM.Collect$$$$00002712) for __lit__00000000
    entry2.o(.ARM.Collect$$$$00002712) refers to startup_ra9103.o(STACK) for __initial_sp
    entry2.o(__vectab_stack_and_reset_area) refers to startup_ra9103.o(STACK) for __initial_sp
    entry2.o(__vectab_stack_and_reset_area) refers to entry.o(.ARM.Collect$$$$00000000) for __main
    entry5.o(.ARM.Collect$$$$00000004) refers to init.o(.text) for __scatterload
    entry8.o(.ARM.Collect$$$$00000009) refers to ra9103a0_clock_switch_qc.o(.text) for main
    depilogue.o(.text) refers to depilogue.o(i.__ARM_clz) for __ARM_clz
    depilogue.o(.text) refers to llshl.o(.text) for __aeabi_llsl
    depilogue.o(.text) refers to llushr.o(.text) for __aeabi_llsr
    init.o(.text) refers to entry5.o(.ARM.Collect$$$$00000004) for __main_after_scatterload


==============================================================================

Removing Unused input sections from the image.

    Removing clk_calc.o(.rev16_text), (4 bytes).
    Removing clk_calc.o(.revsh_text), (4 bytes).
    Removing clk_calc.o(.text), (180 bytes).
    Removing common.o(.rev16_text), (4 bytes).
    Removing common.o(.revsh_text), (4 bytes).
    Removing common.o(.text), (68 bytes).
    Removing common.o(.text), (32 bytes).
    Removing common.o(.text), (300 bytes).
    Removing common.o(.text), (244 bytes).
    Removing common.o(.text), (104 bytes).
    Removing common.o(.text), (84 bytes).
    Removing common.o(.text), (12 bytes).
    Removing common.o(.text), (8 bytes).
    Removing common.o(.text), (132 bytes).
    Removing common.o(.text), (124 bytes).
    Removing common.o(.text), (24 bytes).
    Removing common.o(.text), (96 bytes).
    Removing common.o(.data), (4 bytes).
    Removing system_rn821x.o(.rev16_text), (4 bytes).
    Removing system_rn821x.o(.revsh_text), (4 bytes).
    Removing system_rn821x.o(.text), (96 bytes).
    Removing system_rn821x.o(.text), (2 bytes).
    Removing system_rn821x.o(.data), (4 bytes).
    Removing startup_ra9103.o(HEAP), (0 bytes).
    Removing ra9103a0_clock_switch_qc.o(.rev16_text), (4 bytes).
    Removing ra9103a0_clock_switch_qc.o(.revsh_text), (4 bytes).
    Removing sysctrl.o(.rev16_text), (4 bytes).
    Removing sysctrl.o(.revsh_text), (4 bytes).
    Removing fadd.o(.text), (178 bytes).
    Removing fdiv.o(.text), (128 bytes).
    Removing dadd.o(.text), (356 bytes).
    Removing dmul.o(.text), (208 bytes).
    Removing ddiv.o(.text), (240 bytes).
    Removing ffltui.o(.text), (14 bytes).
    Removing ffixui.o(.text), (42 bytes).
    Removing dfixui.o(.text), (60 bytes).
    Removing f2d.o(.text), (40 bytes).
    Removing d2f.o(.text), (56 bytes).
    Removing fepilogue.o(.text), (132 bytes).
    Removing depilogue.o(.text), (192 bytes).
    Removing common.o(i.__ARM_common_switch8), (28 bytes).
    Removing depilogue.o(i.__ARM_clz), (46 bytes).

42 unused section(s) (total 3274 bytes) removed from the image.

==============================================================================

Image Symbol Table

    Local Symbols

    Symbol Name                              Value     Ov Type        Size  Object(Section)

    RESET                                    0x00000000   Section      192  startup_ra9103.o(RESET)
    ../clib/microlib/division.c              0x00000000   Number         0  idiv.o ABSOLUTE
    ../clib/microlib/division.c              0x00000000   Number         0  uidiv.o ABSOLUTE
    ../clib/microlib/init/entry.s            0x00000000   Number         0  entry.o ABSOLUTE
    ../clib/microlib/init/entry.s            0x00000000   Number         0  entry8.o ABSOLUTE
    ../clib/microlib/init/entry.s            0x00000000   Number         0  entry7b.o ABSOLUTE
    ../clib/microlib/init/entry.s            0x00000000   Number         0  entry7a.o ABSOLUTE
    ../clib/microlib/init/entry.s            0x00000000   Number         0  entry5.o ABSOLUTE
    ../clib/microlib/init/entry.s            0x00000000   Number         0  entry2.o ABSOLUTE
    ../clib/microlib/longlong.c              0x00000000   Number         0  llsshr.o ABSOLUTE
    ../clib/microlib/longlong.c              0x00000000   Number         0  llushr.o ABSOLUTE
    ../clib/microlib/longlong.c              0x00000000   Number         0  llshl.o ABSOLUTE
    ../clib/microlib/stubs.s                 0x00000000   Number         0  iusefp.o ABSOLUTE
    ../fplib/microlib/d2f.c                  0x00000000   Number         0  d2f.o ABSOLUTE
    ../fplib/microlib/f2d.c                  0x00000000   Number         0  f2d.o ABSOLUTE
    ../fplib/microlib/fpadd.c                0x00000000   Number         0  dadd.o ABSOLUTE
    ../fplib/microlib/fpadd.c                0x00000000   Number         0  fadd.o ABSOLUTE
    ../fplib/microlib/fpdiv.c                0x00000000   Number         0  ddiv.o ABSOLUTE
    ../fplib/microlib/fpdiv.c                0x00000000   Number         0  fdiv.o ABSOLUTE
    ../fplib/microlib/fpepilogue.c           0x00000000   Number         0  depilogue.o ABSOLUTE
    ../fplib/microlib/fpepilogue.c           0x00000000   Number         0  fepilogue.o ABSOLUTE
    ../fplib/microlib/fpfix.c                0x00000000   Number         0  dfixui.o ABSOLUTE
    ../fplib/microlib/fpfix.c                0x00000000   Number         0  ffixui.o ABSOLUTE
    ../fplib/microlib/fpflt.c                0x00000000   Number         0  ffltui.o ABSOLUTE
    ../fplib/microlib/fpmul.c                0x00000000   Number         0  dmul.o ABSOLUTE
    ..\\src\\common\\clk_calc.c              0x00000000   Number         0  clk_calc.o ABSOLUTE
    ..\\src\\common\\common.c                0x00000000   Number         0  common.o ABSOLUTE
    ..\\src\\ra9103a0_clock_switch_qc.c      0x00000000   Number         0  ra9103a0_clock_switch_qc.o ABSOLUTE
    ..\\src\\sysctrl.c                       0x00000000   Number         0  sysctrl.o ABSOLUTE
    ..\\src\\system_RN821x.c                 0x00000000   Number         0  system_rn821x.o ABSOLUTE
    ..\src\common\clk_calc.c                 0x00000000   Number         0  clk_calc.o ABSOLUTE
    ..\src\common\common.c                   0x00000000   Number         0  common.o ABSOLUTE
    ..\src\ra9103a0_clock_switch_qc.c        0x00000000   Number         0  ra9103a0_clock_switch_qc.o ABSOLUTE
    ..\src\startup_RA9103.s                  0x00000000   Number         0  startup_ra9103.o ABSOLUTE
    ..\src\sysctrl.c                         0x00000000   Number         0  sysctrl.o ABSOLUTE
    ..\src\system_RN821x.c                   0x00000000   Number         0  system_rn821x.o ABSOLUTE
    dc.s                                     0x00000000   Number         0  dc.o ABSOLUTE
    handlers.s                               0x00000000   Number         0  handlers.o ABSOLUTE
    init.s                                   0x00000000   Number         0  init.o ABSOLUTE
    .ARM.Collect$$$$00000000                 0x000000c0   Section        0  entry.o(.ARM.Collect$$$$00000000)
    .ARM.Collect$$$$00000001                 0x000000c0   Section        4  entry2.o(.ARM.Collect$$$$00000001)
    .ARM.Collect$$$$00000004                 0x000000c4   Section        4  entry5.o(.ARM.Collect$$$$00000004)
    .ARM.Collect$$$$00000008                 0x000000c8   Section        0  entry7b.o(.ARM.Collect$$$$00000008)
    .ARM.Collect$$$$00000009                 0x000000c8   Section        8  entry8.o(.ARM.Collect$$$$00000009)
    .ARM.Collect$$$$00002712                 0x000000d0   Section        4  entry2.o(.ARM.Collect$$$$00002712)
    __lit__00000000                          0x000000d0   Data           4  entry2.o(.ARM.Collect$$$$00002712)
    .text                                    0x000000d4   Section        0  common.o(.text)
    .text                                    0x000000f8   Section       80  startup_ra9103.o(.text)
    .text                                    0x00000148   Section        0  ra9103a0_clock_switch_qc.o(.text)
    .text                                    0x000001e8   Section        0  sysctrl.o(.text)
    getChipid                                0x000001e9   Thumb Code   106  sysctrl.o(.text)
    currentClk                               0x00000253   Thumb Code    54  sysctrl.o(.text)
    _getMipAddr                              0x00000289   Thumb Code   116  sysctrl.o(.text)
    TICK_STAT_GET                            0x000002fd   Thumb Code    26  sysctrl.o(.text)
    usTimeout                                0x00000317   Thumb Code   302  sysctrl.o(.text)
    setMipTW                                 0x00000445   Thumb Code   188  sysctrl.o(.text)
    rtcCheck                                 0x00000501   Thumb Code   158  sysctrl.o(.text)
    PllEnable                                0x0000059f   Thumb Code   208  sysctrl.o(.text)
    PllOn                                    0x0000066f   Thumb Code    14  sysctrl.o(.text)
    HoscEnable                               0x0000067d   Thumb Code   120  sysctrl.o(.text)
    sysmodeWrite                             0x000006f5   Thumb Code   418  sysctrl.o(.text)
    unlockNVM                                0x00000ac1   Thumb Code    36  sysctrl.o(.text)
    .text                                    0x00000b7c   Section        0  uidiv.o(.text)
    .text                                    0x00000ba8   Section        0  idiv.o(.text)
    .text                                    0x00000bd0   Section       36  init.o(.text)
    i.__scatterload_copy                     0x00000bf4   Section       14  handlers.o(i.__scatterload_copy)
    i.__scatterload_null                     0x00000c02   Section        2  handlers.o(i.__scatterload_null)
    i.__scatterload_zeroinit                 0x00000c04   Section       14  handlers.o(i.__scatterload_zeroinit)
    .constdata                               0x00000c14   Section       20  sysctrl.o(.constdata)
    .data                                    0x00002000   Section        4  ra9103a0_clock_switch_qc.o(.data)
    .data                                    0x00002004   Section        4  sysctrl.o(.data)
    rtc_ctrl_bak                             0x00002004   Data           4  sysctrl.o(.data)
    .bss                                     0x00002008   Section       32  sysctrl.o(.bss)
    IAP                                      0x00002008   Data          32  sysctrl.o(.bss)
    STACK                                    0x00002028   Section     1536  startup_ra9103.o(STACK)

    Global Symbols

    Symbol Name                              Value     Ov Type        Size  Object(Section)

    BuildAttributes$$THM_ISAv3M$S$PE$A:L22$X:L11$S22$IEEE1$IW$USESV6$~STKCKD$USESV7$~SHL$OTIME$ROPI$EBA8$MICROLIB$REQ8$PRES8$EABIv2 0x00000000   Number         0  anon$$obj.o ABSOLUTE
    __ARM_use_no_argv                        0x00000000   Number         0  ra9103a0_clock_switch_qc.o ABSOLUTE
    __Vectors                                0x00000000   Data           4  startup_ra9103.o(RESET)
    __decompress                              - Undefined Weak Reference
    _clock_init                               - Undefined Weak Reference
    __Vectors_End                            0x000000c0   Data           0  startup_ra9103.o(RESET)
    __Vectors_Size                           0x000000c0   Number         0  startup_ra9103.o ABSOLUTE
    __main                                   0x000000c1   Thumb Code     0  entry.o(.ARM.Collect$$$$00000000)
    _main_stk                                0x000000c1   Thumb Code     0  entry2.o(.ARM.Collect$$$$00000001)
    _main_scatterload                        0x000000c5   Thumb Code     0  entry5.o(.ARM.Collect$$$$00000004)
    __main_after_scatterload                 0x000000c9   Thumb Code     0  entry5.o(.ARM.Collect$$$$00000004)
    _main_clock                              0x000000c9   Thumb Code     0  entry7b.o(.ARM.Collect$$$$00000008)
    _main_init                               0x000000c9   Thumb Code     0  entry8.o(.ARM.Collect$$$$00000009)
    WdtInit                                  0x000000d5   Thumb Code    26  common.o(.text)
    Reset_Handler                            0x000000f9   Thumb Code     4  startup_ra9103.o(.text)
    NMI_Handler                              0x000000fd   Thumb Code     2  startup_ra9103.o(.text)
    HardFault_Handler                        0x000000ff   Thumb Code     2  startup_ra9103.o(.text)
    SVC_Handler                              0x00000101   Thumb Code     2  startup_ra9103.o(.text)
    PendSV_Handler                           0x00000103   Thumb Code     2  startup_ra9103.o(.text)
    SysTick_Handler                          0x00000105   Thumb Code     2  startup_ra9103.o(.text)
    EXT0_HANDLER                             0x00000107   Thumb Code     2  startup_ra9103.o(.text)
    EXT1_HANDLER                             0x00000109   Thumb Code     2  startup_ra9103.o(.text)
    EXT2_HANDLER                             0x0000010b   Thumb Code     2  startup_ra9103.o(.text)
    EXT3_HANDLER                             0x0000010d   Thumb Code     2  startup_ra9103.o(.text)
    EXT4_HANDLER                             0x0000010f   Thumb Code     2  startup_ra9103.o(.text)
    EXT5_HANDLER                             0x00000111   Thumb Code     2  startup_ra9103.o(.text)
    EXT6_HANDLER                             0x00000113   Thumb Code     2  startup_ra9103.o(.text)
    EXT7_HANDLER                             0x00000115   Thumb Code     2  startup_ra9103.o(.text)
    NVM_HANDLER                              0x00000117   Thumb Code     2  startup_ra9103.o(.text)
    DMA_HANDLER                              0x00000119   Thumb Code     2  startup_ra9103.o(.text)
    CT_HANDLER                               0x0000011b   Thumb Code     2  startup_ra9103.o(.text)
    RTC_HANDLER                              0x0000011d   Thumb Code     2  startup_ra9103.o(.text)
    EMU_HANDLER                              0x0000011f   Thumb Code     2  startup_ra9103.o(.text)
    MADC_HANDLER                             0x00000121   Thumb Code     2  startup_ra9103.o(.text)
    UART0_HANDLER                            0x00000123   Thumb Code     2  startup_ra9103.o(.text)
    UART1_HANDLER                            0x00000125   Thumb Code     2  startup_ra9103.o(.text)
    UART2_HANDLER                            0x00000127   Thumb Code     2  startup_ra9103.o(.text)
    UART3_HANDLER                            0x00000129   Thumb Code     2  startup_ra9103.o(.text)
    SPI_HANDLER                              0x0000012b   Thumb Code     2  startup_ra9103.o(.text)
    I2C_HANDLER                              0x0000012d   Thumb Code     2  startup_ra9103.o(.text)
    ISO78161_HANDLER                         0x0000012f   Thumb Code     2  startup_ra9103.o(.text)
    ISO78160_HANDLER                         0x00000131   Thumb Code     2  startup_ra9103.o(.text)
    TC0_HANDLER                              0x00000133   Thumb Code     2  startup_ra9103.o(.text)
    TC1_HANDLER                              0x00000135   Thumb Code     2  startup_ra9103.o(.text)
    TC2_HANDLER                              0x00000137   Thumb Code     2  startup_ra9103.o(.text)
    TC3_HANDLER                              0x00000139   Thumb Code     2  startup_ra9103.o(.text)
    WDT_HANDLER                              0x0000013b   Thumb Code     2  startup_ra9103.o(.text)
    KBI_HANDLER                              0x0000013d   Thumb Code     2  startup_ra9103.o(.text)
    LCD_HANDLER                              0x0000013f   Thumb Code     2  startup_ra9103.o(.text)
    VCH_HANDLER                              0x00000141   Thumb Code     2  startup_ra9103.o(.text)
    CMP_HANDLER                              0x00000143   Thumb Code     2  startup_ra9103.o(.text)
    qc_fail                                  0x00000149   Thumb Code     8  ra9103a0_clock_switch_qc.o(.text)
    main                                     0x00000151   Thumb Code   122  ra9103a0_clock_switch_qc.o(.text)
    SysModeChg                               0x00000897   Thumb Code   554  sysctrl.o(.text)
    Remap4Sel                                0x00000ae5   Thumb Code   120  sysctrl.o(.text)
    __aeabi_uidiv                            0x00000b7d   Thumb Code     0  uidiv.o(.text)
    __aeabi_uidivmod                         0x00000b7d   Thumb Code    44  uidiv.o(.text)
    __aeabi_idiv                             0x00000ba9   Thumb Code     0  idiv.o(.text)
    __aeabi_idivmod                          0x00000ba9   Thumb Code    40  idiv.o(.text)
    __scatterload                            0x00000bd1   Thumb Code    28  init.o(.text)
    __scatterload_rt2                        0x00000bd1   Thumb Code     0  init.o(.text)
    __scatterload_copy                       0x00000bf5   Thumb Code    14  handlers.o(i.__scatterload_copy)
    __scatterload_null                       0x00000c03   Thumb Code     2  handlers.o(i.__scatterload_null)
    __scatterload_zeroinit                   0x00000c05   Thumb Code    14  handlers.o(i.__scatterload_zeroinit)
    us_freq                                  0x00000c14   Data          20  sysctrl.o(.constdata)
    Region$$Table$$Base                      0x00000c28   Number         0  anon$$obj.o(Region$$Table)
    Region$$Table$$Limit                     0x00000c48   Number         0  anon$$obj.o(Region$$Table)
    sram_chipid                              0x00002000   Data           4  ra9103a0_clock_switch_qc.o(.data)
    __initial_sp                             0x00002628   Data           0  startup_ra9103.o(STACK)



==============================================================================

Memory Map of the image

  Image Entry point : 0x000000c1

  Load Region LR_IROM1 (Base: 0x00000000, Size: 0x00000c50, Max: 0x00001ff0, ABSOLUTE)

    Execution Region ER_IROM1 (Base: 0x00000000, Size: 0x00000c48, Max: 0x00001ff0, ABSOLUTE)

    Base Addr    Size         Type   Attr      Idx    E Section Name        Object

    0x00000000   0x000000c0   Data   RO          189    RESET               startup_ra9103.o
    0x000000c0   0x00000000   Code   RO          233  * .ARM.Collect$$$$00000000  mc_p.l(entry.o)
    0x000000c0   0x00000004   Code   RO          260    .ARM.Collect$$$$00000001  mc_p.l(entry2.o)
    0x000000c4   0x00000004   Code   RO          263    .ARM.Collect$$$$00000004  mc_p.l(entry5.o)
    0x000000c8   0x00000000   Code   RO          265    .ARM.Collect$$$$00000008  mc_p.l(entry7b.o)
    0x000000c8   0x00000008   Code   RO          266    .ARM.Collect$$$$00000009  mc_p.l(entry8.o)
    0x000000d0   0x00000004   Code   RO          261    .ARM.Collect$$$$00002712  mc_p.l(entry2.o)
    0x000000d4   0x00000024   Code   RO           63    .text               common.o
    0x000000f8   0x00000050   Code   RO          190    .text               startup_ra9103.o
    0x00000148   0x000000a0   Code   RO          196    .text               ra9103a0_clock_switch_qc.o
    0x000001e8   0x00000994   Code   RO          226    .text               rn821x_sysctrl.lib(sysctrl.o)
    0x00000b7c   0x0000002c   Code   RO          236    .text               mc_p.l(uidiv.o)
    0x00000ba8   0x00000028   Code   RO          238    .text               mc_p.l(idiv.o)
    0x00000bd0   0x00000024   Code   RO          280    .text               mc_p.l(init.o)
    0x00000bf4   0x0000000e   Code   RO          284    i.__scatterload_copy  mc_p.l(handlers.o)
    0x00000c02   0x00000002   Code   RO          285    i.__scatterload_null  mc_p.l(handlers.o)
    0x00000c04   0x0000000e   Code   RO          286    i.__scatterload_zeroinit  mc_p.l(handlers.o)
    0x00000c12   0x00000002   PAD
    0x00000c14   0x00000014   Data   RO          228    .constdata          rn821x_sysctrl.lib(sysctrl.o)
    0x00000c28   0x00000020   Data   RO          282    Region$$Table       anon$$obj.o


    Execution Region RW_IRAM1 (Base: 0x00002000, Size: 0x00000628, Max: 0x00000800, ABSOLUTE)

    Base Addr    Size         Type   Attr      Idx    E Section Name        Object

    0x00002000   0x00000004   Data   RW          197    .data               ra9103a0_clock_switch_qc.o
    0x00002004   0x00000004   Data   RW          229    .data               rn821x_sysctrl.lib(sysctrl.o)
    0x00002008   0x00000020   Zero   RW          227    .bss                rn821x_sysctrl.lib(sysctrl.o)
    0x00002028   0x00000600   Zero   RW          187    STACK               startup_ra9103.o


==============================================================================

Image component sizes


      Code (inc. data)   RO Data    RW Data    ZI Data      Debug   Object Name

         0          0          0          0          0       4264   clk_calc.o
        36         10          0          0          0        402   common.o
       160         30          0          4          0       1581   ra9103a0_clock_switch_qc.o
        80          4        192          0       1536       1740   startup_ra9103.o

    ----------------------------------------------------------------------
       276         44        224          4       1536       7987   Object Totals
         0          0         32          0          0          0   (incl. Generated)
         0          0          0          0          0          0   (incl. Padding)

    ----------------------------------------------------------------------

      Code (inc. data)   RO Data    RW Data    ZI Data      Debug   Library Member Name

         0          0          0          0          0          0   entry.o
         8          4          0          0          0          0   entry2.o
         4          0          0          0          0          0   entry5.o
         0          0          0          0          0          0   entry7b.o
         8          4          0          0          0          0   entry8.o
        30          0          0          0          0          0   handlers.o
        40          0          0          0          0         72   idiv.o
        36          8          0          0          0         68   init.o
        44          0          0          0          0         72   uidiv.o
      2452        128         20          4         32        424   sysctrl.o

    ----------------------------------------------------------------------
      2624        144         20          4         32        636   Library Totals
         2          0          0          0          0          0   (incl. Padding)

    ----------------------------------------------------------------------

      Code (inc. data)   RO Data    RW Data    ZI Data      Debug   Library Name

       170         16          0          0          0        212   mc_p.l
      2452        128         20          4         32        424   rn821x_sysctrl.lib

    ----------------------------------------------------------------------
      2624        144         20          4         32        636   Library Totals

    ----------------------------------------------------------------------

==============================================================================


      Code (inc. data)   RO Data    RW Data    ZI Data      Debug   

      2900        188        244          8       1568       8439   Grand Totals
      2900        188        244          8       1568       8439   ELF Image Totals
      2900        188        244          8          0          0   ROM Totals

==============================================================================

    Total RO  Size (Code + RO Data)                 3144 (   3.07kB)
    Total RW  Size (RW Data + ZI Data)              1576 (   1.54kB)
    Total ROM Size (Code + RO Data + RW Data)       3152 (   3.08kB)

==============================================================================

