<!doctype html public "-//w3c//dtd html 4.0 transitional//en">
<html><head>
<title>Static Call Graph - [E:\2017_FT_prog\V112\V112.1\RN8312_V1121_4_20171201\testcase\Cache_nonF0_QC\build\Cache_nonF0_QC.axf]</title></head>
<body><HR>
<H1>Static Call Graph for image E:\2017_FT_prog\V112\V112.1\RN8312_V1121_4_20171201\testcase\Cache_nonF0_QC\build\Cache_nonF0_QC.axf</H1><HR>
<BR><P>#&#060CALLGRAPH&#062# ARM Linker, 5.02 [Build 28]: Last Updated: Tue Dec 05 10:17:08 2017
<BR><P>
<H3>Maximum Stack Usage =        200 bytes + Unknown(Cycles, Untraceable Function Pointers)</H3><H3>
Call chain for Maximum Stack Depth:</H3>
main &rArr; fl_page_prog &rArr; sendCmd &rArr; setMipTime
<P>
<H3>
Mutually Recursive functions
</H3> <LI><a href="#[1]">NMI_Handler</a>&nbsp;&nbsp;&nbsp;&rArr;&nbsp;&nbsp;&nbsp;<a href="#[1]">NMI_Handler</a><BR>
 <LI><a href="#[2]">HardFault_Handler</a>&nbsp;&nbsp;&nbsp;&rArr;&nbsp;&nbsp;&nbsp;<a href="#[2]">HardFault_Handler</a><BR>
 <LI><a href="#[3]">SVC_Handler</a>&nbsp;&nbsp;&nbsp;&rArr;&nbsp;&nbsp;&nbsp;<a href="#[3]">SVC_Handler</a><BR>
 <LI><a href="#[4]">PendSV_Handler</a>&nbsp;&nbsp;&nbsp;&rArr;&nbsp;&nbsp;&nbsp;<a href="#[4]">PendSV_Handler</a><BR>
 <LI><a href="#[5]">SysTick_Handler</a>&nbsp;&nbsp;&nbsp;&rArr;&nbsp;&nbsp;&nbsp;<a href="#[5]">SysTick_Handler</a><BR>
 <LI><a href="#[1a]">EXT0_HANDLER</a>&nbsp;&nbsp;&nbsp;&rArr;&nbsp;&nbsp;&nbsp;<a href="#[1a]">EXT0_HANDLER</a><BR>
 <LI><a href="#[1b]">EXT1_HANDLER</a>&nbsp;&nbsp;&nbsp;&rArr;&nbsp;&nbsp;&nbsp;<a href="#[1b]">EXT1_HANDLER</a><BR>
 <LI><a href="#[1c]">EXT2_HANDLER</a>&nbsp;&nbsp;&nbsp;&rArr;&nbsp;&nbsp;&nbsp;<a href="#[1c]">EXT2_HANDLER</a><BR>
 <LI><a href="#[1d]">EXT3_HANDLER</a>&nbsp;&nbsp;&nbsp;&rArr;&nbsp;&nbsp;&nbsp;<a href="#[1d]">EXT3_HANDLER</a><BR>
 <LI><a href="#[1e]">EXT4_HANDLER</a>&nbsp;&nbsp;&nbsp;&rArr;&nbsp;&nbsp;&nbsp;<a href="#[1e]">EXT4_HANDLER</a><BR>
 <LI><a href="#[1f]">EXT5_HANDLER</a>&nbsp;&nbsp;&nbsp;&rArr;&nbsp;&nbsp;&nbsp;<a href="#[1f]">EXT5_HANDLER</a><BR>
 <LI><a href="#[20]">EXT6_HANDLER</a>&nbsp;&nbsp;&nbsp;&rArr;&nbsp;&nbsp;&nbsp;<a href="#[20]">EXT6_HANDLER</a><BR>
 <LI><a href="#[21]">EXT7_HANDLER</a>&nbsp;&nbsp;&nbsp;&rArr;&nbsp;&nbsp;&nbsp;<a href="#[21]">EXT7_HANDLER</a><BR>
 <LI><a href="#[19]">SYS_TC_HANDLER</a>&nbsp;&nbsp;&nbsp;&rArr;&nbsp;&nbsp;&nbsp;<a href="#[19]">SYS_TC_HANDLER</a><BR>
 <LI><a href="#[18]">LCD_HANDLER</a>&nbsp;&nbsp;&nbsp;&rArr;&nbsp;&nbsp;&nbsp;<a href="#[18]">LCD_HANDLER</a><BR>
 <LI><a href="#[17]">KBI_HANDLER</a>&nbsp;&nbsp;&nbsp;&rArr;&nbsp;&nbsp;&nbsp;<a href="#[17]">KBI_HANDLER</a><BR>
 <LI><a href="#[16]">WDT_HANDLER</a>&nbsp;&nbsp;&nbsp;&rArr;&nbsp;&nbsp;&nbsp;<a href="#[16]">WDT_HANDLER</a><BR>
 <LI><a href="#[15]">UART5_HANDLER</a>&nbsp;&nbsp;&nbsp;&rArr;&nbsp;&nbsp;&nbsp;<a href="#[15]">UART5_HANDLER</a><BR>
 <LI><a href="#[14]">UART4_HANDLER</a>&nbsp;&nbsp;&nbsp;&rArr;&nbsp;&nbsp;&nbsp;<a href="#[14]">UART4_HANDLER</a><BR>
 <LI><a href="#[13]">TC1_HANDLER</a>&nbsp;&nbsp;&nbsp;&rArr;&nbsp;&nbsp;&nbsp;<a href="#[13]">TC1_HANDLER</a><BR>
 <LI><a href="#[12]">TC0_HANDLER</a>&nbsp;&nbsp;&nbsp;&rArr;&nbsp;&nbsp;&nbsp;<a href="#[12]">TC0_HANDLER</a><BR>
 <LI><a href="#[11]">ISO78161_HANDLER</a>&nbsp;&nbsp;&nbsp;&rArr;&nbsp;&nbsp;&nbsp;<a href="#[11]">ISO78161_HANDLER</a><BR>
 <LI><a href="#[10]">ISO78160_HANDLER</a>&nbsp;&nbsp;&nbsp;&rArr;&nbsp;&nbsp;&nbsp;<a href="#[10]">ISO78160_HANDLER</a><BR>
 <LI><a href="#[f]">I2C_HANDLER</a>&nbsp;&nbsp;&nbsp;&rArr;&nbsp;&nbsp;&nbsp;<a href="#[f]">I2C_HANDLER</a><BR>
 <LI><a href="#[e]">SPI_HANDLER</a>&nbsp;&nbsp;&nbsp;&rArr;&nbsp;&nbsp;&nbsp;<a href="#[e]">SPI_HANDLER</a><BR>
 <LI><a href="#[d]">UART3_HANDLER</a>&nbsp;&nbsp;&nbsp;&rArr;&nbsp;&nbsp;&nbsp;<a href="#[d]">UART3_HANDLER</a><BR>
 <LI><a href="#[c]">UART2_HANDLER</a>&nbsp;&nbsp;&nbsp;&rArr;&nbsp;&nbsp;&nbsp;<a href="#[c]">UART2_HANDLER</a><BR>
 <LI><a href="#[b]">UART1_HANDLER</a>&nbsp;&nbsp;&nbsp;&rArr;&nbsp;&nbsp;&nbsp;<a href="#[b]">UART1_HANDLER</a><BR>
 <LI><a href="#[a]">UART0_HANDLER</a>&nbsp;&nbsp;&nbsp;&rArr;&nbsp;&nbsp;&nbsp;<a href="#[a]">UART0_HANDLER</a><BR>
 <LI><a href="#[9]">SARADC_HANDLER</a>&nbsp;&nbsp;&nbsp;&rArr;&nbsp;&nbsp;&nbsp;<a href="#[9]">SARADC_HANDLER</a><BR>
 <LI><a href="#[8]">RTC_HANDLER</a>&nbsp;&nbsp;&nbsp;&rArr;&nbsp;&nbsp;&nbsp;<a href="#[8]">RTC_HANDLER</a><BR>
 <LI><a href="#[7]">LVDCMP_HANDLER</a>&nbsp;&nbsp;&nbsp;&rArr;&nbsp;&nbsp;&nbsp;<a href="#[7]">LVDCMP_HANDLER</a><BR>
 <LI><a href="#[6]">SYSCLKCAL_HANDLER</a>&nbsp;&nbsp;&nbsp;&rArr;&nbsp;&nbsp;&nbsp;<a href="#[6]">SYSCLKCAL_HANDLER</a><BR>
</UL>
<P>
<H3>
Function Pointers
</H3><UL>
 <LI><a href="#[1a]">EXT0_HANDLER</a> from startup_ra9103.o(.text) referenced from startup_ra9103.o(RESET)
 <LI><a href="#[1b]">EXT1_HANDLER</a> from startup_ra9103.o(.text) referenced from startup_ra9103.o(RESET)
 <LI><a href="#[1c]">EXT2_HANDLER</a> from startup_ra9103.o(.text) referenced from startup_ra9103.o(RESET)
 <LI><a href="#[1d]">EXT3_HANDLER</a> from startup_ra9103.o(.text) referenced from startup_ra9103.o(RESET)
 <LI><a href="#[1e]">EXT4_HANDLER</a> from startup_ra9103.o(.text) referenced from startup_ra9103.o(RESET)
 <LI><a href="#[1f]">EXT5_HANDLER</a> from startup_ra9103.o(.text) referenced from startup_ra9103.o(RESET)
 <LI><a href="#[20]">EXT6_HANDLER</a> from startup_ra9103.o(.text) referenced from startup_ra9103.o(RESET)
 <LI><a href="#[21]">EXT7_HANDLER</a> from startup_ra9103.o(.text) referenced from startup_ra9103.o(RESET)
 <LI><a href="#[2]">HardFault_Handler</a> from startup_ra9103.o(.text) referenced from startup_ra9103.o(RESET)
 <LI><a href="#[f]">I2C_HANDLER</a> from startup_ra9103.o(.text) referenced from startup_ra9103.o(RESET)
 <LI><a href="#[10]">ISO78160_HANDLER</a> from startup_ra9103.o(.text) referenced from startup_ra9103.o(RESET)
 <LI><a href="#[11]">ISO78161_HANDLER</a> from startup_ra9103.o(.text) referenced from startup_ra9103.o(RESET)
 <LI><a href="#[17]">KBI_HANDLER</a> from startup_ra9103.o(.text) referenced from startup_ra9103.o(RESET)
 <LI><a href="#[18]">LCD_HANDLER</a> from startup_ra9103.o(.text) referenced from startup_ra9103.o(RESET)
 <LI><a href="#[7]">LVDCMP_HANDLER</a> from startup_ra9103.o(.text) referenced from startup_ra9103.o(RESET)
 <LI><a href="#[1]">NMI_Handler</a> from startup_ra9103.o(.text) referenced from startup_ra9103.o(RESET)
 <LI><a href="#[4]">PendSV_Handler</a> from startup_ra9103.o(.text) referenced from startup_ra9103.o(RESET)
 <LI><a href="#[8]">RTC_HANDLER</a> from startup_ra9103.o(.text) referenced from startup_ra9103.o(RESET)
 <LI><a href="#[0]">Reset_Handler</a> from startup_ra9103.o(.text) referenced from startup_ra9103.o(RESET)
 <LI><a href="#[9]">SARADC_HANDLER</a> from startup_ra9103.o(.text) referenced from startup_ra9103.o(RESET)
 <LI><a href="#[e]">SPI_HANDLER</a> from startup_ra9103.o(.text) referenced from startup_ra9103.o(RESET)
 <LI><a href="#[3]">SVC_Handler</a> from startup_ra9103.o(.text) referenced from startup_ra9103.o(RESET)
 <LI><a href="#[6]">SYSCLKCAL_HANDLER</a> from startup_ra9103.o(.text) referenced from startup_ra9103.o(RESET)
 <LI><a href="#[19]">SYS_TC_HANDLER</a> from startup_ra9103.o(.text) referenced from startup_ra9103.o(RESET)
 <LI><a href="#[5]">SysTick_Handler</a> from startup_ra9103.o(.text) referenced from startup_ra9103.o(RESET)
 <LI><a href="#[12]">TC0_HANDLER</a> from startup_ra9103.o(.text) referenced from startup_ra9103.o(RESET)
 <LI><a href="#[13]">TC1_HANDLER</a> from startup_ra9103.o(.text) referenced from startup_ra9103.o(RESET)
 <LI><a href="#[a]">UART0_HANDLER</a> from startup_ra9103.o(.text) referenced from startup_ra9103.o(RESET)
 <LI><a href="#[b]">UART1_HANDLER</a> from startup_ra9103.o(.text) referenced from startup_ra9103.o(RESET)
 <LI><a href="#[c]">UART2_HANDLER</a> from startup_ra9103.o(.text) referenced from startup_ra9103.o(RESET)
 <LI><a href="#[d]">UART3_HANDLER</a> from startup_ra9103.o(.text) referenced from startup_ra9103.o(RESET)
 <LI><a href="#[14]">UART4_HANDLER</a> from startup_ra9103.o(.text) referenced from startup_ra9103.o(RESET)
 <LI><a href="#[15]">UART5_HANDLER</a> from startup_ra9103.o(.text) referenced from startup_ra9103.o(RESET)
 <LI><a href="#[16]">WDT_HANDLER</a> from startup_ra9103.o(.text) referenced from startup_ra9103.o(RESET)
 <LI><a href="#[23]">__main</a> from entry.o(.ARM.Collect$$$$00000000) referenced from startup_ra9103.o(.text)
 <LI><a href="#[22]">main</a> from cache_verify.o(.text) referenced from entry8.o(.ARM.Collect$$$$00000009)
</UL>
<P>
<H3>
Global Symbols
</H3>
<P><STRONG><a name="[23]"></a>__main</STRONG> (Thumb, 0 bytes, Stack size unknown bytes, entry.o(.ARM.Collect$$$$00000000))
<BR>[Address Reference Count : 1]<UL><LI> startup_ra9103.o(.text)
</UL>
<P><STRONG><a name="[39]"></a>_main_stk</STRONG> (Thumb, 0 bytes, Stack size unknown bytes, entry2.o(.ARM.Collect$$$$00000001))

<P><STRONG><a name="[24]"></a>_main_scatterload</STRONG> (Thumb, 0 bytes, Stack size unknown bytes, entry5.o(.ARM.Collect$$$$00000004))
<BR><BR>[Calls]<UL><LI><a href="#[25]">&gt;&gt;</a>&nbsp;&nbsp;&nbsp;__scatterload
</UL>

<P><STRONG><a name="[38]"></a>__main_after_scatterload</STRONG> (Thumb, 0 bytes, Stack size unknown bytes, entry5.o(.ARM.Collect$$$$00000004))
<BR><BR>[Called By]<UL><LI><a href="#[25]">&gt;&gt;</a>&nbsp;&nbsp;&nbsp;__scatterload
</UL>

<P><STRONG><a name="[3a]"></a>_main_clock</STRONG> (Thumb, 0 bytes, Stack size unknown bytes, entry7b.o(.ARM.Collect$$$$00000008))

<P><STRONG><a name="[3b]"></a>_main_init</STRONG> (Thumb, 0 bytes, Stack size unknown bytes, entry8.o(.ARM.Collect$$$$00000009))

<P><STRONG><a name="[0]"></a>Reset_Handler</STRONG> (Thumb, 4 bytes, Stack size 0 bytes, startup_ra9103.o(.text))
<BR>[Address Reference Count : 1]<UL><LI> startup_ra9103.o(RESET)
</UL>
<P><STRONG><a name="[1]"></a>NMI_Handler</STRONG> (Thumb, 2 bytes, Stack size 0 bytes, startup_ra9103.o(.text))
<BR><BR>[Calls]<UL><LI><a href="#[1]">&gt;&gt;</a>&nbsp;&nbsp;&nbsp;NMI_Handler
</UL>
<BR>[Called By]<UL><LI><a href="#[1]">&gt;&gt;</a>&nbsp;&nbsp;&nbsp;NMI_Handler
</UL>
<BR>[Address Reference Count : 1]<UL><LI> startup_ra9103.o(RESET)
</UL>
<P><STRONG><a name="[2]"></a>HardFault_Handler</STRONG> (Thumb, 2 bytes, Stack size 0 bytes, startup_ra9103.o(.text))
<BR><BR>[Calls]<UL><LI><a href="#[2]">&gt;&gt;</a>&nbsp;&nbsp;&nbsp;HardFault_Handler
</UL>
<BR>[Called By]<UL><LI><a href="#[2]">&gt;&gt;</a>&nbsp;&nbsp;&nbsp;HardFault_Handler
</UL>
<BR>[Address Reference Count : 1]<UL><LI> startup_ra9103.o(RESET)
</UL>
<P><STRONG><a name="[3]"></a>SVC_Handler</STRONG> (Thumb, 2 bytes, Stack size 0 bytes, startup_ra9103.o(.text))
<BR><BR>[Calls]<UL><LI><a href="#[3]">&gt;&gt;</a>&nbsp;&nbsp;&nbsp;SVC_Handler
</UL>
<BR>[Called By]<UL><LI><a href="#[3]">&gt;&gt;</a>&nbsp;&nbsp;&nbsp;SVC_Handler
</UL>
<BR>[Address Reference Count : 1]<UL><LI> startup_ra9103.o(RESET)
</UL>
<P><STRONG><a name="[4]"></a>PendSV_Handler</STRONG> (Thumb, 2 bytes, Stack size 0 bytes, startup_ra9103.o(.text))
<BR><BR>[Calls]<UL><LI><a href="#[4]">&gt;&gt;</a>&nbsp;&nbsp;&nbsp;PendSV_Handler
</UL>
<BR>[Called By]<UL><LI><a href="#[4]">&gt;&gt;</a>&nbsp;&nbsp;&nbsp;PendSV_Handler
</UL>
<BR>[Address Reference Count : 1]<UL><LI> startup_ra9103.o(RESET)
</UL>
<P><STRONG><a name="[5]"></a>SysTick_Handler</STRONG> (Thumb, 2 bytes, Stack size 0 bytes, startup_ra9103.o(.text))
<BR><BR>[Calls]<UL><LI><a href="#[5]">&gt;&gt;</a>&nbsp;&nbsp;&nbsp;SysTick_Handler
</UL>
<BR>[Called By]<UL><LI><a href="#[5]">&gt;&gt;</a>&nbsp;&nbsp;&nbsp;SysTick_Handler
</UL>
<BR>[Address Reference Count : 1]<UL><LI> startup_ra9103.o(RESET)
</UL>
<P><STRONG><a name="[1a]"></a>EXT0_HANDLER</STRONG> (Thumb, 2 bytes, Stack size 0 bytes, startup_ra9103.o(.text))
<BR><BR>[Calls]<UL><LI><a href="#[1a]">&gt;&gt;</a>&nbsp;&nbsp;&nbsp;EXT0_HANDLER
</UL>
<BR>[Called By]<UL><LI><a href="#[1a]">&gt;&gt;</a>&nbsp;&nbsp;&nbsp;EXT0_HANDLER
</UL>
<BR>[Address Reference Count : 1]<UL><LI> startup_ra9103.o(RESET)
</UL>
<P><STRONG><a name="[1b]"></a>EXT1_HANDLER</STRONG> (Thumb, 2 bytes, Stack size 0 bytes, startup_ra9103.o(.text))
<BR><BR>[Calls]<UL><LI><a href="#[1b]">&gt;&gt;</a>&nbsp;&nbsp;&nbsp;EXT1_HANDLER
</UL>
<BR>[Called By]<UL><LI><a href="#[1b]">&gt;&gt;</a>&nbsp;&nbsp;&nbsp;EXT1_HANDLER
</UL>
<BR>[Address Reference Count : 1]<UL><LI> startup_ra9103.o(RESET)
</UL>
<P><STRONG><a name="[1c]"></a>EXT2_HANDLER</STRONG> (Thumb, 2 bytes, Stack size 0 bytes, startup_ra9103.o(.text))
<BR><BR>[Calls]<UL><LI><a href="#[1c]">&gt;&gt;</a>&nbsp;&nbsp;&nbsp;EXT2_HANDLER
</UL>
<BR>[Called By]<UL><LI><a href="#[1c]">&gt;&gt;</a>&nbsp;&nbsp;&nbsp;EXT2_HANDLER
</UL>
<BR>[Address Reference Count : 1]<UL><LI> startup_ra9103.o(RESET)
</UL>
<P><STRONG><a name="[1d]"></a>EXT3_HANDLER</STRONG> (Thumb, 2 bytes, Stack size 0 bytes, startup_ra9103.o(.text))
<BR><BR>[Calls]<UL><LI><a href="#[1d]">&gt;&gt;</a>&nbsp;&nbsp;&nbsp;EXT3_HANDLER
</UL>
<BR>[Called By]<UL><LI><a href="#[1d]">&gt;&gt;</a>&nbsp;&nbsp;&nbsp;EXT3_HANDLER
</UL>
<BR>[Address Reference Count : 1]<UL><LI> startup_ra9103.o(RESET)
</UL>
<P><STRONG><a name="[1e]"></a>EXT4_HANDLER</STRONG> (Thumb, 2 bytes, Stack size 0 bytes, startup_ra9103.o(.text))
<BR><BR>[Calls]<UL><LI><a href="#[1e]">&gt;&gt;</a>&nbsp;&nbsp;&nbsp;EXT4_HANDLER
</UL>
<BR>[Called By]<UL><LI><a href="#[1e]">&gt;&gt;</a>&nbsp;&nbsp;&nbsp;EXT4_HANDLER
</UL>
<BR>[Address Reference Count : 1]<UL><LI> startup_ra9103.o(RESET)
</UL>
<P><STRONG><a name="[1f]"></a>EXT5_HANDLER</STRONG> (Thumb, 2 bytes, Stack size 0 bytes, startup_ra9103.o(.text))
<BR><BR>[Calls]<UL><LI><a href="#[1f]">&gt;&gt;</a>&nbsp;&nbsp;&nbsp;EXT5_HANDLER
</UL>
<BR>[Called By]<UL><LI><a href="#[1f]">&gt;&gt;</a>&nbsp;&nbsp;&nbsp;EXT5_HANDLER
</UL>
<BR>[Address Reference Count : 1]<UL><LI> startup_ra9103.o(RESET)
</UL>
<P><STRONG><a name="[20]"></a>EXT6_HANDLER</STRONG> (Thumb, 2 bytes, Stack size 0 bytes, startup_ra9103.o(.text))
<BR><BR>[Calls]<UL><LI><a href="#[20]">&gt;&gt;</a>&nbsp;&nbsp;&nbsp;EXT6_HANDLER
</UL>
<BR>[Called By]<UL><LI><a href="#[20]">&gt;&gt;</a>&nbsp;&nbsp;&nbsp;EXT6_HANDLER
</UL>
<BR>[Address Reference Count : 1]<UL><LI> startup_ra9103.o(RESET)
</UL>
<P><STRONG><a name="[21]"></a>EXT7_HANDLER</STRONG> (Thumb, 2 bytes, Stack size 0 bytes, startup_ra9103.o(.text))
<BR><BR>[Calls]<UL><LI><a href="#[21]">&gt;&gt;</a>&nbsp;&nbsp;&nbsp;EXT7_HANDLER
</UL>
<BR>[Called By]<UL><LI><a href="#[21]">&gt;&gt;</a>&nbsp;&nbsp;&nbsp;EXT7_HANDLER
</UL>
<BR>[Address Reference Count : 1]<UL><LI> startup_ra9103.o(RESET)
</UL>
<P><STRONG><a name="[19]"></a>SYS_TC_HANDLER</STRONG> (Thumb, 2 bytes, Stack size 0 bytes, startup_ra9103.o(.text))
<BR><BR>[Calls]<UL><LI><a href="#[19]">&gt;&gt;</a>&nbsp;&nbsp;&nbsp;SYS_TC_HANDLER
</UL>
<BR>[Called By]<UL><LI><a href="#[19]">&gt;&gt;</a>&nbsp;&nbsp;&nbsp;SYS_TC_HANDLER
</UL>
<BR>[Address Reference Count : 1]<UL><LI> startup_ra9103.o(RESET)
</UL>
<P><STRONG><a name="[18]"></a>LCD_HANDLER</STRONG> (Thumb, 2 bytes, Stack size 0 bytes, startup_ra9103.o(.text))
<BR><BR>[Calls]<UL><LI><a href="#[18]">&gt;&gt;</a>&nbsp;&nbsp;&nbsp;LCD_HANDLER
</UL>
<BR>[Called By]<UL><LI><a href="#[18]">&gt;&gt;</a>&nbsp;&nbsp;&nbsp;LCD_HANDLER
</UL>
<BR>[Address Reference Count : 1]<UL><LI> startup_ra9103.o(RESET)
</UL>
<P><STRONG><a name="[17]"></a>KBI_HANDLER</STRONG> (Thumb, 2 bytes, Stack size 0 bytes, startup_ra9103.o(.text))
<BR><BR>[Calls]<UL><LI><a href="#[17]">&gt;&gt;</a>&nbsp;&nbsp;&nbsp;KBI_HANDLER
</UL>
<BR>[Called By]<UL><LI><a href="#[17]">&gt;&gt;</a>&nbsp;&nbsp;&nbsp;KBI_HANDLER
</UL>
<BR>[Address Reference Count : 1]<UL><LI> startup_ra9103.o(RESET)
</UL>
<P><STRONG><a name="[16]"></a>WDT_HANDLER</STRONG> (Thumb, 2 bytes, Stack size 0 bytes, startup_ra9103.o(.text))
<BR><BR>[Calls]<UL><LI><a href="#[16]">&gt;&gt;</a>&nbsp;&nbsp;&nbsp;WDT_HANDLER
</UL>
<BR>[Called By]<UL><LI><a href="#[16]">&gt;&gt;</a>&nbsp;&nbsp;&nbsp;WDT_HANDLER
</UL>
<BR>[Address Reference Count : 1]<UL><LI> startup_ra9103.o(RESET)
</UL>
<P><STRONG><a name="[15]"></a>UART5_HANDLER</STRONG> (Thumb, 2 bytes, Stack size 0 bytes, startup_ra9103.o(.text))
<BR><BR>[Calls]<UL><LI><a href="#[15]">&gt;&gt;</a>&nbsp;&nbsp;&nbsp;UART5_HANDLER
</UL>
<BR>[Called By]<UL><LI><a href="#[15]">&gt;&gt;</a>&nbsp;&nbsp;&nbsp;UART5_HANDLER
</UL>
<BR>[Address Reference Count : 1]<UL><LI> startup_ra9103.o(RESET)
</UL>
<P><STRONG><a name="[14]"></a>UART4_HANDLER</STRONG> (Thumb, 2 bytes, Stack size 0 bytes, startup_ra9103.o(.text))
<BR><BR>[Calls]<UL><LI><a href="#[14]">&gt;&gt;</a>&nbsp;&nbsp;&nbsp;UART4_HANDLER
</UL>
<BR>[Called By]<UL><LI><a href="#[14]">&gt;&gt;</a>&nbsp;&nbsp;&nbsp;UART4_HANDLER
</UL>
<BR>[Address Reference Count : 1]<UL><LI> startup_ra9103.o(RESET)
</UL>
<P><STRONG><a name="[13]"></a>TC1_HANDLER</STRONG> (Thumb, 2 bytes, Stack size 0 bytes, startup_ra9103.o(.text))
<BR><BR>[Calls]<UL><LI><a href="#[13]">&gt;&gt;</a>&nbsp;&nbsp;&nbsp;TC1_HANDLER
</UL>
<BR>[Called By]<UL><LI><a href="#[13]">&gt;&gt;</a>&nbsp;&nbsp;&nbsp;TC1_HANDLER
</UL>
<BR>[Address Reference Count : 1]<UL><LI> startup_ra9103.o(RESET)
</UL>
<P><STRONG><a name="[12]"></a>TC0_HANDLER</STRONG> (Thumb, 2 bytes, Stack size 0 bytes, startup_ra9103.o(.text))
<BR><BR>[Calls]<UL><LI><a href="#[12]">&gt;&gt;</a>&nbsp;&nbsp;&nbsp;TC0_HANDLER
</UL>
<BR>[Called By]<UL><LI><a href="#[12]">&gt;&gt;</a>&nbsp;&nbsp;&nbsp;TC0_HANDLER
</UL>
<BR>[Address Reference Count : 1]<UL><LI> startup_ra9103.o(RESET)
</UL>
<P><STRONG><a name="[11]"></a>ISO78161_HANDLER</STRONG> (Thumb, 2 bytes, Stack size 0 bytes, startup_ra9103.o(.text))
<BR><BR>[Calls]<UL><LI><a href="#[11]">&gt;&gt;</a>&nbsp;&nbsp;&nbsp;ISO78161_HANDLER
</UL>
<BR>[Called By]<UL><LI><a href="#[11]">&gt;&gt;</a>&nbsp;&nbsp;&nbsp;ISO78161_HANDLER
</UL>
<BR>[Address Reference Count : 1]<UL><LI> startup_ra9103.o(RESET)
</UL>
<P><STRONG><a name="[10]"></a>ISO78160_HANDLER</STRONG> (Thumb, 2 bytes, Stack size 0 bytes, startup_ra9103.o(.text))
<BR><BR>[Calls]<UL><LI><a href="#[10]">&gt;&gt;</a>&nbsp;&nbsp;&nbsp;ISO78160_HANDLER
</UL>
<BR>[Called By]<UL><LI><a href="#[10]">&gt;&gt;</a>&nbsp;&nbsp;&nbsp;ISO78160_HANDLER
</UL>
<BR>[Address Reference Count : 1]<UL><LI> startup_ra9103.o(RESET)
</UL>
<P><STRONG><a name="[f]"></a>I2C_HANDLER</STRONG> (Thumb, 2 bytes, Stack size 0 bytes, startup_ra9103.o(.text))
<BR><BR>[Calls]<UL><LI><a href="#[f]">&gt;&gt;</a>&nbsp;&nbsp;&nbsp;I2C_HANDLER
</UL>
<BR>[Called By]<UL><LI><a href="#[f]">&gt;&gt;</a>&nbsp;&nbsp;&nbsp;I2C_HANDLER
</UL>
<BR>[Address Reference Count : 1]<UL><LI> startup_ra9103.o(RESET)
</UL>
<P><STRONG><a name="[e]"></a>SPI_HANDLER</STRONG> (Thumb, 2 bytes, Stack size 0 bytes, startup_ra9103.o(.text))
<BR><BR>[Calls]<UL><LI><a href="#[e]">&gt;&gt;</a>&nbsp;&nbsp;&nbsp;SPI_HANDLER
</UL>
<BR>[Called By]<UL><LI><a href="#[e]">&gt;&gt;</a>&nbsp;&nbsp;&nbsp;SPI_HANDLER
</UL>
<BR>[Address Reference Count : 1]<UL><LI> startup_ra9103.o(RESET)
</UL>
<P><STRONG><a name="[d]"></a>UART3_HANDLER</STRONG> (Thumb, 2 bytes, Stack size 0 bytes, startup_ra9103.o(.text))
<BR><BR>[Calls]<UL><LI><a href="#[d]">&gt;&gt;</a>&nbsp;&nbsp;&nbsp;UART3_HANDLER
</UL>
<BR>[Called By]<UL><LI><a href="#[d]">&gt;&gt;</a>&nbsp;&nbsp;&nbsp;UART3_HANDLER
</UL>
<BR>[Address Reference Count : 1]<UL><LI> startup_ra9103.o(RESET)
</UL>
<P><STRONG><a name="[c]"></a>UART2_HANDLER</STRONG> (Thumb, 2 bytes, Stack size 0 bytes, startup_ra9103.o(.text))
<BR><BR>[Calls]<UL><LI><a href="#[c]">&gt;&gt;</a>&nbsp;&nbsp;&nbsp;UART2_HANDLER
</UL>
<BR>[Called By]<UL><LI><a href="#[c]">&gt;&gt;</a>&nbsp;&nbsp;&nbsp;UART2_HANDLER
</UL>
<BR>[Address Reference Count : 1]<UL><LI> startup_ra9103.o(RESET)
</UL>
<P><STRONG><a name="[b]"></a>UART1_HANDLER</STRONG> (Thumb, 2 bytes, Stack size 0 bytes, startup_ra9103.o(.text))
<BR><BR>[Calls]<UL><LI><a href="#[b]">&gt;&gt;</a>&nbsp;&nbsp;&nbsp;UART1_HANDLER
</UL>
<BR>[Called By]<UL><LI><a href="#[b]">&gt;&gt;</a>&nbsp;&nbsp;&nbsp;UART1_HANDLER
</UL>
<BR>[Address Reference Count : 1]<UL><LI> startup_ra9103.o(RESET)
</UL>
<P><STRONG><a name="[a]"></a>UART0_HANDLER</STRONG> (Thumb, 2 bytes, Stack size 0 bytes, startup_ra9103.o(.text))
<BR><BR>[Calls]<UL><LI><a href="#[a]">&gt;&gt;</a>&nbsp;&nbsp;&nbsp;UART0_HANDLER
</UL>
<BR>[Called By]<UL><LI><a href="#[a]">&gt;&gt;</a>&nbsp;&nbsp;&nbsp;UART0_HANDLER
</UL>
<BR>[Address Reference Count : 1]<UL><LI> startup_ra9103.o(RESET)
</UL>
<P><STRONG><a name="[9]"></a>SARADC_HANDLER</STRONG> (Thumb, 2 bytes, Stack size 0 bytes, startup_ra9103.o(.text))
<BR><BR>[Calls]<UL><LI><a href="#[9]">&gt;&gt;</a>&nbsp;&nbsp;&nbsp;SARADC_HANDLER
</UL>
<BR>[Called By]<UL><LI><a href="#[9]">&gt;&gt;</a>&nbsp;&nbsp;&nbsp;SARADC_HANDLER
</UL>
<BR>[Address Reference Count : 1]<UL><LI> startup_ra9103.o(RESET)
</UL>
<P><STRONG><a name="[8]"></a>RTC_HANDLER</STRONG> (Thumb, 2 bytes, Stack size 0 bytes, startup_ra9103.o(.text))
<BR><BR>[Calls]<UL><LI><a href="#[8]">&gt;&gt;</a>&nbsp;&nbsp;&nbsp;RTC_HANDLER
</UL>
<BR>[Called By]<UL><LI><a href="#[8]">&gt;&gt;</a>&nbsp;&nbsp;&nbsp;RTC_HANDLER
</UL>
<BR>[Address Reference Count : 1]<UL><LI> startup_ra9103.o(RESET)
</UL>
<P><STRONG><a name="[7]"></a>LVDCMP_HANDLER</STRONG> (Thumb, 2 bytes, Stack size 0 bytes, startup_ra9103.o(.text))
<BR><BR>[Calls]<UL><LI><a href="#[7]">&gt;&gt;</a>&nbsp;&nbsp;&nbsp;LVDCMP_HANDLER
</UL>
<BR>[Called By]<UL><LI><a href="#[7]">&gt;&gt;</a>&nbsp;&nbsp;&nbsp;LVDCMP_HANDLER
</UL>
<BR>[Address Reference Count : 1]<UL><LI> startup_ra9103.o(RESET)
</UL>
<P><STRONG><a name="[6]"></a>SYSCLKCAL_HANDLER</STRONG> (Thumb, 2 bytes, Stack size 0 bytes, startup_ra9103.o(.text))
<BR><BR>[Calls]<UL><LI><a href="#[6]">&gt;&gt;</a>&nbsp;&nbsp;&nbsp;SYSCLKCAL_HANDLER
</UL>
<BR>[Called By]<UL><LI><a href="#[6]">&gt;&gt;</a>&nbsp;&nbsp;&nbsp;SYSCLKCAL_HANDLER
</UL>
<BR>[Address Reference Count : 1]<UL><LI> startup_ra9103.o(RESET)
</UL>
<P><STRONG><a name="[28]"></a>fl_check</STRONG> (Thumb, 12 bytes, Stack size 0 bytes, flash_driver.o(.text))
<BR><BR>[Called By]<UL><LI><a href="#[32]">&gt;&gt;</a>&nbsp;&nbsp;&nbsp;fl_page_prog
<LI><a href="#[31]">&gt;&gt;</a>&nbsp;&nbsp;&nbsp;fl_chip_prog
<LI><a href="#[2f]">&gt;&gt;</a>&nbsp;&nbsp;&nbsp;fl_page_erase
<LI><a href="#[2e]">&gt;&gt;</a>&nbsp;&nbsp;&nbsp;fl_chip_erase
<LI><a href="#[2d]">&gt;&gt;</a>&nbsp;&nbsp;&nbsp;fl_por
<LI><a href="#[26]">&gt;&gt;</a>&nbsp;&nbsp;&nbsp;fl_hvpl_clear
<LI><a href="#[2c]">&gt;&gt;</a>&nbsp;&nbsp;&nbsp;sendCmd
</UL>

<P><STRONG><a name="[26]"></a>fl_hvpl_clear</STRONG> (Thumb, 34 bytes, Stack size 8 bytes, flash_driver.o(.text), UNUSED)
<BR><BR>[Calls]<UL><LI><a href="#[28]">&gt;&gt;</a>&nbsp;&nbsp;&nbsp;fl_check
<LI><a href="#[27]">&gt;&gt;</a>&nbsp;&nbsp;&nbsp;getRemapAddr
</UL>

<P><STRONG><a name="[2d]"></a>fl_por</STRONG> (Thumb, 54 bytes, Stack size 8 bytes, flash_driver.o(.text), UNUSED)
<BR><BR>[Calls]<UL><LI><a href="#[28]">&gt;&gt;</a>&nbsp;&nbsp;&nbsp;fl_check
<LI><a href="#[27]">&gt;&gt;</a>&nbsp;&nbsp;&nbsp;getRemapAddr
</UL>

<P><STRONG><a name="[2e]"></a>fl_chip_erase</STRONG> (Thumb, 44 bytes, Stack size 8 bytes, flash_driver.o(.text))
<BR><BR>[Stack]<UL><LI>Max Depth = 40<LI>Call Chain = fl_chip_erase &rArr; sendCmd &rArr; setMipTime
</UL>
<BR>[Calls]<UL><LI><a href="#[28]">&gt;&gt;</a>&nbsp;&nbsp;&nbsp;fl_check
<LI><a href="#[2c]">&gt;&gt;</a>&nbsp;&nbsp;&nbsp;sendCmd
<LI><a href="#[27]">&gt;&gt;</a>&nbsp;&nbsp;&nbsp;getRemapAddr
</UL>
<BR>[Called By]<UL><LI><a href="#[22]">&gt;&gt;</a>&nbsp;&nbsp;&nbsp;main
</UL>

<P><STRONG><a name="[2f]"></a>fl_page_erase</STRONG> (Thumb, 70 bytes, Stack size 16 bytes, flash_driver.o(.text), UNUSED)
<BR><BR>[Calls]<UL><LI><a href="#[30]">&gt;&gt;</a>&nbsp;&nbsp;&nbsp;__aeabi_uidivmod
<LI><a href="#[28]">&gt;&gt;</a>&nbsp;&nbsp;&nbsp;fl_check
<LI><a href="#[2c]">&gt;&gt;</a>&nbsp;&nbsp;&nbsp;sendCmd
<LI><a href="#[27]">&gt;&gt;</a>&nbsp;&nbsp;&nbsp;getRemapAddr
</UL>

<P><STRONG><a name="[31]"></a>fl_chip_prog</STRONG> (Thumb, 92 bytes, Stack size 16 bytes, flash_driver.o(.text), UNUSED)
<BR><BR>[Calls]<UL><LI><a href="#[28]">&gt;&gt;</a>&nbsp;&nbsp;&nbsp;fl_check
<LI><a href="#[2c]">&gt;&gt;</a>&nbsp;&nbsp;&nbsp;sendCmd
<LI><a href="#[27]">&gt;&gt;</a>&nbsp;&nbsp;&nbsp;getRemapAddr
</UL>

<P><STRONG><a name="[32]"></a>fl_page_prog</STRONG> (Thumb, 104 bytes, Stack size 24 bytes, flash_driver.o(.text))
<BR><BR>[Stack]<UL><LI>Max Depth = 56<LI>Call Chain = fl_page_prog &rArr; sendCmd &rArr; setMipTime
</UL>
<BR>[Calls]<UL><LI><a href="#[30]">&gt;&gt;</a>&nbsp;&nbsp;&nbsp;__aeabi_uidivmod
<LI><a href="#[28]">&gt;&gt;</a>&nbsp;&nbsp;&nbsp;fl_check
<LI><a href="#[2c]">&gt;&gt;</a>&nbsp;&nbsp;&nbsp;sendCmd
<LI><a href="#[27]">&gt;&gt;</a>&nbsp;&nbsp;&nbsp;getRemapAddr
</UL>
<BR>[Called By]<UL><LI><a href="#[22]">&gt;&gt;</a>&nbsp;&nbsp;&nbsp;main
</UL>

<P><STRONG><a name="[36]"></a>mem_cmp</STRONG> (Thumb, 48 bytes, Stack size 12 bytes, cache_verify.o(.text))
<BR><BR>[Stack]<UL><LI>Max Depth = 12<LI>Call Chain = mem_cmp
</UL>
<BR>[Called By]<UL><LI><a href="#[22]">&gt;&gt;</a>&nbsp;&nbsp;&nbsp;main
<LI><a href="#[33]">&gt;&gt;</a>&nbsp;&nbsp;&nbsp;lru_verify
</UL>

<P><STRONG><a name="[35]"></a>generate_buf</STRONG> (Thumb, 54 bytes, Stack size 16 bytes, cache_verify.o(.text))
<BR><BR>[Stack]<UL><LI>Max Depth = 16<LI>Call Chain = generate_buf
</UL>
<BR>[Called By]<UL><LI><a href="#[33]">&gt;&gt;</a>&nbsp;&nbsp;&nbsp;lru_verify
</UL>

<P><STRONG><a name="[34]"></a>line_access</STRONG> (Thumb, 38 bytes, Stack size 0 bytes, cache_verify.o(.text))
<BR><BR>[Called By]<UL><LI><a href="#[33]">&gt;&gt;</a>&nbsp;&nbsp;&nbsp;lru_verify
</UL>

<P><STRONG><a name="[33]"></a>lru_verify</STRONG> (Thumb, 192 bytes, Stack size 24 bytes, cache_verify.o(.text))
<BR><BR>[Stack]<UL><LI>Max Depth = 40<LI>Call Chain = lru_verify &rArr; generate_buf
</UL>
<BR>[Calls]<UL><LI><a href="#[34]">&gt;&gt;</a>&nbsp;&nbsp;&nbsp;line_access
<LI><a href="#[35]">&gt;&gt;</a>&nbsp;&nbsp;&nbsp;generate_buf
<LI><a href="#[36]">&gt;&gt;</a>&nbsp;&nbsp;&nbsp;mem_cmp
</UL>
<BR>[Called By]<UL><LI><a href="#[22]">&gt;&gt;</a>&nbsp;&nbsp;&nbsp;main
</UL>

<P><STRONG><a name="[22]"></a>main</STRONG> (Thumb, 844 bytes, Stack size 144 bytes, cache_verify.o(.text))
<BR><BR>[Stack]<UL><LI>Max Depth = 200<LI>Call Chain = main &rArr; fl_page_prog &rArr; sendCmd &rArr; setMipTime
</UL>
<BR>[Calls]<UL><LI><a href="#[30]">&gt;&gt;</a>&nbsp;&nbsp;&nbsp;__aeabi_uidivmod
<LI><a href="#[33]">&gt;&gt;</a>&nbsp;&nbsp;&nbsp;lru_verify
<LI><a href="#[36]">&gt;&gt;</a>&nbsp;&nbsp;&nbsp;mem_cmp
<LI><a href="#[37]">&gt;&gt;</a>&nbsp;&nbsp;&nbsp;get_fl_base
<LI><a href="#[32]">&gt;&gt;</a>&nbsp;&nbsp;&nbsp;fl_page_prog
<LI><a href="#[2e]">&gt;&gt;</a>&nbsp;&nbsp;&nbsp;fl_chip_erase
</UL>
<BR>[Address Reference Count : 1]<UL><LI> entry8.o(.ARM.Collect$$$$00000009)
</UL>
<P><STRONG><a name="[3c]"></a>__aeabi_uidiv</STRONG> (Thumb, 0 bytes, Stack size 12 bytes, uidiv.o(.text), UNUSED)

<P><STRONG><a name="[30]"></a>__aeabi_uidivmod</STRONG> (Thumb, 44 bytes, Stack size 12 bytes, uidiv.o(.text))
<BR><BR>[Stack]<UL><LI>Max Depth = 12<LI>Call Chain = __aeabi_uidivmod
</UL>
<BR>[Called By]<UL><LI><a href="#[22]">&gt;&gt;</a>&nbsp;&nbsp;&nbsp;main
<LI><a href="#[32]">&gt;&gt;</a>&nbsp;&nbsp;&nbsp;fl_page_prog
<LI><a href="#[2f]">&gt;&gt;</a>&nbsp;&nbsp;&nbsp;fl_page_erase
</UL>

<P><STRONG><a name="[25]"></a>__scatterload</STRONG> (Thumb, 28 bytes, Stack size 0 bytes, init.o(.text))
<BR><BR>[Calls]<UL><LI><a href="#[38]">&gt;&gt;</a>&nbsp;&nbsp;&nbsp;__main_after_scatterload
</UL>
<BR>[Called By]<UL><LI><a href="#[24]">&gt;&gt;</a>&nbsp;&nbsp;&nbsp;_main_scatterload
</UL>

<P><STRONG><a name="[3d]"></a>__scatterload_rt2</STRONG> (Thumb, 0 bytes, Stack size 0 bytes, init.o(.text), UNUSED)

<P><STRONG><a name="[2b]"></a>__ARM_common_switch8</STRONG> (Thumb, 28 bytes, Stack size 8 bytes, system_ra9103.o(i.__ARM_common_switch8))
<BR><BR>[Stack]<UL><LI>Max Depth = 8<LI>Call Chain = __ARM_common_switch8
</UL>
<BR>[Called By]<UL><LI><a href="#[2c]">&gt;&gt;</a>&nbsp;&nbsp;&nbsp;sendCmd
<LI><a href="#[2a]">&gt;&gt;</a>&nbsp;&nbsp;&nbsp;getSysclk
</UL>

<P><STRONG><a name="[3e]"></a>__scatterload_copy</STRONG> (Thumb, 14 bytes, Stack size unknown bytes, handlers.o(i.__scatterload_copy), UNUSED)

<P><STRONG><a name="[3f]"></a>__scatterload_null</STRONG> (Thumb, 2 bytes, Stack size unknown bytes, handlers.o(i.__scatterload_null), UNUSED)

<P><STRONG><a name="[40]"></a>__scatterload_zeroinit</STRONG> (Thumb, 14 bytes, Stack size unknown bytes, handlers.o(i.__scatterload_zeroinit), UNUSED)
<P>
<H3>
Local Symbols
</H3>
<P><STRONG><a name="[27]"></a>getRemapAddr</STRONG> (Thumb, 68 bytes, Stack size 0 bytes, flash_driver.o(.text))
<BR><BR>[Called By]<UL><LI><a href="#[32]">&gt;&gt;</a>&nbsp;&nbsp;&nbsp;fl_page_prog
<LI><a href="#[31]">&gt;&gt;</a>&nbsp;&nbsp;&nbsp;fl_chip_prog
<LI><a href="#[2f]">&gt;&gt;</a>&nbsp;&nbsp;&nbsp;fl_page_erase
<LI><a href="#[2e]">&gt;&gt;</a>&nbsp;&nbsp;&nbsp;fl_chip_erase
<LI><a href="#[2d]">&gt;&gt;</a>&nbsp;&nbsp;&nbsp;fl_por
<LI><a href="#[26]">&gt;&gt;</a>&nbsp;&nbsp;&nbsp;fl_hvpl_clear
<LI><a href="#[2c]">&gt;&gt;</a>&nbsp;&nbsp;&nbsp;sendCmd
<LI><a href="#[29]">&gt;&gt;</a>&nbsp;&nbsp;&nbsp;setMipTime
</UL>

<P><STRONG><a name="[29]"></a>setMipTime</STRONG> (Thumb, 202 bytes, Stack size 16 bytes, flash_driver.o(.text))
<BR><BR>[Stack]<UL><LI>Max Depth = 16<LI>Call Chain = setMipTime
</UL>
<BR>[Calls]<UL><LI><a href="#[27]">&gt;&gt;</a>&nbsp;&nbsp;&nbsp;getRemapAddr
</UL>
<BR>[Called By]<UL><LI><a href="#[2c]">&gt;&gt;</a>&nbsp;&nbsp;&nbsp;sendCmd
</UL>

<P><STRONG><a name="[2a]"></a>getSysclk</STRONG> (Thumb, 62 bytes, Stack size 4 bytes, flash_driver.o(.text))
<BR><BR>[Stack]<UL><LI>Max Depth = 12<LI>Call Chain = getSysclk &rArr; __ARM_common_switch8
</UL>
<BR>[Calls]<UL><LI><a href="#[2b]">&gt;&gt;</a>&nbsp;&nbsp;&nbsp;__ARM_common_switch8
</UL>
<BR>[Called By]<UL><LI><a href="#[2c]">&gt;&gt;</a>&nbsp;&nbsp;&nbsp;sendCmd
</UL>

<P><STRONG><a name="[2c]"></a>sendCmd</STRONG> (Thumb, 114 bytes, Stack size 16 bytes, flash_driver.o(.text))
<BR><BR>[Stack]<UL><LI>Max Depth = 32<LI>Call Chain = sendCmd &rArr; setMipTime
</UL>
<BR>[Calls]<UL><LI><a href="#[28]">&gt;&gt;</a>&nbsp;&nbsp;&nbsp;fl_check
<LI><a href="#[2a]">&gt;&gt;</a>&nbsp;&nbsp;&nbsp;getSysclk
<LI><a href="#[29]">&gt;&gt;</a>&nbsp;&nbsp;&nbsp;setMipTime
<LI><a href="#[27]">&gt;&gt;</a>&nbsp;&nbsp;&nbsp;getRemapAddr
<LI><a href="#[2b]">&gt;&gt;</a>&nbsp;&nbsp;&nbsp;__ARM_common_switch8
</UL>
<BR>[Called By]<UL><LI><a href="#[32]">&gt;&gt;</a>&nbsp;&nbsp;&nbsp;fl_page_prog
<LI><a href="#[31]">&gt;&gt;</a>&nbsp;&nbsp;&nbsp;fl_chip_prog
<LI><a href="#[2f]">&gt;&gt;</a>&nbsp;&nbsp;&nbsp;fl_page_erase
<LI><a href="#[2e]">&gt;&gt;</a>&nbsp;&nbsp;&nbsp;fl_chip_erase
</UL>

<P><STRONG><a name="[37]"></a>get_fl_base</STRONG> (Thumb, 56 bytes, Stack size 0 bytes, cache_verify.o(.text))
<BR><BR>[Called By]<UL><LI><a href="#[22]">&gt;&gt;</a>&nbsp;&nbsp;&nbsp;main
</UL>
<P>
<H3>
Undefined Global Symbols
</H3><HR></body></html>
