ARM Linker, 5.02 [Build 28] [MDK-ARM Standard]

==============================================================================

Section Cross References

    system_ra9103.o(.text) refers to system_ra9103.o(i.__ARM_common_switch8) for __ARM_common_switch8
    system_ra9103.o(.text) refers to system_ra9103.o(.data) for SystemCoreClock
    startup_ra9103.o(RESET) refers to startup_ra9103.o(STACK) for __initial_sp
    startup_ra9103.o(RESET) refers to startup_ra9103.o(.text) for Reset_Handler
    startup_ra9103.o(.text) refers to entry.o(.ARM.Collect$$$$00000000) for __main
    flash_driver.o(.text) refers to system_ra9103.o(i.__ARM_common_switch8) for __ARM_common_switch8
    flash_driver.o(.text) refers to uidiv.o(.text) for __aeabi_uidivmod
    flash_driver.o(.text) refers to flash_driver.o(.data) for fl_mem_base
    flash_driver.o(.text) refers to flash_driver.o(.constdata) for fl_tus
    flash_driver.o(.text) refers to cache_verify.o(.data) for fl_page_size_g
    cache_verify.o(.text) refers to flash_driver.o(.text) for fl_chip_erase
    cache_verify.o(.text) refers to uidiv.o(.text) for __aeabi_uidivmod
    cache_verify.o(.text) refers to cache_verify.o(.bss) for verify_data
    cache_verify.o(.text) refers to cache_verify.o(.data) for fl_base
    cache_verify.o(.text) refers to cache_verify.o(.constdata) for linea_lru
    entry.o(.ARM.Collect$$$$00000000) refers (Special) to entry7b.o(.ARM.Collect$$$$00000008) for _main_clock
    entry.o(.ARM.Collect$$$$00000000) refers (Special) to entry8.o(.ARM.Collect$$$$00000009) for _main_init
    entry.o(.ARM.Collect$$$$00000000) refers (Special) to entry5.o(.ARM.Collect$$$$00000004) for _main_scatterload
    entry.o(.ARM.Collect$$$$00000000) refers (Special) to entry2.o(.ARM.Collect$$$$00000001) for _main_stk
    entry2.o(.ARM.Collect$$$$00000001) refers to entry2.o(.ARM.Collect$$$$00002712) for __lit__00000000
    entry2.o(.ARM.Collect$$$$00002712) refers to startup_ra9103.o(STACK) for __initial_sp
    entry2.o(__vectab_stack_and_reset_area) refers to startup_ra9103.o(STACK) for __initial_sp
    entry2.o(__vectab_stack_and_reset_area) refers to entry.o(.ARM.Collect$$$$00000000) for __main
    entry5.o(.ARM.Collect$$$$00000004) refers to init.o(.text) for __scatterload
    entry8.o(.ARM.Collect$$$$00000009) refers to cache_verify.o(.text) for main
    init.o(.text) refers to entry5.o(.ARM.Collect$$$$00000004) for __main_after_scatterload


==============================================================================

Removing Unused input sections from the image.

    Removing system_ra9103.o(.rev16_text), (4 bytes).
    Removing system_ra9103.o(.revsh_text), (4 bytes).
    Removing system_ra9103.o(.text), (108 bytes).
    Removing system_ra9103.o(.data), (4 bytes).
    Removing startup_ra9103.o(HEAP), (0 bytes).
    Removing flash_driver.o(.rev16_text), (4 bytes).
    Removing flash_driver.o(.revsh_text), (4 bytes).
    Removing cache_verify.o(.rev16_text), (4 bytes).
    Removing cache_verify.o(.revsh_text), (4 bytes).

9 unused section(s) (total 136 bytes) removed from the image.

==============================================================================

Image Symbol Table

    Local Symbols

    Symbol Name                              Value     Ov Type        Size  Object(Section)

    RESET                                    0x00000000   Section      192  startup_ra9103.o(RESET)
    ../clib/microlib/division.c              0x00000000   Number         0  uidiv.o ABSOLUTE
    ../clib/microlib/init/entry.s            0x00000000   Number         0  entry2.o ABSOLUTE
    ../clib/microlib/init/entry.s            0x00000000   Number         0  entry.o ABSOLUTE
    ../clib/microlib/init/entry.s            0x00000000   Number         0  entry8.o ABSOLUTE
    ../clib/microlib/init/entry.s            0x00000000   Number         0  entry7b.o ABSOLUTE
    ../clib/microlib/init/entry.s            0x00000000   Number         0  entry7a.o ABSOLUTE
    ../clib/microlib/init/entry.s            0x00000000   Number         0  entry5.o ABSOLUTE
    ..\CMSIS\RA9103\startup\arm\startup_RA9103.s 0x00000000   Number         0  startup_ra9103.o ABSOLUTE
    ..\CMSIS\RA9103\system_RA9103.c          0x00000000   Number         0  system_ra9103.o ABSOLUTE
    ..\\CMSIS\\RA9103\\system_RA9103.c       0x00000000   Number         0  system_ra9103.o ABSOLUTE
    ..\\common_files\\flash_driver.c         0x00000000   Number         0  flash_driver.o ABSOLUTE
    ..\\src\\cache_verify.c                  0x00000000   Number         0  cache_verify.o ABSOLUTE
    ..\common_files\flash_driver.c           0x00000000   Number         0  flash_driver.o ABSOLUTE
    ..\src\cache_verify.c                    0x00000000   Number         0  cache_verify.o ABSOLUTE
    dc.s                                     0x00000000   Number         0  dc.o ABSOLUTE
    handlers.s                               0x00000000   Number         0  handlers.o ABSOLUTE
    init.s                                   0x00000000   Number         0  init.o ABSOLUTE
    .ARM.Collect$$$$00000000                 0x000000c0   Section        0  entry.o(.ARM.Collect$$$$00000000)
    .ARM.Collect$$$$00000001                 0x000000c0   Section        4  entry2.o(.ARM.Collect$$$$00000001)
    .ARM.Collect$$$$00000004                 0x000000c4   Section        4  entry5.o(.ARM.Collect$$$$00000004)
    .ARM.Collect$$$$00000008                 0x000000c8   Section        0  entry7b.o(.ARM.Collect$$$$00000008)
    .ARM.Collect$$$$00000009                 0x000000c8   Section        8  entry8.o(.ARM.Collect$$$$00000009)
    .ARM.Collect$$$$00002712                 0x000000d0   Section        4  entry2.o(.ARM.Collect$$$$00002712)
    __lit__00000000                          0x000000d0   Data           4  entry2.o(.ARM.Collect$$$$00002712)
    .text                                    0x000000d4   Section       76  startup_ra9103.o(.text)
    .text                                    0x00000120   Section        0  flash_driver.o(.text)
    getRemapAddr                             0x00000121   Thumb Code    68  flash_driver.o(.text)
    setMipTime                               0x00000193   Thumb Code   202  flash_driver.o(.text)
    getSysclk                                0x0000025d   Thumb Code    62  flash_driver.o(.text)
    sendCmd                                  0x0000029b   Thumb Code   114  flash_driver.o(.text)
    .text                                    0x0000049c   Section        0  cache_verify.o(.text)
    get_fl_base                              0x000005e9   Thumb Code    56  cache_verify.o(.text)
    .text                                    0x0000097c   Section        0  uidiv.o(.text)
    .text                                    0x000009a8   Section       36  init.o(.text)
    i.__ARM_common_switch8                   0x000009cc   Section        0  system_ra9103.o(i.__ARM_common_switch8)
    i.__scatterload_copy                     0x000009e8   Section       14  handlers.o(i.__scatterload_copy)
    i.__scatterload_null                     0x000009f6   Section        2  handlers.o(i.__scatterload_null)
    i.__scatterload_zeroinit                 0x000009f8   Section       14  handlers.o(i.__scatterload_zeroinit)
    .constdata                               0x00000a08   Section      128  flash_driver.o(.constdata)
    .constdata                               0x00000a88   Section       60  cache_verify.o(.constdata)
    .data                                    0x00001000   Section        4  flash_driver.o(.data)
    .data                                    0x00001004   Section       16  cache_verify.o(.data)
    .bss                                     0x00001014   Section     2048  cache_verify.o(.bss)
    STACK                                    0x00001818   Section      500  startup_ra9103.o(STACK)

    Global Symbols

    Symbol Name                              Value     Ov Type        Size  Object(Section)

    BuildAttributes$$THM_ISAv3M$S$PE$A:L22$X:L11$S22$IEEE1$IW$USESV6$~STKCKD$USESV7$~SHL$OSPACE$EBA8$MICROLIB$REQ8$PRES8$EABIv2 0x00000000   Number         0  anon$$obj.o ABSOLUTE
    __ARM_use_no_argv                        0x00000000   Number         0  cache_verify.o ABSOLUTE
    __Vectors                                0x00000000   Data           4  startup_ra9103.o(RESET)
    __decompress                              - Undefined Weak Reference
    _clock_init                               - Undefined Weak Reference
    __Vectors_End                            0x000000c0   Data           0  startup_ra9103.o(RESET)
    __Vectors_Size                           0x000000c0   Number         0  startup_ra9103.o ABSOLUTE
    __main                                   0x000000c1   Thumb Code     0  entry.o(.ARM.Collect$$$$00000000)
    _main_stk                                0x000000c1   Thumb Code     0  entry2.o(.ARM.Collect$$$$00000001)
    _main_scatterload                        0x000000c5   Thumb Code     0  entry5.o(.ARM.Collect$$$$00000004)
    __main_after_scatterload                 0x000000c9   Thumb Code     0  entry5.o(.ARM.Collect$$$$00000004)
    _main_clock                              0x000000c9   Thumb Code     0  entry7b.o(.ARM.Collect$$$$00000008)
    _main_init                               0x000000c9   Thumb Code     0  entry8.o(.ARM.Collect$$$$00000009)
    Reset_Handler                            0x000000d5   Thumb Code     4  startup_ra9103.o(.text)
    NMI_Handler                              0x000000d9   Thumb Code     2  startup_ra9103.o(.text)
    HardFault_Handler                        0x000000db   Thumb Code     2  startup_ra9103.o(.text)
    SVC_Handler                              0x000000dd   Thumb Code     2  startup_ra9103.o(.text)
    PendSV_Handler                           0x000000df   Thumb Code     2  startup_ra9103.o(.text)
    SysTick_Handler                          0x000000e1   Thumb Code     2  startup_ra9103.o(.text)
    EXT0_HANDLER                             0x000000e3   Thumb Code     2  startup_ra9103.o(.text)
    EXT1_HANDLER                             0x000000e5   Thumb Code     2  startup_ra9103.o(.text)
    EXT2_HANDLER                             0x000000e7   Thumb Code     2  startup_ra9103.o(.text)
    EXT3_HANDLER                             0x000000e9   Thumb Code     2  startup_ra9103.o(.text)
    EXT4_HANDLER                             0x000000eb   Thumb Code     2  startup_ra9103.o(.text)
    EXT5_HANDLER                             0x000000ed   Thumb Code     2  startup_ra9103.o(.text)
    EXT6_HANDLER                             0x000000ef   Thumb Code     2  startup_ra9103.o(.text)
    EXT7_HANDLER                             0x000000f1   Thumb Code     2  startup_ra9103.o(.text)
    SYS_TC_HANDLER                           0x000000f3   Thumb Code     2  startup_ra9103.o(.text)
    LCD_HANDLER                              0x000000f5   Thumb Code     2  startup_ra9103.o(.text)
    KBI_HANDLER                              0x000000f7   Thumb Code     2  startup_ra9103.o(.text)
    WDT_HANDLER                              0x000000f9   Thumb Code     2  startup_ra9103.o(.text)
    UART5_HANDLER                            0x000000fb   Thumb Code     2  startup_ra9103.o(.text)
    UART4_HANDLER                            0x000000fd   Thumb Code     2  startup_ra9103.o(.text)
    TC1_HANDLER                              0x000000ff   Thumb Code     2  startup_ra9103.o(.text)
    TC0_HANDLER                              0x00000101   Thumb Code     2  startup_ra9103.o(.text)
    ISO78161_HANDLER                         0x00000103   Thumb Code     2  startup_ra9103.o(.text)
    ISO78160_HANDLER                         0x00000105   Thumb Code     2  startup_ra9103.o(.text)
    I2C_HANDLER                              0x00000107   Thumb Code     2  startup_ra9103.o(.text)
    SPI_HANDLER                              0x00000109   Thumb Code     2  startup_ra9103.o(.text)
    UART3_HANDLER                            0x0000010b   Thumb Code     2  startup_ra9103.o(.text)
    UART2_HANDLER                            0x0000010d   Thumb Code     2  startup_ra9103.o(.text)
    UART1_HANDLER                            0x0000010f   Thumb Code     2  startup_ra9103.o(.text)
    UART0_HANDLER                            0x00000111   Thumb Code     2  startup_ra9103.o(.text)
    SARADC_HANDLER                           0x00000113   Thumb Code     2  startup_ra9103.o(.text)
    RTC_HANDLER                              0x00000115   Thumb Code     2  startup_ra9103.o(.text)
    LVDCMP_HANDLER                           0x00000117   Thumb Code     2  startup_ra9103.o(.text)
    SYSCLKCAL_HANDLER                        0x00000119   Thumb Code     2  startup_ra9103.o(.text)
    fl_check                                 0x00000165   Thumb Code    12  flash_driver.o(.text)
    fl_hvpl_clear                            0x00000171   Thumb Code    34  flash_driver.o(.text)
    fl_por                                   0x0000030d   Thumb Code    54  flash_driver.o(.text)
    fl_chip_erase                            0x00000343   Thumb Code    44  flash_driver.o(.text)
    fl_page_erase                            0x0000036f   Thumb Code    70  flash_driver.o(.text)
    fl_chip_prog                             0x000003b5   Thumb Code    92  flash_driver.o(.text)
    fl_page_prog                             0x00000411   Thumb Code   104  flash_driver.o(.text)
    mem_cmp                                  0x0000049d   Thumb Code    48  cache_verify.o(.text)
    generate_buf                             0x000004cd   Thumb Code    54  cache_verify.o(.text)
    line_access                              0x00000503   Thumb Code    38  cache_verify.o(.text)
    lru_verify                               0x00000529   Thumb Code   192  cache_verify.o(.text)
    main                                     0x00000621   Thumb Code   844  cache_verify.o(.text)
    __aeabi_uidiv                            0x0000097d   Thumb Code     0  uidiv.o(.text)
    __aeabi_uidivmod                         0x0000097d   Thumb Code    44  uidiv.o(.text)
    __scatterload                            0x000009a9   Thumb Code    28  init.o(.text)
    __scatterload_rt2                        0x000009a9   Thumb Code     0  init.o(.text)
    __ARM_common_switch8                     0x000009cd   Thumb Code    28  system_ra9103.o(i.__ARM_common_switch8)
    __scatterload_copy                       0x000009e9   Thumb Code    14  handlers.o(i.__scatterload_copy)
    __scatterload_null                       0x000009f7   Thumb Code     2  handlers.o(i.__scatterload_null)
    __scatterload_zeroinit                   0x000009f9   Thumb Code    14  handlers.o(i.__scatterload_zeroinit)
    fl_tus                                   0x00000a08   Data          24  flash_driver.o(.constdata)
    fl_tms                                   0x00000a20   Data          96  flash_driver.o(.constdata)
    fl_tp                                    0x00000a80   Data           4  flash_driver.o(.constdata)
    fl_te                                    0x00000a84   Data           4  flash_driver.o(.constdata)
    linea_lru                                0x00000a88   Data          15  cache_verify.o(.constdata)
    lineb_lru                                0x00000a97   Data          15  cache_verify.o(.constdata)
    linec_lru                                0x00000aa6   Data          15  cache_verify.o(.constdata)
    lined_lru                                0x00000ab5   Data          15  cache_verify.o(.constdata)
    Region$$Table$$Base                      0x00000ac4   Number         0  anon$$obj.o(Region$$Table)
    Region$$Table$$Limit                     0x00000ae4   Number         0  anon$$obj.o(Region$$Table)
    fl_mem_base                              0x00001000   Data           4  flash_driver.o(.data)
    cache_data                               0x00001004   Data           4  cache_verify.o(.data)
    fl_base                                  0x00001008   Data           4  cache_verify.o(.data)
    fl_page_size_g                           0x0000100c   Data           4  cache_verify.o(.data)
    fl_chip_size_g                           0x00001010   Data           4  cache_verify.o(.data)
    verify_data                              0x00001014   Data        2048  cache_verify.o(.bss)
    __initial_sp                             0x00001a0c   Data           0  startup_ra9103.o(STACK)



==============================================================================

Memory Map of the image

  Image Entry point : 0x000000c1

  Load Region LR_IROM1 (Base: 0x00000000, Size: 0x00000af8, Max: 0x00001000, ABSOLUTE)

    Execution Region ER_IROM1 (Base: 0x00000000, Size: 0x00000ae4, Max: 0x00001000, ABSOLUTE)

    Base Addr    Size         Type   Attr      Idx    E Section Name        Object

    0x00000000   0x000000c0   Data   RO           49    RESET               startup_ra9103.o
    0x000000c0   0x00000000   Code   RO          117  * .ARM.Collect$$$$00000000  mc_p.l(entry.o)
    0x000000c0   0x00000004   Code   RO          122    .ARM.Collect$$$$00000001  mc_p.l(entry2.o)
    0x000000c4   0x00000004   Code   RO          125    .ARM.Collect$$$$00000004  mc_p.l(entry5.o)
    0x000000c8   0x00000000   Code   RO          127    .ARM.Collect$$$$00000008  mc_p.l(entry7b.o)
    0x000000c8   0x00000008   Code   RO          128    .ARM.Collect$$$$00000009  mc_p.l(entry8.o)
    0x000000d0   0x00000004   Code   RO          123    .ARM.Collect$$$$00002712  mc_p.l(entry2.o)
    0x000000d4   0x0000004c   Code   RO           50    .text               startup_ra9103.o
    0x00000120   0x0000037c   Code   RO           56    .text               flash_driver.o
    0x0000049c   0x000004e0   Code   RO           94    .text               cache_verify.o
    0x0000097c   0x0000002c   Code   RO          120    .text               mc_p.l(uidiv.o)
    0x000009a8   0x00000024   Code   RO          129    .text               mc_p.l(init.o)
    0x000009cc   0x0000001c   Code   RO           22    i.__ARM_common_switch8  system_ra9103.o
    0x000009e8   0x0000000e   Code   RO          133    i.__scatterload_copy  mc_p.l(handlers.o)
    0x000009f6   0x00000002   Code   RO          134    i.__scatterload_null  mc_p.l(handlers.o)
    0x000009f8   0x0000000e   Code   RO          135    i.__scatterload_zeroinit  mc_p.l(handlers.o)
    0x00000a06   0x00000002   PAD
    0x00000a08   0x00000080   Data   RO           57    .constdata          flash_driver.o
    0x00000a88   0x0000003c   Data   RO           96    .constdata          cache_verify.o
    0x00000ac4   0x00000020   Data   RO          131    Region$$Table       anon$$obj.o


    Execution Region RW_IRAM1 (Base: 0x00001000, Size: 0x00000a0c, Max: 0x00001000, ABSOLUTE)

    Base Addr    Size         Type   Attr      Idx    E Section Name        Object

    0x00001000   0x00000004   Data   RW           58    .data               flash_driver.o
    0x00001004   0x00000010   Data   RW           97    .data               cache_verify.o
    0x00001014   0x00000800   Zero   RW           95    .bss                cache_verify.o
    0x00001814   0x00000004   PAD
    0x00001818   0x000001f4   Zero   RW           47    STACK               startup_ra9103.o


==============================================================================

Image component sizes


      Code (inc. data)   RO Data    RW Data    ZI Data      Debug   Object Name

      1248         74         60         16       2048       3950   cache_verify.o
       892         54        128          4          0       4670   flash_driver.o
        76          6        192          0        500       1688   startup_ra9103.o
        28          0          0          0          0       4340   system_ra9103.o

    ----------------------------------------------------------------------
      2244        134        412         20       2552      14648   Object Totals
         0          0         32          0          0          0   (incl. Generated)
         0          0          0          0          4          0   (incl. Padding)

    ----------------------------------------------------------------------

      Code (inc. data)   RO Data    RW Data    ZI Data      Debug   Library Member Name

         0          0          0          0          0          0   entry.o
         8          4          0          0          0          0   entry2.o
         4          0          0          0          0          0   entry5.o
         0          0          0          0          0          0   entry7b.o
         8          4          0          0          0          0   entry8.o
        30          0          0          0          0          0   handlers.o
        36          8          0          0          0         68   init.o
        44          0          0          0          0         72   uidiv.o

    ----------------------------------------------------------------------
       132         16          0          0          0        140   Library Totals
         2          0          0          0          0          0   (incl. Padding)

    ----------------------------------------------------------------------

      Code (inc. data)   RO Data    RW Data    ZI Data      Debug   Library Name

       130         16          0          0          0        140   mc_p.l

    ----------------------------------------------------------------------
       132         16          0          0          0        140   Library Totals

    ----------------------------------------------------------------------

==============================================================================


      Code (inc. data)   RO Data    RW Data    ZI Data      Debug   

      2376        150        412         20       2552      14648   Grand Totals
      2376        150        412         20       2552      14648   ELF Image Totals
      2376        150        412         20          0          0   ROM Totals

==============================================================================

    Total RO  Size (Code + RO Data)                 2788 (   2.72kB)
    Total RW  Size (RW Data + ZI Data)              2572 (   2.51kB)
    Total ROM Size (Code + RO Data + RW Data)       2808 (   2.74kB)

==============================================================================

