ARM Linker, 5.02 [Build 28] [MDK-ARM Standard]

==============================================================================

Section Cross References

    common.o(.text) refers to common.o(i.__ARM_common_switch8) for __ARM_common_switch8
    system_rn821x.o(.text) refers to system_rn821x.o(.data) for SystemCoreClock
    startup_ra9103.o(RESET) refers to startup_ra9103.o(STACK) for __initial_sp
    startup_ra9103.o(RESET) refers to startup_ra9103.o(.text) for Reset_Handler
    startup_ra9103.o(.text) refers to system_rn821x.o(.text) for SystemInit
    startup_ra9103.o(.text) refers to entry.o(.ARM.Collect$$$$00000000) for __main
    eeprom_driver.o(.text) refers to common.o(i.__ARM_common_switch8) for __ARM_common_switch8
    eeprom_driver.o(.text) refers to common.o(.text) for getSysclk
    eeprom_driver.o(.text) refers to eeprom_driver.o(.data) for ee_mem_base
    eeprom_driver.o(.text) refers to eeprom_driver.o(.constdata) for ee_tus
    eeprom_driver.o(.text) refers to ra9103a0_eeprom_qc.o(.data) for sram_chipid
    eeprom_driver.o(.text) refers to eeprom_driver.o(.text) for getRemapAddr
    eeprom_driver.o(.text) refers to eeprom_driver.o(.data) for ee_mem_base
    eeprom_driver.o(.text) refers to ra9103a0_eeprom_qc.o(.data) for sram_chipid
    eeprom_driver.o(.text) refers to eeprom_driver.o(.text) for getRemapAddr
    eeprom_driver.o(.text) refers to eeprom_driver.o(.data) for ee_mem_base
    eeprom_driver.o(.text) refers to eeprom_driver.o(.text) for getRemapAddr
    eeprom_driver.o(.text) refers to eeprom_driver.o(.data) for ee_mem_base
    eeprom_driver.o(.text) refers to eeprom_driver.o(.text) for getRemapAddr
    eeprom_driver.o(.text) refers to eeprom_driver.o(.data) for ee_mem_base
    eeprom_driver.o(.text) refers to ra9103a0_eeprom_qc.o(.data) for sram_chipid
    eeprom_driver.o(.text) refers to eeprom_driver.o(.text) for getRemapAddr
    eeprom_driver.o(.text) refers to eeprom_driver.o(.data) for ee_mem_base
    eeprom_driver.o(.text) refers to eeprom_driver.o(.text) for getRemapAddr
    eeprom_driver.o(.text) refers to eeprom_driver.o(.data) for ee_mem_base
    eeprom_driver.o(.text) refers to ra9103a0_eeprom_qc.o(.data) for sram_chipid
    eeprom_driver.o(.text) refers to eeprom_driver.o(.text) for getRemapAddr
    eeprom_driver.o(.text) refers to eeprom_driver.o(.data) for ee_mem_base
    eeprom_driver.o(.text) refers to ra9103a0_eeprom_qc.o(.data) for sram_chipid
    ra9103a0_eeprom_qc.o(.text) refers to uidiv.o(.text) for __aeabi_uidivmod
    ra9103a0_eeprom_qc.o(.text) refers to common.o(.text) for WdtInit
    ra9103a0_eeprom_qc.o(.text) refers to sysctrl.o(.text) for SysModeChg
    ra9103a0_eeprom_qc.o(.text) refers to eeprom_driver.o(.text) for ee_chip_erase
    ra9103a0_eeprom_qc.o(.text) refers to ra9103a0_eeprom_qc.o(.data) for sram_chipid
    ra9103a0_eeprom_qc.o(.text) refers to ra9103a0_eeprom_qc.o(.data) for sram_chipid
    ra9103a0_eeprom_qc.o(.text) refers to ra9103a0_eeprom_qc.o(.data) for sram_chipid
    sysctrl.o(.text) refers to uidiv.o(.text) for __aeabi_uidivmod
    sysctrl.o(.text) refers to sysctrl.o(.constdata) for us_freq
    sysctrl.o(.text) refers to sysctrl.o(.bss) for IAP
    entry.o(.ARM.Collect$$$$00000000) refers (Special) to entry7b.o(.ARM.Collect$$$$00000008) for _main_clock
    entry.o(.ARM.Collect$$$$00000000) refers (Special) to entry8.o(.ARM.Collect$$$$00000009) for _main_init
    entry.o(.ARM.Collect$$$$00000000) refers (Special) to entry5.o(.ARM.Collect$$$$00000004) for _main_scatterload
    entry.o(.ARM.Collect$$$$00000000) refers (Special) to entry2.o(.ARM.Collect$$$$00000001) for _main_stk
    entry2.o(.ARM.Collect$$$$00000001) refers to entry2.o(.ARM.Collect$$$$00002712) for __lit__00000000
    entry2.o(.ARM.Collect$$$$00002712) refers to startup_ra9103.o(STACK) for __initial_sp
    entry2.o(__vectab_stack_and_reset_area) refers to startup_ra9103.o(STACK) for __initial_sp
    entry2.o(__vectab_stack_and_reset_area) refers to entry.o(.ARM.Collect$$$$00000000) for __main
    entry5.o(.ARM.Collect$$$$00000004) refers to init.o(.text) for __scatterload
    entry8.o(.ARM.Collect$$$$00000009) refers to ra9103a0_eeprom_qc.o(.text) for main
    init.o(.text) refers to entry5.o(.ARM.Collect$$$$00000004) for __main_after_scatterload


==============================================================================

Removing Unused input sections from the image.

    Removing clk_calc.o(.rev16_text), (4 bytes).
    Removing clk_calc.o(.revsh_text), (4 bytes).
    Removing common.o(.rev16_text), (4 bytes).
    Removing common.o(.revsh_text), (4 bytes).
    Removing common.o(.text), (12 bytes).
    Removing system_rn821x.o(.rev16_text), (4 bytes).
    Removing system_rn821x.o(.revsh_text), (4 bytes).
    Removing system_rn821x.o(.text), (96 bytes).
    Removing system_rn821x.o(.data), (4 bytes).
    Removing startup_ra9103.o(HEAP), (0 bytes).
    Removing eeprom_driver.o(.rev16_text), (4 bytes).
    Removing eeprom_driver.o(.revsh_text), (4 bytes).
    Removing eeprom_driver.o(.text), (120 bytes).
    Removing eeprom_driver.o(.text), (32 bytes).
    Removing eeprom_driver.o(.text), (44 bytes).
    Removing eeprom_driver.o(.text), (260 bytes).
    Removing eeprom_driver.o(.text), (68 bytes).
    Removing eeprom_driver.o(.text), (272 bytes).
    Removing eeprom_driver.o(.text), (272 bytes).
    Removing ra9103a0_eeprom_qc.o(.rev16_text), (4 bytes).
    Removing ra9103a0_eeprom_qc.o(.revsh_text), (4 bytes).
    Removing ra9103a0_eeprom_qc.o(.text), (112 bytes).
    Removing ra9103a0_eeprom_qc.o(.text), (116 bytes).
    Removing sysctrl.o(.rev16_text), (4 bytes).
    Removing sysctrl.o(.revsh_text), (4 bytes).

25 unused section(s) (total 1456 bytes) removed from the image.

==============================================================================

Image Symbol Table

    Local Symbols

    Symbol Name                              Value     Ov Type        Size  Object(Section)

    RESET                                    0x00000000   Section      192  startup_ra9103.o(RESET)
    ../clib/microlib/division.c              0x00000000   Number         0  uidiv.o ABSOLUTE
    ../clib/microlib/init/entry.s            0x00000000   Number         0  entry8.o ABSOLUTE
    ../clib/microlib/init/entry.s            0x00000000   Number         0  entry7b.o ABSOLUTE
    ../clib/microlib/init/entry.s            0x00000000   Number         0  entry7a.o ABSOLUTE
    ../clib/microlib/init/entry.s            0x00000000   Number         0  entry5.o ABSOLUTE
    ../clib/microlib/init/entry.s            0x00000000   Number         0  entry2.o ABSOLUTE
    ../clib/microlib/init/entry.s            0x00000000   Number         0  entry.o ABSOLUTE
    ..\\src\\common\\clk_calc.c              0x00000000   Number         0  clk_calc.o ABSOLUTE
    ..\\src\\common\\common.c                0x00000000   Number         0  common.o ABSOLUTE
    ..\\src\\eeprom_driver.c                 0x00000000   Number         0  eeprom_driver.o ABSOLUTE
    ..\\src\\ra9103a0_eeprom_qc.c            0x00000000   Number         0  ra9103a0_eeprom_qc.o ABSOLUTE
    ..\\src\\sysctrl.c                       0x00000000   Number         0  sysctrl.o ABSOLUTE
    ..\\src\\system_RN821x.c                 0x00000000   Number         0  system_rn821x.o ABSOLUTE
    ..\src\common\clk_calc.c                 0x00000000   Number         0  clk_calc.o ABSOLUTE
    ..\src\common\common.c                   0x00000000   Number         0  common.o ABSOLUTE
    ..\src\eeprom_driver.c                   0x00000000   Number         0  eeprom_driver.o ABSOLUTE
    ..\src\ra9103a0_eeprom_qc.c              0x00000000   Number         0  ra9103a0_eeprom_qc.o ABSOLUTE
    ..\src\startup_RA9103.s                  0x00000000   Number         0  startup_ra9103.o ABSOLUTE
    ..\src\sysctrl.c                         0x00000000   Number         0  sysctrl.o ABSOLUTE
    ..\src\system_RN821x.c                   0x00000000   Number         0  system_rn821x.o ABSOLUTE
    dc.s                                     0x00000000   Number         0  dc.o ABSOLUTE
    handlers.s                               0x00000000   Number         0  handlers.o ABSOLUTE
    init.s                                   0x00000000   Number         0  init.o ABSOLUTE
    .ARM.Collect$$$$00000000                 0x000000c0   Section        0  entry.o(.ARM.Collect$$$$00000000)
    .ARM.Collect$$$$00000001                 0x000000c0   Section        4  entry2.o(.ARM.Collect$$$$00000001)
    .ARM.Collect$$$$00000004                 0x000000c4   Section        4  entry5.o(.ARM.Collect$$$$00000004)
    .ARM.Collect$$$$00000008                 0x000000c8   Section        0  entry7b.o(.ARM.Collect$$$$00000008)
    .ARM.Collect$$$$00000009                 0x000000c8   Section        8  entry8.o(.ARM.Collect$$$$00000009)
    .ARM.Collect$$$$00002712                 0x000000d0   Section        4  entry2.o(.ARM.Collect$$$$00002712)
    __lit__00000000                          0x000000d0   Data           4  entry2.o(.ARM.Collect$$$$00002712)
    .text                                    0x000000d4   Section        0  common.o(.text)
    .text                                    0x00000138   Section        0  system_rn821x.o(.text)
    .text                                    0x0000013c   Section       88  startup_ra9103.o(.text)
    .text                                    0x00000194   Section        0  eeprom_driver.o(.text)
    getRemapAddr                             0x00000195   Thumb Code    68  eeprom_driver.o(.text)
    setMipTime                               0x000001e5   Thumb Code   202  eeprom_driver.o(.text)
    sendCmd                                  0x000002af   Thumb Code   262  eeprom_driver.o(.text)
    .text                                    0x0000060c   Section        0  ra9103a0_eeprom_qc.o(.text)
    .text                                    0x000008cc   Section        0  sysctrl.o(.text)
    currentClk                               0x0000093b   Thumb Code    54  sysctrl.o(.text)
    _getMipAddr                              0x00000971   Thumb Code   116  sysctrl.o(.text)
    TICK_STAT_GET                            0x000009e5   Thumb Code    26  sysctrl.o(.text)
    usTimeout                                0x000009ff   Thumb Code   292  sysctrl.o(.text)
    setMipTW                                 0x00000b23   Thumb Code   242  sysctrl.o(.text)
    loscCalc                                 0x00000c15   Thumb Code    92  sysctrl.o(.text)
    loscCheck                                0x00000c71   Thumb Code   136  sysctrl.o(.text)
    PllEnable                                0x00000cf9   Thumb Code   132  sysctrl.o(.text)
    PllOn                                    0x00000d7d   Thumb Code    14  sysctrl.o(.text)
    HoscEnable                               0x00000d8b   Thumb Code   120  sysctrl.o(.text)
    sysmodeWrite                             0x00000e03   Thumb Code   306  sysctrl.o(.text)
    unlockNVM                                0x000011a5   Thumb Code    36  sysctrl.o(.text)
    .text                                    0x00001258   Section        0  uidiv.o(.text)
    .text                                    0x00001284   Section       36  init.o(.text)
    i.__ARM_common_switch8                   0x000012a8   Section        0  common.o(i.__ARM_common_switch8)
    i.__scatterload_copy                     0x000012c4   Section       14  handlers.o(i.__scatterload_copy)
    i.__scatterload_null                     0x000012d2   Section        2  handlers.o(i.__scatterload_null)
    i.__scatterload_zeroinit                 0x000012d4   Section       14  handlers.o(i.__scatterload_zeroinit)
    .constdata                               0x000012e4   Section      128  eeprom_driver.o(.constdata)
    .constdata                               0x00001364   Section      136  sysctrl.o(.constdata)
    .data                                    0x00002000   Section        4  eeprom_driver.o(.data)
    .data                                    0x00002004   Section        4  ra9103a0_eeprom_qc.o(.data)
    .bss                                     0x00002008   Section       32  sysctrl.o(.bss)
    IAP                                      0x00002008   Data          32  sysctrl.o(.bss)
    STACK                                    0x00002028   Section      512  startup_ra9103.o(STACK)

    Global Symbols

    Symbol Name                              Value     Ov Type        Size  Object(Section)

    BuildAttributes$$THM_ISAv3M$S$PE$A:L22$X:L11$S22$IEEE1$IW$USESV6$~STKCKD$USESV7$~SHL$OSPACE$EBA8$MICROLIB$REQ8$PRES8$EABIv2 0x00000000   Number         0  anon$$obj.o ABSOLUTE
    __ARM_use_no_argv                        0x00000000   Number         0  ra9103a0_eeprom_qc.o ABSOLUTE
    __Vectors                                0x00000000   Data           4  startup_ra9103.o(RESET)
    __decompress                              - Undefined Weak Reference
    _clock_init                               - Undefined Weak Reference
    __Vectors_End                            0x000000c0   Data           0  startup_ra9103.o(RESET)
    __Vectors_Size                           0x000000c0   Number         0  startup_ra9103.o ABSOLUTE
    __main                                   0x000000c1   Thumb Code     0  entry.o(.ARM.Collect$$$$00000000)
    _main_stk                                0x000000c1   Thumb Code     0  entry2.o(.ARM.Collect$$$$00000001)
    _main_scatterload                        0x000000c5   Thumb Code     0  entry5.o(.ARM.Collect$$$$00000004)
    __main_after_scatterload                 0x000000c9   Thumb Code     0  entry5.o(.ARM.Collect$$$$00000004)
    _main_clock                              0x000000c9   Thumb Code     0  entry7b.o(.ARM.Collect$$$$00000008)
    _main_init                               0x000000c9   Thumb Code     0  entry8.o(.ARM.Collect$$$$00000009)
    getSysclk                                0x000000d5   Thumb Code    64  common.o(.text)
    WdtInit                                  0x00000115   Thumb Code    26  common.o(.text)
    SystemInit                               0x00000139   Thumb Code     2  system_rn821x.o(.text)
    Reset_Handler                            0x0000013d   Thumb Code     8  startup_ra9103.o(.text)
    NMI_Handler                              0x00000145   Thumb Code     2  startup_ra9103.o(.text)
    HardFault_Handler                        0x00000147   Thumb Code     2  startup_ra9103.o(.text)
    SVC_Handler                              0x00000149   Thumb Code     2  startup_ra9103.o(.text)
    PendSV_Handler                           0x0000014b   Thumb Code     2  startup_ra9103.o(.text)
    SysTick_Handler                          0x0000014d   Thumb Code     2  startup_ra9103.o(.text)
    EXT0_HANDLER                             0x0000014f   Thumb Code     2  startup_ra9103.o(.text)
    EXT1_HANDLER                             0x00000151   Thumb Code     2  startup_ra9103.o(.text)
    EXT2_HANDLER                             0x00000153   Thumb Code     2  startup_ra9103.o(.text)
    EXT3_HANDLER                             0x00000155   Thumb Code     2  startup_ra9103.o(.text)
    EXT4_HANDLER                             0x00000157   Thumb Code     2  startup_ra9103.o(.text)
    EXT5_HANDLER                             0x00000159   Thumb Code     2  startup_ra9103.o(.text)
    EXT6_HANDLER                             0x0000015b   Thumb Code     2  startup_ra9103.o(.text)
    EXT7_HANDLER                             0x0000015d   Thumb Code     2  startup_ra9103.o(.text)
    NVM_HANDLER                              0x0000015f   Thumb Code     2  startup_ra9103.o(.text)
    DMA_HANDLER                              0x00000161   Thumb Code     2  startup_ra9103.o(.text)
    CT_HANDLER                               0x00000163   Thumb Code     2  startup_ra9103.o(.text)
    RTC_HANDLER                              0x00000165   Thumb Code     2  startup_ra9103.o(.text)
    EMU_HANDLER                              0x00000167   Thumb Code     2  startup_ra9103.o(.text)
    MADC_HANDLER                             0x00000169   Thumb Code     2  startup_ra9103.o(.text)
    UART0_HANDLER                            0x0000016b   Thumb Code     2  startup_ra9103.o(.text)
    UART1_HANDLER                            0x0000016d   Thumb Code     2  startup_ra9103.o(.text)
    UART2_HANDLER                            0x0000016f   Thumb Code     2  startup_ra9103.o(.text)
    UART3_HANDLER                            0x00000171   Thumb Code     2  startup_ra9103.o(.text)
    SPI_HANDLER                              0x00000173   Thumb Code     2  startup_ra9103.o(.text)
    I2C_HANDLER                              0x00000175   Thumb Code     2  startup_ra9103.o(.text)
    ISO78161_HANDLER                         0x00000177   Thumb Code     2  startup_ra9103.o(.text)
    ISO78160_HANDLER                         0x00000179   Thumb Code     2  startup_ra9103.o(.text)
    TC0_HANDLER                              0x0000017b   Thumb Code     2  startup_ra9103.o(.text)
    TC1_HANDLER                              0x0000017d   Thumb Code     2  startup_ra9103.o(.text)
    TC2_HANDLER                              0x0000017f   Thumb Code     2  startup_ra9103.o(.text)
    TC3_HANDLER                              0x00000181   Thumb Code     2  startup_ra9103.o(.text)
    WDT_HANDLER                              0x00000183   Thumb Code     2  startup_ra9103.o(.text)
    KBI_HANDLER                              0x00000185   Thumb Code     2  startup_ra9103.o(.text)
    LCD_HANDLER                              0x00000187   Thumb Code     2  startup_ra9103.o(.text)
    VCH_HANDLER                              0x00000189   Thumb Code     2  startup_ra9103.o(.text)
    CMP_HANDLER                              0x0000018b   Thumb Code     2  startup_ra9103.o(.text)
    ee_check                                 0x000001d9   Thumb Code    12  eeprom_driver.o(.text)
    ee_chip_erase                            0x000003b5   Thumb Code    48  eeprom_driver.o(.text)
    ee_chip_prog                             0x000003e5   Thumb Code   248  eeprom_driver.o(.text)
    ee_page_prog                             0x000004dd   Thumb Code   296  eeprom_driver.o(.text)
    qc_fail                                  0x0000060d   Thumb Code    14  ra9103a0_eeprom_qc.o(.text)
    ee_chip_check_data                       0x0000061b   Thumb Code   156  ra9103a0_eeprom_qc.o(.text)
    ee_chip_check_empty                      0x000006b7   Thumb Code    58  ra9103a0_eeprom_qc.o(.text)
    main                                     0x000006f1   Thumb Code   442  ra9103a0_eeprom_qc.o(.text)
    getChipid                                0x000008cd   Thumb Code   110  sysctrl.o(.text)
    SysModeChg                               0x00000f35   Thumb Code   624  sysctrl.o(.text)
    Remap4Sel                                0x000011c9   Thumb Code   120  sysctrl.o(.text)
    __aeabi_uidiv                            0x00001259   Thumb Code     0  uidiv.o(.text)
    __aeabi_uidivmod                         0x00001259   Thumb Code    44  uidiv.o(.text)
    __scatterload                            0x00001285   Thumb Code    28  init.o(.text)
    __scatterload_rt2                        0x00001285   Thumb Code     0  init.o(.text)
    __ARM_common_switch8                     0x000012a9   Thumb Code    28  common.o(i.__ARM_common_switch8)
    __scatterload_copy                       0x000012c5   Thumb Code    14  handlers.o(i.__scatterload_copy)
    __scatterload_null                       0x000012d3   Thumb Code     2  handlers.o(i.__scatterload_null)
    __scatterload_zeroinit                   0x000012d5   Thumb Code    14  handlers.o(i.__scatterload_zeroinit)
    ee_tus                                   0x000012e4   Data          24  eeprom_driver.o(.constdata)
    ee_tms                                   0x000012fc   Data          96  eeprom_driver.o(.constdata)
    ee_tp                                    0x0000135c   Data           4  eeprom_driver.o(.constdata)
    ee_te                                    0x00001360   Data           4  eeprom_driver.o(.constdata)
    us_freq                                  0x00001364   Data          20  sysctrl.o(.constdata)
    us_cycle                                 0x00001378   Data          20  sysctrl.o(.constdata)
    fl_tw_98ns                               0x0000138c   Data          24  sysctrl.o(.constdata)
    fl_tw_198ns                              0x000013a4   Data          24  sysctrl.o(.constdata)
    ee_tw_98ns                               0x000013bc   Data          24  sysctrl.o(.constdata)
    ee_tw_198ns                              0x000013d4   Data          24  sysctrl.o(.constdata)
    Region$$Table$$Base                      0x000013ec   Number         0  anon$$obj.o(Region$$Table)
    Region$$Table$$Limit                     0x0000140c   Number         0  anon$$obj.o(Region$$Table)
    ee_mem_base                              0x00002000   Data           4  eeprom_driver.o(.data)
    sram_chipid                              0x00002004   Data           4  ra9103a0_eeprom_qc.o(.data)
    __initial_sp                             0x00002228   Data           0  startup_ra9103.o(STACK)



==============================================================================

Memory Map of the image

  Image Entry point : 0x000000c1

  Load Region LR_IROM1 (Base: 0x00000000, Size: 0x00001414, Max: 0x00001ff0, ABSOLUTE)

    Execution Region ER_IROM1 (Base: 0x00000000, Size: 0x0000140c, Max: 0x00001ff0, ABSOLUTE)

    Base Addr    Size         Type   Attr      Idx    E Section Name        Object

    0x00000000   0x000000c0   Data   RO          113    RESET               startup_ra9103.o
    0x000000c0   0x00000000   Code   RO          242  * .ARM.Collect$$$$00000000  mc_p.l(entry.o)
    0x000000c0   0x00000004   Code   RO          247    .ARM.Collect$$$$00000001  mc_p.l(entry2.o)
    0x000000c4   0x00000004   Code   RO          250    .ARM.Collect$$$$00000004  mc_p.l(entry5.o)
    0x000000c8   0x00000000   Code   RO          252    .ARM.Collect$$$$00000008  mc_p.l(entry7b.o)
    0x000000c8   0x00000008   Code   RO          253    .ARM.Collect$$$$00000009  mc_p.l(entry8.o)
    0x000000d0   0x00000004   Code   RO          248    .ARM.Collect$$$$00002712  mc_p.l(entry2.o)
    0x000000d4   0x00000064   Code   RO           46    .text               common.o
    0x00000138   0x00000002   Code   RO           82    .text               system_rn821x.o
    0x0000013a   0x00000002   PAD
    0x0000013c   0x00000058   Code   RO          114    .text               startup_ra9103.o
    0x00000194   0x00000478   Code   RO          120    .text               eeprom_driver.o
    0x0000060c   0x000002c0   Code   RO          194    .text               ra9103a0_eeprom_qc.o
    0x000008cc   0x0000098c   Code   RO          236    .text               rn821x_sysctrl.lib(sysctrl.o)
    0x00001258   0x0000002c   Code   RO          245    .text               mc_p.l(uidiv.o)
    0x00001284   0x00000024   Code   RO          254    .text               mc_p.l(init.o)
    0x000012a8   0x0000001c   Code   RO           67    i.__ARM_common_switch8  common.o
    0x000012c4   0x0000000e   Code   RO          258    i.__scatterload_copy  mc_p.l(handlers.o)
    0x000012d2   0x00000002   Code   RO          259    i.__scatterload_null  mc_p.l(handlers.o)
    0x000012d4   0x0000000e   Code   RO          260    i.__scatterload_zeroinit  mc_p.l(handlers.o)
    0x000012e2   0x00000002   PAD
    0x000012e4   0x00000080   Data   RO          128    .constdata          eeprom_driver.o
    0x00001364   0x00000088   Data   RO          238    .constdata          rn821x_sysctrl.lib(sysctrl.o)
    0x000013ec   0x00000020   Data   RO          256    Region$$Table       anon$$obj.o


    Execution Region RW_IRAM1 (Base: 0x00002000, Size: 0x00000228, Max: 0x00000800, ABSOLUTE)

    Base Addr    Size         Type   Attr      Idx    E Section Name        Object

    0x00002000   0x00000004   Data   RW          129    .data               eeprom_driver.o
    0x00002004   0x00000004   Data   RW          197    .data               ra9103a0_eeprom_qc.o
    0x00002008   0x00000020   Zero   RW          237    .bss                rn821x_sysctrl.lib(sysctrl.o)
    0x00002028   0x00000200   Zero   RW          111    STACK               startup_ra9103.o


==============================================================================

Image component sizes


      Code (inc. data)   RO Data    RW Data    ZI Data      Debug   Object Name

         0          0          0          0          0       4264   clk_calc.o
       128         18          0          0          0        792   common.o
      1144         50        128          4          0       3857   eeprom_driver.o
       704         34          0          4          0       2672   ra9103a0_eeprom_qc.o
        88          8        192          0        512       1708   startup_ra9103.o
         2          0          0          0          0        357   system_rn821x.o

    ----------------------------------------------------------------------
      2068        110        352          8        512      13650   Object Totals
         0          0         32          0          0          0   (incl. Generated)
         2          0          0          0          0          0   (incl. Padding)

    ----------------------------------------------------------------------

      Code (inc. data)   RO Data    RW Data    ZI Data      Debug   Library Member Name

         0          0          0          0          0          0   entry.o
         8          4          0          0          0          0   entry2.o
         4          0          0          0          0          0   entry5.o
         0          0          0          0          0          0   entry7b.o
         8          4          0          0          0          0   entry8.o
        30          0          0          0          0          0   handlers.o
        36          8          0          0          0         68   init.o
        44          0          0          0          0         72   uidiv.o
      2444        112        136          0         32        448   sysctrl.o

    ----------------------------------------------------------------------
      2576        128        136          0         32        588   Library Totals
         2          0          0          0          0          0   (incl. Padding)

    ----------------------------------------------------------------------

      Code (inc. data)   RO Data    RW Data    ZI Data      Debug   Library Name

       130         16          0          0          0        140   mc_p.l
      2444        112        136          0         32        448   rn821x_sysctrl.lib

    ----------------------------------------------------------------------
      2576        128        136          0         32        588   Library Totals

    ----------------------------------------------------------------------

==============================================================================


      Code (inc. data)   RO Data    RW Data    ZI Data      Debug   

      4644        238        488          8        544      13966   Grand Totals
      4644        238        488          8        544      13966   ELF Image Totals
      4644        238        488          8          0          0   ROM Totals

==============================================================================

    Total RO  Size (Code + RO Data)                 5132 (   5.01kB)
    Total RW  Size (RW Data + ZI Data)               552 (   0.54kB)
    Total ROM Size (Code + RO Data + RW Data)       5140 (   5.02kB)

==============================================================================

