<html>
<body>
<pre>
<h1>µVision Build Log</h1>
<h2>Project:</h2>
E:\2017_FT_prog\V111_UART\backup\EEPROM_QC\build\EEPROM_QC.uvproj
Project File Date:  08/28/2017

<h2>Output:</h2>
 
*** Rebuild Pass #1 with Cross-Module Feedback - 'Clean' invoked.
Clean started: Project: 'EEPROM_QC'
   deleting intermediate output files for target 'Target 1'
Rebuild target 'Target 1'
compiling clk_calc.c...
compiling common.c...
compiling system_RN821x.c...
assembling startup_RA9103.s...
compiling eeprom_driver.c...
compiling ra9103a0_eeprom_qc.c...
linking...
Program Size: Code=5940 RO-data=488 RW-data=12 ZI-data=548  
"EEPROM_FT.axf" - 0 Error(s), 0 Warning(s).
 
*** Rebuild Pass #2 with Cross-Module Feedback invoked.
Rebuild target 'Target 1'
compiling clk_calc.c...
compiling common.c...
compiling system_RN821x.c...
assembling startup_RA9103.s...
compiling eeprom_driver.c...
compiling ra9103a0_eeprom_qc.c...
linking...
Program Size: Code=4644 RO-data=488 RW-data=8 ZI-data=544  
User command #1: fromelf --bin EEPROM_FT.axf -o ../EEPROM_FT.bin
"EEPROM_FT.axf" - 0 Error(s), 0 Warning(s).
 
*** Rebuild Pass #1 with Cross-Module Feedback - 'Clean' invoked.
Clean started: Project: 'EEPROM_QC'
   deleting intermediate output files for target 'Target 1'
Rebuild target 'Target 1'
compiling clk_calc.c...
compiling common.c...
compiling system_RN821x.c...
assembling startup_RA9103.s...
compiling eeprom_driver.c...
compiling ra9103a0_eeprom_qc.c...
linking...
Program Size: Code=5940 RO-data=488 RW-data=12 ZI-data=548  
"EEPROM_FT.axf" - 0 Error(s), 0 Warning(s).
 
*** Rebuild Pass #2 with Cross-Module Feedback invoked.
Rebuild target 'Target 1'
compiling clk_calc.c...
compiling common.c...
compiling system_RN821x.c...
assembling startup_RA9103.s...
compiling eeprom_driver.c...
compiling ra9103a0_eeprom_qc.c...
linking...
Program Size: Code=4644 RO-data=488 RW-data=8 ZI-data=544  
User command #1: fromelf --bin EEPROM_FT.axf -o ../EEPROM_FT.bin
"EEPROM_FT.axf" - 0 Error(s), 0 Warning(s).
