ARM Linker, 4.1 [Build 894] [Standard]

==============================================================================

Section Cross References

    common.o(.text) refers to common.o(i.__ARM_common_switch8) for __ARM_common_switch8
    common.o(.text) refers to common.o(.data) for sysclk_loops
    common.o(.text) refers to clk_calc.o(.text) for clk_freq
    common.o(.text) refers to f2d.o(.text) for __aeabi_f2d
    common.o(.text) refers to ddiv.o(.text) for __aeabi_ddiv
    common.o(.text) refers to d2f.o(.text) for __aeabi_d2f
    common.o(.text) refers to common.o(.text) for getSysclk
    common.o(.text) refers to ffltui.o(.text) for __aeabi_ui2f
    common.o(.text) refers to fdiv.o(.text) for __aeabi_fdiv
    common.o(.text) refers to ffixui.o(.text) for __aeabi_f2uiz
    common.o(.text) refers to fadd.o(.text) for __aeabi_frsub
    common.o(.text) refers to dmul.o(.text) for __aeabi_dmul
    common.o(.text) refers to dadd.o(.text) for __aeabi_dadd
    common.o(.text) refers to dfixui.o(.text) for __aeabi_d2uiz
    common.o(.text) refers to rtc_qc.o(.data) for sram_chipid
    common.o(.text) refers to common.o(.text) for setBaud
    common.o(.text) refers to common.o(.text) for WdtFeed
    common.o(.text) refers to common.o(.text) for WdtFeed
    common.o(.text) refers to system_rn821x.o(.text) for SystemCoreClockUpdate
    common.o(.text) refers to uidiv.o(.text) for __aeabi_uidivmod
    common.o(.text) refers to system_rn821x.o(.data) for SystemCoreClock
    common.o(.text) refers to common.o(.text) for uDelay
    retarget.o(.text) refers to serial.o(.text) for sendchar
    retarget.o(.text) refers to serial.o(.text) for getkey
    retarget.o(.text) refers to serial.o(.text) for sendchar
    retarget.o(.text) refers to serial.o(.text) for sendchar
    rtc_qc.o(.text) refers to sysctrl.o(.text) for SysModeChg
    rtc_qc.o(.text) refers to ffltui.o(.text) for __aeabi_ui2f
    rtc_qc.o(.text) refers to fdiv.o(.text) for __aeabi_fdiv
    rtc_qc.o(.text) refers to f2d.o(.text) for __aeabi_f2d
    rtc_qc.o(.text) refers to cdcmple.o(.text) for __aeabi_cdcmple
    rtc_qc.o(.text) refers to cdrcmple.o(.text) for __aeabi_cdrcmple
    rtc_qc.o(.text) refers to rtc_qc.o(.data) for intc_flag
    startup_ra9103.o(RESET) refers to startup_ra9103.o(STACK) for __initial_sp
    startup_ra9103.o(RESET) refers to startup_ra9103.o(.text) for Reset_Handler
    startup_ra9103.o(RESET) refers to rtc_qc.o(.text) for RTC_HANDLER
    startup_ra9103.o(.text) refers to entry.o(.ARM.Collect$$$$00000000) for __main
    system_rn821x.o(.text) refers to system_rn821x.o(.data) for SystemCoreClock
    clk_calc.o(.text) refers to common.o(.text) for WdtFeed
    clk_calc.o(.text) refers to ffltui.o(.text) for __aeabi_ui2f
    clk_calc.o(.text) refers to f2d.o(.text) for __aeabi_f2d
    clk_calc.o(.text) refers to dmul.o(.text) for __aeabi_dmul
    clk_calc.o(.text) refers to ddiv.o(.text) for __aeabi_ddiv
    clk_calc.o(.text) refers to d2f.o(.text) for __aeabi_d2f
    sysctrl.o(.text) refers to uidiv.o(.text) for __aeabi_uidivmod
    sysctrl.o(.text) refers to idiv.o(.text) for __aeabi_idivmod
    sysctrl.o(.text) refers to sysctrl.o(.constdata) for us_freq
    sysctrl.o(.text) refers to sysctrl.o(.data) for rtc_ctrl_bak
    sysctrl.o(.text) refers to sysctrl.o(.bss) for IAP
    entry.o(.ARM.Collect$$$$00000000) refers (Special) to entry7b.o(.ARM.Collect$$$$00000008) for _main_clock
    entry.o(.ARM.Collect$$$$00000000) refers (Special) to entry8.o(.ARM.Collect$$$$00000009) for _main_init
    entry.o(.ARM.Collect$$$$00000000) refers (Special) to entry5.o(.ARM.Collect$$$$00000004) for _main_scatterload
    entry.o(.ARM.Collect$$$$00000000) refers (Special) to entry2.o(.ARM.Collect$$$$00000001) for _main_stk
    idiv.o(.text) refers to uidiv.o(.text) for __aeabi_uidivmod
    fadd.o(.text) refers (Special) to iusefp.o(.text) for __I$use$fp
    fadd.o(.text) refers to fepilogue.o(.text) for _float_epilogue
    fdiv.o(.text) refers (Special) to iusefp.o(.text) for __I$use$fp
    fdiv.o(.text) refers to fepilogue.o(.text) for _float_round
    dadd.o(.text) refers (Special) to iusefp.o(.text) for __I$use$fp
    dadd.o(.text) refers to llshl.o(.text) for __aeabi_llsl
    dadd.o(.text) refers to llsshr.o(.text) for __aeabi_lasr
    dadd.o(.text) refers to depilogue.o(.text) for _double_epilogue
    dmul.o(.text) refers (Special) to iusefp.o(.text) for __I$use$fp
    dmul.o(.text) refers to depilogue.o(.text) for _double_epilogue
    ddiv.o(.text) refers (Special) to iusefp.o(.text) for __I$use$fp
    ddiv.o(.text) refers to depilogue.o(.text) for _double_round
    ffltui.o(.text) refers (Special) to iusefp.o(.text) for __I$use$fp
    ffltui.o(.text) refers to fepilogue.o(.text) for _float_epilogue
    ffixui.o(.text) refers (Special) to iusefp.o(.text) for __I$use$fp
    dfixui.o(.text) refers (Special) to iusefp.o(.text) for __I$use$fp
    dfixui.o(.text) refers to llushr.o(.text) for __aeabi_llsr
    f2d.o(.text) refers (Special) to iusefp.o(.text) for __I$use$fp
    cdcmple.o(.text) refers (Special) to iusefp.o(.text) for __I$use$fp
    cdrcmple.o(.text) refers (Special) to iusefp.o(.text) for __I$use$fp
    d2f.o(.text) refers (Special) to iusefp.o(.text) for __I$use$fp
    d2f.o(.text) refers to fepilogue.o(.text) for _float_round
    entry2.o(.ARM.Collect$$$$00000001) refers to entry2.o(.ARM.Collect$$$$00002712) for __lit__00000000
    entry2.o(.ARM.Collect$$$$00002712) refers to startup_ra9103.o(STACK) for __initial_sp
    entry2.o(__vectab_stack_and_reset_area) refers to startup_ra9103.o(STACK) for __initial_sp
    entry2.o(__vectab_stack_and_reset_area) refers to entry.o(.ARM.Collect$$$$00000000) for __main
    entry5.o(.ARM.Collect$$$$00000004) refers to init.o(.text) for __scatterload
    entry8.o(.ARM.Collect$$$$00000009) refers to rtc_qc.o(.text) for main
    depilogue.o(.text) refers to depilogue.o(i.__ARM_clz) for __ARM_clz
    depilogue.o(.text) refers to llshl.o(.text) for __aeabi_llsl
    depilogue.o(.text) refers to llushr.o(.text) for __aeabi_llsr
    init.o(.text) refers to entry5.o(.ARM.Collect$$$$00000004) for __main_after_scatterload


==============================================================================

Removing Unused input sections from the image.

    Removing common.o(.rev16_text), (4 bytes).
    Removing common.o(.revsh_text), (4 bytes).
    Removing common.o(.text), (68 bytes).
    Removing common.o(.text), (32 bytes).
    Removing common.o(.text), (368 bytes).
    Removing common.o(.text), (244 bytes).
    Removing common.o(.text), (104 bytes).
    Removing common.o(.text), (84 bytes).
    Removing common.o(.text), (12 bytes).
    Removing common.o(.text), (8 bytes).
    Removing common.o(.text), (132 bytes).
    Removing common.o(.text), (124 bytes).
    Removing common.o(.text), (24 bytes).
    Removing common.o(.text), (36 bytes).
    Removing common.o(.text), (96 bytes).
    Removing common.o(.data), (4 bytes).
    Removing retarget.o(.text), (14 bytes).
    Removing retarget.o(.text), (16 bytes).
    Removing retarget.o(.text), (8 bytes).
    Removing retarget.o(.text), (12 bytes).
    Removing retarget.o(.text), (4 bytes).
    Removing serial.o(.rev16_text), (4 bytes).
    Removing serial.o(.revsh_text), (4 bytes).
    Removing serial.o(.text), (60 bytes).
    Removing serial.o(.text), (22 bytes).
    Removing rtc_qc.o(.rev16_text), (4 bytes).
    Removing rtc_qc.o(.revsh_text), (4 bytes).
    Removing startup_ra9103.o(HEAP), (0 bytes).
    Removing system_rn821x.o(.rev16_text), (4 bytes).
    Removing system_rn821x.o(.revsh_text), (4 bytes).
    Removing system_rn821x.o(.text), (96 bytes).
    Removing system_rn821x.o(.text), (2 bytes).
    Removing system_rn821x.o(.data), (4 bytes).
    Removing clk_calc.o(.rev16_text), (4 bytes).
    Removing clk_calc.o(.revsh_text), (4 bytes).
    Removing clk_calc.o(.text), (180 bytes).
    Removing sysctrl.o(.rev16_text), (4 bytes).
    Removing sysctrl.o(.revsh_text), (4 bytes).
    Removing fadd.o(.text), (178 bytes).
    Removing dadd.o(.text), (360 bytes).
    Removing dmul.o(.text), (208 bytes).
    Removing ddiv.o(.text), (240 bytes).
    Removing ffixui.o(.text), (42 bytes).
    Removing dfixui.o(.text), (60 bytes).
    Removing d2f.o(.text), (56 bytes).
    Removing depilogue.o(.text), (192 bytes).
    Removing common.o(i.__ARM_common_switch8), (28 bytes).
    Removing depilogue.o(i.__ARM_clz), (46 bytes).

48 unused section(s) (total 3212 bytes) removed from the image.

==============================================================================

Image Symbol Table

    Local Symbols

    Symbol Name                              Value     Ov Type        Size  Object(Section)

    RESET                                    0x00000000   Section      192  startup_ra9103.o(RESET)
    ../../microlib/d2f.c                     0x00000000   Number         0  d2f.o ABSOLUTE
    ../../microlib/division.c                0x00000000   Number         0  idiv.o ABSOLUTE
    ../../microlib/division.c                0x00000000   Number         0  uidiv.o ABSOLUTE
    ../../microlib/f2d.c                     0x00000000   Number         0  f2d.o ABSOLUTE
    ../../microlib/fpadd.c                   0x00000000   Number         0  dadd.o ABSOLUTE
    ../../microlib/fpadd.c                   0x00000000   Number         0  fadd.o ABSOLUTE
    ../../microlib/fpdiv.c                   0x00000000   Number         0  ddiv.o ABSOLUTE
    ../../microlib/fpdiv.c                   0x00000000   Number         0  fdiv.o ABSOLUTE
    ../../microlib/fpepilogue.c              0x00000000   Number         0  depilogue.o ABSOLUTE
    ../../microlib/fpepilogue.c              0x00000000   Number         0  fepilogue.o ABSOLUTE
    ../../microlib/fpfix.c                   0x00000000   Number         0  ffixui.o ABSOLUTE
    ../../microlib/fpfix.c                   0x00000000   Number         0  dfixui.o ABSOLUTE
    ../../microlib/fpflt.c                   0x00000000   Number         0  ffltui.o ABSOLUTE
    ../../microlib/fpmul.c                   0x00000000   Number         0  dmul.o ABSOLUTE
    ../../microlib/init/entry.s              0x00000000   Number         0  entry8.o ABSOLUTE
    ../../microlib/init/entry.s              0x00000000   Number         0  entry7b.o ABSOLUTE
    ../../microlib/init/entry.s              0x00000000   Number         0  entry7a.o ABSOLUTE
    ../../microlib/init/entry.s              0x00000000   Number         0  entry5.o ABSOLUTE
    ../../microlib/init/entry.s              0x00000000   Number         0  entry2.o ABSOLUTE
    ../../microlib/init/entry.s              0x00000000   Number         0  entry.o ABSOLUTE
    ../../microlib/longlong.c                0x00000000   Number         0  llushr.o ABSOLUTE
    ../../microlib/longlong.c                0x00000000   Number         0  llshl.o ABSOLUTE
    ../../microlib/longlong.c                0x00000000   Number         0  llsshr.o ABSOLUTE
    ../../microlib/stubs.s                   0x00000000   Number         0  iusefp.o ABSOLUTE
    ..\\src\\RTC_QC.c                        0x00000000   Number         0  rtc_qc.o ABSOLUTE
    ..\\src\\common\\clk_calc.c              0x00000000   Number         0  clk_calc.o ABSOLUTE
    ..\\src\\common\\common.c                0x00000000   Number         0  common.o ABSOLUTE
    ..\\src\\common\\serial.c                0x00000000   Number         0  serial.o ABSOLUTE
    ..\\src\\sysctrl.c                       0x00000000   Number         0  sysctrl.o ABSOLUTE
    ..\\src\\system_RN821x.c                 0x00000000   Number         0  system_rn821x.o ABSOLUTE
    ..\src\RTC_QC.c                          0x00000000   Number         0  rtc_qc.o ABSOLUTE
    ..\src\common\Retarget.c                 0x00000000   Number         0  retarget.o ABSOLUTE
    ..\src\common\clk_calc.c                 0x00000000   Number         0  clk_calc.o ABSOLUTE
    ..\src\common\common.c                   0x00000000   Number         0  common.o ABSOLUTE
    ..\src\common\serial.c                   0x00000000   Number         0  serial.o ABSOLUTE
    ..\src\startup_RA9103.s                  0x00000000   Number         0  startup_ra9103.o ABSOLUTE
    ..\src\sysctrl.c                         0x00000000   Number         0  sysctrl.o ABSOLUTE
    ..\src\system_RN821x.c                   0x00000000   Number         0  system_rn821x.o ABSOLUTE
    cdcmple.s                                0x00000000   Number         0  cdcmple.o ABSOLUTE
    cdrcmple.s                               0x00000000   Number         0  cdrcmple.o ABSOLUTE
    dc.s                                     0x00000000   Number         0  dc.o ABSOLUTE
    handlers.s                               0x00000000   Number         0  handlers.o ABSOLUTE
    init.s                                   0x00000000   Number         0  init.o ABSOLUTE
    .ARM.Collect$$$$00000000                 0x000000c0   Section        0  entry.o(.ARM.Collect$$$$00000000)
    .ARM.Collect$$$$00000001                 0x000000c0   Section        4  entry2.o(.ARM.Collect$$$$00000001)
    .ARM.Collect$$$$00000004                 0x000000c4   Section        4  entry5.o(.ARM.Collect$$$$00000004)
    .ARM.Collect$$$$00000008                 0x000000c8   Section        0  entry7b.o(.ARM.Collect$$$$00000008)
    .ARM.Collect$$$$00000009                 0x000000c8   Section        8  entry8.o(.ARM.Collect$$$$00000009)
    .ARM.Collect$$$$00002712                 0x000000d0   Section        4  entry2.o(.ARM.Collect$$$$00002712)
    __lit__00000000                          0x000000d0   Data           4  entry2.o(.ARM.Collect$$$$00002712)
    .text                                    0x000000d4   Section        0  rtc_qc.o(.text)
    NVIC_EnableIRQ                           0x0000047f   Thumb Code    14  rtc_qc.o(.text)
    .text                                    0x000004ec   Section       80  startup_ra9103.o(.text)
    .text                                    0x0000053c   Section        0  sysctrl.o(.text)
    getChipid                                0x0000053d   Thumb Code   106  sysctrl.o(.text)
    currentClk                               0x000005a7   Thumb Code    54  sysctrl.o(.text)
    _getMipAddr                              0x000005dd   Thumb Code   116  sysctrl.o(.text)
    TICK_STAT_GET                            0x00000651   Thumb Code    26  sysctrl.o(.text)
    usTimeout                                0x0000066b   Thumb Code   302  sysctrl.o(.text)
    setMipTW                                 0x00000799   Thumb Code   188  sysctrl.o(.text)
    rtcCheck                                 0x00000855   Thumb Code   158  sysctrl.o(.text)
    PllEnable                                0x000008f3   Thumb Code   208  sysctrl.o(.text)
    PllOn                                    0x000009c3   Thumb Code    14  sysctrl.o(.text)
    HoscEnable                               0x000009d1   Thumb Code   120  sysctrl.o(.text)
    sysmodeWrite                             0x00000a49   Thumb Code   418  sysctrl.o(.text)
    unlockNVM                                0x00000e15   Thumb Code    36  sysctrl.o(.text)
    .text                                    0x00000ed0   Section        0  uidiv.o(.text)
    .text                                    0x00000efc   Section        0  idiv.o(.text)
    .text                                    0x00000f24   Section        0  fdiv.o(.text)
    .text                                    0x00000fa4   Section        0  ffltui.o(.text)
    .text                                    0x00000fb2   Section        0  f2d.o(.text)
    .text                                    0x00000fe0   Section       40  cdcmple.o(.text)
    .text                                    0x00001008   Section       40  cdrcmple.o(.text)
    .text                                    0x00001030   Section        0  iusefp.o(.text)
    .text                                    0x00001030   Section        0  fepilogue.o(.text)
    .text                                    0x000010b4   Section       36  init.o(.text)
    i.__scatterload_copy                     0x000010d8   Section       14  handlers.o(i.__scatterload_copy)
    i.__scatterload_null                     0x000010e6   Section        2  handlers.o(i.__scatterload_null)
    i.__scatterload_zeroinit                 0x000010e8   Section       14  handlers.o(i.__scatterload_zeroinit)
    .constdata                               0x000010f8   Section       20  sysctrl.o(.constdata)
    .data                                    0x00002000   Section       20  rtc_qc.o(.data)
    .data                                    0x00002014   Section        4  sysctrl.o(.data)
    rtc_ctrl_bak                             0x00002014   Data           4  sysctrl.o(.data)
    .bss                                     0x00002018   Section       32  sysctrl.o(.bss)
    IAP                                      0x00002018   Data          32  sysctrl.o(.bss)
    STACK                                    0x00002038   Section     1024  startup_ra9103.o(STACK)

    Global Symbols

    Symbol Name                              Value     Ov Type        Size  Object(Section)

    BuildAttributes$$THM_ISAv3M$S$PE$A:L22$X:L11$S22$IEEE1$IW$USESV6$~STKCKD$USESV7$~SHL$OTIME$ROPI$EBA8$MICROLIB$REQ8$PRES8$EABIv2 0x00000000   Number         0  anon$$obj.o ABSOLUTE
    __ARM_use_no_argv                        0x00000000   Number         0  rtc_qc.o ABSOLUTE
    __Vectors                                0x00000000   Data           4  startup_ra9103.o(RESET)
    __decompress                              - Undefined Weak Reference
    _clock_init                               - Undefined Weak Reference
    __Vectors_End                            0x000000c0   Data           0  startup_ra9103.o(RESET)
    __Vectors_Size                           0x000000c0   Number         0  startup_ra9103.o ABSOLUTE
    __main                                   0x000000c1   Thumb Code     0  entry.o(.ARM.Collect$$$$00000000)
    _main_stk                                0x000000c1   Thumb Code     0  entry2.o(.ARM.Collect$$$$00000001)
    _main_scatterload                        0x000000c5   Thumb Code     0  entry5.o(.ARM.Collect$$$$00000004)
    __main_after_scatterload                 0x000000c9   Thumb Code     0  entry5.o(.ARM.Collect$$$$00000004)
    _main_clock                              0x000000c9   Thumb Code     0  entry7b.o(.ARM.Collect$$$$00000008)
    _main_init                               0x000000c9   Thumb Code     0  entry8.o(.ARM.Collect$$$$00000009)
    hex2bcd                                  0x000000d5   Thumb Code   166  rtc_qc.o(.text)
    RTC_HANDLER                              0x0000017b   Thumb Code    44  rtc_qc.o(.text)
    systemInit                               0x000001a7   Thumb Code    82  rtc_qc.o(.text)
    testPass                                 0x000001f9   Thumb Code    28  rtc_qc.o(.text)
    testFail                                 0x00000215   Thumb Code    28  rtc_qc.o(.text)
    acqCorefre                               0x00000231   Thumb Code    62  rtc_qc.o(.text)
    swDelay                                  0x0000026f   Thumb Code    78  rtc_qc.o(.text)
    Pll1hz_out                               0x000002bd   Thumb Code   318  rtc_qc.o(.text)
    main                                     0x000003fb   Thumb Code   132  rtc_qc.o(.text)
    Reset_Handler                            0x000004ed   Thumb Code     4  startup_ra9103.o(.text)
    NMI_Handler                              0x000004f1   Thumb Code     2  startup_ra9103.o(.text)
    HardFault_Handler                        0x000004f3   Thumb Code     2  startup_ra9103.o(.text)
    SVC_Handler                              0x000004f5   Thumb Code     2  startup_ra9103.o(.text)
    PendSV_Handler                           0x000004f7   Thumb Code     2  startup_ra9103.o(.text)
    SysTick_Handler                          0x000004f9   Thumb Code     2  startup_ra9103.o(.text)
    EXT0_HANDLER                             0x000004fb   Thumb Code     2  startup_ra9103.o(.text)
    EXT1_HANDLER                             0x000004fd   Thumb Code     2  startup_ra9103.o(.text)
    EXT2_HANDLER                             0x000004ff   Thumb Code     2  startup_ra9103.o(.text)
    EXT3_HANDLER                             0x00000501   Thumb Code     2  startup_ra9103.o(.text)
    EXT4_HANDLER                             0x00000503   Thumb Code     2  startup_ra9103.o(.text)
    EXT5_HANDLER                             0x00000505   Thumb Code     2  startup_ra9103.o(.text)
    EXT6_HANDLER                             0x00000507   Thumb Code     2  startup_ra9103.o(.text)
    EXT7_HANDLER                             0x00000509   Thumb Code     2  startup_ra9103.o(.text)
    NVM_HANDLER                              0x0000050b   Thumb Code     2  startup_ra9103.o(.text)
    DMA_HANDLER                              0x0000050d   Thumb Code     2  startup_ra9103.o(.text)
    CT_HANDLER                               0x0000050f   Thumb Code     2  startup_ra9103.o(.text)
    EMU_HANDLER                              0x00000513   Thumb Code     2  startup_ra9103.o(.text)
    MADC_HANDLER                             0x00000515   Thumb Code     2  startup_ra9103.o(.text)
    UART0_HANDLER                            0x00000517   Thumb Code     2  startup_ra9103.o(.text)
    UART1_HANDLER                            0x00000519   Thumb Code     2  startup_ra9103.o(.text)
    UART2_HANDLER                            0x0000051b   Thumb Code     2  startup_ra9103.o(.text)
    UART3_HANDLER                            0x0000051d   Thumb Code     2  startup_ra9103.o(.text)
    SPI_HANDLER                              0x0000051f   Thumb Code     2  startup_ra9103.o(.text)
    I2C_HANDLER                              0x00000521   Thumb Code     2  startup_ra9103.o(.text)
    ISO78161_HANDLER                         0x00000523   Thumb Code     2  startup_ra9103.o(.text)
    ISO78160_HANDLER                         0x00000525   Thumb Code     2  startup_ra9103.o(.text)
    TC0_HANDLER                              0x00000527   Thumb Code     2  startup_ra9103.o(.text)
    TC1_HANDLER                              0x00000529   Thumb Code     2  startup_ra9103.o(.text)
    TC2_HANDLER                              0x0000052b   Thumb Code     2  startup_ra9103.o(.text)
    TC3_HANDLER                              0x0000052d   Thumb Code     2  startup_ra9103.o(.text)
    WDT_HANDLER                              0x0000052f   Thumb Code     2  startup_ra9103.o(.text)
    KBI_HANDLER                              0x00000531   Thumb Code     2  startup_ra9103.o(.text)
    LCD_HANDLER                              0x00000533   Thumb Code     2  startup_ra9103.o(.text)
    VCH_HANDLER                              0x00000535   Thumb Code     2  startup_ra9103.o(.text)
    CMP_HANDLER                              0x00000537   Thumb Code     2  startup_ra9103.o(.text)
    SysModeChg                               0x00000beb   Thumb Code   554  sysctrl.o(.text)
    Remap4Sel                                0x00000e39   Thumb Code   120  sysctrl.o(.text)
    __aeabi_uidiv                            0x00000ed1   Thumb Code     0  uidiv.o(.text)
    __aeabi_uidivmod                         0x00000ed1   Thumb Code    44  uidiv.o(.text)
    __aeabi_idiv                             0x00000efd   Thumb Code     0  idiv.o(.text)
    __aeabi_idivmod                          0x00000efd   Thumb Code    40  idiv.o(.text)
    __aeabi_fdiv                             0x00000f25   Thumb Code   128  fdiv.o(.text)
    __aeabi_ui2f                             0x00000fa5   Thumb Code    14  ffltui.o(.text)
    __aeabi_f2d                              0x00000fb3   Thumb Code    46  f2d.o(.text)
    __aeabi_cdcmpeq                          0x00000fe1   Thumb Code     0  cdcmple.o(.text)
    __aeabi_cdcmple                          0x00000fe1   Thumb Code    38  cdcmple.o(.text)
    __aeabi_cdrcmple                         0x00001009   Thumb Code    38  cdrcmple.o(.text)
    __I$use$fp                               0x00001031   Thumb Code     0  iusefp.o(.text)
    _float_round                             0x00001031   Thumb Code    16  fepilogue.o(.text)
    _float_epilogue                          0x00001041   Thumb Code   116  fepilogue.o(.text)
    __scatterload                            0x000010b5   Thumb Code    28  init.o(.text)
    __scatterload_rt2                        0x000010b5   Thumb Code     0  init.o(.text)
    __scatterload_copy                       0x000010d9   Thumb Code    14  handlers.o(i.__scatterload_copy)
    __scatterload_null                       0x000010e7   Thumb Code     2  handlers.o(i.__scatterload_null)
    __scatterload_zeroinit                   0x000010e9   Thumb Code    14  handlers.o(i.__scatterload_zeroinit)
    us_freq                                  0x000010f8   Data          20  sysctrl.o(.constdata)
    Region$$Table$$Base                      0x0000110c   Number         0  anon$$obj.o(Region$$Table)
    Region$$Table$$Limit                     0x0000112c   Number         0  anon$$obj.o(Region$$Table)
    intc_flag                                0x00002000   Data           4  rtc_qc.o(.data)
    pll1hz                                   0x00002004   Data           4  rtc_qc.o(.data)
    sram_chipid                              0x00002008   Data           4  rtc_qc.o(.data)
    sram_res                                 0x0000200c   Data           4  rtc_qc.o(.data)
    sram_pll1hz                              0x00002010   Data           4  rtc_qc.o(.data)
    __initial_sp                             0x00002438   Data           0  startup_ra9103.o(STACK)



==============================================================================

Memory Map of the image

  Image Entry point : 0x000000c1

  Load Region LR_IROM1 (Base: 0x00000000, Size: 0x00001144, Max: 0x00001fc0, ABSOLUTE)

    Execution Region ER_IROM1 (Base: 0x00000000, Size: 0x0000112c, Max: 0x00001fc0, ABSOLUTE)

    Base Addr    Size         Type   Attr      Idx    E Section Name        Object

    0x00000000   0x000000c0   Data   RO          239    RESET               startup_ra9103.o
    0x000000c0   0x00000000   Code   RO          318  * .ARM.Collect$$$$00000000  mc_p.l(entry.o)
    0x000000c0   0x00000004   Code   RO          349    .ARM.Collect$$$$00000001  mc_p.l(entry2.o)
    0x000000c4   0x00000004   Code   RO          352    .ARM.Collect$$$$00000004  mc_p.l(entry5.o)
    0x000000c8   0x00000000   Code   RO          354    .ARM.Collect$$$$00000008  mc_p.l(entry7b.o)
    0x000000c8   0x00000008   Code   RO          355    .ARM.Collect$$$$00000009  mc_p.l(entry8.o)
    0x000000d0   0x00000004   Code   RO          350    .ARM.Collect$$$$00002712  mc_p.l(entry2.o)
    0x000000d4   0x00000418   Code   RO          206    .text               rtc_qc.o
    0x000004ec   0x00000050   Code   RO          240    .text               startup_ra9103.o
    0x0000053c   0x00000994   Code   RO          311    .text               rn821x_sysctrl.lib(sysctrl.o)
    0x00000ed0   0x0000002c   Code   RO          321    .text               mc_p.l(uidiv.o)
    0x00000efc   0x00000028   Code   RO          323    .text               mc_p.l(idiv.o)
    0x00000f24   0x00000080   Code   RO          327    .text               mf_p.l(fdiv.o)
    0x00000fa4   0x0000000e   Code   RO          335    .text               mf_p.l(ffltui.o)
    0x00000fb2   0x0000002e   Code   RO          341    .text               mf_p.l(f2d.o)
    0x00000fe0   0x00000028   Code   RO          343    .text               mf_p.l(cdcmple.o)
    0x00001008   0x00000028   Code   RO          345    .text               mf_p.l(cdrcmple.o)
    0x00001030   0x00000000   Code   RO          362    .text               mc_p.l(iusefp.o)
    0x00001030   0x00000084   Code   RO          363    .text               mf_p.l(fepilogue.o)
    0x000010b4   0x00000024   Code   RO          369    .text               mc_p.l(init.o)
    0x000010d8   0x0000000e   Code   RO          373    i.__scatterload_copy  mc_p.l(handlers.o)
    0x000010e6   0x00000002   Code   RO          374    i.__scatterload_null  mc_p.l(handlers.o)
    0x000010e8   0x0000000e   Code   RO          375    i.__scatterload_zeroinit  mc_p.l(handlers.o)
    0x000010f6   0x00000002   PAD
    0x000010f8   0x00000014   Data   RO          313    .constdata          rn821x_sysctrl.lib(sysctrl.o)
    0x0000110c   0x00000020   Data   RO          371    Region$$Table       anon$$obj.o


    Execution Region RW_IRAM1 (Base: 0x00002000, Size: 0x00000438, Max: 0x00000800, ABSOLUTE)

    Base Addr    Size         Type   Attr      Idx    E Section Name        Object

    0x00002000   0x00000014   Data   RW          207    .data               rtc_qc.o
    0x00002014   0x00000004   Data   RW          314    .data               rn821x_sysctrl.lib(sysctrl.o)
    0x00002018   0x00000020   Zero   RW          312    .bss                rn821x_sysctrl.lib(sysctrl.o)
    0x00002038   0x00000400   Zero   RW          237    STACK               startup_ra9103.o


==============================================================================

Image component sizes


      Code (inc. data)   RO Data    RW Data    ZI Data      Debug   Object Name

         0          0          0          0          0      13272   common.o
      1048         96          0         20          0       8826   rtc_qc.o
        80          4        192          0       1024       1716   startup_ra9103.o

    ----------------------------------------------------------------------
      1128        100        224         20       1024      23814   Object Totals
         0          0         32          0          0          0   (incl. Generated)
         0          0          0          0          0          0   (incl. Padding)

    ----------------------------------------------------------------------

      Code (inc. data)   RO Data    RW Data    ZI Data      Debug   Library Member Name

         0          0          0          0          0          0   entry.o
         8          4          0          0          0          0   entry2.o
         4          0          0          0          0          0   entry5.o
         0          0          0          0          0          0   entry7b.o
         8          4          0          0          0          0   entry8.o
        30          0          0          0          0          0   handlers.o
        40          0          0          0          0         72   idiv.o
        36          8          0          0          0         68   init.o
         0          0          0          0          0          0   iusefp.o
        44          0          0          0          0         72   uidiv.o
        40          2          0          0          0         68   cdcmple.o
        40          2          0          0          0         68   cdrcmple.o
        46          0          0          0          0         60   f2d.o
       128          0          0          0          0         72   fdiv.o
       132          0          0          0          0        144   fepilogue.o
        14          0          0          0          0         68   ffltui.o
      2452        128         20          4         32        424   sysctrl.o

    ----------------------------------------------------------------------
      3024        148         20          4         32       1116   Library Totals
         2          0          0          0          0          0   (incl. Padding)

    ----------------------------------------------------------------------

      Code (inc. data)   RO Data    RW Data    ZI Data      Debug   Library Name

       170         16          0          0          0        212   mc_p.l
       400          4          0          0          0        480   mf_p.l
      2452        128         20          4         32        424   rn821x_sysctrl.lib

    ----------------------------------------------------------------------
      3024        148         20          4         32       1116   Library Totals

    ----------------------------------------------------------------------

==============================================================================


      Code (inc. data)   RO Data    RW Data    ZI Data      Debug   

      4152        248        244         24       1056      24510   Grand Totals
      4152        248        244         24       1056      24510   ELF Image Totals
      4152        248        244         24          0          0   ROM Totals

==============================================================================

    Total RO  Size (Code + RO Data)                 4396 (   4.29kB)
    Total RW  Size (RW Data + ZI Data)              1080 (   1.05kB)
    Total ROM Size (Code + RO Data + RW Data)       4420 (   4.32kB)

==============================================================================

