<html>
<body>
<pre>
<h1>µVision Build Log</h1>
<h2>Project:</h2>
F:\LIWB\Õ‚≤‚ ‘£®CP&FT£©\QC_Broad\Testcase\PLL_1Hz_FT\build\RTC_QC.uvproj
Project File Date:  04/12/2017

<h2>Output:</h2>
Rebuild target 'Target 1'
compiling common.c...
compiling Retarget.c...
compiling serial.c...
compiling RTC_QC.c...
..\src\RTC_QC.c(319): warning:  #177-D: variable "i" was declared but never referenced
..\src\RTC_QC.c(320): warning:  #177-D: variable "temp" was declared but never referenced
assembling startup_RA9103.s...
compiling system_RN821x.c...
compiling clk_calc.c...
linking...
Program Size: Code=4152 RO-data=244 RW-data=24 ZI-data=1056  
User command #1: fromelf --bin RTC_QC.axf -o ../RTC_QC.bin
"RTC_QC.axf" - 0 Error(s), 2 Warning(s).
Rebuild target 'Target 1'
compiling common.c...
compiling Retarget.c...
compiling serial.c...
compiling RTC_QC.c...
..\src\RTC_QC.c(319): warning:  #177-D: variable "i" was declared but never referenced
..\src\RTC_QC.c(320): warning:  #177-D: variable "temp" was declared but never referenced
assembling startup_RA9103.s...
compiling system_RN821x.c...
compiling clk_calc.c...
linking...
Program Size: Code=4152 RO-data=244 RW-data=24 ZI-data=1056  
User command #1: fromelf --bin ZPLL_1Hz_FT.axf -o ../ZPLL_1Hz_FT.bin
"ZPLL_1Hz_FT.axf" - 0 Error(s), 2 Warning(s).
 
*** Rebuilding with Cross-Module Feedback:
Rebuild target 'Target 1'
compiling common.c...
compiling Retarget.c...
compiling serial.c...
compiling RTC_QC.c...
..\src\RTC_QC.c(319): warning:  #177-D: variable "i" was declared but never referenced
..\src\RTC_QC.c(320): warning:  #177-D: variable "temp" was declared but never referenced
assembling startup_RA9103.s...
compiling system_RN821x.c...
compiling clk_calc.c...
linking...
Program Size: Code=3988 RO-data=244 RW-data=24 ZI-data=1056  
User command #1: fromelf --bin ZPLL_1Hz_FT.axf -o ../ZPLL_1Hz_FT.bin
"ZPLL_1Hz_FT.axf" - 0 Error(s), 2 Warning(s).
