ARM Linker, 5.02 [Build 28] [MDK-ARM Standard]

==============================================================================

Section Cross References

    common.o(.text) refers to common.o(i.__ARM_common_switch8) for __ARM_common_switch8
    common.o(.text) refers to common.o(.data) for sysclk_loops
    common.o(.text) refers to clk_calc.o(.text) for clk_freq
    common.o(.text) refers to f2d.o(.text) for __aeabi_f2d
    common.o(.text) refers to ddiv.o(.text) for __aeabi_ddiv
    common.o(.text) refers to d2f.o(.text) for __aeabi_d2f
    common.o(.text) refers to common.o(.text) for getSysclk
    common.o(.text) refers to ffltui.o(.text) for __aeabi_ui2f
    common.o(.text) refers to fdiv.o(.text) for __aeabi_fdiv
    common.o(.text) refers to ffixui.o(.text) for __aeabi_f2uiz
    common.o(.text) refers to fadd.o(.text) for __aeabi_frsub
    common.o(.text) refers to dmul.o(.text) for __aeabi_dmul
    common.o(.text) refers to dadd.o(.text) for __aeabi_dadd
    common.o(.text) refers to dfixui.o(.text) for __aeabi_d2uiz
    common.o(.text) refers to rtc_qc.o(.data) for sram_chipid
    common.o(.text) refers to common.o(.text) for setBaud
    common.o(.text) refers to common.o(.text) for WdtFeed
    common.o(.text) refers to common.o(.text) for WdtFeed
    common.o(.text) refers to system_rn821x.o(.text) for SystemCoreClockUpdate
    common.o(.text) refers to uidiv.o(.text) for __aeabi_uidivmod
    common.o(.text) refers to system_rn821x.o(.data) for SystemCoreClock
    common.o(.text) refers to common.o(.text) for uDelay
    retarget.o(.text) refers to serial.o(.text) for sendchar
    retarget.o(.text) refers to serial.o(.text) for getkey
    retarget.o(.text) refers to serial.o(.text) for sendchar
    retarget.o(.text) refers to serial.o(.text) for sendchar
    rtc_qc.o(.text) refers to sysctrl.o(.text) for SysModeChg
    rtc_qc.o(.text) refers to dfltui.o(.text) for __aeabi_ui2d
    rtc_qc.o(.text) refers to dmul.o(.text) for __aeabi_dmul
    rtc_qc.o(.text) refers to cdrcmple.o(.text) for __aeabi_cdrcmple
    rtc_qc.o(.text) refers to ffltui.o(.text) for __aeabi_ui2f
    rtc_qc.o(.text) refers to fdiv.o(.text) for __aeabi_fdiv
    rtc_qc.o(.text) refers to f2d.o(.text) for __aeabi_f2d
    rtc_qc.o(.text) refers to cdcmple.o(.text) for __aeabi_cdcmple
    rtc_qc.o(.text) refers to rtc_qc.o(.data) for intc_flag
    startup_ra9103.o(RESET) refers to startup_ra9103.o(STACK) for __initial_sp
    startup_ra9103.o(RESET) refers to startup_ra9103.o(.text) for Reset_Handler
    startup_ra9103.o(RESET) refers to rtc_qc.o(.text) for RTC_HANDLER
    startup_ra9103.o(.text) refers to entry.o(.ARM.Collect$$$$00000000) for __main
    system_rn821x.o(.text) refers to system_rn821x.o(.data) for SystemCoreClock
    clk_calc.o(.text) refers to common.o(.text) for WdtFeed
    clk_calc.o(.text) refers to ffltui.o(.text) for __aeabi_ui2f
    clk_calc.o(.text) refers to f2d.o(.text) for __aeabi_f2d
    clk_calc.o(.text) refers to dmul.o(.text) for __aeabi_dmul
    clk_calc.o(.text) refers to ddiv.o(.text) for __aeabi_ddiv
    clk_calc.o(.text) refers to d2f.o(.text) for __aeabi_d2f
    sysctrl.o(.text) refers to uidiv.o(.text) for __aeabi_uidivmod
    sysctrl.o(.text) refers to idiv.o(.text) for __aeabi_idivmod
    sysctrl.o(.text) refers to sysctrl.o(.constdata) for us_freq
    sysctrl.o(.text) refers to sysctrl.o(.data) for rtc_ctrl_bak
    sysctrl.o(.text) refers to sysctrl.o(.bss) for IAP
    entry.o(.ARM.Collect$$$$00000000) refers (Special) to entry7b.o(.ARM.Collect$$$$00000008) for _main_clock
    entry.o(.ARM.Collect$$$$00000000) refers (Special) to entry8.o(.ARM.Collect$$$$00000009) for _main_init
    entry.o(.ARM.Collect$$$$00000000) refers (Special) to entry5.o(.ARM.Collect$$$$00000004) for _main_scatterload
    entry.o(.ARM.Collect$$$$00000000) refers (Special) to entry2.o(.ARM.Collect$$$$00000001) for _main_stk
    idiv.o(.text) refers to uidiv.o(.text) for __aeabi_uidivmod
    fadd.o(.text) refers (Special) to iusefp.o(.text) for __I$use$fp
    fadd.o(.text) refers to fepilogue.o(.text) for _float_epilogue
    fdiv.o(.text) refers (Special) to iusefp.o(.text) for __I$use$fp
    fdiv.o(.text) refers to fepilogue.o(.text) for _float_round
    dadd.o(.text) refers (Special) to iusefp.o(.text) for __I$use$fp
    dadd.o(.text) refers to llshl.o(.text) for __aeabi_llsl
    dadd.o(.text) refers to llsshr.o(.text) for __aeabi_lasr
    dadd.o(.text) refers to depilogue.o(.text) for _double_epilogue
    dmul.o(.text) refers (Special) to iusefp.o(.text) for __I$use$fp
    dmul.o(.text) refers to depilogue.o(.text) for _double_epilogue
    ddiv.o(.text) refers (Special) to iusefp.o(.text) for __I$use$fp
    ddiv.o(.text) refers to depilogue.o(.text) for _double_round
    ffltui.o(.text) refers (Special) to iusefp.o(.text) for __I$use$fp
    ffltui.o(.text) refers to fepilogue.o(.text) for _float_epilogue
    dfltui.o(.text) refers (Special) to iusefp.o(.text) for __I$use$fp
    dfltui.o(.text) refers to depilogue.o(.text) for _double_epilogue
    ffixui.o(.text) refers (Special) to iusefp.o(.text) for __I$use$fp
    dfixui.o(.text) refers (Special) to iusefp.o(.text) for __I$use$fp
    dfixui.o(.text) refers to llushr.o(.text) for __aeabi_llsr
    f2d.o(.text) refers (Special) to iusefp.o(.text) for __I$use$fp
    cdcmple.o(.text) refers (Special) to iusefp.o(.text) for __I$use$fp
    cdrcmple.o(.text) refers (Special) to iusefp.o(.text) for __I$use$fp
    d2f.o(.text) refers (Special) to iusefp.o(.text) for __I$use$fp
    d2f.o(.text) refers to fepilogue.o(.text) for _float_round
    entry2.o(.ARM.Collect$$$$00000001) refers to entry2.o(.ARM.Collect$$$$00002712) for __lit__00000000
    entry2.o(.ARM.Collect$$$$00002712) refers to startup_ra9103.o(STACK) for __initial_sp
    entry2.o(__vectab_stack_and_reset_area) refers to startup_ra9103.o(STACK) for __initial_sp
    entry2.o(__vectab_stack_and_reset_area) refers to entry.o(.ARM.Collect$$$$00000000) for __main
    entry5.o(.ARM.Collect$$$$00000004) refers to init.o(.text) for __scatterload
    entry8.o(.ARM.Collect$$$$00000009) refers to rtc_qc.o(.text) for main
    depilogue.o(.text) refers to depilogue.o(i.__ARM_clz) for __ARM_clz
    depilogue.o(.text) refers to llshl.o(.text) for __aeabi_llsl
    depilogue.o(.text) refers to llushr.o(.text) for __aeabi_llsr
    init.o(.text) refers to entry5.o(.ARM.Collect$$$$00000004) for __main_after_scatterload


==============================================================================

Removing Unused input sections from the image.

    Removing common.o(.rev16_text), (4 bytes).
    Removing common.o(.revsh_text), (4 bytes).
    Removing common.o(.text), (68 bytes).
    Removing common.o(.text), (32 bytes).
    Removing common.o(.text), (300 bytes).
    Removing common.o(.text), (244 bytes).
    Removing common.o(.text), (104 bytes).
    Removing common.o(.text), (84 bytes).
    Removing common.o(.text), (12 bytes).
    Removing common.o(.text), (8 bytes).
    Removing common.o(.text), (132 bytes).
    Removing common.o(.text), (124 bytes).
    Removing common.o(.text), (24 bytes).
    Removing common.o(.text), (36 bytes).
    Removing common.o(.text), (96 bytes).
    Removing common.o(.data), (4 bytes).
    Removing retarget.o(.text), (14 bytes).
    Removing retarget.o(.text), (16 bytes).
    Removing retarget.o(.text), (8 bytes).
    Removing retarget.o(.text), (12 bytes).
    Removing retarget.o(.text), (4 bytes).
    Removing serial.o(.rev16_text), (4 bytes).
    Removing serial.o(.revsh_text), (4 bytes).
    Removing serial.o(.text), (60 bytes).
    Removing serial.o(.text), (22 bytes).
    Removing rtc_qc.o(.rev16_text), (4 bytes).
    Removing rtc_qc.o(.revsh_text), (4 bytes).
    Removing rtc_qc.o(.text), (166 bytes).
    Removing startup_ra9103.o(HEAP), (0 bytes).
    Removing system_rn821x.o(.rev16_text), (4 bytes).
    Removing system_rn821x.o(.revsh_text), (4 bytes).
    Removing system_rn821x.o(.text), (96 bytes).
    Removing system_rn821x.o(.text), (2 bytes).
    Removing system_rn821x.o(.data), (4 bytes).
    Removing clk_calc.o(.rev16_text), (4 bytes).
    Removing clk_calc.o(.revsh_text), (4 bytes).
    Removing clk_calc.o(.text), (180 bytes).
    Removing sysctrl.o(.rev16_text), (4 bytes).
    Removing sysctrl.o(.revsh_text), (4 bytes).
    Removing fadd.o(.text), (178 bytes).
    Removing dadd.o(.text), (356 bytes).
    Removing ddiv.o(.text), (240 bytes).
    Removing ffixui.o(.text), (42 bytes).
    Removing dfixui.o(.text), (60 bytes).
    Removing d2f.o(.text), (56 bytes).
    Removing common.o(i.__ARM_common_switch8), (28 bytes).

46 unused section(s) (total 2860 bytes) removed from the image.

==============================================================================

Image Symbol Table

    Local Symbols

    Symbol Name                              Value     Ov Type        Size  Object(Section)

    RESET                                    0x00000000   Section      192  startup_ra9103.o(RESET)
    ../clib/microlib/division.c              0x00000000   Number         0  uidiv.o ABSOLUTE
    ../clib/microlib/division.c              0x00000000   Number         0  idiv.o ABSOLUTE
    ../clib/microlib/init/entry.s            0x00000000   Number         0  entry.o ABSOLUTE
    ../clib/microlib/init/entry.s            0x00000000   Number         0  entry8.o ABSOLUTE
    ../clib/microlib/init/entry.s            0x00000000   Number         0  entry7b.o ABSOLUTE
    ../clib/microlib/init/entry.s            0x00000000   Number         0  entry7a.o ABSOLUTE
    ../clib/microlib/init/entry.s            0x00000000   Number         0  entry5.o ABSOLUTE
    ../clib/microlib/init/entry.s            0x00000000   Number         0  entry2.o ABSOLUTE
    ../clib/microlib/longlong.c              0x00000000   Number         0  llsshr.o ABSOLUTE
    ../clib/microlib/longlong.c              0x00000000   Number         0  llushr.o ABSOLUTE
    ../clib/microlib/longlong.c              0x00000000   Number         0  llshl.o ABSOLUTE
    ../clib/microlib/stubs.s                 0x00000000   Number         0  iusefp.o ABSOLUTE
    ../fplib/microlib/d2f.c                  0x00000000   Number         0  d2f.o ABSOLUTE
    ../fplib/microlib/f2d.c                  0x00000000   Number         0  f2d.o ABSOLUTE
    ../fplib/microlib/fpadd.c                0x00000000   Number         0  fadd.o ABSOLUTE
    ../fplib/microlib/fpadd.c                0x00000000   Number         0  dadd.o ABSOLUTE
    ../fplib/microlib/fpdiv.c                0x00000000   Number         0  ddiv.o ABSOLUTE
    ../fplib/microlib/fpdiv.c                0x00000000   Number         0  fdiv.o ABSOLUTE
    ../fplib/microlib/fpepilogue.c           0x00000000   Number         0  depilogue.o ABSOLUTE
    ../fplib/microlib/fpepilogue.c           0x00000000   Number         0  fepilogue.o ABSOLUTE
    ../fplib/microlib/fpfix.c                0x00000000   Number         0  ffixui.o ABSOLUTE
    ../fplib/microlib/fpfix.c                0x00000000   Number         0  dfixui.o ABSOLUTE
    ../fplib/microlib/fpflt.c                0x00000000   Number         0  ffltui.o ABSOLUTE
    ../fplib/microlib/fpflt.c                0x00000000   Number         0  dfltui.o ABSOLUTE
    ../fplib/microlib/fpmul.c                0x00000000   Number         0  dmul.o ABSOLUTE
    ..\\src\\RTC_QC.c                        0x00000000   Number         0  rtc_qc.o ABSOLUTE
    ..\\src\\common\\clk_calc.c              0x00000000   Number         0  clk_calc.o ABSOLUTE
    ..\\src\\common\\common.c                0x00000000   Number         0  common.o ABSOLUTE
    ..\\src\\common\\serial.c                0x00000000   Number         0  serial.o ABSOLUTE
    ..\\src\\sysctrl.c                       0x00000000   Number         0  sysctrl.o ABSOLUTE
    ..\\src\\system_RN821x.c                 0x00000000   Number         0  system_rn821x.o ABSOLUTE
    ..\src\RTC_QC.c                          0x00000000   Number         0  rtc_qc.o ABSOLUTE
    ..\src\common\Retarget.c                 0x00000000   Number         0  retarget.o ABSOLUTE
    ..\src\common\clk_calc.c                 0x00000000   Number         0  clk_calc.o ABSOLUTE
    ..\src\common\common.c                   0x00000000   Number         0  common.o ABSOLUTE
    ..\src\common\serial.c                   0x00000000   Number         0  serial.o ABSOLUTE
    ..\src\startup_RA9103.s                  0x00000000   Number         0  startup_ra9103.o ABSOLUTE
    ..\src\sysctrl.c                         0x00000000   Number         0  sysctrl.o ABSOLUTE
    ..\src\system_RN821x.c                   0x00000000   Number         0  system_rn821x.o ABSOLUTE
    cdcmple.s                                0x00000000   Number         0  cdcmple.o ABSOLUTE
    cdrcmple.s                               0x00000000   Number         0  cdrcmple.o ABSOLUTE
    dc.s                                     0x00000000   Number         0  dc.o ABSOLUTE
    handlers.s                               0x00000000   Number         0  handlers.o ABSOLUTE
    init.s                                   0x00000000   Number         0  init.o ABSOLUTE
    .ARM.Collect$$$$00000000                 0x000000c0   Section        0  entry.o(.ARM.Collect$$$$00000000)
    .ARM.Collect$$$$00000001                 0x000000c0   Section        4  entry2.o(.ARM.Collect$$$$00000001)
    .ARM.Collect$$$$00000004                 0x000000c4   Section        4  entry5.o(.ARM.Collect$$$$00000004)
    .ARM.Collect$$$$00000008                 0x000000c8   Section        0  entry7b.o(.ARM.Collect$$$$00000008)
    .ARM.Collect$$$$00000009                 0x000000c8   Section        8  entry8.o(.ARM.Collect$$$$00000009)
    .ARM.Collect$$$$00002712                 0x000000d0   Section        4  entry2.o(.ARM.Collect$$$$00002712)
    __lit__00000000                          0x000000d0   Data           4  entry2.o(.ARM.Collect$$$$00002712)
    .text                                    0x000000d4   Section        0  rtc_qc.o(.text)
    NVIC_EnableIRQ                           0x0000040d   Thumb Code    14  rtc_qc.o(.text)
    .text                                    0x00000488   Section       80  startup_ra9103.o(.text)
    .text                                    0x000004d8   Section        0  sysctrl.o(.text)
    getChipid                                0x000004d9   Thumb Code   106  sysctrl.o(.text)
    currentClk                               0x00000543   Thumb Code    54  sysctrl.o(.text)
    _getMipAddr                              0x00000579   Thumb Code   116  sysctrl.o(.text)
    TICK_STAT_GET                            0x000005ed   Thumb Code    26  sysctrl.o(.text)
    usTimeout                                0x00000607   Thumb Code   302  sysctrl.o(.text)
    setMipTW                                 0x00000735   Thumb Code   188  sysctrl.o(.text)
    rtcCheck                                 0x000007f1   Thumb Code   158  sysctrl.o(.text)
    PllEnable                                0x0000088f   Thumb Code   208  sysctrl.o(.text)
    PllOn                                    0x0000095f   Thumb Code    14  sysctrl.o(.text)
    HoscEnable                               0x0000096d   Thumb Code   120  sysctrl.o(.text)
    sysmodeWrite                             0x000009e5   Thumb Code   418  sysctrl.o(.text)
    unlockNVM                                0x00000db1   Thumb Code    36  sysctrl.o(.text)
    .text                                    0x00000e6c   Section        0  uidiv.o(.text)
    .text                                    0x00000e98   Section        0  idiv.o(.text)
    .text                                    0x00000ec0   Section        0  fdiv.o(.text)
    .text                                    0x00000f40   Section        0  dmul.o(.text)
    .text                                    0x00001010   Section        0  ffltui.o(.text)
    .text                                    0x00001020   Section        0  dfltui.o(.text)
    .text                                    0x0000103c   Section        0  f2d.o(.text)
    .text                                    0x00001064   Section       40  cdcmple.o(.text)
    .text                                    0x0000108c   Section       40  cdrcmple.o(.text)
    .text                                    0x000010b4   Section        0  llshl.o(.text)
    .text                                    0x000010d4   Section        0  llushr.o(.text)
    .text                                    0x000010f6   Section        0  iusefp.o(.text)
    .text                                    0x000010f6   Section        0  fepilogue.o(.text)
    .text                                    0x0000117a   Section        0  depilogue.o(.text)
    .text                                    0x0000123c   Section       36  init.o(.text)
    i.__ARM_clz                              0x00001260   Section        0  depilogue.o(i.__ARM_clz)
    i.__scatterload_copy                     0x0000128e   Section       14  handlers.o(i.__scatterload_copy)
    i.__scatterload_null                     0x0000129c   Section        2  handlers.o(i.__scatterload_null)
    i.__scatterload_zeroinit                 0x0000129e   Section       14  handlers.o(i.__scatterload_zeroinit)
    .constdata                               0x000012ac   Section       20  sysctrl.o(.constdata)
    .data                                    0x00002000   Section       20  rtc_qc.o(.data)
    .data                                    0x00002014   Section        4  sysctrl.o(.data)
    rtc_ctrl_bak                             0x00002014   Data           4  sysctrl.o(.data)
    .bss                                     0x00002018   Section       32  sysctrl.o(.bss)
    IAP                                      0x00002018   Data          32  sysctrl.o(.bss)
    STACK                                    0x00002038   Section     1024  startup_ra9103.o(STACK)

    Global Symbols

    Symbol Name                              Value     Ov Type        Size  Object(Section)

    BuildAttributes$$THM_ISAv3M$S$PE$A:L22$X:L11$S22$IEEE1$IW$USESV6$~STKCKD$USESV7$~SHL$OTIME$ROPI$EBA8$MICROLIB$REQ8$PRES8$EABIv2 0x00000000   Number         0  anon$$obj.o ABSOLUTE
    __ARM_use_no_argv                        0x00000000   Number         0  rtc_qc.o ABSOLUTE
    __Vectors                                0x00000000   Data           4  startup_ra9103.o(RESET)
    __decompress                              - Undefined Weak Reference
    _clock_init                               - Undefined Weak Reference
    __Vectors_End                            0x000000c0   Data           0  startup_ra9103.o(RESET)
    __Vectors_Size                           0x000000c0   Number         0  startup_ra9103.o ABSOLUTE
    __main                                   0x000000c1   Thumb Code     0  entry.o(.ARM.Collect$$$$00000000)
    _main_stk                                0x000000c1   Thumb Code     0  entry2.o(.ARM.Collect$$$$00000001)
    _main_scatterload                        0x000000c5   Thumb Code     0  entry5.o(.ARM.Collect$$$$00000004)
    __main_after_scatterload                 0x000000c9   Thumb Code     0  entry5.o(.ARM.Collect$$$$00000004)
    _main_clock                              0x000000c9   Thumb Code     0  entry7b.o(.ARM.Collect$$$$00000008)
    _main_init                               0x000000c9   Thumb Code     0  entry8.o(.ARM.Collect$$$$00000009)
    RTC_HANDLER                              0x000000d5   Thumb Code    44  rtc_qc.o(.text)
    systemInit                               0x00000101   Thumb Code    82  rtc_qc.o(.text)
    testPass                                 0x00000153   Thumb Code    28  rtc_qc.o(.text)
    testFail                                 0x0000016f   Thumb Code    20  rtc_qc.o(.text)
    acqCorefre                               0x00000183   Thumb Code    62  rtc_qc.o(.text)
    swDelay                                  0x000001c1   Thumb Code    78  rtc_qc.o(.text)
    Pll1hz_out                               0x0000020f   Thumb Code   374  rtc_qc.o(.text)
    main                                     0x00000385   Thumb Code   136  rtc_qc.o(.text)
    Reset_Handler                            0x00000489   Thumb Code     4  startup_ra9103.o(.text)
    NMI_Handler                              0x0000048d   Thumb Code     2  startup_ra9103.o(.text)
    HardFault_Handler                        0x0000048f   Thumb Code     2  startup_ra9103.o(.text)
    SVC_Handler                              0x00000491   Thumb Code     2  startup_ra9103.o(.text)
    PendSV_Handler                           0x00000493   Thumb Code     2  startup_ra9103.o(.text)
    SysTick_Handler                          0x00000495   Thumb Code     2  startup_ra9103.o(.text)
    EXT0_HANDLER                             0x00000497   Thumb Code     2  startup_ra9103.o(.text)
    EXT1_HANDLER                             0x00000499   Thumb Code     2  startup_ra9103.o(.text)
    EXT2_HANDLER                             0x0000049b   Thumb Code     2  startup_ra9103.o(.text)
    EXT3_HANDLER                             0x0000049d   Thumb Code     2  startup_ra9103.o(.text)
    EXT4_HANDLER                             0x0000049f   Thumb Code     2  startup_ra9103.o(.text)
    EXT5_HANDLER                             0x000004a1   Thumb Code     2  startup_ra9103.o(.text)
    EXT6_HANDLER                             0x000004a3   Thumb Code     2  startup_ra9103.o(.text)
    EXT7_HANDLER                             0x000004a5   Thumb Code     2  startup_ra9103.o(.text)
    NVM_HANDLER                              0x000004a7   Thumb Code     2  startup_ra9103.o(.text)
    DMA_HANDLER                              0x000004a9   Thumb Code     2  startup_ra9103.o(.text)
    CT_HANDLER                               0x000004ab   Thumb Code     2  startup_ra9103.o(.text)
    EMU_HANDLER                              0x000004af   Thumb Code     2  startup_ra9103.o(.text)
    MADC_HANDLER                             0x000004b1   Thumb Code     2  startup_ra9103.o(.text)
    UART0_HANDLER                            0x000004b3   Thumb Code     2  startup_ra9103.o(.text)
    UART1_HANDLER                            0x000004b5   Thumb Code     2  startup_ra9103.o(.text)
    UART2_HANDLER                            0x000004b7   Thumb Code     2  startup_ra9103.o(.text)
    UART3_HANDLER                            0x000004b9   Thumb Code     2  startup_ra9103.o(.text)
    SPI_HANDLER                              0x000004bb   Thumb Code     2  startup_ra9103.o(.text)
    I2C_HANDLER                              0x000004bd   Thumb Code     2  startup_ra9103.o(.text)
    ISO78161_HANDLER                         0x000004bf   Thumb Code     2  startup_ra9103.o(.text)
    ISO78160_HANDLER                         0x000004c1   Thumb Code     2  startup_ra9103.o(.text)
    TC0_HANDLER                              0x000004c3   Thumb Code     2  startup_ra9103.o(.text)
    TC1_HANDLER                              0x000004c5   Thumb Code     2  startup_ra9103.o(.text)
    TC2_HANDLER                              0x000004c7   Thumb Code     2  startup_ra9103.o(.text)
    TC3_HANDLER                              0x000004c9   Thumb Code     2  startup_ra9103.o(.text)
    WDT_HANDLER                              0x000004cb   Thumb Code     2  startup_ra9103.o(.text)
    KBI_HANDLER                              0x000004cd   Thumb Code     2  startup_ra9103.o(.text)
    LCD_HANDLER                              0x000004cf   Thumb Code     2  startup_ra9103.o(.text)
    VCH_HANDLER                              0x000004d1   Thumb Code     2  startup_ra9103.o(.text)
    CMP_HANDLER                              0x000004d3   Thumb Code     2  startup_ra9103.o(.text)
    SysModeChg                               0x00000b87   Thumb Code   554  sysctrl.o(.text)
    Remap4Sel                                0x00000dd5   Thumb Code   120  sysctrl.o(.text)
    __aeabi_uidiv                            0x00000e6d   Thumb Code     0  uidiv.o(.text)
    __aeabi_uidivmod                         0x00000e6d   Thumb Code    44  uidiv.o(.text)
    __aeabi_idiv                             0x00000e99   Thumb Code     0  idiv.o(.text)
    __aeabi_idivmod                          0x00000e99   Thumb Code    40  idiv.o(.text)
    __aeabi_fdiv                             0x00000ec1   Thumb Code   128  fdiv.o(.text)
    __aeabi_dmul                             0x00000f41   Thumb Code   202  dmul.o(.text)
    __aeabi_ui2f                             0x00001011   Thumb Code    14  ffltui.o(.text)
    __aeabi_ui2d                             0x00001021   Thumb Code    24  dfltui.o(.text)
    __aeabi_f2d                              0x0000103d   Thumb Code    40  f2d.o(.text)
    __aeabi_cdcmpeq                          0x00001065   Thumb Code     0  cdcmple.o(.text)
    __aeabi_cdcmple                          0x00001065   Thumb Code    38  cdcmple.o(.text)
    __aeabi_cdrcmple                         0x0000108d   Thumb Code    38  cdrcmple.o(.text)
    __aeabi_llsl                             0x000010b5   Thumb Code    32  llshl.o(.text)
    _ll_shift_l                              0x000010b5   Thumb Code     0  llshl.o(.text)
    __aeabi_llsr                             0x000010d5   Thumb Code    34  llushr.o(.text)
    _ll_ushift_r                             0x000010d5   Thumb Code     0  llushr.o(.text)
    __I$use$fp                               0x000010f7   Thumb Code     0  iusefp.o(.text)
    _float_round                             0x000010f7   Thumb Code    16  fepilogue.o(.text)
    _float_epilogue                          0x00001107   Thumb Code   116  fepilogue.o(.text)
    _double_round                            0x0000117b   Thumb Code    26  depilogue.o(.text)
    _double_epilogue                         0x00001195   Thumb Code   166  depilogue.o(.text)
    __scatterload                            0x0000123d   Thumb Code    28  init.o(.text)
    __scatterload_rt2                        0x0000123d   Thumb Code     0  init.o(.text)
    __ARM_clz                                0x00001261   Thumb Code    46  depilogue.o(i.__ARM_clz)
    __scatterload_copy                       0x0000128f   Thumb Code    14  handlers.o(i.__scatterload_copy)
    __scatterload_null                       0x0000129d   Thumb Code     2  handlers.o(i.__scatterload_null)
    __scatterload_zeroinit                   0x0000129f   Thumb Code    14  handlers.o(i.__scatterload_zeroinit)
    us_freq                                  0x000012ac   Data          20  sysctrl.o(.constdata)
    Region$$Table$$Base                      0x000012c0   Number         0  anon$$obj.o(Region$$Table)
    Region$$Table$$Limit                     0x000012e0   Number         0  anon$$obj.o(Region$$Table)
    intc_flag                                0x00002000   Data           4  rtc_qc.o(.data)
    pll1hz                                   0x00002004   Data           4  rtc_qc.o(.data)
    sram_chipid                              0x00002008   Data           4  rtc_qc.o(.data)
    sram_res                                 0x0000200c   Data           4  rtc_qc.o(.data)
    sram_pll1hz                              0x00002010   Data           4  rtc_qc.o(.data)
    __initial_sp                             0x00002438   Data           0  startup_ra9103.o(STACK)



==============================================================================

Memory Map of the image

  Image Entry point : 0x000000c1

  Load Region LR_IROM1 (Base: 0x00000000, Size: 0x000012f8, Max: 0x00002000, ABSOLUTE)

    Execution Region ER_IROM1 (Base: 0x00000000, Size: 0x000012e0, Max: 0x00002000, ABSOLUTE)

    Base Addr    Size         Type   Attr      Idx    E Section Name        Object

    0x00000000   0x000000c0   Data   RO          245    RESET               startup_ra9103.o
    0x000000c0   0x00000000   Code   RO          324  * .ARM.Collect$$$$00000000  mc_p.l(entry.o)
    0x000000c0   0x00000004   Code   RO          357    .ARM.Collect$$$$00000001  mc_p.l(entry2.o)
    0x000000c4   0x00000004   Code   RO          360    .ARM.Collect$$$$00000004  mc_p.l(entry5.o)
    0x000000c8   0x00000000   Code   RO          362    .ARM.Collect$$$$00000008  mc_p.l(entry7b.o)
    0x000000c8   0x00000008   Code   RO          363    .ARM.Collect$$$$00000009  mc_p.l(entry8.o)
    0x000000d0   0x00000004   Code   RO          358    .ARM.Collect$$$$00002712  mc_p.l(entry2.o)
    0x000000d4   0x000003b4   Code   RO          207    .text               rtc_qc.o
    0x00000488   0x00000050   Code   RO          246    .text               startup_ra9103.o
    0x000004d8   0x00000994   Code   RO          317    .text               rn821x_sysctrl.lib(sysctrl.o)
    0x00000e6c   0x0000002c   Code   RO          327    .text               mc_p.l(uidiv.o)
    0x00000e98   0x00000028   Code   RO          329    .text               mc_p.l(idiv.o)
    0x00000ec0   0x00000080   Code   RO          333    .text               mf_p.l(fdiv.o)
    0x00000f40   0x000000d0   Code   RO          337    .text               mf_p.l(dmul.o)
    0x00001010   0x0000000e   Code   RO          341    .text               mf_p.l(ffltui.o)
    0x0000101e   0x00000002   PAD
    0x00001020   0x0000001c   Code   RO          343    .text               mf_p.l(dfltui.o)
    0x0000103c   0x00000028   Code   RO          349    .text               mf_p.l(f2d.o)
    0x00001064   0x00000028   Code   RO          351    .text               mf_p.l(cdcmple.o)
    0x0000108c   0x00000028   Code   RO          353    .text               mf_p.l(cdrcmple.o)
    0x000010b4   0x00000020   Code   RO          364    .text               mc_p.l(llshl.o)
    0x000010d4   0x00000022   Code   RO          366    .text               mc_p.l(llushr.o)
    0x000010f6   0x00000000   Code   RO          370    .text               mc_p.l(iusefp.o)
    0x000010f6   0x00000084   Code   RO          371    .text               mf_p.l(fepilogue.o)
    0x0000117a   0x000000c0   Code   RO          373    .text               mf_p.l(depilogue.o)
    0x0000123a   0x00000002   PAD
    0x0000123c   0x00000024   Code   RO          377    .text               mc_p.l(init.o)
    0x00001260   0x0000002e   Code   RO          375    i.__ARM_clz         mf_p.l(depilogue.o)
    0x0000128e   0x0000000e   Code   RO          381    i.__scatterload_copy  mc_p.l(handlers.o)
    0x0000129c   0x00000002   Code   RO          382    i.__scatterload_null  mc_p.l(handlers.o)
    0x0000129e   0x0000000e   Code   RO          383    i.__scatterload_zeroinit  mc_p.l(handlers.o)
    0x000012ac   0x00000014   Data   RO          319    .constdata          rn821x_sysctrl.lib(sysctrl.o)
    0x000012c0   0x00000020   Data   RO          379    Region$$Table       anon$$obj.o


    Execution Region RW_IRAM1 (Base: 0x00002000, Size: 0x00000438, Max: 0x00001700, ABSOLUTE)

    Base Addr    Size         Type   Attr      Idx    E Section Name        Object

    0x00002000   0x00000014   Data   RW          208    .data               rtc_qc.o
    0x00002014   0x00000004   Data   RW          320    .data               rn821x_sysctrl.lib(sysctrl.o)
    0x00002018   0x00000020   Zero   RW          318    .bss                rn821x_sysctrl.lib(sysctrl.o)
    0x00002038   0x00000400   Zero   RW          243    STACK               startup_ra9103.o


==============================================================================

Image component sizes


      Code (inc. data)   RO Data    RW Data    ZI Data      Debug   Object Name

         0          0          0          0          0      13348   common.o
       948        110          0         20          0       8554   rtc_qc.o
        80          4        192          0       1024       1736   startup_ra9103.o

    ----------------------------------------------------------------------
      1028        114        224         20       1024      23638   Object Totals
         0          0         32          0          0          0   (incl. Generated)
         0          0          0          0          0          0   (incl. Padding)

    ----------------------------------------------------------------------

      Code (inc. data)   RO Data    RW Data    ZI Data      Debug   Library Member Name

         0          0          0          0          0          0   entry.o
         8          4          0          0          0          0   entry2.o
         4          0          0          0          0          0   entry5.o
         0          0          0          0          0          0   entry7b.o
         8          4          0          0          0          0   entry8.o
        30          0          0          0          0          0   handlers.o
        40          0          0          0          0         72   idiv.o
        36          8          0          0          0         68   init.o
         0          0          0          0          0          0   iusefp.o
        32          0          0          0          0         68   llshl.o
        34          0          0          0          0         68   llushr.o
        44          0          0          0          0         72   uidiv.o
        40          2          0          0          0         68   cdcmple.o
        40          2          0          0          0         68   cdrcmple.o
       238          0          0          0          0        212   depilogue.o
        28          4          0          0          0         68   dfltui.o
       208          6          0          0          0         84   dmul.o
        40          0          0          0          0         60   f2d.o
       128          0          0          0          0         72   fdiv.o
       132          0          0          0          0        144   fepilogue.o
        14          0          0          0          0         68   ffltui.o
      2452        128         20          4         32        424   sysctrl.o

    ----------------------------------------------------------------------
      3560        158         20          4         32       1616   Library Totals
         4          0          0          0          0          0   (incl. Padding)

    ----------------------------------------------------------------------

      Code (inc. data)   RO Data    RW Data    ZI Data      Debug   Library Name

       236         16          0          0          0        348   mc_p.l
       868         14          0          0          0        844   mf_p.l
      2452        128         20          4         32        424   rn821x_sysctrl.lib

    ----------------------------------------------------------------------
      3560        158         20          4         32       1616   Library Totals

    ----------------------------------------------------------------------

==============================================================================


      Code (inc. data)   RO Data    RW Data    ZI Data      Debug   

      4588        272        244         24       1056      24526   Grand Totals
      4588        272        244         24       1056      24526   ELF Image Totals
      4588        272        244         24          0          0   ROM Totals

==============================================================================

    Total RO  Size (Code + RO Data)                 4832 (   4.72kB)
    Total RW  Size (RW Data + ZI Data)              1080 (   1.05kB)
    Total ROM Size (Code + RO Data + RW Data)       4856 (   4.74kB)

==============================================================================

