<html>
<body>
<pre>
<h1>µVision Build Log</h1>
<h2>Project:</h2>
E:\2017_FT_prog\V111\RN8312_V111_1_20160424_CPV14V15\testcase\ZPLL_1Hz_FT\build\RTC_QC.uvproj
Project File Date:  04/12/2017

<h2>Output:</h2>
 
*** Rebuild Pass #1 with Cross-Module Feedback - 'Clean' invoked.
Clean started: Project: 'RTC_QC'
   deleting intermediate output files for target 'Target 1'
Rebuild target 'Target 1'
compiling common.c...
compiling Retarget.c...
compiling serial.c...
compiling RTC_QC.c...
..\src\RTC_QC.c(321): warning:  #177-D: variable "i" was declared but never referenced
..\src\RTC_QC.c(322): warning:  #177-D: variable "temp" was declared but never referenced
assembling startup_RA9103.s...
compiling system_RN821x.c...
compiling clk_calc.c...
linking...
Program Size: Code=4748 RO-data=244 RW-data=24 ZI-data=1056  
"ZPLL_1Hz_FT.axf" - 0 Error(s), 2 Warning(s).
 
*** Rebuild Pass #2 with Cross-Module Feedback invoked.
Rebuild target 'Target 1'
compiling common.c...
compiling Retarget.c...
compiling serial.c...
compiling RTC_QC.c...
..\src\RTC_QC.c(321): warning:  #177-D: variable "i" was declared but never referenced
..\src\RTC_QC.c(322): warning:  #177-D: variable "temp" was declared but never referenced
assembling startup_RA9103.s...
compiling system_RN821x.c...
compiling clk_calc.c...
linking...
Program Size: Code=4584 RO-data=244 RW-data=24 ZI-data=1056  
User command #1: fromelf --bin ZPLL_1Hz_FT.axf -o ../ZPLL_1Hz_FT.bin
"ZPLL_1Hz_FT.axf" - 0 Error(s), 2 Warning(s).
 
*** Rebuild Pass #1 with Cross-Module Feedback - 'Clean' invoked.
Clean started: Project: 'RTC_QC'
   deleting intermediate output files for target 'Target 1'
Rebuild target 'Target 1'
compiling common.c...
compiling Retarget.c...
compiling serial.c...
compiling RTC_QC.c...
..\src\RTC_QC.c(321): warning:  #177-D: variable "i" was declared but never referenced
..\src\RTC_QC.c(322): warning:  #177-D: variable "temp" was declared but never referenced
assembling startup_RA9103.s...
compiling system_RN821x.c...
compiling clk_calc.c...
linking...
Program Size: Code=4752 RO-data=244 RW-data=24 ZI-data=1056  
"ZPLL_1Hz_FT.axf" - 0 Error(s), 2 Warning(s).
 
*** Rebuild Pass #2 with Cross-Module Feedback invoked.
Rebuild target 'Target 1'
compiling common.c...
compiling Retarget.c...
compiling serial.c...
compiling RTC_QC.c...
..\src\RTC_QC.c(321): warning:  #177-D: variable "i" was declared but never referenced
..\src\RTC_QC.c(322): warning:  #177-D: variable "temp" was declared but never referenced
assembling startup_RA9103.s...
compiling system_RN821x.c...
compiling clk_calc.c...
linking...
Program Size: Code=4588 RO-data=244 RW-data=24 ZI-data=1056  
User command #1: fromelf --bin ZPLL_1Hz_FT.axf -o ../ZPLL_1Hz_FT.bin
"ZPLL_1Hz_FT.axf" - 0 Error(s), 2 Warning(s).
 
*** Rebuild Pass #1 with Cross-Module Feedback - 'Clean' invoked.
Clean started: Project: 'RTC_QC'
   deleting intermediate output files for target 'Target 1'
Rebuild target 'Target 1'
compiling common.c...
compiling Retarget.c...
compiling serial.c...
compiling RTC_QC.c...
..\src\RTC_QC.c(321): warning:  #177-D: variable "i" was declared but never referenced
..\src\RTC_QC.c(322): warning:  #177-D: variable "temp" was declared but never referenced
assembling startup_RA9103.s...
compiling system_RN821x.c...
compiling clk_calc.c...
linking...
Program Size: Code=4752 RO-data=244 RW-data=24 ZI-data=1056  
"ZPLL_1Hz_FT.axf" - 0 Error(s), 2 Warning(s).
 
*** Rebuild Pass #2 with Cross-Module Feedback invoked.
Rebuild target 'Target 1'
compiling common.c...
compiling Retarget.c...
compiling serial.c...
compiling RTC_QC.c...
..\src\RTC_QC.c(321): warning:  #177-D: variable "i" was declared but never referenced
..\src\RTC_QC.c(322): warning:  #177-D: variable "temp" was declared but never referenced
assembling startup_RA9103.s...
compiling system_RN821x.c...
compiling clk_calc.c...
linking...
Program Size: Code=4588 RO-data=244 RW-data=24 ZI-data=1056  
User command #1: fromelf --bin ZPLL_1Hz_FT.axf -o ../ZPLL_1Hz_FT.bin
"ZPLL_1Hz_FT.axf" - 0 Error(s), 2 Warning(s).
