ARM Linker, 5.02 [Build 28] [MDK-ARM Standard]

==============================================================================

Section Cross References

    common.o(.text) refers to sysctrl.o(.text) for SysModeChg
    common.o(.text) refers to uidiv.o(.text) for __aeabi_uidivmod
    common.o(.text) refers to system_rn821x.o(.text) for SystemCoreClockUpdate
    common.o(.text) refers to common.o(.data) for sysclk_loops
    common.o(.text) refers to system_rn821x.o(.data) for SystemCoreClock
    retarget.o(.text) refers to serial.o(.text) for sendchar
    soclowpwr_sys.o(.text) refers to common.o(.text) for WdtInit
    soclowpwr_sys.o(.text) refers to sysctrl.o(.text) for SysModeChg
    sysctrl.o(.text) refers to uidiv.o(.text) for __aeabi_uidivmod
    sysctrl.o(.text) refers to sysctrl.o(.bss) for IAP
    system_rn821x.o(.text) refers to system_rn821x.o(.data) for SystemCoreClock
    startup_ra9103.o(RESET) refers to startup_ra9103.o(STACK) for __initial_sp
    startup_ra9103.o(RESET) refers to startup_ra9103.o(.text) for Reset_Handler
    startup_ra9103.o(RESET) refers to common.o(.text) for WDT_HANDLER
    startup_ra9103.o(.text) refers to entry.o(.ARM.Collect$$$$00000000) for __main
    entry.o(.ARM.Collect$$$$00000000) refers (Special) to entry7b.o(.ARM.Collect$$$$00000008) for _main_clock
    entry.o(.ARM.Collect$$$$00000000) refers (Special) to entry8.o(.ARM.Collect$$$$00000009) for _main_init
    entry.o(.ARM.Collect$$$$00000000) refers (Special) to entry5.o(.ARM.Collect$$$$00000004) for _main_scatterload
    entry.o(.ARM.Collect$$$$00000000) refers (Special) to entry2.o(.ARM.Collect$$$$00000001) for _main_stk
    entry2.o(.ARM.Collect$$$$00000001) refers to entry2.o(.ARM.Collect$$$$00002712) for __lit__00000000
    entry2.o(.ARM.Collect$$$$00002712) refers to startup_ra9103.o(STACK) for __initial_sp
    entry2.o(__vectab_stack_and_reset_area) refers to startup_ra9103.o(STACK) for __initial_sp
    entry2.o(__vectab_stack_and_reset_area) refers to entry.o(.ARM.Collect$$$$00000000) for __main
    entry5.o(.ARM.Collect$$$$00000004) refers to init.o(.text) for __scatterload
    entry8.o(.ARM.Collect$$$$00000009) refers to soclowpwr_sys.o(.text) for main
    init.o(.text) refers to entry5.o(.ARM.Collect$$$$00000004) for __main_after_scatterload


==============================================================================

Removing Unused input sections from the image.

    Removing common.o(.rev16_text), (4 bytes).
    Removing common.o(.revsh_text), (4 bytes).
    Removing nvm.o(.rev16_text), (4 bytes).
    Removing nvm.o(.revsh_text), (4 bytes).
    Removing nvm.o(.text), (504 bytes).
    Removing retarget.o(.text), (54 bytes).
    Removing serial.o(.rev16_text), (4 bytes).
    Removing serial.o(.revsh_text), (4 bytes).
    Removing serial.o(.text), (84 bytes).
    Removing soclowpwr_sys.o(.rev16_text), (4 bytes).
    Removing soclowpwr_sys.o(.revsh_text), (4 bytes).
    Removing sysctrl.o(.rev16_text), (4 bytes).
    Removing sysctrl.o(.revsh_text), (4 bytes).
    Removing system_rn821x.o(.rev16_text), (4 bytes).
    Removing system_rn821x.o(.revsh_text), (4 bytes).
    Removing sysupdate.o(.rev16_text), (4 bytes).
    Removing sysupdate.o(.revsh_text), (4 bytes).
    Removing sysupdate.o(.text), (1324 bytes).
    Removing startup_ra9103.o(HEAP), (0 bytes).

19 unused section(s) (total 2022 bytes) removed from the image.

==============================================================================

Image Symbol Table

    Local Symbols

    Symbol Name                              Value     Ov Type        Size  Object(Section)

    RESET                                    0x00000000   Section      192  startup_ra9103.o(RESET)
    ../clib/microlib/division.c              0x00000000   Number         0  uidiv.o ABSOLUTE
    ../clib/microlib/init/entry.s            0x00000000   Number         0  entry7b.o ABSOLUTE
    ../clib/microlib/init/entry.s            0x00000000   Number         0  entry7a.o ABSOLUTE
    ../clib/microlib/init/entry.s            0x00000000   Number         0  entry5.o ABSOLUTE
    ../clib/microlib/init/entry.s            0x00000000   Number         0  entry8.o ABSOLUTE
    ../clib/microlib/init/entry.s            0x00000000   Number         0  entry2.o ABSOLUTE
    ../clib/microlib/init/entry.s            0x00000000   Number         0  entry.o ABSOLUTE
    ..\\src\\SocLowPwr_sys.c                 0x00000000   Number         0  soclowpwr_sys.o ABSOLUTE
    ..\\src\\common.c                        0x00000000   Number         0  common.o ABSOLUTE
    ..\\src\\nvm.c                           0x00000000   Number         0  nvm.o ABSOLUTE
    ..\\src\\serial.c                        0x00000000   Number         0  serial.o ABSOLUTE
    ..\\src\\sysctrl.c                       0x00000000   Number         0  sysctrl.o ABSOLUTE
    ..\\src\\system_RN821x.c                 0x00000000   Number         0  system_rn821x.o ABSOLUTE
    ..\\src\\sysupdate.c                     0x00000000   Number         0  sysupdate.o ABSOLUTE
    ..\src\Retarget.c                        0x00000000   Number         0  retarget.o ABSOLUTE
    ..\src\SocLowPwr_sys.c                   0x00000000   Number         0  soclowpwr_sys.o ABSOLUTE
    ..\src\common.c                          0x00000000   Number         0  common.o ABSOLUTE
    ..\src\nvm.c                             0x00000000   Number         0  nvm.o ABSOLUTE
    ..\src\serial.c                          0x00000000   Number         0  serial.o ABSOLUTE
    ..\src\startup_RA9103.s                  0x00000000   Number         0  startup_ra9103.o ABSOLUTE
    ..\src\sysctrl.c                         0x00000000   Number         0  sysctrl.o ABSOLUTE
    ..\src\system_RN821x.c                   0x00000000   Number         0  system_rn821x.o ABSOLUTE
    ..\src\sysupdate.c                       0x00000000   Number         0  sysupdate.o ABSOLUTE
    dc.s                                     0x00000000   Number         0  dc.o ABSOLUTE
    handlers.s                               0x00000000   Number         0  handlers.o ABSOLUTE
    init.s                                   0x00000000   Number         0  init.o ABSOLUTE
    .ARM.Collect$$$$00000000                 0x000000c0   Section        0  entry.o(.ARM.Collect$$$$00000000)
    .ARM.Collect$$$$00000001                 0x000000c0   Section        4  entry2.o(.ARM.Collect$$$$00000001)
    .ARM.Collect$$$$00000004                 0x000000c4   Section        4  entry5.o(.ARM.Collect$$$$00000004)
    .ARM.Collect$$$$00000008                 0x000000c8   Section        0  entry7b.o(.ARM.Collect$$$$00000008)
    .ARM.Collect$$$$00000009                 0x000000c8   Section        8  entry8.o(.ARM.Collect$$$$00000009)
    .ARM.Collect$$$$00002712                 0x000000d0   Section        4  entry2.o(.ARM.Collect$$$$00002712)
    __lit__00000000                          0x000000d0   Data           4  entry2.o(.ARM.Collect$$$$00002712)
    .text                                    0x000000d4   Section        0  common.o(.text)
    wdtWait                                  0x0000043f   Thumb Code    16  common.o(.text)
    .text                                    0x00000538   Section        0  soclowpwr_sys.o(.text)
    .text                                    0x00000b00   Section        0  sysctrl.o(.text)
    currentClk                               0x00000b01   Thumb Code    64  sysctrl.o(.text)
    _getMipAddr                              0x00000b41   Thumb Code    98  sysctrl.o(.text)
    usTimeout                                0x00000ba3   Thumb Code   278  sysctrl.o(.text)
    setMipTW                                 0x00000cb9   Thumb Code   122  sysctrl.o(.text)
    PllEnable                                0x00000d33   Thumb Code    58  sysctrl.o(.text)
    HoscEnable                               0x00000d6d   Thumb Code    98  sysctrl.o(.text)
    sysmodeWrite                             0x00000dcf   Thumb Code   224  sysctrl.o(.text)
    unlockNVM                                0x00001039   Thumb Code    36  sysctrl.o(.text)
    .text                                    0x000010ec   Section        0  system_rn821x.o(.text)
    .text                                    0x0000114c   Section       80  startup_ra9103.o(.text)
    .text                                    0x0000119c   Section        0  uidiv.o(.text)
    .text                                    0x000011c8   Section       36  init.o(.text)
    i.__scatterload_copy                     0x000011ec   Section       14  handlers.o(i.__scatterload_copy)
    i.__scatterload_null                     0x000011fa   Section        2  handlers.o(i.__scatterload_null)
    i.__scatterload_zeroinit                 0x000011fc   Section       14  handlers.o(i.__scatterload_zeroinit)
    .data                                    0x10000000   Section        4  common.o(.data)
    .data                                    0x10000004   Section        4  system_rn821x.o(.data)
    .bss                                     0x10000008   Section       32  sysctrl.o(.bss)
    IAP                                      0x10000008   Data          32  sysctrl.o(.bss)
    STACK                                    0x10000028   Section     2048  startup_ra9103.o(STACK)

    Global Symbols

    Symbol Name                              Value     Ov Type        Size  Object(Section)

    BuildAttributes$$THM_ISAv3M$S$PE$A:L22$X:L11$S22$IEEE1$IW$USESV6$~STKCKD$USESV7$~SHL$OSPACE$EBA8$MICROLIB$REQ8$PRES8$EABIv2 0x00000000   Number         0  anon$$obj.o ABSOLUTE
    __ARM_use_no_argv                        0x00000000   Number         0  soclowpwr_sys.o ABSOLUTE
    __Vectors                                0x00000000   Data           4  startup_ra9103.o(RESET)
    __decompress                              - Undefined Weak Reference
    _clock_init                               - Undefined Weak Reference
    __Vectors_End                            0x000000c0   Data           0  startup_ra9103.o(RESET)
    __Vectors_Size                           0x000000c0   Number         0  startup_ra9103.o ABSOLUTE
    __main                                   0x000000c1   Thumb Code     0  entry.o(.ARM.Collect$$$$00000000)
    _main_stk                                0x000000c1   Thumb Code     0  entry2.o(.ARM.Collect$$$$00000001)
    _main_scatterload                        0x000000c5   Thumb Code     0  entry5.o(.ARM.Collect$$$$00000004)
    __main_after_scatterload                 0x000000c9   Thumb Code     0  entry5.o(.ARM.Collect$$$$00000004)
    _main_clock                              0x000000c9   Thumb Code     0  entry7b.o(.ARM.Collect$$$$00000008)
    _main_init                               0x000000c9   Thumb Code     0  entry8.o(.ARM.Collect$$$$00000009)
    getSysclk                                0x000000d5   Thumb Code    80  common.o(.text)
    sysclkLoop                               0x00000125   Thumb Code    36  common.o(.text)
    setBaud                                  0x00000149   Thumb Code    84  common.o(.text)
    uartInit                                 0x0000019d   Thumb Code   228  common.o(.text)
    sendStr                                  0x00000281   Thumb Code    94  common.o(.text)
    sendChar                                 0x000002df   Thumb Code    76  common.o(.text)
    WdtFeed                                  0x0000032b   Thumb Code     8  common.o(.text)
    exitPass                                 0x00000333   Thumb Code    68  common.o(.text)
    exitFail                                 0x00000377   Thumb Code   112  common.o(.text)
    uDelay                                   0x000003e7   Thumb Code    88  common.o(.text)
    WdtInit                                  0x0000044f   Thumb Code    46  common.o(.text)
    WDT_HANDLER                              0x0000047d   Thumb Code    22  common.o(.text)
    WDT_OFF                                  0x00000493   Thumb Code   132  common.o(.text)
    swDelay_soft                             0x00000517   Thumb Code    28  common.o(.text)
    socSleep                                 0x00000539   Thumb Code     6  soclowpwr_sys.o(.text)
    anaPwrDown                               0x0000053f   Thumb Code    74  soclowpwr_sys.o(.text)
    busPwrDown                               0x00000589   Thumb Code    54  soclowpwr_sys.o(.text)
    gpioPwrDown                              0x000005bf   Thumb Code    70  soclowpwr_sys.o(.text)
    cacheOn                                  0x00000605   Thumb Code    30  soclowpwr_sys.o(.text)
    eeStandby                                0x00000623   Thumb Code    88  soclowpwr_sys.o(.text)
    main                                     0x0000067b   Thumb Code   114  soclowpwr_sys.o(.text)
    apbClk0En                                0x000006ed   Thumb Code    16  soclowpwr_sys.o(.text)
    apbClk1En                                0x000006fd   Thumb Code    16  soclowpwr_sys.o(.text)
    eeWakeup                                 0x0000070d   Thumb Code    42  soclowpwr_sys.o(.text)
    singleMeter                              0x00000737   Thumb Code   114  soclowpwr_sys.o(.text)
    flStandby                                0x000007a9   Thumb Code    88  soclowpwr_sys.o(.text)
    emuEnable                                0x00000801   Thumb Code   170  soclowpwr_sys.o(.text)
    lcdEnable                                0x000008ab   Thumb Code    42  soclowpwr_sys.o(.text)
    RCEnable                                 0x000008d5   Thumb Code    20  soclowpwr_sys.o(.text)
    PLLEnable                                0x000008e9   Thumb Code    46  soclowpwr_sys.o(.text)
    HOSCEnable                               0x00000917   Thumb Code    94  soclowpwr_sys.o(.text)
    LBGREnable                               0x00000975   Thumb Code    20  soclowpwr_sys.o(.text)
    BGREnable                                0x00000989   Thumb Code    20  soclowpwr_sys.o(.text)
    BGRDisable                               0x0000099d   Thumb Code    20  soclowpwr_sys.o(.text)
    CMP2Enable                               0x000009b1   Thumb Code    20  soclowpwr_sys.o(.text)
    CMP1Enable                               0x000009c5   Thumb Code    20  soclowpwr_sys.o(.text)
    LVDEnable                                0x000009d9   Thumb Code    20  soclowpwr_sys.o(.text)
    socIdle                                  0x000009ed   Thumb Code     8  soclowpwr_sys.o(.text)
    eeChipErase                              0x000009f5   Thumb Code    54  soclowpwr_sys.o(.text)
    flPageErase                              0x00000a2b   Thumb Code    40  soclowpwr_sys.o(.text)
    loscPwrDown                              0x00000a53   Thumb Code    34  soclowpwr_sys.o(.text)
    loscBiasmin                              0x00000a75   Thumb Code    16  soclowpwr_sys.o(.text)
    loscBiasmax                              0x00000a85   Thumb Code    18  soclowpwr_sys.o(.text)
    rtcOut                                   0x00000a97   Thumb Code    80  soclowpwr_sys.o(.text)
    SysModeChg                               0x00000eaf   Thumb Code   394  sysctrl.o(.text)
    Remap4Sel                                0x0000105d   Thumb Code   120  sysctrl.o(.text)
    SystemCoreClockUpdate                    0x000010ed   Thumb Code    86  system_rn821x.o(.text)
    SystemInit                               0x00001143   Thumb Code     2  system_rn821x.o(.text)
    Reset_Handler                            0x0000114d   Thumb Code     4  startup_ra9103.o(.text)
    NMI_Handler                              0x00001151   Thumb Code     2  startup_ra9103.o(.text)
    HardFault_Handler                        0x00001153   Thumb Code     2  startup_ra9103.o(.text)
    SVC_Handler                              0x00001155   Thumb Code     2  startup_ra9103.o(.text)
    PendSV_Handler                           0x00001157   Thumb Code     2  startup_ra9103.o(.text)
    SysTick_Handler                          0x00001159   Thumb Code     2  startup_ra9103.o(.text)
    EXT0_HANDLER                             0x0000115b   Thumb Code     2  startup_ra9103.o(.text)
    EXT1_HANDLER                             0x0000115d   Thumb Code     2  startup_ra9103.o(.text)
    EXT2_HANDLER                             0x0000115f   Thumb Code     2  startup_ra9103.o(.text)
    EXT3_HANDLER                             0x00001161   Thumb Code     2  startup_ra9103.o(.text)
    EXT4_HANDLER                             0x00001163   Thumb Code     2  startup_ra9103.o(.text)
    EXT5_HANDLER                             0x00001165   Thumb Code     2  startup_ra9103.o(.text)
    EXT6_HANDLER                             0x00001167   Thumb Code     2  startup_ra9103.o(.text)
    EXT7_HANDLER                             0x00001169   Thumb Code     2  startup_ra9103.o(.text)
    NVM_HANDLER                              0x0000116b   Thumb Code     2  startup_ra9103.o(.text)
    DMA_HANDLER                              0x0000116d   Thumb Code     2  startup_ra9103.o(.text)
    CT_HANDLER                               0x0000116f   Thumb Code     2  startup_ra9103.o(.text)
    RTC_HANDLER                              0x00001171   Thumb Code     2  startup_ra9103.o(.text)
    EMU_HANDLER                              0x00001173   Thumb Code     2  startup_ra9103.o(.text)
    MADC_HANDLER                             0x00001175   Thumb Code     2  startup_ra9103.o(.text)
    UART0_HANDLER                            0x00001177   Thumb Code     2  startup_ra9103.o(.text)
    UART1_HANDLER                            0x00001179   Thumb Code     2  startup_ra9103.o(.text)
    UART2_HANDLER                            0x0000117b   Thumb Code     2  startup_ra9103.o(.text)
    UART3_HANDLER                            0x0000117d   Thumb Code     2  startup_ra9103.o(.text)
    SPI_HANDLER                              0x0000117f   Thumb Code     2  startup_ra9103.o(.text)
    I2C_HANDLER                              0x00001181   Thumb Code     2  startup_ra9103.o(.text)
    ISO78161_HANDLER                         0x00001183   Thumb Code     2  startup_ra9103.o(.text)
    ISO78160_HANDLER                         0x00001185   Thumb Code     2  startup_ra9103.o(.text)
    TC0_HANDLER                              0x00001187   Thumb Code     2  startup_ra9103.o(.text)
    TC1_HANDLER                              0x00001189   Thumb Code     2  startup_ra9103.o(.text)
    TC2_HANDLER                              0x0000118b   Thumb Code     2  startup_ra9103.o(.text)
    TC3_HANDLER                              0x0000118d   Thumb Code     2  startup_ra9103.o(.text)
    KBI_HANDLER                              0x00001191   Thumb Code     2  startup_ra9103.o(.text)
    LCD_HANDLER                              0x00001193   Thumb Code     2  startup_ra9103.o(.text)
    VCH_HANDLER                              0x00001195   Thumb Code     2  startup_ra9103.o(.text)
    CMP_HANDLER                              0x00001197   Thumb Code     2  startup_ra9103.o(.text)
    __aeabi_uidiv                            0x0000119d   Thumb Code     0  uidiv.o(.text)
    __aeabi_uidivmod                         0x0000119d   Thumb Code    44  uidiv.o(.text)
    __scatterload                            0x000011c9   Thumb Code    28  init.o(.text)
    __scatterload_rt2                        0x000011c9   Thumb Code     0  init.o(.text)
    __scatterload_copy                       0x000011ed   Thumb Code    14  handlers.o(i.__scatterload_copy)
    __scatterload_null                       0x000011fb   Thumb Code     2  handlers.o(i.__scatterload_null)
    __scatterload_zeroinit                   0x000011fd   Thumb Code    14  handlers.o(i.__scatterload_zeroinit)
    Region$$Table$$Base                      0x0000120c   Number         0  anon$$obj.o(Region$$Table)
    Region$$Table$$Limit                     0x0000122c   Number         0  anon$$obj.o(Region$$Table)
    sysclk_loops                             0x10000000   Data           4  common.o(.data)
    SystemCoreClock                          0x10000004   Data           4  system_rn821x.o(.data)
    __initial_sp                             0x10000828   Data           0  startup_ra9103.o(STACK)



==============================================================================

Memory Map of the image

  Image Entry point : 0x000000c1

  Load Region LR_IROM1 (Base: 0x00000000, Size: 0x00001234, Max: 0x00030000, ABSOLUTE)

    Execution Region ER_IROM1 (Base: 0x00000000, Size: 0x0000122c, Max: 0x00030000, ABSOLUTE)

    Base Addr    Size         Type   Attr      Idx    E Section Name        Object

    0x00000000   0x000000c0   Data   RO          225    RESET               startup_ra9103.o
    0x000000c0   0x00000000   Code   RO          230  * .ARM.Collect$$$$00000000  mc_p.l(entry.o)
    0x000000c0   0x00000004   Code   RO          235    .ARM.Collect$$$$00000001  mc_p.l(entry2.o)
    0x000000c4   0x00000004   Code   RO          238    .ARM.Collect$$$$00000004  mc_p.l(entry5.o)
    0x000000c8   0x00000000   Code   RO          240    .ARM.Collect$$$$00000008  mc_p.l(entry7b.o)
    0x000000c8   0x00000008   Code   RO          241    .ARM.Collect$$$$00000009  mc_p.l(entry8.o)
    0x000000d0   0x00000004   Code   RO          236    .ARM.Collect$$$$00002712  mc_p.l(entry2.o)
    0x000000d4   0x00000464   Code   RO            3    .text               common.o
    0x00000538   0x000005c8   Code   RO          137    .text               soclowpwr_sys.o
    0x00000b00   0x000005ec   Code   RO          157    .text               sysctrl.o
    0x000010ec   0x00000060   Code   RO          179    .text               system_rn821x.o
    0x0000114c   0x00000050   Code   RO          226    .text               startup_ra9103.o
    0x0000119c   0x0000002c   Code   RO          233    .text               mc_p.l(uidiv.o)
    0x000011c8   0x00000024   Code   RO          242    .text               mc_p.l(init.o)
    0x000011ec   0x0000000e   Code   RO          246    i.__scatterload_copy  mc_p.l(handlers.o)
    0x000011fa   0x00000002   Code   RO          247    i.__scatterload_null  mc_p.l(handlers.o)
    0x000011fc   0x0000000e   Code   RO          248    i.__scatterload_zeroinit  mc_p.l(handlers.o)
    0x0000120a   0x00000002   PAD
    0x0000120c   0x00000020   Data   RO          244    Region$$Table       anon$$obj.o


    Execution Region RW_IRAM1 (Base: 0x10000000, Size: 0x00000828, Max: 0x00002000, ABSOLUTE)

    Base Addr    Size         Type   Attr      Idx    E Section Name        Object

    0x10000000   0x00000004   Data   RW            4    .data               common.o
    0x10000004   0x00000004   Data   RW          180    .data               system_rn821x.o
    0x10000008   0x00000020   Zero   RW          158    .bss                sysctrl.o
    0x10000028   0x00000800   Zero   RW          223    STACK               startup_ra9103.o


==============================================================================

Image component sizes


      Code (inc. data)   RO Data    RW Data    ZI Data      Debug   Object Name

      1124         66          0          4          0      21802   common.o
      1480         62          0          0          0       5112   soclowpwr_sys.o
        80          4        192          0       2048       1772   startup_ra9103.o
      1516         92          0          0         32       5231   sysctrl.o
        96          8          0          4          0        937   system_rn821x.o

    ----------------------------------------------------------------------
      4296        232        224          8       2080      34854   Object Totals
         0          0         32          0          0          0   (incl. Generated)
         0          0          0          0          0          0   (incl. Padding)

    ----------------------------------------------------------------------

      Code (inc. data)   RO Data    RW Data    ZI Data      Debug   Library Member Name

         0          0          0          0          0          0   entry.o
         8          4          0          0          0          0   entry2.o
         4          0          0          0          0          0   entry5.o
         0          0          0          0          0          0   entry7b.o
         8          4          0          0          0          0   entry8.o
        30          0          0          0          0          0   handlers.o
        36          8          0          0          0         68   init.o
        44          0          0          0          0         72   uidiv.o

    ----------------------------------------------------------------------
       132         16          0          0          0        140   Library Totals
         2          0          0          0          0          0   (incl. Padding)

    ----------------------------------------------------------------------

      Code (inc. data)   RO Data    RW Data    ZI Data      Debug   Library Name

       130         16          0          0          0        140   mc_p.l

    ----------------------------------------------------------------------
       132         16          0          0          0        140   Library Totals

    ----------------------------------------------------------------------

==============================================================================


      Code (inc. data)   RO Data    RW Data    ZI Data      Debug   

      4428        248        224          8       2080      34678   Grand Totals
      4428        248        224          8       2080      34678   ELF Image Totals
      4428        248        224          8          0          0   ROM Totals

==============================================================================

    Total RO  Size (Code + RO Data)                 4652 (   4.54kB)
    Total RW  Size (RW Data + ZI Data)              2088 (   2.04kB)
    Total ROM Size (Code + RO Data + RW Data)       4660 (   4.55kB)

==============================================================================

