<html>
<body>
<pre>
<h1>礦ision Build Log</h1>
<h2>Project:</h2>
E:\RRRRRRRRRRRNcomputerF\外测试（CP&FT）\失效分析\RN8312\RN8312大电流\RN8312_1_20160906\testcase\Soc_DISLowPwr_sys\build\SocLowPwr_sys.uvproj
Project File Date:  09/27/2016

<h2>Output:</h2>
Rebuild target 'Target 1'
compiling common.c...
compiling nvm.c...
compiling Retarget.c...
compiling serial.c...
compiling SocLowPwr_sys.c...
compiling sysctrl.c...
compiling system_RN821x.c...
compiling sysupdate.c...
assembling startup_RA9103.s...
linking...
Program Size: Code=4500 RO-data=224 RW-data=8 ZI-data=2080  
User command #1: fromelf --bin -o ..\Soc_DISLowPwr_sys.bin Soc_DISLowPwr_sys.axf
"Soc_DISLowPwr_sys.axf" - 0 Error(s), 0 Warning(s).
Rebuild target 'Target 1'
compiling common.c...
compiling nvm.c...
compiling Retarget.c...
compiling serial.c...
compiling SocLowPwr_sys.c...
compiling sysctrl.c...
compiling system_RN821x.c...
compiling sysupdate.c...
assembling startup_RA9103.s...
linking...
Program Size: Code=4500 RO-data=224 RW-data=8 ZI-data=2080  
User command #1: fromelf --bin -o ..\Soc_DISLowPwr_sys.bin Soc_DISLowPwr_sys.axf
"Soc_DISLowPwr_sys.axf" - 0 Error(s), 0 Warning(s).
