<!doctype html public "-//w3c//dtd html 4.0 transitional//en">
<html><head>
<title>Static Call Graph - [E:\2017_FT_prog\V111\RN8213_V111_1_20170417_CPV14V15\testcase\EMU_FT\build\EMU_QC.axf]</title></head>
<body><HR>
<H1>Static Call Graph for image E:\2017_FT_prog\V111\RN8213_V111_1_20170417_CPV14V15\testcase\EMU_FT\build\EMU_QC.axf</H1><HR>
<BR><P>#&#060CALLGRAPH&#062# ARM Linker, 5.02 [Build 28]: Last Updated: Mon Apr 17 18:38:37 2017
<BR><P>
<H3>Maximum Stack Usage =         52 bytes + Unknown(Cycles, Untraceable Function Pointers)</H3><H3>
Call chain for Maximum Stack Depth:</H3>
main &rArr; SysModeChg &rArr; __ARM_common_switch8
<P>
<H3>
Mutually Recursive functions
</H3> <LI><a href="#[1]">NMI_Handler</a>&nbsp;&nbsp;&nbsp;&rArr;&nbsp;&nbsp;&nbsp;<a href="#[1]">NMI_Handler</a><BR>
 <LI><a href="#[2]">HardFault_Handler</a>&nbsp;&nbsp;&nbsp;&rArr;&nbsp;&nbsp;&nbsp;<a href="#[2]">HardFault_Handler</a><BR>
 <LI><a href="#[3]">SVC_Handler</a>&nbsp;&nbsp;&nbsp;&rArr;&nbsp;&nbsp;&nbsp;<a href="#[3]">SVC_Handler</a><BR>
 <LI><a href="#[4]">PendSV_Handler</a>&nbsp;&nbsp;&nbsp;&rArr;&nbsp;&nbsp;&nbsp;<a href="#[4]">PendSV_Handler</a><BR>
 <LI><a href="#[5]">SysTick_Handler</a>&nbsp;&nbsp;&nbsp;&rArr;&nbsp;&nbsp;&nbsp;<a href="#[5]">SysTick_Handler</a><BR>
 <LI><a href="#[1d]">EXT0_HANDLER</a>&nbsp;&nbsp;&nbsp;&rArr;&nbsp;&nbsp;&nbsp;<a href="#[1d]">EXT0_HANDLER</a><BR>
 <LI><a href="#[1e]">EXT1_HANDLER</a>&nbsp;&nbsp;&nbsp;&rArr;&nbsp;&nbsp;&nbsp;<a href="#[1e]">EXT1_HANDLER</a><BR>
 <LI><a href="#[1f]">EXT2_HANDLER</a>&nbsp;&nbsp;&nbsp;&rArr;&nbsp;&nbsp;&nbsp;<a href="#[1f]">EXT2_HANDLER</a><BR>
 <LI><a href="#[20]">EXT3_HANDLER</a>&nbsp;&nbsp;&nbsp;&rArr;&nbsp;&nbsp;&nbsp;<a href="#[20]">EXT3_HANDLER</a><BR>
 <LI><a href="#[21]">EXT4_HANDLER</a>&nbsp;&nbsp;&nbsp;&rArr;&nbsp;&nbsp;&nbsp;<a href="#[21]">EXT4_HANDLER</a><BR>
 <LI><a href="#[22]">EXT5_HANDLER</a>&nbsp;&nbsp;&nbsp;&rArr;&nbsp;&nbsp;&nbsp;<a href="#[22]">EXT5_HANDLER</a><BR>
 <LI><a href="#[23]">EXT6_HANDLER</a>&nbsp;&nbsp;&nbsp;&rArr;&nbsp;&nbsp;&nbsp;<a href="#[23]">EXT6_HANDLER</a><BR>
 <LI><a href="#[24]">EXT7_HANDLER</a>&nbsp;&nbsp;&nbsp;&rArr;&nbsp;&nbsp;&nbsp;<a href="#[24]">EXT7_HANDLER</a><BR>
 <LI><a href="#[1c]">NVM_HANDLER</a>&nbsp;&nbsp;&nbsp;&rArr;&nbsp;&nbsp;&nbsp;<a href="#[1c]">NVM_HANDLER</a><BR>
 <LI><a href="#[1b]">DMA_HANDLER</a>&nbsp;&nbsp;&nbsp;&rArr;&nbsp;&nbsp;&nbsp;<a href="#[1b]">DMA_HANDLER</a><BR>
 <LI><a href="#[1a]">CT_HANDLER</a>&nbsp;&nbsp;&nbsp;&rArr;&nbsp;&nbsp;&nbsp;<a href="#[1a]">CT_HANDLER</a><BR>
 <LI><a href="#[8]">RTC_HANDLER</a>&nbsp;&nbsp;&nbsp;&rArr;&nbsp;&nbsp;&nbsp;<a href="#[8]">RTC_HANDLER</a><BR>
 <LI><a href="#[9]">EMU_HANDLER</a>&nbsp;&nbsp;&nbsp;&rArr;&nbsp;&nbsp;&nbsp;<a href="#[9]">EMU_HANDLER</a><BR>
 <LI><a href="#[a]">MADC_HANDLER</a>&nbsp;&nbsp;&nbsp;&rArr;&nbsp;&nbsp;&nbsp;<a href="#[a]">MADC_HANDLER</a><BR>
 <LI><a href="#[b]">UART0_HANDLER</a>&nbsp;&nbsp;&nbsp;&rArr;&nbsp;&nbsp;&nbsp;<a href="#[b]">UART0_HANDLER</a><BR>
 <LI><a href="#[c]">UART1_HANDLER</a>&nbsp;&nbsp;&nbsp;&rArr;&nbsp;&nbsp;&nbsp;<a href="#[c]">UART1_HANDLER</a><BR>
 <LI><a href="#[d]">UART2_HANDLER</a>&nbsp;&nbsp;&nbsp;&rArr;&nbsp;&nbsp;&nbsp;<a href="#[d]">UART2_HANDLER</a><BR>
 <LI><a href="#[e]">UART3_HANDLER</a>&nbsp;&nbsp;&nbsp;&rArr;&nbsp;&nbsp;&nbsp;<a href="#[e]">UART3_HANDLER</a><BR>
 <LI><a href="#[f]">SPI_HANDLER</a>&nbsp;&nbsp;&nbsp;&rArr;&nbsp;&nbsp;&nbsp;<a href="#[f]">SPI_HANDLER</a><BR>
 <LI><a href="#[10]">I2C_HANDLER</a>&nbsp;&nbsp;&nbsp;&rArr;&nbsp;&nbsp;&nbsp;<a href="#[10]">I2C_HANDLER</a><BR>
 <LI><a href="#[12]">ISO78161_HANDLER</a>&nbsp;&nbsp;&nbsp;&rArr;&nbsp;&nbsp;&nbsp;<a href="#[12]">ISO78161_HANDLER</a><BR>
 <LI><a href="#[11]">ISO78160_HANDLER</a>&nbsp;&nbsp;&nbsp;&rArr;&nbsp;&nbsp;&nbsp;<a href="#[11]">ISO78160_HANDLER</a><BR>
 <LI><a href="#[13]">TC0_HANDLER</a>&nbsp;&nbsp;&nbsp;&rArr;&nbsp;&nbsp;&nbsp;<a href="#[13]">TC0_HANDLER</a><BR>
 <LI><a href="#[14]">TC1_HANDLER</a>&nbsp;&nbsp;&nbsp;&rArr;&nbsp;&nbsp;&nbsp;<a href="#[14]">TC1_HANDLER</a><BR>
 <LI><a href="#[15]">TC2_HANDLER</a>&nbsp;&nbsp;&nbsp;&rArr;&nbsp;&nbsp;&nbsp;<a href="#[15]">TC2_HANDLER</a><BR>
 <LI><a href="#[16]">TC3_HANDLER</a>&nbsp;&nbsp;&nbsp;&rArr;&nbsp;&nbsp;&nbsp;<a href="#[16]">TC3_HANDLER</a><BR>
 <LI><a href="#[18]">KBI_HANDLER</a>&nbsp;&nbsp;&nbsp;&rArr;&nbsp;&nbsp;&nbsp;<a href="#[18]">KBI_HANDLER</a><BR>
 <LI><a href="#[19]">LCD_HANDLER</a>&nbsp;&nbsp;&nbsp;&rArr;&nbsp;&nbsp;&nbsp;<a href="#[19]">LCD_HANDLER</a><BR>
 <LI><a href="#[7]">VCH_HANDLER</a>&nbsp;&nbsp;&nbsp;&rArr;&nbsp;&nbsp;&nbsp;<a href="#[7]">VCH_HANDLER</a><BR>
 <LI><a href="#[6]">CMP_HANDLER</a>&nbsp;&nbsp;&nbsp;&rArr;&nbsp;&nbsp;&nbsp;<a href="#[6]">CMP_HANDLER</a><BR>
</UL>
<P>
<H3>
Function Pointers
</H3><UL>
 <LI><a href="#[6]">CMP_HANDLER</a> from startup_ra9103.o(.text) referenced from startup_ra9103.o(RESET)
 <LI><a href="#[1a]">CT_HANDLER</a> from startup_ra9103.o(.text) referenced from startup_ra9103.o(RESET)
 <LI><a href="#[1b]">DMA_HANDLER</a> from startup_ra9103.o(.text) referenced from startup_ra9103.o(RESET)
 <LI><a href="#[9]">EMU_HANDLER</a> from startup_ra9103.o(.text) referenced from startup_ra9103.o(RESET)
 <LI><a href="#[1d]">EXT0_HANDLER</a> from startup_ra9103.o(.text) referenced from startup_ra9103.o(RESET)
 <LI><a href="#[1e]">EXT1_HANDLER</a> from startup_ra9103.o(.text) referenced from startup_ra9103.o(RESET)
 <LI><a href="#[1f]">EXT2_HANDLER</a> from startup_ra9103.o(.text) referenced from startup_ra9103.o(RESET)
 <LI><a href="#[20]">EXT3_HANDLER</a> from startup_ra9103.o(.text) referenced from startup_ra9103.o(RESET)
 <LI><a href="#[21]">EXT4_HANDLER</a> from startup_ra9103.o(.text) referenced from startup_ra9103.o(RESET)
 <LI><a href="#[22]">EXT5_HANDLER</a> from startup_ra9103.o(.text) referenced from startup_ra9103.o(RESET)
 <LI><a href="#[23]">EXT6_HANDLER</a> from startup_ra9103.o(.text) referenced from startup_ra9103.o(RESET)
 <LI><a href="#[24]">EXT7_HANDLER</a> from startup_ra9103.o(.text) referenced from startup_ra9103.o(RESET)
 <LI><a href="#[2]">HardFault_Handler</a> from startup_ra9103.o(.text) referenced from startup_ra9103.o(RESET)
 <LI><a href="#[10]">I2C_HANDLER</a> from startup_ra9103.o(.text) referenced from startup_ra9103.o(RESET)
 <LI><a href="#[11]">ISO78160_HANDLER</a> from startup_ra9103.o(.text) referenced from startup_ra9103.o(RESET)
 <LI><a href="#[12]">ISO78161_HANDLER</a> from startup_ra9103.o(.text) referenced from startup_ra9103.o(RESET)
 <LI><a href="#[18]">KBI_HANDLER</a> from startup_ra9103.o(.text) referenced from startup_ra9103.o(RESET)
 <LI><a href="#[19]">LCD_HANDLER</a> from startup_ra9103.o(.text) referenced from startup_ra9103.o(RESET)
 <LI><a href="#[a]">MADC_HANDLER</a> from startup_ra9103.o(.text) referenced from startup_ra9103.o(RESET)
 <LI><a href="#[1]">NMI_Handler</a> from startup_ra9103.o(.text) referenced from startup_ra9103.o(RESET)
 <LI><a href="#[1c]">NVM_HANDLER</a> from startup_ra9103.o(.text) referenced from startup_ra9103.o(RESET)
 <LI><a href="#[4]">PendSV_Handler</a> from startup_ra9103.o(.text) referenced from startup_ra9103.o(RESET)
 <LI><a href="#[8]">RTC_HANDLER</a> from startup_ra9103.o(.text) referenced from startup_ra9103.o(RESET)
 <LI><a href="#[0]">Reset_Handler</a> from startup_ra9103.o(.text) referenced from startup_ra9103.o(RESET)
 <LI><a href="#[f]">SPI_HANDLER</a> from startup_ra9103.o(.text) referenced from startup_ra9103.o(RESET)
 <LI><a href="#[3]">SVC_Handler</a> from startup_ra9103.o(.text) referenced from startup_ra9103.o(RESET)
 <LI><a href="#[5]">SysTick_Handler</a> from startup_ra9103.o(.text) referenced from startup_ra9103.o(RESET)
 <LI><a href="#[13]">TC0_HANDLER</a> from startup_ra9103.o(.text) referenced from startup_ra9103.o(RESET)
 <LI><a href="#[14]">TC1_HANDLER</a> from startup_ra9103.o(.text) referenced from startup_ra9103.o(RESET)
 <LI><a href="#[15]">TC2_HANDLER</a> from startup_ra9103.o(.text) referenced from startup_ra9103.o(RESET)
 <LI><a href="#[16]">TC3_HANDLER</a> from startup_ra9103.o(.text) referenced from startup_ra9103.o(RESET)
 <LI><a href="#[b]">UART0_HANDLER</a> from startup_ra9103.o(.text) referenced from startup_ra9103.o(RESET)
 <LI><a href="#[c]">UART1_HANDLER</a> from startup_ra9103.o(.text) referenced from startup_ra9103.o(RESET)
 <LI><a href="#[d]">UART2_HANDLER</a> from startup_ra9103.o(.text) referenced from startup_ra9103.o(RESET)
 <LI><a href="#[e]">UART3_HANDLER</a> from startup_ra9103.o(.text) referenced from startup_ra9103.o(RESET)
 <LI><a href="#[7]">VCH_HANDLER</a> from startup_ra9103.o(.text) referenced from startup_ra9103.o(RESET)
 <LI><a href="#[17]">WDT_HANDLER</a> from emu_qc.o(.text) referenced from startup_ra9103.o(RESET)
 <LI><a href="#[26]">__main</a> from entry.o(.ARM.Collect$$$$00000000) referenced from startup_ra9103.o(.text)
 <LI><a href="#[25]">main</a> from emu_qc.o(.text) referenced from entry8.o(.ARM.Collect$$$$00000009)
</UL>
<P>
<H3>
Global Symbols
</H3>
<P><STRONG><a name="[26]"></a>__main</STRONG> (Thumb, 0 bytes, Stack size unknown bytes, entry.o(.ARM.Collect$$$$00000000))
<BR>[Address Reference Count : 1]<UL><LI> startup_ra9103.o(.text)
</UL>
<P><STRONG><a name="[42]"></a>_main_stk</STRONG> (Thumb, 0 bytes, Stack size unknown bytes, entry2.o(.ARM.Collect$$$$00000001))

<P><STRONG><a name="[27]"></a>_main_scatterload</STRONG> (Thumb, 0 bytes, Stack size unknown bytes, entry5.o(.ARM.Collect$$$$00000004))
<BR><BR>[Calls]<UL><LI><a href="#[28]">&gt;&gt;</a>&nbsp;&nbsp;&nbsp;__scatterload
</UL>

<P><STRONG><a name="[41]"></a>__main_after_scatterload</STRONG> (Thumb, 0 bytes, Stack size unknown bytes, entry5.o(.ARM.Collect$$$$00000004))
<BR><BR>[Called By]<UL><LI><a href="#[28]">&gt;&gt;</a>&nbsp;&nbsp;&nbsp;__scatterload
</UL>

<P><STRONG><a name="[43]"></a>_main_clock</STRONG> (Thumb, 0 bytes, Stack size unknown bytes, entry7b.o(.ARM.Collect$$$$00000008))

<P><STRONG><a name="[44]"></a>_main_init</STRONG> (Thumb, 0 bytes, Stack size unknown bytes, entry8.o(.ARM.Collect$$$$00000009))

<P><STRONG><a name="[2c]"></a>getSysclk</STRONG> (Thumb, 80 bytes, Stack size 0 bytes, common.o(.text), UNUSED)
<BR><BR>[Called By]<UL><LI><a href="#[2b]">&gt;&gt;</a>&nbsp;&nbsp;&nbsp;setBaud
</UL>

<P><STRONG><a name="[29]"></a>sysclkLoop</STRONG> (Thumb, 36 bytes, Stack size 8 bytes, common.o(.text), UNUSED)
<BR><BR>[Calls]<UL><LI><a href="#[2a]">&gt;&gt;</a>&nbsp;&nbsp;&nbsp;SysModeChg
</UL>

<P><STRONG><a name="[2b]"></a>setBaud</STRONG> (Thumb, 84 bytes, Stack size 24 bytes, common.o(.text), UNUSED)
<BR><BR>[Calls]<UL><LI><a href="#[2d]">&gt;&gt;</a>&nbsp;&nbsp;&nbsp;__aeabi_uidivmod
<LI><a href="#[2c]">&gt;&gt;</a>&nbsp;&nbsp;&nbsp;getSysclk
</UL>
<BR>[Called By]<UL><LI><a href="#[2e]">&gt;&gt;</a>&nbsp;&nbsp;&nbsp;uartInit
</UL>

<P><STRONG><a name="[2e]"></a>uartInit</STRONG> (Thumb, 228 bytes, Stack size 40 bytes, common.o(.text), UNUSED)
<BR><BR>[Calls]<UL><LI><a href="#[2b]">&gt;&gt;</a>&nbsp;&nbsp;&nbsp;setBaud
</UL>

<P><STRONG><a name="[45]"></a>sendStr</STRONG> (Thumb, 94 bytes, Stack size 12 bytes, common.o(.text), UNUSED)

<P><STRONG><a name="[46]"></a>sendChar</STRONG> (Thumb, 76 bytes, Stack size 8 bytes, common.o(.text), UNUSED)

<P><STRONG><a name="[30]"></a>WdtFeed</STRONG> (Thumb, 8 bytes, Stack size 0 bytes, common.o(.text))
<BR><BR>[Called By]<UL><LI><a href="#[3a]">&gt;&gt;</a>&nbsp;&nbsp;&nbsp;Pass
<LI><a href="#[31]">&gt;&gt;</a>&nbsp;&nbsp;&nbsp;exitFail
<LI><a href="#[2f]">&gt;&gt;</a>&nbsp;&nbsp;&nbsp;exitPass
</UL>

<P><STRONG><a name="[2f]"></a>exitPass</STRONG> (Thumb, 68 bytes, Stack size 0 bytes, common.o(.text), UNUSED)
<BR><BR>[Calls]<UL><LI><a href="#[30]">&gt;&gt;</a>&nbsp;&nbsp;&nbsp;WdtFeed
</UL>

<P><STRONG><a name="[31]"></a>exitFail</STRONG> (Thumb, 112 bytes, Stack size 0 bytes, common.o(.text), UNUSED)
<BR><BR>[Calls]<UL><LI><a href="#[30]">&gt;&gt;</a>&nbsp;&nbsp;&nbsp;WdtFeed
</UL>

<P><STRONG><a name="[32]"></a>uDelay</STRONG> (Thumb, 88 bytes, Stack size 8 bytes, common.o(.text))
<BR><BR>[Stack]<UL><LI>Max Depth = 20<LI>Call Chain = uDelay &rArr; __aeabi_uidivmod
</UL>
<BR>[Calls]<UL><LI><a href="#[2d]">&gt;&gt;</a>&nbsp;&nbsp;&nbsp;__aeabi_uidivmod
<LI><a href="#[33]">&gt;&gt;</a>&nbsp;&nbsp;&nbsp;SystemCoreClockUpdate
</UL>
<BR>[Called By]<UL><LI><a href="#[25]">&gt;&gt;</a>&nbsp;&nbsp;&nbsp;main
</UL>

<P><STRONG><a name="[47]"></a>WdtInit</STRONG> (Thumb, 80 bytes, Stack size 0 bytes, common.o(.text), UNUSED)

<P><STRONG><a name="[0]"></a>Reset_Handler</STRONG> (Thumb, 4 bytes, Stack size 0 bytes, startup_ra9103.o(.text))
<BR>[Address Reference Count : 1]<UL><LI> startup_ra9103.o(RESET)
</UL>
<P><STRONG><a name="[1]"></a>NMI_Handler</STRONG> (Thumb, 2 bytes, Stack size 0 bytes, startup_ra9103.o(.text))
<BR><BR>[Calls]<UL><LI><a href="#[1]">&gt;&gt;</a>&nbsp;&nbsp;&nbsp;NMI_Handler
</UL>
<BR>[Called By]<UL><LI><a href="#[1]">&gt;&gt;</a>&nbsp;&nbsp;&nbsp;NMI_Handler
</UL>
<BR>[Address Reference Count : 1]<UL><LI> startup_ra9103.o(RESET)
</UL>
<P><STRONG><a name="[2]"></a>HardFault_Handler</STRONG> (Thumb, 2 bytes, Stack size 0 bytes, startup_ra9103.o(.text))
<BR><BR>[Calls]<UL><LI><a href="#[2]">&gt;&gt;</a>&nbsp;&nbsp;&nbsp;HardFault_Handler
</UL>
<BR>[Called By]<UL><LI><a href="#[2]">&gt;&gt;</a>&nbsp;&nbsp;&nbsp;HardFault_Handler
</UL>
<BR>[Address Reference Count : 1]<UL><LI> startup_ra9103.o(RESET)
</UL>
<P><STRONG><a name="[3]"></a>SVC_Handler</STRONG> (Thumb, 2 bytes, Stack size 0 bytes, startup_ra9103.o(.text))
<BR><BR>[Calls]<UL><LI><a href="#[3]">&gt;&gt;</a>&nbsp;&nbsp;&nbsp;SVC_Handler
</UL>
<BR>[Called By]<UL><LI><a href="#[3]">&gt;&gt;</a>&nbsp;&nbsp;&nbsp;SVC_Handler
</UL>
<BR>[Address Reference Count : 1]<UL><LI> startup_ra9103.o(RESET)
</UL>
<P><STRONG><a name="[4]"></a>PendSV_Handler</STRONG> (Thumb, 2 bytes, Stack size 0 bytes, startup_ra9103.o(.text))
<BR><BR>[Calls]<UL><LI><a href="#[4]">&gt;&gt;</a>&nbsp;&nbsp;&nbsp;PendSV_Handler
</UL>
<BR>[Called By]<UL><LI><a href="#[4]">&gt;&gt;</a>&nbsp;&nbsp;&nbsp;PendSV_Handler
</UL>
<BR>[Address Reference Count : 1]<UL><LI> startup_ra9103.o(RESET)
</UL>
<P><STRONG><a name="[5]"></a>SysTick_Handler</STRONG> (Thumb, 2 bytes, Stack size 0 bytes, startup_ra9103.o(.text))
<BR><BR>[Calls]<UL><LI><a href="#[5]">&gt;&gt;</a>&nbsp;&nbsp;&nbsp;SysTick_Handler
</UL>
<BR>[Called By]<UL><LI><a href="#[5]">&gt;&gt;</a>&nbsp;&nbsp;&nbsp;SysTick_Handler
</UL>
<BR>[Address Reference Count : 1]<UL><LI> startup_ra9103.o(RESET)
</UL>
<P><STRONG><a name="[1d]"></a>EXT0_HANDLER</STRONG> (Thumb, 2 bytes, Stack size 0 bytes, startup_ra9103.o(.text))
<BR><BR>[Calls]<UL><LI><a href="#[1d]">&gt;&gt;</a>&nbsp;&nbsp;&nbsp;EXT0_HANDLER
</UL>
<BR>[Called By]<UL><LI><a href="#[1d]">&gt;&gt;</a>&nbsp;&nbsp;&nbsp;EXT0_HANDLER
</UL>
<BR>[Address Reference Count : 1]<UL><LI> startup_ra9103.o(RESET)
</UL>
<P><STRONG><a name="[1e]"></a>EXT1_HANDLER</STRONG> (Thumb, 2 bytes, Stack size 0 bytes, startup_ra9103.o(.text))
<BR><BR>[Calls]<UL><LI><a href="#[1e]">&gt;&gt;</a>&nbsp;&nbsp;&nbsp;EXT1_HANDLER
</UL>
<BR>[Called By]<UL><LI><a href="#[1e]">&gt;&gt;</a>&nbsp;&nbsp;&nbsp;EXT1_HANDLER
</UL>
<BR>[Address Reference Count : 1]<UL><LI> startup_ra9103.o(RESET)
</UL>
<P><STRONG><a name="[1f]"></a>EXT2_HANDLER</STRONG> (Thumb, 2 bytes, Stack size 0 bytes, startup_ra9103.o(.text))
<BR><BR>[Calls]<UL><LI><a href="#[1f]">&gt;&gt;</a>&nbsp;&nbsp;&nbsp;EXT2_HANDLER
</UL>
<BR>[Called By]<UL><LI><a href="#[1f]">&gt;&gt;</a>&nbsp;&nbsp;&nbsp;EXT2_HANDLER
</UL>
<BR>[Address Reference Count : 1]<UL><LI> startup_ra9103.o(RESET)
</UL>
<P><STRONG><a name="[20]"></a>EXT3_HANDLER</STRONG> (Thumb, 2 bytes, Stack size 0 bytes, startup_ra9103.o(.text))
<BR><BR>[Calls]<UL><LI><a href="#[20]">&gt;&gt;</a>&nbsp;&nbsp;&nbsp;EXT3_HANDLER
</UL>
<BR>[Called By]<UL><LI><a href="#[20]">&gt;&gt;</a>&nbsp;&nbsp;&nbsp;EXT3_HANDLER
</UL>
<BR>[Address Reference Count : 1]<UL><LI> startup_ra9103.o(RESET)
</UL>
<P><STRONG><a name="[21]"></a>EXT4_HANDLER</STRONG> (Thumb, 2 bytes, Stack size 0 bytes, startup_ra9103.o(.text))
<BR><BR>[Calls]<UL><LI><a href="#[21]">&gt;&gt;</a>&nbsp;&nbsp;&nbsp;EXT4_HANDLER
</UL>
<BR>[Called By]<UL><LI><a href="#[21]">&gt;&gt;</a>&nbsp;&nbsp;&nbsp;EXT4_HANDLER
</UL>
<BR>[Address Reference Count : 1]<UL><LI> startup_ra9103.o(RESET)
</UL>
<P><STRONG><a name="[22]"></a>EXT5_HANDLER</STRONG> (Thumb, 2 bytes, Stack size 0 bytes, startup_ra9103.o(.text))
<BR><BR>[Calls]<UL><LI><a href="#[22]">&gt;&gt;</a>&nbsp;&nbsp;&nbsp;EXT5_HANDLER
</UL>
<BR>[Called By]<UL><LI><a href="#[22]">&gt;&gt;</a>&nbsp;&nbsp;&nbsp;EXT5_HANDLER
</UL>
<BR>[Address Reference Count : 1]<UL><LI> startup_ra9103.o(RESET)
</UL>
<P><STRONG><a name="[23]"></a>EXT6_HANDLER</STRONG> (Thumb, 2 bytes, Stack size 0 bytes, startup_ra9103.o(.text))
<BR><BR>[Calls]<UL><LI><a href="#[23]">&gt;&gt;</a>&nbsp;&nbsp;&nbsp;EXT6_HANDLER
</UL>
<BR>[Called By]<UL><LI><a href="#[23]">&gt;&gt;</a>&nbsp;&nbsp;&nbsp;EXT6_HANDLER
</UL>
<BR>[Address Reference Count : 1]<UL><LI> startup_ra9103.o(RESET)
</UL>
<P><STRONG><a name="[24]"></a>EXT7_HANDLER</STRONG> (Thumb, 2 bytes, Stack size 0 bytes, startup_ra9103.o(.text))
<BR><BR>[Calls]<UL><LI><a href="#[24]">&gt;&gt;</a>&nbsp;&nbsp;&nbsp;EXT7_HANDLER
</UL>
<BR>[Called By]<UL><LI><a href="#[24]">&gt;&gt;</a>&nbsp;&nbsp;&nbsp;EXT7_HANDLER
</UL>
<BR>[Address Reference Count : 1]<UL><LI> startup_ra9103.o(RESET)
</UL>
<P><STRONG><a name="[1c]"></a>NVM_HANDLER</STRONG> (Thumb, 2 bytes, Stack size 0 bytes, startup_ra9103.o(.text))
<BR><BR>[Calls]<UL><LI><a href="#[1c]">&gt;&gt;</a>&nbsp;&nbsp;&nbsp;NVM_HANDLER
</UL>
<BR>[Called By]<UL><LI><a href="#[1c]">&gt;&gt;</a>&nbsp;&nbsp;&nbsp;NVM_HANDLER
</UL>
<BR>[Address Reference Count : 1]<UL><LI> startup_ra9103.o(RESET)
</UL>
<P><STRONG><a name="[1b]"></a>DMA_HANDLER</STRONG> (Thumb, 2 bytes, Stack size 0 bytes, startup_ra9103.o(.text))
<BR><BR>[Calls]<UL><LI><a href="#[1b]">&gt;&gt;</a>&nbsp;&nbsp;&nbsp;DMA_HANDLER
</UL>
<BR>[Called By]<UL><LI><a href="#[1b]">&gt;&gt;</a>&nbsp;&nbsp;&nbsp;DMA_HANDLER
</UL>
<BR>[Address Reference Count : 1]<UL><LI> startup_ra9103.o(RESET)
</UL>
<P><STRONG><a name="[1a]"></a>CT_HANDLER</STRONG> (Thumb, 2 bytes, Stack size 0 bytes, startup_ra9103.o(.text))
<BR><BR>[Calls]<UL><LI><a href="#[1a]">&gt;&gt;</a>&nbsp;&nbsp;&nbsp;CT_HANDLER
</UL>
<BR>[Called By]<UL><LI><a href="#[1a]">&gt;&gt;</a>&nbsp;&nbsp;&nbsp;CT_HANDLER
</UL>
<BR>[Address Reference Count : 1]<UL><LI> startup_ra9103.o(RESET)
</UL>
<P><STRONG><a name="[8]"></a>RTC_HANDLER</STRONG> (Thumb, 2 bytes, Stack size 0 bytes, startup_ra9103.o(.text))
<BR><BR>[Calls]<UL><LI><a href="#[8]">&gt;&gt;</a>&nbsp;&nbsp;&nbsp;RTC_HANDLER
</UL>
<BR>[Called By]<UL><LI><a href="#[8]">&gt;&gt;</a>&nbsp;&nbsp;&nbsp;RTC_HANDLER
</UL>
<BR>[Address Reference Count : 1]<UL><LI> startup_ra9103.o(RESET)
</UL>
<P><STRONG><a name="[9]"></a>EMU_HANDLER</STRONG> (Thumb, 2 bytes, Stack size 0 bytes, startup_ra9103.o(.text))
<BR><BR>[Calls]<UL><LI><a href="#[9]">&gt;&gt;</a>&nbsp;&nbsp;&nbsp;EMU_HANDLER
</UL>
<BR>[Called By]<UL><LI><a href="#[9]">&gt;&gt;</a>&nbsp;&nbsp;&nbsp;EMU_HANDLER
</UL>
<BR>[Address Reference Count : 1]<UL><LI> startup_ra9103.o(RESET)
</UL>
<P><STRONG><a name="[a]"></a>MADC_HANDLER</STRONG> (Thumb, 2 bytes, Stack size 0 bytes, startup_ra9103.o(.text))
<BR><BR>[Calls]<UL><LI><a href="#[a]">&gt;&gt;</a>&nbsp;&nbsp;&nbsp;MADC_HANDLER
</UL>
<BR>[Called By]<UL><LI><a href="#[a]">&gt;&gt;</a>&nbsp;&nbsp;&nbsp;MADC_HANDLER
</UL>
<BR>[Address Reference Count : 1]<UL><LI> startup_ra9103.o(RESET)
</UL>
<P><STRONG><a name="[b]"></a>UART0_HANDLER</STRONG> (Thumb, 2 bytes, Stack size 0 bytes, startup_ra9103.o(.text))
<BR><BR>[Calls]<UL><LI><a href="#[b]">&gt;&gt;</a>&nbsp;&nbsp;&nbsp;UART0_HANDLER
</UL>
<BR>[Called By]<UL><LI><a href="#[b]">&gt;&gt;</a>&nbsp;&nbsp;&nbsp;UART0_HANDLER
</UL>
<BR>[Address Reference Count : 1]<UL><LI> startup_ra9103.o(RESET)
</UL>
<P><STRONG><a name="[c]"></a>UART1_HANDLER</STRONG> (Thumb, 2 bytes, Stack size 0 bytes, startup_ra9103.o(.text))
<BR><BR>[Calls]<UL><LI><a href="#[c]">&gt;&gt;</a>&nbsp;&nbsp;&nbsp;UART1_HANDLER
</UL>
<BR>[Called By]<UL><LI><a href="#[c]">&gt;&gt;</a>&nbsp;&nbsp;&nbsp;UART1_HANDLER
</UL>
<BR>[Address Reference Count : 1]<UL><LI> startup_ra9103.o(RESET)
</UL>
<P><STRONG><a name="[d]"></a>UART2_HANDLER</STRONG> (Thumb, 2 bytes, Stack size 0 bytes, startup_ra9103.o(.text))
<BR><BR>[Calls]<UL><LI><a href="#[d]">&gt;&gt;</a>&nbsp;&nbsp;&nbsp;UART2_HANDLER
</UL>
<BR>[Called By]<UL><LI><a href="#[d]">&gt;&gt;</a>&nbsp;&nbsp;&nbsp;UART2_HANDLER
</UL>
<BR>[Address Reference Count : 1]<UL><LI> startup_ra9103.o(RESET)
</UL>
<P><STRONG><a name="[e]"></a>UART3_HANDLER</STRONG> (Thumb, 2 bytes, Stack size 0 bytes, startup_ra9103.o(.text))
<BR><BR>[Calls]<UL><LI><a href="#[e]">&gt;&gt;</a>&nbsp;&nbsp;&nbsp;UART3_HANDLER
</UL>
<BR>[Called By]<UL><LI><a href="#[e]">&gt;&gt;</a>&nbsp;&nbsp;&nbsp;UART3_HANDLER
</UL>
<BR>[Address Reference Count : 1]<UL><LI> startup_ra9103.o(RESET)
</UL>
<P><STRONG><a name="[f]"></a>SPI_HANDLER</STRONG> (Thumb, 2 bytes, Stack size 0 bytes, startup_ra9103.o(.text))
<BR><BR>[Calls]<UL><LI><a href="#[f]">&gt;&gt;</a>&nbsp;&nbsp;&nbsp;SPI_HANDLER
</UL>
<BR>[Called By]<UL><LI><a href="#[f]">&gt;&gt;</a>&nbsp;&nbsp;&nbsp;SPI_HANDLER
</UL>
<BR>[Address Reference Count : 1]<UL><LI> startup_ra9103.o(RESET)
</UL>
<P><STRONG><a name="[10]"></a>I2C_HANDLER</STRONG> (Thumb, 2 bytes, Stack size 0 bytes, startup_ra9103.o(.text))
<BR><BR>[Calls]<UL><LI><a href="#[10]">&gt;&gt;</a>&nbsp;&nbsp;&nbsp;I2C_HANDLER
</UL>
<BR>[Called By]<UL><LI><a href="#[10]">&gt;&gt;</a>&nbsp;&nbsp;&nbsp;I2C_HANDLER
</UL>
<BR>[Address Reference Count : 1]<UL><LI> startup_ra9103.o(RESET)
</UL>
<P><STRONG><a name="[12]"></a>ISO78161_HANDLER</STRONG> (Thumb, 2 bytes, Stack size 0 bytes, startup_ra9103.o(.text))
<BR><BR>[Calls]<UL><LI><a href="#[12]">&gt;&gt;</a>&nbsp;&nbsp;&nbsp;ISO78161_HANDLER
</UL>
<BR>[Called By]<UL><LI><a href="#[12]">&gt;&gt;</a>&nbsp;&nbsp;&nbsp;ISO78161_HANDLER
</UL>
<BR>[Address Reference Count : 1]<UL><LI> startup_ra9103.o(RESET)
</UL>
<P><STRONG><a name="[11]"></a>ISO78160_HANDLER</STRONG> (Thumb, 2 bytes, Stack size 0 bytes, startup_ra9103.o(.text))
<BR><BR>[Calls]<UL><LI><a href="#[11]">&gt;&gt;</a>&nbsp;&nbsp;&nbsp;ISO78160_HANDLER
</UL>
<BR>[Called By]<UL><LI><a href="#[11]">&gt;&gt;</a>&nbsp;&nbsp;&nbsp;ISO78160_HANDLER
</UL>
<BR>[Address Reference Count : 1]<UL><LI> startup_ra9103.o(RESET)
</UL>
<P><STRONG><a name="[13]"></a>TC0_HANDLER</STRONG> (Thumb, 2 bytes, Stack size 0 bytes, startup_ra9103.o(.text))
<BR><BR>[Calls]<UL><LI><a href="#[13]">&gt;&gt;</a>&nbsp;&nbsp;&nbsp;TC0_HANDLER
</UL>
<BR>[Called By]<UL><LI><a href="#[13]">&gt;&gt;</a>&nbsp;&nbsp;&nbsp;TC0_HANDLER
</UL>
<BR>[Address Reference Count : 1]<UL><LI> startup_ra9103.o(RESET)
</UL>
<P><STRONG><a name="[14]"></a>TC1_HANDLER</STRONG> (Thumb, 2 bytes, Stack size 0 bytes, startup_ra9103.o(.text))
<BR><BR>[Calls]<UL><LI><a href="#[14]">&gt;&gt;</a>&nbsp;&nbsp;&nbsp;TC1_HANDLER
</UL>
<BR>[Called By]<UL><LI><a href="#[14]">&gt;&gt;</a>&nbsp;&nbsp;&nbsp;TC1_HANDLER
</UL>
<BR>[Address Reference Count : 1]<UL><LI> startup_ra9103.o(RESET)
</UL>
<P><STRONG><a name="[15]"></a>TC2_HANDLER</STRONG> (Thumb, 2 bytes, Stack size 0 bytes, startup_ra9103.o(.text))
<BR><BR>[Calls]<UL><LI><a href="#[15]">&gt;&gt;</a>&nbsp;&nbsp;&nbsp;TC2_HANDLER
</UL>
<BR>[Called By]<UL><LI><a href="#[15]">&gt;&gt;</a>&nbsp;&nbsp;&nbsp;TC2_HANDLER
</UL>
<BR>[Address Reference Count : 1]<UL><LI> startup_ra9103.o(RESET)
</UL>
<P><STRONG><a name="[16]"></a>TC3_HANDLER</STRONG> (Thumb, 2 bytes, Stack size 0 bytes, startup_ra9103.o(.text))
<BR><BR>[Calls]<UL><LI><a href="#[16]">&gt;&gt;</a>&nbsp;&nbsp;&nbsp;TC3_HANDLER
</UL>
<BR>[Called By]<UL><LI><a href="#[16]">&gt;&gt;</a>&nbsp;&nbsp;&nbsp;TC3_HANDLER
</UL>
<BR>[Address Reference Count : 1]<UL><LI> startup_ra9103.o(RESET)
</UL>
<P><STRONG><a name="[18]"></a>KBI_HANDLER</STRONG> (Thumb, 2 bytes, Stack size 0 bytes, startup_ra9103.o(.text))
<BR><BR>[Calls]<UL><LI><a href="#[18]">&gt;&gt;</a>&nbsp;&nbsp;&nbsp;KBI_HANDLER
</UL>
<BR>[Called By]<UL><LI><a href="#[18]">&gt;&gt;</a>&nbsp;&nbsp;&nbsp;KBI_HANDLER
</UL>
<BR>[Address Reference Count : 1]<UL><LI> startup_ra9103.o(RESET)
</UL>
<P><STRONG><a name="[19]"></a>LCD_HANDLER</STRONG> (Thumb, 2 bytes, Stack size 0 bytes, startup_ra9103.o(.text))
<BR><BR>[Calls]<UL><LI><a href="#[19]">&gt;&gt;</a>&nbsp;&nbsp;&nbsp;LCD_HANDLER
</UL>
<BR>[Called By]<UL><LI><a href="#[19]">&gt;&gt;</a>&nbsp;&nbsp;&nbsp;LCD_HANDLER
</UL>
<BR>[Address Reference Count : 1]<UL><LI> startup_ra9103.o(RESET)
</UL>
<P><STRONG><a name="[7]"></a>VCH_HANDLER</STRONG> (Thumb, 2 bytes, Stack size 0 bytes, startup_ra9103.o(.text))
<BR><BR>[Calls]<UL><LI><a href="#[7]">&gt;&gt;</a>&nbsp;&nbsp;&nbsp;VCH_HANDLER
</UL>
<BR>[Called By]<UL><LI><a href="#[7]">&gt;&gt;</a>&nbsp;&nbsp;&nbsp;VCH_HANDLER
</UL>
<BR>[Address Reference Count : 1]<UL><LI> startup_ra9103.o(RESET)
</UL>
<P><STRONG><a name="[6]"></a>CMP_HANDLER</STRONG> (Thumb, 2 bytes, Stack size 0 bytes, startup_ra9103.o(.text))
<BR><BR>[Calls]<UL><LI><a href="#[6]">&gt;&gt;</a>&nbsp;&nbsp;&nbsp;CMP_HANDLER
</UL>
<BR>[Called By]<UL><LI><a href="#[6]">&gt;&gt;</a>&nbsp;&nbsp;&nbsp;CMP_HANDLER
</UL>
<BR>[Address Reference Count : 1]<UL><LI> startup_ra9103.o(RESET)
</UL>
<P><STRONG><a name="[35]"></a>sysmodeWrite</STRONG> (Thumb, 230 bytes, Stack size 0 bytes, sysctrl.o(.text))
<BR><BR>[Called By]<UL><LI><a href="#[2a]">&gt;&gt;</a>&nbsp;&nbsp;&nbsp;SysModeChg
</UL>

<P><STRONG><a name="[36]"></a>setMipTW</STRONG> (Thumb, 100 bytes, Stack size 8 bytes, sysctrl.o(.text))
<BR><BR>[Stack]<UL><LI>Max Depth = 8<LI>Call Chain = setMipTW
</UL>
<BR>[Called By]<UL><LI><a href="#[2a]">&gt;&gt;</a>&nbsp;&nbsp;&nbsp;SysModeChg
</UL>

<P><STRONG><a name="[2a]"></a>SysModeChg</STRONG> (Thumb, 482 bytes, Stack size 44 bytes, sysctrl.o(.text))
<BR><BR>[Stack]<UL><LI>Max Depth = 52<LI>Call Chain = SysModeChg &rArr; __ARM_common_switch8
</UL>
<BR>[Calls]<UL><LI><a href="#[34]">&gt;&gt;</a>&nbsp;&nbsp;&nbsp;__ARM_common_switch8
<LI><a href="#[36]">&gt;&gt;</a>&nbsp;&nbsp;&nbsp;setMipTW
<LI><a href="#[35]">&gt;&gt;</a>&nbsp;&nbsp;&nbsp;sysmodeWrite
</UL>
<BR>[Called By]<UL><LI><a href="#[25]">&gt;&gt;</a>&nbsp;&nbsp;&nbsp;main
<LI><a href="#[29]">&gt;&gt;</a>&nbsp;&nbsp;&nbsp;sysclkLoop
</UL>

<P><STRONG><a name="[39]"></a>eeChkSum</STRONG> (Thumb, 58 bytes, Stack size 8 bytes, sysctrl.o(.text), UNUSED)
<BR><BR>[Called By]<UL><LI><a href="#[37]">&gt;&gt;</a>&nbsp;&nbsp;&nbsp;sysUpdate
</UL>

<P><STRONG><a name="[38]"></a>_getMipAddr</STRONG> (Thumb, 98 bytes, Stack size 0 bytes, sysctrl.o(.text), UNUSED)
<BR><BR>[Called By]<UL><LI><a href="#[37]">&gt;&gt;</a>&nbsp;&nbsp;&nbsp;sysUpdate
</UL>

<P><STRONG><a name="[37]"></a>sysUpdate</STRONG> (Thumb, 944 bytes, Stack size 20 bytes, sysctrl.o(.text), UNUSED)
<BR><BR>[Calls]<UL><LI><a href="#[38]">&gt;&gt;</a>&nbsp;&nbsp;&nbsp;_getMipAddr
<LI><a href="#[39]">&gt;&gt;</a>&nbsp;&nbsp;&nbsp;eeChkSum
</UL>

<P><STRONG><a name="[33]"></a>SystemCoreClockUpdate</STRONG> (Thumb, 86 bytes, Stack size 0 bytes, system_rn821x.o(.text))
<BR><BR>[Called By]<UL><LI><a href="#[32]">&gt;&gt;</a>&nbsp;&nbsp;&nbsp;uDelay
</UL>

<P><STRONG><a name="[48]"></a>SystemInit</STRONG> (Thumb, 2 bytes, Stack size 0 bytes, system_rn821x.o(.text), UNUSED)

<P><STRONG><a name="[3e]"></a>Fail</STRONG> (Thumb, 12 bytes, Stack size 0 bytes, emu_qc.o(.text))
<BR><BR>[Called By]<UL><LI><a href="#[3f]">&gt;&gt;</a>&nbsp;&nbsp;&nbsp;reg_wr2
<LI><a href="#[3d]">&gt;&gt;</a>&nbsp;&nbsp;&nbsp;reg_wr1
</UL>

<P><STRONG><a name="[3a]"></a>Pass</STRONG> (Thumb, 16 bytes, Stack size 0 bytes, emu_qc.o(.text))
<BR><BR>[Calls]<UL><LI><a href="#[30]">&gt;&gt;</a>&nbsp;&nbsp;&nbsp;WdtFeed
</UL>
<BR>[Called By]<UL><LI><a href="#[25]">&gt;&gt;</a>&nbsp;&nbsp;&nbsp;main
</UL>

<P><STRONG><a name="[40]"></a>test_flag_init</STRONG> (Thumb, 80 bytes, Stack size 0 bytes, emu_qc.o(.text))
<BR><BR>[Called By]<UL><LI><a href="#[25]">&gt;&gt;</a>&nbsp;&nbsp;&nbsp;main
</UL>

<P><STRONG><a name="[17]"></a>WDT_HANDLER</STRONG> (Thumb, 22 bytes, Stack size 0 bytes, emu_qc.o(.text))
<BR>[Address Reference Count : 1]<UL><LI> startup_ra9103.o(RESET)
</UL>
<P><STRONG><a name="[3b]"></a>WDT_OFF</STRONG> (Thumb, 66 bytes, Stack size 8 bytes, emu_qc.o(.text))
<BR><BR>[Stack]<UL><LI>Max Depth = 8<LI>Call Chain = WDT_OFF
</UL>
<BR>[Calls]<UL><LI><a href="#[3c]">&gt;&gt;</a>&nbsp;&nbsp;&nbsp;NVIC_EnableIRQ
</UL>
<BR>[Called By]<UL><LI><a href="#[25]">&gt;&gt;</a>&nbsp;&nbsp;&nbsp;main
</UL>

<P><STRONG><a name="[49]"></a>swDelay</STRONG> (Thumb, 28 bytes, Stack size 0 bytes, emu_qc.o(.text), UNUSED)

<P><STRONG><a name="[3d]"></a>reg_wr1</STRONG> (Thumb, 3090 bytes, Stack size 4 bytes, emu_qc.o(.text))
<BR><BR>[Stack]<UL><LI>Max Depth = 4<LI>Call Chain = reg_wr1
</UL>
<BR>[Calls]<UL><LI><a href="#[3e]">&gt;&gt;</a>&nbsp;&nbsp;&nbsp;Fail
</UL>
<BR>[Called By]<UL><LI><a href="#[25]">&gt;&gt;</a>&nbsp;&nbsp;&nbsp;main
</UL>

<P><STRONG><a name="[3f]"></a>reg_wr2</STRONG> (Thumb, 812 bytes, Stack size 0 bytes, emu_qc.o(.text))
<BR><BR>[Calls]<UL><LI><a href="#[3e]">&gt;&gt;</a>&nbsp;&nbsp;&nbsp;Fail
</UL>
<BR>[Called By]<UL><LI><a href="#[25]">&gt;&gt;</a>&nbsp;&nbsp;&nbsp;main
</UL>

<P><STRONG><a name="[25]"></a>main</STRONG> (Thumb, 178 bytes, Stack size 0 bytes, emu_qc.o(.text))
<BR><BR>[Stack]<UL><LI>Max Depth = 52<LI>Call Chain = main &rArr; SysModeChg &rArr; __ARM_common_switch8
</UL>
<BR>[Calls]<UL><LI><a href="#[3f]">&gt;&gt;</a>&nbsp;&nbsp;&nbsp;reg_wr2
<LI><a href="#[3d]">&gt;&gt;</a>&nbsp;&nbsp;&nbsp;reg_wr1
<LI><a href="#[3b]">&gt;&gt;</a>&nbsp;&nbsp;&nbsp;WDT_OFF
<LI><a href="#[40]">&gt;&gt;</a>&nbsp;&nbsp;&nbsp;test_flag_init
<LI><a href="#[3a]">&gt;&gt;</a>&nbsp;&nbsp;&nbsp;Pass
<LI><a href="#[3c]">&gt;&gt;</a>&nbsp;&nbsp;&nbsp;NVIC_EnableIRQ
<LI><a href="#[2a]">&gt;&gt;</a>&nbsp;&nbsp;&nbsp;SysModeChg
<LI><a href="#[32]">&gt;&gt;</a>&nbsp;&nbsp;&nbsp;uDelay
</UL>
<BR>[Address Reference Count : 1]<UL><LI> entry8.o(.ARM.Collect$$$$00000009)
</UL>
<P><STRONG><a name="[4a]"></a>__aeabi_uidiv</STRONG> (Thumb, 0 bytes, Stack size 12 bytes, uidiv.o(.text), UNUSED)

<P><STRONG><a name="[2d]"></a>__aeabi_uidivmod</STRONG> (Thumb, 44 bytes, Stack size 12 bytes, uidiv.o(.text))
<BR><BR>[Stack]<UL><LI>Max Depth = 12<LI>Call Chain = __aeabi_uidivmod
</UL>
<BR>[Called By]<UL><LI><a href="#[32]">&gt;&gt;</a>&nbsp;&nbsp;&nbsp;uDelay
<LI><a href="#[2b]">&gt;&gt;</a>&nbsp;&nbsp;&nbsp;setBaud
</UL>

<P><STRONG><a name="[28]"></a>__scatterload</STRONG> (Thumb, 28 bytes, Stack size 0 bytes, init.o(.text))
<BR><BR>[Calls]<UL><LI><a href="#[41]">&gt;&gt;</a>&nbsp;&nbsp;&nbsp;__main_after_scatterload
</UL>
<BR>[Called By]<UL><LI><a href="#[27]">&gt;&gt;</a>&nbsp;&nbsp;&nbsp;_main_scatterload
</UL>

<P><STRONG><a name="[4b]"></a>__scatterload_rt2</STRONG> (Thumb, 0 bytes, Stack size 0 bytes, init.o(.text), UNUSED)

<P><STRONG><a name="[34]"></a>__ARM_common_switch8</STRONG> (Thumb, 28 bytes, Stack size 8 bytes, sysctrl.o(i.__ARM_common_switch8))
<BR><BR>[Stack]<UL><LI>Max Depth = 8<LI>Call Chain = __ARM_common_switch8
</UL>
<BR>[Called By]<UL><LI><a href="#[2a]">&gt;&gt;</a>&nbsp;&nbsp;&nbsp;SysModeChg
</UL>

<P><STRONG><a name="[4c]"></a>__scatterload_copy</STRONG> (Thumb, 14 bytes, Stack size unknown bytes, handlers.o(i.__scatterload_copy), UNUSED)

<P><STRONG><a name="[4d]"></a>__scatterload_null</STRONG> (Thumb, 2 bytes, Stack size unknown bytes, handlers.o(i.__scatterload_null), UNUSED)

<P><STRONG><a name="[4e]"></a>__scatterload_zeroinit</STRONG> (Thumb, 14 bytes, Stack size unknown bytes, handlers.o(i.__scatterload_zeroinit), UNUSED)
<P>
<H3>
Local Symbols
</H3>
<P><STRONG><a name="[3c]"></a>NVIC_EnableIRQ</STRONG> (Thumb, 14 bytes, Stack size 0 bytes, emu_qc.o(.text))
<BR><BR>[Called By]<UL><LI><a href="#[25]">&gt;&gt;</a>&nbsp;&nbsp;&nbsp;main
<LI><a href="#[3b]">&gt;&gt;</a>&nbsp;&nbsp;&nbsp;WDT_OFF
</UL>
<P>
<H3>
Undefined Global Symbols
</H3><HR></body></html>
