<html>
<body>
<pre>
<h1>µVision Build Log</h1>
<h2>Project:</h2>
E:\2017_FT_prog\V111\RN8213_V111_1_20170417_CPV14V15\testcase\EMU_FT\build\emu_test.uvproj
Project File Date:  11/11/2013

<h2>Output:</h2>
Rebuild target 'Target 1'
compiling common.c...
compiling nvm.c...
compiling Retarget.c...
compiling serial.c...
assembling startup_RA9103.s...
compiling sysctrl.c...
..\src\sysctrl.c(113): warning:  #815-D: type qualifier on return type is meaningless
..\src\sysctrl.c(169): warning:  #815-D: type qualifier on return type is meaningless
..\src\sysctrl.c(392): warning:  #815-D: type qualifier on return type is meaningless
..\src\sysctrl.c(411): warning:  #815-D: type qualifier on return type is meaningless
compiling system_RN821x.c...
compiling EMU_QC.c...
linking...
Program Size: Code=7656 RO-data=224 RW-data=40 ZI-data=2080  
User command #1: fromelf --bin -o ../EMU_FT.bin EMU_QC.axf
"EMU_QC.axf" - 0 Error(s), 4 Warning(s).
